<?xml version="1.0"?>
<link_info>
   <banner>TI ARM Linker PC v5.2.7</banner>
   <copyright>Copyright (c) 1996-2015 Texas Instruments Incorporated</copyright>
   <link_time>0x5742f6ab</link_time>
   <link_errors>0x0</link_errors>
   <output_file>send_random_ttiO.out</output_file>
   <entry_point>
      <name>_c_int00</name>
      <address>0x2000d541</address>
   </entry_point>
   <input_file_list>
      <input_file id="fl-2">
         <path>.\</path>
         <kind>object</kind>
         <file>main.obj</file>
         <name>main.obj</name>
      </input_file>
      <input_file id="fl-3">
         <path>.\</path>
         <kind>object</kind>
         <file>network_common.obj</file>
         <name>network_common.obj</name>
      </input_file>
      <input_file id="fl-4">
         <path>.\</path>
         <kind>object</kind>
         <file>pinmux.obj</file>
         <name>pinmux.obj</name>
      </input_file>
      <input_file id="fl-5">
         <path>.\</path>
         <kind>object</kind>
         <file>startup_ccs.obj</file>
         <name>startup_ccs.obj</name>
      </input_file>
      <input_file id="fl-6">
         <path>.\</path>
         <kind>object</kind>
         <file>thethingsiO.obj</file>
         <name>thethingsiO.obj</name>
      </input_file>
      <input_file id="fl-7">
         <path>.\</path>
         <kind>object</kind>
         <file>uart_if.obj</file>
         <name>uart_if.obj</name>
      </input_file>
      <input_file id="fl-131">
         <path>C:\TI\ccsv6\tools\compiler\ti-cgt-arm_5.2.7\lib\</path>
         <kind>archive</kind>
         <file>rtsv7M4_T_le_eabi.lib</file>
         <name>boot.obj</name>
      </input_file>
      <input_file id="fl-132">
         <path>C:\TI\ccsv6\tools\compiler\ti-cgt-arm_5.2.7\lib\</path>
         <kind>archive</kind>
         <file>rtsv7M4_T_le_eabi.lib</file>
         <name>copy_decompress_none.obj</name>
      </input_file>
      <input_file id="fl-133">
         <path>C:\TI\ccsv6\tools\compiler\ti-cgt-arm_5.2.7\lib\</path>
         <kind>archive</kind>
         <file>rtsv7M4_T_le_eabi.lib</file>
         <name>copy_decompress_rle.obj</name>
      </input_file>
      <input_file id="fl-134">
         <path>C:\TI\ccsv6\tools\compiler\ti-cgt-arm_5.2.7\lib\</path>
         <kind>archive</kind>
         <file>rtsv7M4_T_le_eabi.lib</file>
         <name>copy_zero_init.obj</name>
      </input_file>
      <input_file id="fl-135">
         <path>C:\TI\ccsv6\tools\compiler\ti-cgt-arm_5.2.7\lib\</path>
         <kind>archive</kind>
         <file>rtsv7M4_T_le_eabi.lib</file>
         <name>exit.obj</name>
      </input_file>
      <input_file id="fl-136">
         <path>C:\TI\ccsv6\tools\compiler\ti-cgt-arm_5.2.7\lib\</path>
         <kind>archive</kind>
         <file>rtsv7M4_T_le_eabi.lib</file>
         <name>fs_tod_t2.obj</name>
      </input_file>
      <input_file id="fl-137">
         <path>C:\TI\ccsv6\tools\compiler\ti-cgt-arm_5.2.7\lib\</path>
         <kind>archive</kind>
         <file>rtsv7M4_T_le_eabi.lib</file>
         <name>memcpy_t2.obj</name>
      </input_file>
      <input_file id="fl-138">
         <path>C:\TI\ccsv6\tools\compiler\ti-cgt-arm_5.2.7\lib\</path>
         <kind>archive</kind>
         <file>rtsv7M4_T_le_eabi.lib</file>
         <name>memmov.obj</name>
      </input_file>
      <input_file id="fl-139">
         <path>C:\TI\ccsv6\tools\compiler\ti-cgt-arm_5.2.7\lib\</path>
         <kind>archive</kind>
         <file>rtsv7M4_T_le_eabi.lib</file>
         <name>memory.obj</name>
      </input_file>
      <input_file id="fl-13a">
         <path>C:\TI\ccsv6\tools\compiler\ti-cgt-arm_5.2.7\lib\</path>
         <kind>archive</kind>
         <file>rtsv7M4_T_le_eabi.lib</file>
         <name>memset_t2.obj</name>
      </input_file>
      <input_file id="fl-13b">
         <path>C:\TI\ccsv6\tools\compiler\ti-cgt-arm_5.2.7\lib\</path>
         <kind>archive</kind>
         <file>rtsv7M4_T_le_eabi.lib</file>
         <name>pre_init.obj</name>
      </input_file>
      <input_file id="fl-13c">
         <path>C:\TI\ccsv6\tools\compiler\ti-cgt-arm_5.2.7\lib\</path>
         <kind>archive</kind>
         <file>rtsv7M4_T_le_eabi.lib</file>
         <name>rand.obj</name>
      </input_file>
      <input_file id="fl-13d">
         <path>C:\TI\ccsv6\tools\compiler\ti-cgt-arm_5.2.7\lib\</path>
         <kind>archive</kind>
         <file>rtsv7M4_T_le_eabi.lib</file>
         <name>sprintf.obj</name>
      </input_file>
      <input_file id="fl-13e">
         <path>C:\TI\ccsv6\tools\compiler\ti-cgt-arm_5.2.7\lib\</path>
         <kind>archive</kind>
         <file>rtsv7M4_T_le_eabi.lib</file>
         <name>stkdepth_vars.obj</name>
      </input_file>
      <input_file id="fl-13f">
         <path>C:\TI\ccsv6\tools\compiler\ti-cgt-arm_5.2.7\lib\</path>
         <kind>archive</kind>
         <file>rtsv7M4_T_le_eabi.lib</file>
         <name>strcpy.obj</name>
      </input_file>
      <input_file id="fl-140">
         <path>C:\TI\ccsv6\tools\compiler\ti-cgt-arm_5.2.7\lib\</path>
         <kind>archive</kind>
         <file>rtsv7M4_T_le_eabi.lib</file>
         <name>strlen.obj</name>
      </input_file>
      <input_file id="fl-141">
         <path>C:\TI\ccsv6\tools\compiler\ti-cgt-arm_5.2.7\lib\</path>
         <kind>archive</kind>
         <file>rtsv7M4_T_le_eabi.lib</file>
         <name>strncmp.obj</name>
      </input_file>
      <input_file id="fl-142">
         <path>C:\TI\ccsv6\tools\compiler\ti-cgt-arm_5.2.7\lib\</path>
         <kind>archive</kind>
         <file>rtsv7M4_T_le_eabi.lib</file>
         <name>strncpy.obj</name>
      </input_file>
      <input_file id="fl-143">
         <path>C:\TI\ccsv6\tools\compiler\ti-cgt-arm_5.2.7\lib\</path>
         <kind>archive</kind>
         <file>rtsv7M4_T_le_eabi.lib</file>
         <name>strstr.obj</name>
      </input_file>
      <input_file id="fl-144">
         <path>C:\TI\ccsv6\tools\compiler\ti-cgt-arm_5.2.7\lib\</path>
         <kind>archive</kind>
         <file>rtsv7M4_T_le_eabi.lib</file>
         <name>strtoul.obj</name>
      </input_file>
      <input_file id="fl-145">
         <path>C:\TI\ccsv6\tools\compiler\ti-cgt-arm_5.2.7\lib\</path>
         <kind>archive</kind>
         <file>rtsv7M4_T_le_eabi.lib</file>
         <name>vsnprintf.obj</name>
      </input_file>
      <input_file id="fl-146">
         <path>C:\TI\ccsv6\tools\compiler\ti-cgt-arm_5.2.7\lib\</path>
         <kind>archive</kind>
         <file>rtsv7M4_T_le_eabi.lib</file>
         <name>_lock.obj</name>
      </input_file>
      <input_file id="fl-147">
         <path>C:\TI\ccsv6\tools\compiler\ti-cgt-arm_5.2.7\lib\</path>
         <kind>archive</kind>
         <file>rtsv7M4_T_le_eabi.lib</file>
         <name>_printfi.obj</name>
      </input_file>
      <input_file id="fl-148">
         <path>C:\TI\ccsv6\tools\compiler\ti-cgt-arm_5.2.7\lib\</path>
         <kind>archive</kind>
         <file>rtsv7M4_T_le_eabi.lib</file>
         <name>args_main.obj</name>
      </input_file>
      <input_file id="fl-149">
         <path>C:\TI\ccsv6\tools\compiler\ti-cgt-arm_5.2.7\lib\</path>
         <kind>archive</kind>
         <file>rtsv7M4_T_le_eabi.lib</file>
         <name>atoi.obj</name>
      </input_file>
      <input_file id="fl-14a">
         <path>C:\TI\ccsv6\tools\compiler\ti-cgt-arm_5.2.7\lib\</path>
         <kind>archive</kind>
         <file>rtsv7M4_T_le_eabi.lib</file>
         <name>autoinit.obj</name>
      </input_file>
      <input_file id="fl-14b">
         <path>C:\TI\ccsv6\tools\compiler\ti-cgt-arm_5.2.7\lib\</path>
         <kind>archive</kind>
         <file>rtsv7M4_T_le_eabi.lib</file>
         <name>cpy_tbl.obj</name>
      </input_file>
      <input_file id="fl-14c">
         <path>C:\TI\ccsv6\tools\compiler\ti-cgt-arm_5.2.7\lib\</path>
         <kind>archive</kind>
         <file>rtsv7M4_T_le_eabi.lib</file>
         <name>ctype.obj</name>
      </input_file>
      <input_file id="fl-14d">
         <path>C:\TI\ccsv6\tools\compiler\ti-cgt-arm_5.2.7\lib\</path>
         <kind>archive</kind>
         <file>rtsv7M4_T_le_eabi.lib</file>
         <name>errno.obj</name>
      </input_file>
      <input_file id="fl-14e">
         <path>C:\TI\ccsv6\tools\compiler\ti-cgt-arm_5.2.7\lib\</path>
         <kind>archive</kind>
         <file>rtsv7M4_T_le_eabi.lib</file>
         <name>fd_add_t2.obj</name>
      </input_file>
      <input_file id="fl-14f">
         <path>C:\TI\ccsv6\tools\compiler\ti-cgt-arm_5.2.7\lib\</path>
         <kind>archive</kind>
         <file>rtsv7M4_T_le_eabi.lib</file>
         <name>fd_cmp_t2.obj</name>
      </input_file>
      <input_file id="fl-150">
         <path>C:\TI\ccsv6\tools\compiler\ti-cgt-arm_5.2.7\lib\</path>
         <kind>archive</kind>
         <file>rtsv7M4_T_le_eabi.lib</file>
         <name>fd_div_t2.obj</name>
      </input_file>
      <input_file id="fl-151">
         <path>C:\TI\ccsv6\tools\compiler\ti-cgt-arm_5.2.7\lib\</path>
         <kind>archive</kind>
         <file>rtsv7M4_T_le_eabi.lib</file>
         <name>fd_mul_t2.obj</name>
      </input_file>
      <input_file id="fl-152">
         <path>C:\TI\ccsv6\tools\compiler\ti-cgt-arm_5.2.7\lib\</path>
         <kind>archive</kind>
         <file>rtsv7M4_T_le_eabi.lib</file>
         <name>fd_toi_t2.obj</name>
      </input_file>
      <input_file id="fl-153">
         <path>C:\TI\ccsv6\tools\compiler\ti-cgt-arm_5.2.7\lib\</path>
         <kind>archive</kind>
         <file>rtsv7M4_T_le_eabi.lib</file>
         <name>frexp.obj</name>
      </input_file>
      <input_file id="fl-154">
         <path>C:\TI\ccsv6\tools\compiler\ti-cgt-arm_5.2.7\lib\</path>
         <kind>archive</kind>
         <file>rtsv7M4_T_le_eabi.lib</file>
         <name>i_tofd_t2.obj</name>
      </input_file>
      <input_file id="fl-155">
         <path>C:\TI\ccsv6\tools\compiler\ti-cgt-arm_5.2.7\lib\</path>
         <kind>archive</kind>
         <file>rtsv7M4_T_le_eabi.lib</file>
         <name>ldexp.obj</name>
      </input_file>
      <input_file id="fl-156">
         <path>C:\TI\ccsv6\tools\compiler\ti-cgt-arm_5.2.7\lib\</path>
         <kind>archive</kind>
         <file>rtsv7M4_T_le_eabi.lib</file>
         <name>ltoa.obj</name>
      </input_file>
      <input_file id="fl-157">
         <path>C:\TI\ccsv6\tools\compiler\ti-cgt-arm_5.2.7\lib\</path>
         <kind>archive</kind>
         <file>rtsv7M4_T_le_eabi.lib</file>
         <name>memccpy.obj</name>
      </input_file>
      <input_file id="fl-158">
         <path>C:\TI\ccsv6\tools\compiler\ti-cgt-arm_5.2.7\lib\</path>
         <kind>archive</kind>
         <file>rtsv7M4_T_le_eabi.lib</file>
         <name>strchr.obj</name>
      </input_file>
      <input_file id="fl-159">
         <path>C:\TI\ccsv6\tools\compiler\ti-cgt-arm_5.2.7\lib\</path>
         <kind>archive</kind>
         <file>rtsv7M4_T_le_eabi.lib</file>
         <name>ull_div_t2.obj</name>
      </input_file>
      <input_file id="fl-15a">
         <path>C:\TI\ccsv6\tools\compiler\ti-cgt-arm_5.2.7\lib\</path>
         <kind>archive</kind>
         <file>rtsv7M4_T_le_eabi.lib</file>
         <name>xdclass.obj</name>
      </input_file>
      <input_file id="fl-15b">
         <path>C:\TI\ccsv6\tools\compiler\ti-cgt-arm_5.2.7\lib\</path>
         <kind>archive</kind>
         <file>rtsv7M4_T_le_eabi.lib</file>
         <name>xdscale.obj</name>
      </input_file>
      <input_file id="fl-15c">
         <path>C:\TI\ccsv6\tools\compiler\ti-cgt-arm_5.2.7\lib\</path>
         <kind>archive</kind>
         <file>rtsv7M4_T_le_eabi.lib</file>
         <name>xdunscal.obj</name>
      </input_file>
      <input_file id="fl-15d">
         <path>C:\TI\ccsv6\tools\compiler\ti-cgt-arm_5.2.7\lib\</path>
         <kind>archive</kind>
         <file>rtsv7M4_T_le_eabi.lib</file>
         <name>xferaise.obj</name>
      </input_file>
      <input_file id="fl-15e">
         <path>C:\TI\ccsv6\tools\compiler\ti-cgt-arm_5.2.7\lib\</path>
         <kind>archive</kind>
         <file>rtsv7M4_T_le_eabi.lib</file>
         <name>xvalues.obj</name>
      </input_file>
      <input_file id="fl-15f">
         <path>C:\TI\ccsv6\tools\compiler\ti-cgt-arm_5.2.7\lib\</path>
         <kind>archive</kind>
         <file>rtsv7M4_T_le_eabi.lib</file>
         <name>feraiseexcept.obj</name>
      </input_file>
      <input_file id="fl-160">
         <path>C:\TI\ccsv6\tools\compiler\ti-cgt-arm_5.2.7\lib\</path>
         <kind>archive</kind>
         <file>rtsv7M4_T_le_eabi.lib</file>
         <name>raise.obj</name>
      </input_file>
      <input_file id="fl-161">
         <path>C:\TI\ccsv6\tools\compiler\ti-cgt-arm_5.2.7\lib\</path>
         <kind>archive</kind>
         <file>rtsv7M4_T_le_eabi.lib</file>
         <name>signal.obj</name>
      </input_file>
      <input_file id="fl-162">
         <path>C:\TI\ccsv6\tools\compiler\ti-cgt-arm_5.2.7\lib\</path>
         <kind>archive</kind>
         <file>rtsv7M4_T_le_eabi.lib</file>
         <name>xdnorm.obj</name>
      </input_file>
      <input_file id="fl-163">
         <path>C:\TI\CC3200SDK_1.2.0\cc3200-sdk\example\http_client_demo\ccs\..\..\..\driverlib\ccs\Release\</path>
         <kind>archive</kind>
         <file>driverlib.a</file>
         <name>interrupt.obj</name>
      </input_file>
      <input_file id="fl-164">
         <path>C:\TI\CC3200SDK_1.2.0\cc3200-sdk\example\http_client_demo\ccs\..\..\..\driverlib\ccs\Release\</path>
         <kind>archive</kind>
         <file>driverlib.a</file>
         <name>pin.obj</name>
      </input_file>
      <input_file id="fl-165">
         <path>C:\TI\CC3200SDK_1.2.0\cc3200-sdk\example\http_client_demo\ccs\..\..\..\driverlib\ccs\Release\</path>
         <kind>archive</kind>
         <file>driverlib.a</file>
         <name>prcm.obj</name>
      </input_file>
      <input_file id="fl-166">
         <path>C:\TI\CC3200SDK_1.2.0\cc3200-sdk\example\http_client_demo\ccs\..\..\..\driverlib\ccs\Release\</path>
         <kind>archive</kind>
         <file>driverlib.a</file>
         <name>uart.obj</name>
      </input_file>
      <input_file id="fl-167">
         <path>C:\TI\CC3200SDK_1.2.0\cc3200-sdk\example\http_client_demo\ccs\..\..\..\driverlib\ccs\Release\</path>
         <kind>archive</kind>
         <file>driverlib.a</file>
         <name>utils.obj</name>
      </input_file>
      <input_file id="fl-168">
         <path>C:\TI\CC3200SDK_1.2.0\cc3200-sdk\example\http_client_demo\ccs\..\..\..\driverlib\ccs\Release\</path>
         <kind>archive</kind>
         <file>driverlib.a</file>
         <name>cpu.obj</name>
      </input_file>
      <input_file id="fl-169">
         <path>C:\TI\CC3200SDK_1.2.0\cc3200-sdk\example\http_client_demo\ccs\..\..\..\driverlib\ccs\Release\</path>
         <kind>archive</kind>
         <file>driverlib.a</file>
         <name>flash.obj</name>
      </input_file>
      <input_file id="fl-16a">
         <path>C:\TI\CC3200SDK_1.2.0\cc3200-sdk\example\http_client_demo\ccs\..\..\..\simplelink\ccs\NON_OS\</path>
         <kind>archive</kind>
         <file>simplelink.a</file>
         <name>device.obj</name>
      </input_file>
      <input_file id="fl-16b">
         <path>C:\TI\CC3200SDK_1.2.0\cc3200-sdk\example\http_client_demo\ccs\..\..\..\simplelink\ccs\NON_OS\</path>
         <kind>archive</kind>
         <file>simplelink.a</file>
         <name>driver.obj</name>
      </input_file>
      <input_file id="fl-16c">
         <path>C:\TI\CC3200SDK_1.2.0\cc3200-sdk\example\http_client_demo\ccs\..\..\..\simplelink\ccs\NON_OS\</path>
         <kind>archive</kind>
         <file>simplelink.a</file>
         <name>netapp.obj</name>
      </input_file>
      <input_file id="fl-16d">
         <path>C:\TI\CC3200SDK_1.2.0\cc3200-sdk\example\http_client_demo\ccs\..\..\..\simplelink\ccs\NON_OS\</path>
         <kind>archive</kind>
         <file>simplelink.a</file>
         <name>netcfg.obj</name>
      </input_file>
      <input_file id="fl-16e">
         <path>C:\TI\CC3200SDK_1.2.0\cc3200-sdk\example\http_client_demo\ccs\..\..\..\simplelink\ccs\NON_OS\</path>
         <kind>archive</kind>
         <file>simplelink.a</file>
         <name>nonos.obj</name>
      </input_file>
      <input_file id="fl-16f">
         <path>C:\TI\CC3200SDK_1.2.0\cc3200-sdk\example\http_client_demo\ccs\..\..\..\simplelink\ccs\NON_OS\</path>
         <kind>archive</kind>
         <file>simplelink.a</file>
         <name>socket.obj</name>
      </input_file>
      <input_file id="fl-170">
         <path>C:\TI\CC3200SDK_1.2.0\cc3200-sdk\example\http_client_demo\ccs\..\..\..\simplelink\ccs\NON_OS\</path>
         <kind>archive</kind>
         <file>simplelink.a</file>
         <name>wlan.obj</name>
      </input_file>
      <input_file id="fl-171">
         <path>C:\TI\CC3200SDK_1.2.0\cc3200-sdk\example\http_client_demo\ccs\..\..\..\simplelink\ccs\NON_OS\</path>
         <kind>archive</kind>
         <file>simplelink.a</file>
         <name>cc_pal.obj</name>
      </input_file>
      <input_file id="fl-172">
         <path>C:\TI\CC3200SDK_1.2.0\cc3200-sdk\netapps\http\client\ccs\HTTPClientMinLib\</path>
         <kind>archive</kind>
         <file>webclient.a</file>
         <name>httpcli.obj</name>
      </input_file>
      <input_file id="fl-173">
         <path>C:\TI\CC3200SDK_1.2.0\cc3200-sdk\netapps\http\client\ccs\HTTPClientMinLib\</path>
         <kind>archive</kind>
         <file>webclient.a</file>
         <name>ssock.obj</name>
      </input_file>
      <input_file id="fl-174">
         <path>C:\TI\ccsv6\tools\compiler\ti-cgt-arm_5.2.7\lib\</path>
         <kind>archive</kind>
         <file>rtsv7M4_T_le_eabi.lib</file>
         <name>strcmp.obj</name>
      </input_file>
      <input_file id="fl-175">
         <path>C:\TI\CC3200SDK_1.2.0\cc3200-sdk\example\http_client_demo\ccs\..\..\..\driverlib\ccs\Release\</path>
         <kind>archive</kind>
         <file>driverlib.a</file>
         <name>spi.obj</name>
      </input_file>
      <input_file id="fl-176">
         <path>C:\TI\CC3200SDK_1.2.0\cc3200-sdk\example\http_client_demo\ccs\..\..\..\driverlib\ccs\Release\</path>
         <kind>archive</kind>
         <file>driverlib.a</file>
         <name>udma.obj</name>
      </input_file>
   </input_file_list>
   <object_component_list>
      <object_component id="oc-f">
         <name>.intvecs</name>
         <load_address>0x20004000</load_address>
         <run_address>0x20004000</run_address>
         <size>0x400</size>
         <input_file_ref idref="fl-5"/>
      </object_component>
      <object_component id="oc-d1">
         <name>.text</name>
         <load_address>0x20004400</load_address>
         <run_address>0x20004400</run_address>
         <size>0x1684</size>
         <input_file_ref idref="fl-6"/>
      </object_component>
      <object_component id="oc-258">
         <name>.text</name>
         <load_address>0x20005a84</load_address>
         <run_address>0x20005a84</run_address>
         <size>0x10a6</size>
         <input_file_ref idref="fl-147"/>
      </object_component>
      <object_component id="oc-641">
         <name>.text:IntDefaultHandler</name>
         <load_address>0x20006b2a</load_address>
         <run_address>0x20006b2a</run_address>
         <size>0x2</size>
         <input_file_ref idref="fl-163"/>
      </object_component>
      <object_component id="oc-16a">
         <name>.text</name>
         <load_address>0x20006b2c</load_address>
         <run_address>0x20006b2c</run_address>
         <size>0xfc4</size>
         <input_file_ref idref="fl-172"/>
      </object_component>
      <object_component id="oc-64f">
         <name>.text:_SlDrvMsgRead</name>
         <load_address>0x20007af0</load_address>
         <run_address>0x20007af0</run_address>
         <size>0x590</size>
         <input_file_ref idref="fl-16b"/>
      </object_component>
      <object_component id="oc-ef">
         <name>.text</name>
         <load_address>0x20008080</load_address>
         <run_address>0x20008080</run_address>
         <size>0x3dc</size>
         <input_file_ref idref="fl-139"/>
      </object_component>
      <object_component id="oc-330">
         <name>.text</name>
         <load_address>0x2000845c</load_address>
         <run_address>0x2000845c</run_address>
         <size>0x2ea</size>
         <input_file_ref idref="fl-173"/>
      </object_component>
      <object_component id="oc-dd">
         <name>.text</name>
         <load_address>0x20008748</load_address>
         <run_address>0x20008748</run_address>
         <size>0x280</size>
         <input_file_ref idref="fl-7"/>
      </object_component>
      <object_component id="oc-164">
         <name>.text:sl_WlanConnect</name>
         <load_address>0x200089c8</load_address>
         <run_address>0x200089c8</run_address>
         <size>0x260</size>
         <input_file_ref idref="fl-170"/>
      </object_component>
      <object_component id="oc-6b4">
         <name>.text:_SlDrvRxHdrRead</name>
         <load_address>0x20008c28</load_address>
         <run_address>0x20008c28</run_address>
         <size>0x1fc</size>
         <input_file_ref idref="fl-16b"/>
      </object_component>
      <object_component id="oc-41d">
         <name>.text</name>
         <load_address>0x20008e24</load_address>
         <run_address>0x20008e24</run_address>
         <size>0x1f4</size>
         <input_file_ref idref="fl-159"/>
      </object_component>
      <object_component id="oc-3db">
         <name>.text:_SlDrvDataReadOp</name>
         <load_address>0x20009018</load_address>
         <run_address>0x20009018</run_address>
         <size>0x1e4</size>
         <input_file_ref idref="fl-16b"/>
      </object_component>
      <object_component id="oc-2b7">
         <name>.text:_SlDrvReleasePoolObj</name>
         <load_address>0x200091fc</load_address>
         <run_address>0x200091fc</run_address>
         <size>0x1d0</size>
         <input_file_ref idref="fl-16b"/>
      </object_component>
      <object_component id="oc-446">
         <name>.text</name>
         <load_address>0x200093cc</load_address>
         <run_address>0x200093cc</run_address>
         <size>0x1b6</size>
         <input_file_ref idref="fl-14e"/>
      </object_component>
      <object_component id="oc-28d">
         <name>.text:_SlDrvDriverCBInit</name>
         <load_address>0x20009584</load_address>
         <run_address>0x20009584</run_address>
         <size>0x1b4</size>
         <input_file_ref idref="fl-16b"/>
      </object_component>
      <object_component id="oc-553">
         <name>.text:_SlDrvMsgWrite</name>
         <load_address>0x20009738</load_address>
         <run_address>0x20009738</run_address>
         <size>0x19c</size>
         <input_file_ref idref="fl-16b"/>
      </object_component>
      <object_component id="oc-369">
         <name>.text:_SlDrvWaitForPoolObj</name>
         <load_address>0x200098d4</load_address>
         <run_address>0x200098d4</run_address>
         <size>0x190</size>
         <input_file_ref idref="fl-16b"/>
      </object_component>
      <object_component id="oc-1b8">
         <name>.text:PRCMCC3200MCUInit</name>
         <load_address>0x20009a64</load_address>
         <run_address>0x20009a64</run_address>
         <size>0x178</size>
         <input_file_ref idref="fl-165"/>
      </object_component>
      <object_component id="oc-6c6">
         <name>.text:_SlFindAndSetActiveObj</name>
         <load_address>0x20009bdc</load_address>
         <run_address>0x20009bdc</run_address>
         <size>0x170</size>
         <input_file_ref idref="fl-16b"/>
      </object_component>
      <object_component id="oc-1d6">
         <name>.text:sl_Connect</name>
         <load_address>0x20009d4c</load_address>
         <run_address>0x20009d4c</run_address>
         <size>0x16c</size>
         <input_file_ref idref="fl-16f"/>
      </object_component>
      <object_component id="oc-3d4">
         <name>.text:_SlDrvDataWriteOp</name>
         <load_address>0x20009eb8</load_address>
         <run_address>0x20009eb8</run_address>
         <size>0x150</size>
         <input_file_ref idref="fl-16b"/>
      </object_component>
      <object_component id="oc-293">
         <name>.text:spi_Open</name>
         <load_address>0x2000a008</load_address>
         <run_address>0x2000a008</run_address>
         <size>0x148</size>
         <input_file_ref idref="fl-171"/>
      </object_component>
      <object_component id="oc-42c">
         <name>.text</name>
         <load_address>0x2000a150</load_address>
         <run_address>0x2000a150</run_address>
         <size>0x136</size>
         <input_file_ref idref="fl-150"/>
      </object_component>
      <object_component id="oc-194">
         <name>.text:sl_NetAppDnsGetHostByName</name>
         <load_address>0x2000a288</load_address>
         <run_address>0x2000a288</run_address>
         <size>0x12c</size>
         <input_file_ref idref="fl-16c"/>
      </object_component>
      <object_component id="oc-559">
         <name>.text:_SlDrvMsgReadCmdCtx</name>
         <load_address>0x2000a3b4</load_address>
         <run_address>0x2000a3b4</run_address>
         <size>0x128</size>
         <input_file_ref idref="fl-16b"/>
      </object_component>
      <object_component id="oc-2f6">
         <name>.text:_SlDrvDriverCBDeinit</name>
         <load_address>0x2000a4dc</load_address>
         <run_address>0x2000a4dc</run_address>
         <size>0x124</size>
         <input_file_ref idref="fl-16b"/>
      </object_component>
      <object_component id="oc-9f">
         <name>.text</name>
         <load_address>0x2000a600</load_address>
         <run_address>0x2000a600</run_address>
         <size>0x120</size>
         <input_file_ref idref="fl-2"/>
      </object_component>
      <object_component id="oc-1e2">
         <name>.text:sl_Send</name>
         <load_address>0x2000a720</load_address>
         <run_address>0x2000a720</run_address>
         <size>0x118</size>
         <input_file_ref idref="fl-16f"/>
      </object_component>
      <object_component id="oc-179">
         <name>.text</name>
         <load_address>0x2000a838</load_address>
         <run_address>0x2000a838</run_address>
         <size>0x114</size>
         <input_file_ref idref="fl-144"/>
      </object_component>
      <object_component id="oc-5ec">
         <name>.text</name>
         <load_address>0x2000a94c</load_address>
         <run_address>0x2000a94c</run_address>
         <size>0x110</size>
         <input_file_ref idref="fl-15b"/>
      </object_component>
      <object_component id="oc-71f">
         <name>.text:_SlDrvNetAppEventHandler</name>
         <load_address>0x2000aa5c</load_address>
         <run_address>0x2000aa5c</run_address>
         <size>0x104</size>
         <input_file_ref idref="fl-16c"/>
      </object_component>
      <object_component id="oc-427">
         <name>.text</name>
         <load_address>0x2000ab60</load_address>
         <run_address>0x2000ab60</run_address>
         <size>0xfc</size>
         <input_file_ref idref="fl-151"/>
      </object_component>
      <object_component id="oc-6c0">
         <name>.text:spi_Read</name>
         <load_address>0x2000ac5c</load_address>
         <run_address>0x2000ac5c</run_address>
         <size>0xf0</size>
         <input_file_ref idref="fl-171"/>
      </object_component>
      <object_component id="oc-7b1">
         <name>.text:uDMAChannelTransferSet</name>
         <load_address>0x2000ad4c</load_address>
         <run_address>0x2000ad4c</run_address>
         <size>0xf0</size>
         <input_file_ref idref="fl-176"/>
      </object_component>
      <object_component id="oc-655">
         <name>.text:_SlAsyncEventGenericHandler</name>
         <load_address>0x2000ae3c</load_address>
         <run_address>0x2000ae3c</run_address>
         <size>0xe8</size>
         <input_file_ref idref="fl-16b"/>
      </object_component>
      <object_component id="oc-133">
         <name>.text:sl_Stop</name>
         <load_address>0x2000af24</load_address>
         <run_address>0x2000af24</run_address>
         <size>0xe4</size>
         <input_file_ref idref="fl-16a"/>
      </object_component>
      <object_component id="oc-121">
         <name>.text:sl_Start</name>
         <load_address>0x2000b008</load_address>
         <run_address>0x2000b008</run_address>
         <size>0xe0</size>
         <input_file_ref idref="fl-16a"/>
      </object_component>
      <object_component id="oc-6ba">
         <name>.text:_SlDrvClassifyRxMsg</name>
         <load_address>0x2000b0e8</load_address>
         <run_address>0x2000b0e8</run_address>
         <size>0xdc</size>
         <input_file_ref idref="fl-16b"/>
      </object_component>
      <object_component id="oc-53a">
         <name>.text:_SlDrvMsgReadSpawnCtx</name>
         <load_address>0x2000b1c4</load_address>
         <run_address>0x2000b1c4</run_address>
         <size>0xd4</size>
         <input_file_ref idref="fl-16b"/>
      </object_component>
      <object_component id="oc-775">
         <name>.text:_sl_HandleAsync_DnsGetHostByService</name>
         <load_address>0x2000b298</load_address>
         <run_address>0x2000b298</run_address>
         <size>0xcc</size>
         <input_file_ref idref="fl-16c"/>
      </object_component>
      <object_component id="oc-517">
         <name>.text:_SlRemoveFromList</name>
         <load_address>0x2000b364</load_address>
         <run_address>0x2000b364</run_address>
         <size>0xc4</size>
         <input_file_ref idref="fl-16b"/>
      </object_component>
      <object_component id="oc-2e0">
         <name>.text:_SlDrvCmdOp</name>
         <load_address>0x2000b428</load_address>
         <run_address>0x2000b428</run_address>
         <size>0xc0</size>
         <input_file_ref idref="fl-16b"/>
      </object_component>
      <object_component id="oc-68c">
         <name>.text</name>
         <load_address>0x2000b4e8</load_address>
         <run_address>0x2000b4e8</run_address>
         <size>0xbe</size>
         <input_file_ref idref="fl-162"/>
      </object_component>
      <object_component id="oc-139">
         <name>.text:sl_DevGet</name>
         <load_address>0x2000b5a8</load_address>
         <run_address>0x2000b5a8</run_address>
         <size>0xb4</size>
         <input_file_ref idref="fl-16a"/>
      </object_component>
      <object_component id="oc-4f6">
         <name>.text:IntDisable</name>
         <load_address>0x2000b65c</load_address>
         <run_address>0x2000b65c</run_address>
         <size>0xa8</size>
         <input_file_ref idref="fl-163"/>
      </object_component>
      <object_component id="oc-1b2">
         <name>.text:IntEnable</name>
         <load_address>0x2000b704</load_address>
         <run_address>0x2000b704</run_address>
         <size>0xa8</size>
         <input_file_ref idref="fl-163"/>
      </object_component>
      <object_component id="oc-510">
         <name>.text:_SlDriverHandleError</name>
         <load_address>0x2000b7ac</load_address>
         <run_address>0x2000b7ac</run_address>
         <size>0xa4</size>
         <input_file_ref idref="fl-16b"/>
      </object_component>
      <object_component id="oc-49c">
         <name>.text:SPIConfigSetExpClk</name>
         <load_address>0x2000b850</load_address>
         <run_address>0x2000b850</run_address>
         <size>0xa0</size>
         <input_file_ref idref="fl-175"/>
      </object_component>
      <object_component id="oc-36">
         <name>.text</name>
         <load_address>0x2000b8f0</load_address>
         <run_address>0x2000b8f0</run_address>
         <size>0x9c</size>
         <input_file_ref idref="fl-137"/>
      </object_component>
      <object_component id="oc-6ea">
         <name>.text:_SlDrvDeviceEventHandler</name>
         <load_address>0x2000b98c</load_address>
         <run_address>0x2000b98c</run_address>
         <size>0x9a</size>
         <input_file_ref idref="fl-16a"/>
      </object_component>
      <object_component id="oc-65e">
         <name>.text:spi_Write</name>
         <load_address>0x2000ba28</load_address>
         <run_address>0x2000ba28</run_address>
         <size>0x98</size>
         <input_file_ref idref="fl-171"/>
      </object_component>
      <object_component id="oc-21b">
         <name>.text:PRCMPeripheralClockGet</name>
         <load_address>0x2000bac0</load_address>
         <run_address>0x2000bac0</run_address>
         <size>0x94</size>
         <input_file_ref idref="fl-165"/>
      </object_component>
      <object_component id="oc-76f">
         <name>.text:_sl_HandleAsync_DnsGetHostByName</name>
         <load_address>0x2000bb54</load_address>
         <run_address>0x2000bb54</run_address>
         <size>0x90</size>
         <input_file_ref idref="fl-16c"/>
      </object_component>
      <object_component id="oc-725">
         <name>.text:_sl_HandleAsync_PingResponse</name>
         <load_address>0x2000bbe4</load_address>
         <run_address>0x2000bbe4</run_address>
         <size>0x90</size>
         <input_file_ref idref="fl-16c"/>
      </object_component>
      <object_component id="oc-72c">
         <name>.text:SetupDMAReceive</name>
         <load_address>0x2000bc74</load_address>
         <run_address>0x2000bc74</run_address>
         <size>0x8c</size>
         <input_file_ref idref="fl-171"/>
      </object_component>
      <object_component id="oc-6d1">
         <name>.text:SetupDMASend</name>
         <load_address>0x2000bd00</load_address>
         <run_address>0x2000bd00</run_address>
         <size>0x8c</size>
         <input_file_ref idref="fl-171"/>
      </object_component>
      <object_component id="oc-3f0">
         <name>.text:PinConfigSet</name>
         <load_address>0x2000bd8c</load_address>
         <run_address>0x2000bd8c</run_address>
         <size>0x88</size>
         <input_file_ref idref="fl-164"/>
      </object_component>
      <object_component id="oc-22d">
         <name>.text</name>
         <load_address>0x2000be14</load_address>
         <run_address>0x2000be14</run_address>
         <size>0x88</size>
         <input_file_ref idref="fl-145"/>
      </object_component>
      <object_component id="oc-1e8">
         <name>.text:sl_Recv</name>
         <load_address>0x2000be9c</load_address>
         <run_address>0x2000be9c</run_address>
         <size>0x88</size>
         <input_file_ref idref="fl-16f"/>
      </object_component>
      <object_component id="oc-422">
         <name>.text:__aeabi_cdcmple</name>
         <load_address>0x2000bf24</load_address>
         <run_address>0x2000bf24</run_address>
         <size>0x86</size>
         <input_file_ref idref="fl-14f"/>
      </object_component>
      <object_component id="oc-431">
         <name>.text:__aeabi_cdrcmple</name>
         <load_address>0x2000bfaa</load_address>
         <run_address>0x2000bfaa</run_address>
         <size>0x86</size>
         <input_file_ref idref="fl-14f"/>
      </object_component>
      <object_component id="oc-797">
         <name>.text:_sl_HandleAsync_Connect</name>
         <load_address>0x2000c030</load_address>
         <run_address>0x2000c030</run_address>
         <size>0x80</size>
         <input_file_ref idref="fl-16f"/>
      </object_component>
      <object_component id="oc-749">
         <name>.text:_sl_HandleAsync_InitComplete</name>
         <load_address>0x2000c0b0</load_address>
         <run_address>0x2000c0b0</run_address>
         <size>0x80</size>
         <input_file_ref idref="fl-16a"/>
      </object_component>
      <object_component id="oc-732">
         <name>.text:spi_Read_CPU</name>
         <load_address>0x2000c130</load_address>
         <run_address>0x2000c130</run_address>
         <size>0x80</size>
         <input_file_ref idref="fl-171"/>
      </object_component>
      <object_component id="oc-6e3">
         <name>.text:spi_Write_CPU</name>
         <load_address>0x2000c1b0</load_address>
         <run_address>0x2000c1b0</run_address>
         <size>0x80</size>
         <input_file_ref idref="fl-171"/>
      </object_component>
      <object_component id="oc-14b">
         <name>.text:sl_NetCfgSet</name>
         <load_address>0x2000c230</load_address>
         <run_address>0x2000c230</run_address>
         <size>0x7c</size>
         <input_file_ref idref="fl-16d"/>
      </object_component>
      <object_component id="oc-1d0">
         <name>.text:sl_SetSockOpt</name>
         <load_address>0x2000c2ac</load_address>
         <run_address>0x2000c2ac</run_address>
         <size>0x7c</size>
         <input_file_ref idref="fl-16f"/>
      </object_component>
      <object_component id="oc-151">
         <name>.text:sl_WlanSet</name>
         <load_address>0x2000c328</load_address>
         <run_address>0x2000c328</run_address>
         <size>0x7c</size>
         <input_file_ref idref="fl-170"/>
      </object_component>
      <object_component id="oc-4f">
         <name>.text</name>
         <load_address>0x2000c3a4</load_address>
         <run_address>0x2000c3a4</run_address>
         <size>0x7a</size>
         <input_file_ref idref="fl-13a"/>
      </object_component>
      <object_component id="oc-47f">
         <name>.text:_SlNonOsSemGet</name>
         <load_address>0x2000c420</load_address>
         <run_address>0x2000c420</run_address>
         <size>0x78</size>
         <input_file_ref idref="fl-16e"/>
      </object_component>
      <object_component id="oc-13f">
         <name>.text:sl_WlanPolicySet</name>
         <load_address>0x2000c498</load_address>
         <run_address>0x2000c498</run_address>
         <size>0x78</size>
         <input_file_ref idref="fl-170"/>
      </object_component>
      <object_component id="oc-2f0">
         <name>.text:spi_Close</name>
         <load_address>0x2000c510</load_address>
         <run_address>0x2000c510</run_address>
         <size>0x78</size>
         <input_file_ref idref="fl-171"/>
      </object_component>
      <object_component id="oc-221">
         <name>.text:UARTConfigSetExpClk</name>
         <load_address>0x2000c588</load_address>
         <run_address>0x2000c588</run_address>
         <size>0x76</size>
         <input_file_ref idref="fl-166"/>
      </object_component>
      <object_component id="oc-127">
         <name>.text:_SlNonOsMainLoopTask</name>
         <load_address>0x2000c600</load_address>
         <run_address>0x2000c600</run_address>
         <size>0x74</size>
         <input_file_ref idref="fl-16e"/>
      </object_component>
      <object_component id="oc-1c4">
         <name>.text:sl_Socket</name>
         <load_address>0x2000c674</load_address>
         <run_address>0x2000c674</run_address>
         <size>0x70</size>
         <input_file_ref idref="fl-16f"/>
      </object_component>
      <object_component id="oc-7d7">
         <name>.text:_SlDrvCmdSend</name>
         <load_address>0x2000c6e4</load_address>
         <run_address>0x2000c6e4</run_address>
         <size>0x6c</size>
         <input_file_ref idref="fl-16b"/>
      </object_component>
      <object_component id="oc-781">
         <name>.text:_sl_NetAppSendTokenValue</name>
         <load_address>0x2000c750</load_address>
         <run_address>0x2000c750</run_address>
         <size>0x6c</size>
         <input_file_ref idref="fl-16c"/>
      </object_component>
      <object_component id="oc-61">
         <name>.text</name>
         <load_address>0x2000c7bc</load_address>
         <run_address>0x2000c7bc</run_address>
         <size>0x6c</size>
         <input_file_ref idref="fl-14a"/>
      </object_component>
      <object_component id="oc-157">
         <name>.text:sl_WlanRxFilterSet</name>
         <load_address>0x2000c828</load_address>
         <run_address>0x2000c828</run_address>
         <size>0x6c</size>
         <input_file_ref idref="fl-170"/>
      </object_component>
      <object_component id="oc-42">
         <name>.text</name>
         <load_address>0x2000c894</load_address>
         <run_address>0x2000c894</run_address>
         <size>0x6a</size>
         <input_file_ref idref="fl-133"/>
      </object_component>
      <object_component id="oc-5e4">
         <name>.text</name>
         <load_address>0x2000c8fe</load_address>
         <run_address>0x2000c8fe</run_address>
         <size>0x66</size>
         <input_file_ref idref="fl-15c"/>
      </object_component>
      <object_component id="oc-534">
         <name>.text:_SlNonOsSpawn</name>
         <load_address>0x2000c964</load_address>
         <run_address>0x2000c964</run_address>
         <size>0x64</size>
         <input_file_ref idref="fl-16e"/>
      </object_component>
      <object_component id="oc-791">
         <name>.text:_sl_HandleAsync_Accept</name>
         <load_address>0x2000c9c8</load_address>
         <run_address>0x2000c9c8</run_address>
         <size>0x64</size>
         <input_file_ref idref="fl-16f"/>
      </object_component>
      <object_component id="oc-616">
         <name>.text:uDMAChannelAttributeDisable</name>
         <load_address>0x2000ca2c</load_address>
         <run_address>0x2000ca2c</run_address>
         <size>0x64</size>
         <input_file_ref idref="fl-176"/>
      </object_component>
      <object_component id="oc-7ab">
         <name>.text:uDMAChannelAttributeEnable</name>
         <load_address>0x2000ca90</load_address>
         <run_address>0x2000ca90</run_address>
         <size>0x64</size>
         <input_file_ref idref="fl-176"/>
      </object_component>
      <object_component id="oc-e9">
         <name>.text</name>
         <load_address>0x2000caf4</load_address>
         <run_address>0x2000caf4</run_address>
         <size>0x60</size>
         <input_file_ref idref="fl-13d"/>
      </object_component>
      <object_component id="oc-502">
         <name>.text:IntPendClear</name>
         <load_address>0x2000cb54</load_address>
         <run_address>0x2000cb54</run_address>
         <size>0x58</size>
         <input_file_ref idref="fl-163"/>
      </object_component>
      <object_component id="oc-3ac">
         <name>.text:PRCMPeripheralReset</name>
         <load_address>0x2000cbac</load_address>
         <run_address>0x2000cbac</run_address>
         <size>0x58</size>
         <input_file_ref idref="fl-165"/>
      </object_component>
      <object_component id="oc-43b">
         <name>.text</name>
         <load_address>0x2000cc04</load_address>
         <run_address>0x2000cc04</run_address>
         <size>0x56</size>
         <input_file_ref idref="fl-156"/>
      </object_component>
      <object_component id="oc-4c6">
         <name>.text:IntPrioritySet</name>
         <load_address>0x2000cc5c</load_address>
         <run_address>0x2000cc5c</run_address>
         <size>0x54</size>
         <input_file_ref idref="fl-163"/>
      </object_component>
      <object_component id="oc-2c9">
         <name>.text:_SlDrvRxIrqHandler</name>
         <load_address>0x2000ccb0</load_address>
         <run_address>0x2000ccb0</run_address>
         <size>0x54</size>
         <input_file_ref idref="fl-16b"/>
      </object_component>
      <object_component id="oc-79d">
         <name>.text:_sl_HandleAsync_Select</name>
         <load_address>0x2000cd04</load_address>
         <run_address>0x2000cd04</run_address>
         <size>0x54</size>
         <input_file_ref idref="fl-16f"/>
      </object_component>
      <object_component id="oc-74f">
         <name>.text:_sl_HandleAsync_Stop</name>
         <load_address>0x2000cd58</load_address>
         <run_address>0x2000cd58</run_address>
         <size>0x50</size>
         <input_file_ref idref="fl-16a"/>
      </object_component>
      <object_component id="oc-4cc">
         <name>.text:SPIIntEnable</name>
         <load_address>0x2000cda8</load_address>
         <run_address>0x2000cda8</run_address>
         <size>0x4c</size>
         <input_file_ref idref="fl-175"/>
      </object_component>
      <object_component id="oc-669">
         <name>.text:SPIIntNumberGet</name>
         <load_address>0x2000cdf4</load_address>
         <run_address>0x2000cdf4</run_address>
         <size>0x4c</size>
         <input_file_ref idref="fl-175"/>
      </object_component>
      <object_component id="oc-299">
         <name>.text:_SlDrvProtectAsyncRespSetting</name>
         <load_address>0x2000ce40</load_address>
         <run_address>0x2000ce40</run_address>
         <size>0x4c</size>
         <input_file_ref idref="fl-16b"/>
      </object_component>
      <object_component id="oc-3c6">
         <name>.text:_sl_BuildAddress</name>
         <load_address>0x2000ce8c</load_address>
         <run_address>0x2000ce8c</run_address>
         <size>0x4c</size>
         <input_file_ref idref="fl-16f"/>
      </object_component>
      <object_component id="oc-463">
         <name>.text</name>
         <load_address>0x2000ced8</load_address>
         <run_address>0x2000ced8</run_address>
         <size>0x4c</size>
         <input_file_ref idref="fl-149"/>
      </object_component>
      <object_component id="oc-97">
         <name>.text</name>
         <load_address>0x2000cf24</load_address>
         <run_address>0x2000cf24</run_address>
         <size>0x4c</size>
         <input_file_ref idref="fl-14b"/>
      </object_component>
      <object_component id="oc-e3">
         <name>.text</name>
         <load_address>0x2000cf70</load_address>
         <run_address>0x2000cf70</run_address>
         <size>0x4c</size>
         <input_file_ref idref="fl-13c"/>
      </object_component>
      <object_component id="oc-610">
         <name>.text:uDMAChannelAssign</name>
         <load_address>0x2000cfbc</load_address>
         <run_address>0x2000cfbc</run_address>
         <size>0x4c</size>
         <input_file_ref idref="fl-176"/>
      </object_component>
      <object_component id="oc-631">
         <name>.text:SPIIntClear</name>
         <load_address>0x2000d008</load_address>
         <run_address>0x2000d008</run_address>
         <size>0x48</size>
         <input_file_ref idref="fl-175"/>
      </object_component>
      <object_component id="oc-312">
         <name>.text:_SlDrvBasicCmd</name>
         <load_address>0x2000d050</load_address>
         <run_address>0x2000d050</run_address>
         <size>0x48</size>
         <input_file_ref idref="fl-16b"/>
      </object_component>
      <object_component id="oc-436">
         <name>.text</name>
         <load_address>0x2000d098</load_address>
         <run_address>0x2000d098</run_address>
         <size>0x48</size>
         <input_file_ref idref="fl-152"/>
      </object_component>
      <object_component id="oc-451">
         <name>.text</name>
         <load_address>0x2000d0e0</load_address>
         <run_address>0x2000d0e0</run_address>
         <size>0x46</size>
         <input_file_ref idref="fl-155"/>
      </object_component>
      <object_component id="oc-625">
         <name>.text:SPIDmaMaskGet</name>
         <load_address>0x2000d128</load_address>
         <run_address>0x2000d128</run_address>
         <size>0x44</size>
         <input_file_ref idref="fl-175"/>
      </object_component>
      <object_component id="oc-7d0">
         <name>.text:_SlDrvHandleHttpServerEvents</name>
         <load_address>0x2000d16c</load_address>
         <run_address>0x2000d16c</run_address>
         <size>0x44</size>
         <input_file_ref idref="fl-16b"/>
      </object_component>
      <object_component id="oc-2b1">
         <name>.text:_SlDrvSyncObjWaitTimeout</name>
         <load_address>0x2000d1b0</load_address>
         <run_address>0x2000d1b0</run_address>
         <size>0x44</size>
         <input_file_ref idref="fl-16b"/>
      </object_component>
      <object_component id="oc-73f">
         <name>.text:cc_SetupTransfer</name>
         <load_address>0x2000d1f4</load_address>
         <run_address>0x2000d1f4</run_address>
         <size>0x44</size>
         <input_file_ref idref="fl-171"/>
      </object_component>
      <object_component id="oc-6d">
         <name>.text</name>
         <load_address>0x2000d238</load_address>
         <run_address>0x2000d238</run_address>
         <size>0x44</size>
         <input_file_ref idref="fl-135"/>
      </object_component>
      <object_component id="oc-1dc">
         <name>.text:sl_Close</name>
         <load_address>0x2000d27c</load_address>
         <run_address>0x2000d27c</run_address>
         <size>0x44</size>
         <input_file_ref idref="fl-16f"/>
      </object_component>
      <object_component id="oc-12d">
         <name>.text:sl_WlanSetMode</name>
         <load_address>0x2000d2c0</load_address>
         <run_address>0x2000d2c0</run_address>
         <size>0x44</size>
         <input_file_ref idref="fl-170"/>
      </object_component>
      <object_component id="oc-1a0">
         <name>.text:sl_Htonl</name>
         <load_address>0x2000d304</load_address>
         <run_address>0x2000d304</run_address>
         <size>0x42</size>
         <input_file_ref idref="fl-16f"/>
      </object_component>
      <object_component id="oc-3ea">
         <name>.text:PinModeSet</name>
         <load_address>0x2000d348</load_address>
         <run_address>0x2000d348</run_address>
         <size>0x40</size>
         <input_file_ref idref="fl-164"/>
      </object_component>
      <object_component id="oc-6f6">
         <name>.text:_SlDrvHandleNetAppEvents</name>
         <load_address>0x2000d388</load_address>
         <run_address>0x2000d388</run_address>
         <size>0x40</size>
         <input_file_ref idref="fl-16b"/>
      </object_component>
      <object_component id="oc-6f0">
         <name>.text:_SlDrvHandleWlanEvents</name>
         <load_address>0x2000d3c8</load_address>
         <run_address>0x2000d3c8</run_address>
         <size>0x40</size>
         <input_file_ref idref="fl-16b"/>
      </object_component>
      <object_component id="oc-3ce">
         <name>.text:_sl_TruncatePayloadByProtocol</name>
         <load_address>0x2000d408</load_address>
         <run_address>0x2000d408</run_address>
         <size>0x40</size>
         <input_file_ref idref="fl-16f"/>
      </object_component>
      <object_component id="oc-75c">
         <name>.text</name>
         <load_address>0x2000d448</load_address>
         <run_address>0x2000d448</run_address>
         <size>0x40</size>
         <input_file_ref idref="fl-161"/>
      </object_component>
      <object_component id="oc-2a5">
         <name>.text:NwpRegisterInterruptHandler</name>
         <load_address>0x2000d488</load_address>
         <run_address>0x2000d488</run_address>
         <size>0x3e</size>
         <input_file_ref idref="fl-171"/>
      </object_component>
      <object_component id="oc-788">
         <name>.text:CopyPingResultsToReport</name>
         <load_address>0x2000d4c6</load_address>
         <run_address>0x2000d4c6</run_address>
         <size>0x3c</size>
         <input_file_ref idref="fl-16c"/>
      </object_component>
      <object_component id="oc-20e">
         <name>.text:PRCMPeripheralClkEnable</name>
         <load_address>0x2000d504</load_address>
         <run_address>0x2000d504</run_address>
         <size>0x3c</size>
         <input_file_ref idref="fl-165"/>
      </object_component>
      <object_component id="oc-24">
         <name>.text</name>
         <load_address>0x2000d540</load_address>
         <run_address>0x2000d540</run_address>
         <size>0x3c</size>
         <input_file_ref idref="fl-131"/>
      </object_component>
      <object_component id="oc-19a">
         <name>.text:sl_Htons</name>
         <load_address>0x2000d57c</load_address>
         <run_address>0x2000d57c</run_address>
         <size>0x3c</size>
         <input_file_ref idref="fl-16f"/>
      </object_component>
      <object_component id="oc-7a5">
         <name>.text:uDMAChannelControlSet</name>
         <load_address>0x2000d5b8</load_address>
         <run_address>0x2000d5b8</run_address>
         <size>0x3c</size>
         <input_file_ref idref="fl-176"/>
      </object_component>
      <object_component id="oc-29f">
         <name>.text:NwpPowerOff</name>
         <load_address>0x2000d5f4</load_address>
         <run_address>0x2000d5f4</run_address>
         <size>0x38</size>
         <input_file_ref idref="fl-171"/>
      </object_component>
      <object_component id="oc-1be">
         <name>.text</name>
         <load_address>0x2000d62c</load_address>
         <run_address>0x2000d62c</run_address>
         <size>0x38</size>
         <input_file_ref idref="fl-136"/>
      </object_component>
      <object_component id="oc-4a2">
         <name>.text:PRCMPeripheralStatusGet</name>
         <load_address>0x2000d664</load_address>
         <run_address>0x2000d664</run_address>
         <size>0x34</size>
         <input_file_ref idref="fl-165"/>
      </object_component>
      <object_component id="oc-4ba">
         <name>.text:SPIFIFOLevelSet</name>
         <load_address>0x2000d698</load_address>
         <run_address>0x2000d698</run_address>
         <size>0x34</size>
         <input_file_ref idref="fl-175"/>
      </object_component>
      <object_component id="oc-69b">
         <name>.text</name>
         <load_address>0x2000d6cc</load_address>
         <run_address>0x2000d6cc</run_address>
         <size>0x34</size>
         <input_file_ref idref="fl-15f"/>
      </object_component>
      <object_component id="oc-188">
         <name>.text</name>
         <load_address>0x2000d700</load_address>
         <run_address>0x2000d700</run_address>
         <size>0x34</size>
         <input_file_ref idref="fl-143"/>
      </object_component>
      <object_component id="oc-3f8">
         <name>.text:UARTDisable</name>
         <load_address>0x2000d734</load_address>
         <run_address>0x2000d734</run_address>
         <size>0x30</size>
         <input_file_ref idref="fl-166"/>
      </object_component>
      <object_component id="oc-18e">
         <name>.text</name>
         <load_address>0x2000d764</load_address>
         <run_address>0x2000d764</run_address>
         <size>0x30</size>
         <input_file_ref idref="fl-142"/>
      </object_component>
      <object_component id="oc-5f2">
         <name>.text</name>
         <load_address>0x2000d794</load_address>
         <run_address>0x2000d794</run_address>
         <size>0x30</size>
         <input_file_ref idref="fl-15d"/>
      </object_component>
      <object_component id="oc-441">
         <name>.text</name>
         <load_address>0x2000d7c4</load_address>
         <run_address>0x2000d7c4</run_address>
         <size>0x2e</size>
         <input_file_ref idref="fl-154"/>
      </object_component>
      <object_component id="oc-711">
         <name>.text</name>
         <load_address>0x2000d7f2</load_address>
         <run_address>0x2000d7f2</run_address>
         <size>0x2e</size>
         <input_file_ref idref="fl-160"/>
      </object_component>
      <object_component id="oc-39a">
         <name>.text:PRCMSysResetCauseGet</name>
         <load_address>0x2000d820</load_address>
         <run_address>0x2000d820</run_address>
         <size>0x2c</size>
         <input_file_ref idref="fl-165"/>
      </object_component>
      <object_component id="oc-547">
         <name>.text:_SlDrvObjGlobalLockWaitForever</name>
         <load_address>0x2000d84c</load_address>
         <run_address>0x2000d84c</run_address>
         <size>0x2c</size>
         <input_file_ref idref="fl-16b"/>
      </object_component>
      <object_component id="oc-36f">
         <name>.text:_SlDrvProtectionObjLockWaitForever</name>
         <load_address>0x2000d878</load_address>
         <run_address>0x2000d878</run_address>
         <size>0x2c</size>
         <input_file_ref idref="fl-16b"/>
      </object_component>
      <object_component id="oc-457">
         <name>.text</name>
         <load_address>0x2000d8a4</load_address>
         <run_address>0x2000d8a4</run_address>
         <size>0x2a</size>
         <input_file_ref idref="fl-15a"/>
      </object_component>
      <object_component id="oc-3b2">
         <name>.text:PRCMPeripheralClkDisable</name>
         <load_address>0x2000d8d0</load_address>
         <run_address>0x2000d8d0</run_address>
         <size>0x28</size>
         <input_file_ref idref="fl-165"/>
      </object_component>
      <object_component id="oc-54d">
         <name>.text:_SlDrvGlobalObjUnLock</name>
         <load_address>0x2000d8f8</load_address>
         <run_address>0x2000d8f8</run_address>
         <size>0x28</size>
         <input_file_ref idref="fl-16b"/>
      </object_component>
      <object_component id="oc-375">
         <name>.text:_SlDrvProtectionObjUnLock</name>
         <load_address>0x2000d920</load_address>
         <run_address>0x2000d920</run_address>
         <size>0x28</size>
         <input_file_ref idref="fl-16b"/>
      </object_component>
      <object_component id="oc-37b">
         <name>.text:_SlDrvSyncObjWaitForever</name>
         <load_address>0x2000d948</load_address>
         <run_address>0x2000d948</run_address>
         <size>0x28</size>
         <input_file_ref idref="fl-16b"/>
      </object_component>
      <object_component id="oc-52c">
         <name>.text</name>
         <load_address>0x2000d970</load_address>
         <run_address>0x2000d970</run_address>
         <size>0x26</size>
         <input_file_ref idref="fl-3"/>
      </object_component>
      <object_component id="oc-170">
         <name>.text</name>
         <load_address>0x2000d996</load_address>
         <run_address>0x2000d996</run_address>
         <size>0x26</size>
         <input_file_ref idref="fl-141"/>
      </object_component>
      <object_component id="oc-4de">
         <name>.text:DmaSpiSwIntHandler</name>
         <load_address>0x2000d9bc</load_address>
         <run_address>0x2000d9bc</run_address>
         <size>0x24</size>
         <input_file_ref idref="fl-171"/>
      </object_component>
      <object_component id="oc-4fc">
         <name>.text:IntUnregister</name>
         <load_address>0x2000d9e0</load_address>
         <run_address>0x2000d9e0</run_address>
         <size>0x24</size>
         <input_file_ref idref="fl-163"/>
      </object_component>
      <object_component id="oc-3fe">
         <name>.text:UARTEnable</name>
         <load_address>0x2000da04</load_address>
         <run_address>0x2000da04</run_address>
         <size>0x24</size>
         <input_file_ref idref="fl-166"/>
      </object_component>
      <object_component id="oc-5bd">
         <name>.text:_SlDrvObjLockWaitForever</name>
         <load_address>0x2000da28</load_address>
         <run_address>0x2000da28</run_address>
         <size>0x24</size>
         <input_file_ref idref="fl-16b"/>
      </object_component>
      <object_component id="oc-23f">
         <name>.text</name>
         <load_address>0x2000da4c</load_address>
         <run_address>0x2000da4c</run_address>
         <size>0x24</size>
         <input_file_ref idref="fl-138"/>
      </object_component>
      <object_component id="oc-496">
         <name>.text:SPIReset</name>
         <load_address>0x2000da70</load_address>
         <run_address>0x2000da70</run_address>
         <size>0x22</size>
         <input_file_ref idref="fl-175"/>
      </object_component>
      <object_component id="oc-6dd">
         <name>.text:SPIWordCountSet</name>
         <load_address>0x2000da92</load_address>
         <run_address>0x2000da92</run_address>
         <size>0x22</size>
         <input_file_ref idref="fl-175"/>
      </object_component>
      <object_component id="oc-44b">
         <name>.text</name>
         <load_address>0x2000dab4</load_address>
         <run_address>0x2000dab4</run_address>
         <size>0x22</size>
         <input_file_ref idref="fl-153"/>
      </object_component>
      <object_component id="oc-4c0">
         <name>.text:IntRegister</name>
         <load_address>0x2000dad8</load_address>
         <run_address>0x2000dad8</run_address>
         <size>0x20</size>
         <input_file_ref idref="fl-163"/>
      </object_component>
      <object_component id="oc-2ab">
         <name>.text:NwpPowerOn</name>
         <load_address>0x2000daf8</load_address>
         <run_address>0x2000daf8</run_address>
         <size>0x20</size>
         <input_file_ref idref="fl-171"/>
      </object_component>
      <object_component id="oc-5c3">
         <name>.text:_SlDrvObjUnLock</name>
         <load_address>0x2000db18</load_address>
         <run_address>0x2000db18</run_address>
         <size>0x20</size>
         <input_file_ref idref="fl-16b"/>
      </object_component>
      <object_component id="oc-51d">
         <name>.text:_SlDrvSyncObjSignal</name>
         <load_address>0x2000db38</load_address>
         <run_address>0x2000db38</run_address>
         <size>0x20</size>
         <input_file_ref idref="fl-16b"/>
      </object_component>
      <object_component id="oc-145">
         <name>.text:sl_WlanDisconnect</name>
         <load_address>0x2000db58</load_address>
         <run_address>0x2000db58</run_address>
         <size>0x20</size>
         <input_file_ref idref="fl-170"/>
      </object_component>
      <object_component id="oc-227">
         <name>.text:UARTCharPut</name>
         <load_address>0x2000db78</load_address>
         <run_address>0x2000db78</run_address>
         <size>0x1e</size>
         <input_file_ref idref="fl-166"/>
      </object_component>
      <object_component id="oc-4a8">
         <name>.text:cc_UDMAChannelSelect</name>
         <load_address>0x2000db96</load_address>
         <run_address>0x2000db96</run_address>
         <size>0x1e</size>
         <input_file_ref idref="fl-171"/>
      </object_component>
      <object_component id="oc-239">
         <name>.text:UARTCharGetNonBlocking</name>
         <load_address>0x2000dbb4</load_address>
         <run_address>0x2000dbb4</run_address>
         <size>0x1c</size>
         <input_file_ref idref="fl-166"/>
      </object_component>
      <object_component id="oc-d7">
         <name>.text</name>
         <load_address>0x2000dbd0</load_address>
         <run_address>0x2000dbd0</run_address>
         <size>0x1c</size>
         <input_file_ref idref="fl-4"/>
      </object_component>
      <object_component id="oc-45d">
         <name>.text</name>
         <load_address>0x2000dbec</load_address>
         <run_address>0x2000dbec</run_address>
         <size>0x1c</size>
         <input_file_ref idref="fl-157"/>
      </object_component>
      <object_component id="oc-7b7">
         <name>.text:uDMAChannelEnable</name>
         <load_address>0x2000dc08</load_address>
         <run_address>0x2000dc08</run_address>
         <size>0x1c</size>
         <input_file_ref idref="fl-176"/>
      </object_component>
      <object_component id="oc-214">
         <name>.text:PinTypeUART</name>
         <load_address>0x2000dc24</load_address>
         <run_address>0x2000dc24</run_address>
         <size>0x1a</size>
         <input_file_ref idref="fl-164"/>
      </object_component>
      <object_component id="oc-570">
         <name>.text:SPIDmaDisable</name>
         <load_address>0x2000dc3e</load_address>
         <run_address>0x2000dc3e</run_address>
         <size>0x1a</size>
         <input_file_ref idref="fl-175"/>
      </object_component>
      <object_component id="oc-4b4">
         <name>.text:SPIDmaEnable</name>
         <load_address>0x2000dc58</load_address>
         <run_address>0x2000dc58</run_address>
         <size>0x1a</size>
         <input_file_ref idref="fl-175"/>
      </object_component>
      <object_component id="oc-56a">
         <name>.text:SPIFIFODisable</name>
         <load_address>0x2000dc72</load_address>
         <run_address>0x2000dc72</run_address>
         <size>0x1a</size>
         <input_file_ref idref="fl-175"/>
      </object_component>
      <object_component id="oc-4ae">
         <name>.text:SPIFIFOEnable</name>
         <load_address>0x2000dc8c</load_address>
         <run_address>0x2000dc8c</run_address>
         <size>0x1a</size>
         <input_file_ref idref="fl-175"/>
      </object_component>
      <object_component id="oc-564">
         <name>.text:SPIIntUnregister</name>
         <load_address>0x2000dca6</load_address>
         <run_address>0x2000dca6</run_address>
         <size>0x1a</size>
         <input_file_ref idref="fl-175"/>
      </object_component>
      <object_component id="oc-48a">
         <name>.text:SPICSDisable</name>
         <load_address>0x2000dcc0</load_address>
         <run_address>0x2000dcc0</run_address>
         <size>0x18</size>
         <input_file_ref idref="fl-175"/>
      </object_component>
      <object_component id="oc-6d7">
         <name>.text:SPICSEnable</name>
         <load_address>0x2000dcd8</load_address>
         <run_address>0x2000dcd8</run_address>
         <size>0x18</size>
         <input_file_ref idref="fl-175"/>
      </object_component>
      <object_component id="oc-490">
         <name>.text:SPIDisable</name>
         <load_address>0x2000dcf0</load_address>
         <run_address>0x2000dcf0</run_address>
         <size>0x18</size>
         <input_file_ref idref="fl-175"/>
      </object_component>
      <object_component id="oc-4d2">
         <name>.text:SPIEnable</name>
         <load_address>0x2000dd08</load_address>
         <run_address>0x2000dd08</run_address>
         <size>0x18</size>
         <input_file_ref idref="fl-175"/>
      </object_component>
      <object_component id="oc-233">
         <name>.text:UARTCharsAvail</name>
         <load_address>0x2000dd20</load_address>
         <run_address>0x2000dd20</run_address>
         <size>0x18</size>
         <input_file_ref idref="fl-166"/>
      </object_component>
      <object_component id="oc-479">
         <name>.text:_SlNonOsSemSet</name>
         <load_address>0x2000dd38</load_address>
         <run_address>0x2000dd38</run_address>
         <size>0x18</size>
         <input_file_ref idref="fl-16e"/>
      </object_component>
      <object_component id="oc-2bd">
         <name>.text:_sl_GetStartResponseConvert</name>
         <load_address>0x2000dd50</load_address>
         <run_address>0x2000dd50</run_address>
         <size>0x18</size>
         <input_file_ref idref="fl-16a"/>
      </object_component>
      <object_component id="oc-67">
         <name>.text</name>
         <load_address>0x2000dd68</load_address>
         <run_address>0x2000dd68</run_address>
         <size>0x18</size>
         <input_file_ref idref="fl-148"/>
      </object_component>
      <object_component id="oc-336">
         <name>.text</name>
         <load_address>0x2000dd80</load_address>
         <run_address>0x2000dd80</run_address>
         <size>0x18</size>
         <input_file_ref idref="fl-174"/>
      </object_component>
      <object_component id="oc-3a0">
         <name>.text:PRCMHIBRegRead</name>
         <load_address>0x2000dd98</load_address>
         <run_address>0x2000dd98</run_address>
         <size>0x16</size>
         <input_file_ref idref="fl-165"/>
      </object_component>
      <object_component id="oc-3a6">
         <name>.text:PRCMHIBRegWrite</name>
         <load_address>0x2000ddae</load_address>
         <run_address>0x2000ddae</run_address>
         <size>0x16</size>
         <input_file_ref idref="fl-165"/>
      </object_component>
      <object_component id="oc-329">
         <name>.text:_SlDrvMemZero</name>
         <load_address>0x2000ddc4</load_address>
         <run_address>0x2000ddc4</run_address>
         <size>0x16</size>
         <input_file_ref idref="fl-16b"/>
      </object_component>
      <object_component id="oc-342">
         <name>.text</name>
         <load_address>0x2000ddda</load_address>
         <run_address>0x2000ddda</run_address>
         <size>0x16</size>
         <input_file_ref idref="fl-158"/>
      </object_component>
      <object_component id="oc-38f">
         <name>.text:CPUcpsie</name>
         <load_address>0x2000ddf0</load_address>
         <run_address>0x2000ddf0</run_address>
         <size>0x14</size>
         <input_file_ref idref="fl-168"/>
      </object_component>
      <object_component id="oc-1a6">
         <name>.text:IntVTableBaseSet</name>
         <load_address>0x2000de04</load_address>
         <run_address>0x2000de04</run_address>
         <size>0x14</size>
         <input_file_ref idref="fl-163"/>
      </object_component>
      <object_component id="oc-103">
         <name>.text</name>
         <load_address>0x2000de18</load_address>
         <run_address>0x2000de18</run_address>
         <size>0x14</size>
         <input_file_ref idref="fl-146"/>
      </object_component>
      <object_component id="oc-1ca">
         <name>.text</name>
         <load_address>0x2000de2c</load_address>
         <run_address>0x2000de2c</run_address>
         <size>0x14</size>
         <input_file_ref idref="fl-13f"/>
      </object_component>
      <object_component id="oc-182">
         <name>.text</name>
         <load_address>0x2000de40</load_address>
         <run_address>0x2000de40</run_address>
         <size>0x14</size>
         <input_file_ref idref="fl-140"/>
      </object_component>
      <object_component id="oc-77b">
         <name>.text:_SlDrvDispatchHttpServerEvents</name>
         <load_address>0x2000de54</load_address>
         <run_address>0x2000de54</run_address>
         <size>0x10</size>
         <input_file_ref idref="fl-16b"/>
      </object_component>
      <object_component id="oc-305">
         <name>.text:_SlDrvResetCmdExt</name>
         <load_address>0x2000de64</load_address>
         <run_address>0x2000de64</run_address>
         <size>0xe</size>
         <input_file_ref idref="fl-16b"/>
      </object_component>
      <object_component id="oc-12">
         <name>.text:decompress:none</name>
         <load_address>0x2000de72</load_address>
         <run_address>0x2000de72</run_address>
         <size>0xe</size>
         <input_file_ref idref="fl-132"/>
      </object_component>
      <object_component id="oc-2d">
         <name>.text</name>
         <load_address>0x2000de80</load_address>
         <run_address>0x2000de80</run_address>
         <size>0xe</size>
         <input_file_ref idref="fl-5"/>
      </object_component>
      <object_component id="oc-4ef">
         <name>.text:NwpMaskInterrupt</name>
         <load_address>0x2000de90</load_address>
         <run_address>0x2000de90</run_address>
         <size>0xc</size>
         <input_file_ref idref="fl-171"/>
      </object_component>
      <object_component id="oc-509">
         <name>.text:NwpUnMaskInterrupt</name>
         <load_address>0x2000de9c</load_address>
         <run_address>0x2000de9c</run_address>
         <size>0xc</size>
         <input_file_ref idref="fl-171"/>
      </object_component>
      <object_component id="oc-1e">
         <name>.text:decompress:ZI</name>
         <load_address>0x2000dea8</load_address>
         <run_address>0x2000dea8</run_address>
         <size>0xc</size>
         <input_file_ref idref="fl-134"/>
      </object_component>
      <object_component id="oc-1ac">
         <name>.text:IntMasterEnable</name>
         <load_address>0x2000deb4</load_address>
         <run_address>0x2000deb4</run_address>
         <size>0xa</size>
         <input_file_ref idref="fl-163"/>
      </object_component>
      <object_component id="oc-4ee">
         <name>.text:UtilsDelay</name>
         <load_address>0x2000debe</load_address>
         <run_address>0x2000debe</run_address>
         <size>0x6</size>
         <input_file_ref idref="fl-167"/>
      </object_component>
      <object_component id="oc-18">
         <name>.text:decompress:rle24</name>
         <load_address>0x2000dec4</load_address>
         <run_address>0x2000dec4</run_address>
         <size>0x6</size>
         <input_file_ref idref="fl-133"/>
      </object_component>
      <object_component id="oc-5b">
         <name>.text</name>
         <load_address>0x2000deca</load_address>
         <run_address>0x2000deca</run_address>
         <size>0x4</size>
         <input_file_ref idref="fl-13b"/>
      </object_component>
      <object_component id="oc-359">
         <name>.const:.string:_ctypes_</name>
         <load_address>0x2000ded0</load_address>
         <run_address>0x2000ded0</run_address>
         <size>0x101</size>
         <input_file_ref idref="fl-14c"/>
      </object_component>
      <object_component id="oc-5cd">
         <name>.const:g_ulPinToPadMap</name>
         <load_address>0x2000dfd4</load_address>
         <run_address>0x2000dfd4</run_address>
         <size>0x100</size>
         <input_file_ref idref="fl-164"/>
      </object_component>
      <object_component id="oc-621">
         <name>.const:g_pulRegs</name>
         <load_address>0x2000e0d4</load_address>
         <run_address>0x2000e0d4</run_address>
         <size>0xd4</size>
         <input_file_ref idref="fl-163"/>
      </object_component>
      <object_component id="oc-3e6">
         <name>.const:PRCM_PeriphRegsList</name>
         <load_address>0x2000e1a8</load_address>
         <run_address>0x2000e1a8</run_address>
         <size>0xa8</size>
         <input_file_ref idref="fl-165"/>
      </object_component>
      <object_component id="oc-396">
         <name>.const</name>
         <load_address>0x2000e250</load_address>
         <run_address>0x2000e250</run_address>
         <size>0x80</size>
         <input_file_ref idref="fl-163"/>
      </object_component>
      <object_component id="oc-160">
         <name>.const</name>
         <load_address>0x2000e2d0</load_address>
         <run_address>0x2000e2d0</run_address>
         <size>0x80</size>
         <input_file_ref idref="fl-6"/>
      </object_component>
      <object_component id="oc-176">
         <name>.const:.string</name>
         <load_address>0x2000e350</load_address>
         <run_address>0x2000e350</run_address>
         <size>0x50</size>
         <input_file_ref idref="fl-6"/>
      </object_component>
      <object_component id="oc-1ee">
         <name>.const:.string:$P$T12$15</name>
         <load_address>0x2000e3a0</load_address>
         <run_address>0x2000e3a0</run_address>
         <size>0x4d</size>
         <input_file_ref idref="fl-6"/>
      </object_component>
      <object_component id="oc-6cd">
         <name>.const:OpcodeTranslateTable</name>
         <load_address>0x2000e3ee</load_address>
         <run_address>0x2000e3ee</run_address>
         <size>0x3c</size>
         <input_file_ref idref="fl-16b"/>
      </object_component>
      <object_component id="oc-2e6">
         <name>.const</name>
         <load_address>0x2000e42a</load_address>
         <run_address>0x2000e42a</run_address>
         <size>0x3c</size>
         <input_file_ref idref="fl-170"/>
      </object_component>
      <object_component id="oc-739">
         <name>.const:_SlActionLookupTable</name>
         <load_address>0x2000e468</load_address>
         <run_address>0x2000e468</run_address>
         <size>0x38</size>
         <input_file_ref idref="fl-16b"/>
      </object_component>
      <object_component id="oc-664">
         <name>.const</name>
         <load_address>0x2000e4a0</load_address>
         <run_address>0x2000e4a0</run_address>
         <size>0x38</size>
         <input_file_ref idref="fl-16b"/>
      </object_component>
      <object_component id="oc-3ba">
         <name>.const</name>
         <load_address>0x2000e4d8</load_address>
         <run_address>0x2000e4d8</run_address>
         <size>0x34</size>
         <input_file_ref idref="fl-16f"/>
      </object_component>
      <object_component id="oc-15d">
         <name>.const:$P$T1$2</name>
         <load_address>0x2000e50c</load_address>
         <run_address>0x2000e50c</run_address>
         <size>0x2c</size>
         <input_file_ref idref="fl-6"/>
      </object_component>
      <object_component id="oc-381">
         <name>.const</name>
         <load_address>0x2000e538</load_address>
         <run_address>0x2000e538</run_address>
         <size>0x28</size>
         <input_file_ref idref="fl-16c"/>
      </object_component>
      <object_component id="oc-6fe">
         <name>.const:g_ppulSPIIntMap</name>
         <load_address>0x2000e560</load_address>
         <run_address>0x2000e560</run_address>
         <size>0x24</size>
         <input_file_ref idref="fl-175"/>
      </object_component>
      <object_component id="oc-163">
         <name>.const:.string:$P$T0$1</name>
         <load_address>0x2000e584</load_address>
         <run_address>0x2000e584</run_address>
         <size>0x22</size>
         <input_file_ref idref="fl-6"/>
      </object_component>
      <object_component id="oc-2fc">
         <name>.const</name>
         <load_address>0x2000e5a6</load_address>
         <run_address>0x2000e5a6</run_address>
         <size>0x1c</size>
         <input_file_ref idref="fl-16a"/>
      </object_component>
      <object_component id="oc-6ae">
         <name>.const</name>
         <load_address>0x2000e5c4</load_address>
         <run_address>0x2000e5c4</run_address>
         <size>0x18</size>
         <input_file_ref idref="fl-175"/>
      </object_component>
      <object_component id="oc-5b9">
         <name>.const:.string</name>
         <load_address>0x2000e5dc</load_address>
         <run_address>0x2000e5dc</run_address>
         <size>0x10</size>
         <input_file_ref idref="fl-16f"/>
      </object_component>
      <object_component id="oc-348">
         <name>.const</name>
         <load_address>0x2000e5ec</load_address>
         <run_address>0x2000e5ec</run_address>
         <size>0x10</size>
         <input_file_ref idref="fl-172"/>
      </object_component>
      <object_component id="oc-33c">
         <name>.const:.string</name>
         <load_address>0x2000e5fc</load_address>
         <run_address>0x2000e5fc</run_address>
         <size>0x8</size>
         <input_file_ref idref="fl-172"/>
      </object_component>
      <object_component id="oc-319">
         <name>.const</name>
         <load_address>0x2000e604</load_address>
         <run_address>0x2000e604</run_address>
         <size>0x8</size>
         <input_file_ref idref="fl-16d"/>
      </object_component>
      <object_component id="oc-817">
         <name>.cinit..data.load</name>
         <load_address>0x2000e610</load_address>
         <run_address>0x2000e610</run_address>
         <size>0x63</size>
      </object_component>
      <object_component id="oc-815">
         <name>__TI_handler_table</name>
         <load_address>0x2000e674</load_address>
         <run_address>0x2000e674</run_address>
         <size>0xc</size>
      </object_component>
      <object_component id="oc-818">
         <name>.cinit..bss.load</name>
         <load_address>0x2000e680</load_address>
         <run_address>0x2000e680</run_address>
         <size>0x8</size>
      </object_component>
      <object_component id="oc-816">
         <name>__TI_cinit_table</name>
         <load_address>0x2000e688</load_address>
         <run_address>0x2000e688</run_address>
         <size>0x10</size>
      </object_component>
      <object_component id="oc-2a">
         <name>.sysmem</name>
         <uninitialized>true</uninitialized>
         <run_address>0x20017d20</run_address>
         <size>0x8</size>
         <input_file_ref idref="fl-139"/>
      </object_component>
      <object_component id="oc-81a">
         <name>.sysmem</name>
         <uninitialized>true</uninitialized>
         <run_address>0x20017d20</run_address>
         <size>0x0</size>
      </object_component>
      <object_component id="oc-29">
         <name>.stack</name>
         <uninitialized>true</uninitialized>
         <run_address>0x2002f800</run_address>
         <size>0x0</size>
         <input_file_ref idref="fl-131"/>
      </object_component>
      <object_component id="oc-819">
         <name>.stack</name>
         <uninitialized>true</uninitialized>
         <run_address>0x2002f800</run_address>
         <size>0x0</size>
      </object_component>
      <object_component id="oc-11b">
[...]
      </symbol>
      <symbol id="sm-d3b">
         <name>_SlDrvDriverCBDeinit</name>
         <value>0x2000a4dd</value>
         <object_component_ref idref="oc-2f6"/>
      </symbol>
      <symbol id="sm-d3c">
         <name>_SlDrvResetCmdExt</name>
         <value>0x2000de65</value>
         <object_component_ref idref="oc-305"/>
      </symbol>
      <symbol id="sm-d3d">
         <name>_SlDrvProtectAsyncRespSetting</name>
         <value>0x2000ce41</value>
         <object_component_ref idref="oc-299"/>
      </symbol>
      <symbol id="sm-d3e">
         <name>_SlDrvReleasePoolObj</name>
         <value>0x200091fd</value>
         <object_component_ref idref="oc-2b7"/>
      </symbol>
      <symbol id="sm-d3f">
         <name>_SlDrvHandleWlanEvents</name>
         <value>0x2000d3c9</value>
         <object_component_ref idref="oc-6f0"/>
      </symbol>
      <symbol id="sm-d40">
         <name>OpcodeTranslateTable</name>
         <value>0x2000e3ee</value>
         <object_component_ref idref="oc-6cd"/>
      </symbol>
      <symbol id="sm-d41">
         <name>pPingCallBackFunc</name>
         <value>0x20018704</value>
         <object_component_ref idref="oc-2c6"/>
      </symbol>
      <symbol id="sm-d42">
         <name>_SlDrvDriverCBInit</name>
         <value>0x20009585</value>
         <object_component_ref idref="oc-28d"/>
      </symbol>
      <symbol id="sm-d43">
         <name>g_pCB</name>
         <value>0x20018700</value>
         <object_component_ref idref="oc-2c6"/>
      </symbol>
      <symbol id="sm-d44">
         <name>_SlDrvProtectionObjLockWaitForever</name>
         <value>0x2000d879</value>
         <object_component_ref idref="oc-36f"/>
      </symbol>
      <symbol id="sm-d45">
         <name>_SlDrvCmdOp</name>
         <value>0x2000b429</value>
         <object_component_ref idref="oc-2e0"/>
      </symbol>
      <symbol id="sm-d46">
         <name>_SlDrvSyncObjWaitTimeout</name>
         <value>0x2000d1b1</value>
         <object_component_ref idref="oc-2b1"/>
      </symbol>
      <symbol id="sm-d47">
         <name>_SlDrvGlobalObjUnLock</name>
         <value>0x2000d8f9</value>
         <object_component_ref idref="oc-54d"/>
      </symbol>
      <symbol id="sm-d48">
         <name>_SlDrvMemZero</name>
         <value>0x2000ddc5</value>
         <object_component_ref idref="oc-329"/>
      </symbol>
      <symbol id="sm-d49">
         <name>_SlDrvWaitForPoolObj</name>
         <value>0x200098d5</value>
         <object_component_ref idref="oc-369"/>
      </symbol>
      <symbol id="sm-d4a">
         <name>_SlDrvSyncObjSignal</name>
         <value>0x2000db39</value>
         <object_component_ref idref="oc-51d"/>
      </symbol>
      <symbol id="sm-d4b">
         <name>_SlDrvDataReadOp</name>
         <value>0x20009019</value>
         <object_component_ref idref="oc-3db"/>
      </symbol>
      <symbol id="sm-d4c">
         <name>_SlDrvDataWriteOp</name>
         <value>0x20009eb9</value>
         <object_component_ref idref="oc-3d4"/>
      </symbol>
      <symbol id="sm-d4d">
         <name>_SlDrvRxIrqHandler</name>
         <value>0x2000ccb1</value>
         <object_component_ref idref="oc-2c9"/>
      </symbol>
      <symbol id="sm-d4e">
         <name>_SlDrvHandleHttpServerEvents</name>
         <value>0x2000d16d</value>
         <object_component_ref idref="oc-7d0"/>
      </symbol>
      <symbol id="sm-d4f">
         <name>_SlDrvSyncObjWaitForever</name>
         <value>0x2000d949</value>
         <object_component_ref idref="oc-37b"/>
      </symbol>
      <symbol id="sm-d50">
         <name>_SlDrvCmdSend</name>
         <value>0x2000c6e5</value>
         <object_component_ref idref="oc-7d7"/>
      </symbol>
      <symbol id="sm-d51">
         <name>_SlActionLookupTable</name>
         <value>0x2000e468</value>
         <object_component_ref idref="oc-739"/>
      </symbol>
      <symbol id="sm-dd8">
         <name>_SlNetAppSendTokenValueCmdCtrl</name>
         <value>0x2000e554</value>
         <object_component_ref idref="oc-381"/>
      </symbol>
      <symbol id="sm-dd9">
         <name>sl_NetAppDnsGetHostByName</name>
         <value>0x2000a289</value>
         <object_component_ref idref="oc-194"/>
      </symbol>
      <symbol id="sm-dda">
         <name>_sl_HandleAsync_DnsGetHostByName</name>
         <value>0x2000bb55</value>
         <object_component_ref idref="oc-76f"/>
      </symbol>
      <symbol id="sm-ddb">
         <name>_sl_HandleAsync_PingResponse</name>
         <value>0x2000bbe5</value>
         <object_component_ref idref="oc-725"/>
      </symbol>
      <symbol id="sm-ddc">
         <name>_SlDrvNetAppEventHandler</name>
         <value>0x2000aa5d</value>
         <object_component_ref idref="oc-71f"/>
      </symbol>
      <symbol id="sm-ddd">
         <name>_sl_HandleAsync_DnsGetHostByService</name>
         <value>0x2000b299</value>
         <object_component_ref idref="oc-775"/>
      </symbol>
      <symbol id="sm-dde">
         <name>_sl_NetAppSendTokenValue</name>
         <value>0x2000c751</value>
         <object_component_ref idref="oc-781"/>
      </symbol>
      <symbol id="sm-dff">
         <name>sl_NetCfgSet</name>
         <value>0x2000c231</value>
         <object_component_ref idref="oc-14b"/>
      </symbol>
      <symbol id="sm-e3e">
         <name>_SlNonOsSemSet</name>
         <value>0x2000dd39</value>
         <object_component_ref idref="oc-479"/>
      </symbol>
      <symbol id="sm-e3f">
         <name>_SlNonOsSpawn</name>
         <value>0x2000c965</value>
         <object_component_ref idref="oc-534"/>
      </symbol>
      <symbol id="sm-e40">
         <name>_SlNonOsSemGet</name>
         <value>0x2000c421</value>
         <object_component_ref idref="oc-47f"/>
      </symbol>
      <symbol id="sm-e41">
         <name>_SlNonOsMainLoopTask</name>
         <value>0x2000c601</value>
         <object_component_ref idref="oc-127"/>
      </symbol>
      <symbol id="sm-e42">
         <name>g__SlNonOsCB</name>
         <value>0x20018698</value>
         <object_component_ref idref="oc-2db"/>
      </symbol>
      <symbol id="sm-f26">
         <name>sl_Recv</name>
         <value>0x2000be9d</value>
         <object_component_ref idref="oc-1e8"/>
      </symbol>
      <symbol id="sm-f27">
         <name>sl_Send</name>
         <value>0x2000a721</value>
         <object_component_ref idref="oc-1e2"/>
      </symbol>
      <symbol id="sm-f28">
         <name>_sl_HandleAsync_Connect</name>
         <value>0x2000c031</value>
         <object_component_ref idref="oc-797"/>
      </symbol>
      <symbol id="sm-f29">
         <name>sl_Htonl</name>
         <value>0x2000d305</value>
         <object_component_ref idref="oc-1a0"/>
      </symbol>
      <symbol id="sm-f2a">
         <name>sl_Htons</name>
         <value>0x2000d57d</value>
         <object_component_ref idref="oc-19a"/>
      </symbol>
      <symbol id="sm-f2b">
         <name>sl_Connect</name>
         <value>0x20009d4d</value>
         <object_component_ref idref="oc-1d6"/>
      </symbol>
      <symbol id="sm-f2c">
         <name>sl_Socket</name>
         <value>0x2000c675</value>
         <object_component_ref idref="oc-1c4"/>
      </symbol>
      <symbol id="sm-f2d">
         <name>_sl_HandleAsync_Select</name>
         <value>0x2000cd05</value>
         <object_component_ref idref="oc-79d"/>
      </symbol>
      <symbol id="sm-f2e">
         <name>sl_Close</name>
         <value>0x2000d27d</value>
         <object_component_ref idref="oc-1dc"/>
      </symbol>
      <symbol id="sm-f2f">
         <name>_sl_HandleAsync_Accept</name>
         <value>0x2000c9c9</value>
         <object_component_ref idref="oc-791"/>
      </symbol>
      <symbol id="sm-f30">
         <name>sl_SetSockOpt</name>
         <value>0x2000c2ad</value>
         <object_component_ref idref="oc-1d0"/>
      </symbol>
      <symbol id="sm-fc0">
         <name>sl_WlanDisconnect</name>
         <value>0x2000db59</value>
         <object_component_ref idref="oc-145"/>
      </symbol>
      <symbol id="sm-fc1">
         <name>sl_WlanPolicySet</name>
         <value>0x2000c499</value>
         <object_component_ref idref="oc-13f"/>
      </symbol>
      <symbol id="sm-fc2">
         <name>sl_WlanRxFilterSet</name>
         <value>0x2000c829</value>
         <object_component_ref idref="oc-157"/>
      </symbol>
      <symbol id="sm-fc3">
         <name>sl_WlanConnect</name>
         <value>0x200089c9</value>
         <object_component_ref idref="oc-164"/>
      </symbol>
      <symbol id="sm-fc4">
         <name>sl_WlanSet</name>
         <value>0x2000c329</value>
         <object_component_ref idref="oc-151"/>
      </symbol>
      <symbol id="sm-fc5">
         <name>sl_WlanSetMode</name>
         <value>0x2000d2c1</value>
         <object_component_ref idref="oc-12d"/>
      </symbol>
      <symbol id="sm-10c9">
         <name>g_cDummy</name>
         <value>0x20017d1e</value>
      </symbol>
      <symbol id="sm-10ca">
         <name>NwpMaskInterrupt</name>
         <value>0x2000de91</value>
         <object_component_ref idref="oc-4ef"/>
      </symbol>
      <symbol id="sm-10cb">
         <name>NwpRegisterInterruptHandler</name>
         <value>0x2000d489</value>
         <object_component_ref idref="oc-2a5"/>
      </symbol>
      <symbol id="sm-10cc">
         <name>g_pHostIntHdl</name>
         <value>0x2001871c</value>
         <object_component_ref idref="oc-4d8"/>
      </symbol>
      <symbol id="sm-10cd">
         <name>NwpUnMaskInterrupt</name>
         <value>0x2000de9d</value>
         <object_component_ref idref="oc-509"/>
      </symbol>
      <symbol id="sm-10ce">
         <name>g_ucDinDout</name>
         <value>0x20017c98</value>
         <object_component_ref idref="oc-4db"/>
      </symbol>
      <symbol id="sm-10cf">
         <name>NwpPowerOff</name>
         <value>0x2000d5f5</value>
         <object_component_ref idref="oc-29f"/>
      </symbol>
      <symbol id="sm-10d0">
         <name>spi_Read</name>
         <value>0x2000ac5d</value>
         <object_component_ref idref="oc-6c0"/>
      </symbol>
      <symbol id="sm-10d1">
         <name>DmaSpiSwIntHandler</name>
         <value>0x2000d9bd</value>
         <object_component_ref idref="oc-4de"/>
      </symbol>
      <symbol id="sm-10d2">
         <name>NwpPowerOn</name>
         <value>0x2000daf9</value>
         <object_component_ref idref="oc-2ab"/>
      </symbol>
      <symbol id="sm-10d3">
         <name>spi_Close</name>
         <value>0x2000c511</value>
         <object_component_ref idref="oc-2f0"/>
      </symbol>
      <symbol id="sm-10d4">
         <name>spi_Write</name>
         <value>0x2000ba29</value>
         <object_component_ref idref="oc-65e"/>
      </symbol>
      <symbol id="sm-10d5">
         <name>spi_Open</name>
         <value>0x2000a009</value>
         <object_component_ref idref="oc-293"/>
      </symbol>
      <symbol id="sm-10d6">
         <name>g_ucDMAEnabled</name>
         <value>0x20018720</value>
         <object_component_ref idref="oc-4d8"/>
      </symbol>
      <symbol id="sm-10d7">
         <name>g_SpiFd</name>
         <value>0x20018718</value>
         <object_component_ref idref="oc-4d8"/>
      </symbol>
      <symbol id="sm-11fa">
         <name>HTTPCli_setRequestFields</name>
         <value>0x2000768d</value>
         <object_component_ref idref="oc-16a"/>
      </symbol>
      <symbol id="sm-11fb">
         <name>HTTPCli_setSecureParams</name>
         <value>0x200076d9</value>
         <object_component_ref idref="oc-16a"/>
      </symbol>
      <symbol id="sm-11fc">
         <name>HTTPCli_create</name>
         <value>0x200075c1</value>
         <object_component_ref idref="oc-16a"/>
      </symbol>
      <symbol id="sm-11fd">
         <name>HTTPCli_construct</name>
         <value>0x20007579</value>
         <object_component_ref idref="oc-16a"/>
      </symbol>
      <symbol id="sm-11fe">
         <name>HTTPCli_getResponseField</name>
         <value>0x2000788d</value>
         <object_component_ref idref="oc-16a"/>
      </symbol>
      <symbol id="sm-11ff">
         <name>HTTPCli_readRawResponseBody</name>
         <value>0x20007a9d</value>
         <object_component_ref idref="oc-16a"/>
      </symbol>
      <symbol id="sm-1200">
         <name>HTTPCli_connect</name>
         <value>0x20007457</value>
         <object_component_ref idref="oc-16a"/>
      </symbol>
      <symbol id="sm-1201">
         <name>HTTPCli_sendRequest</name>
         <value>0x200076f9</value>
         <object_component_ref idref="oc-16a"/>
      </symbol>
      <symbol id="sm-1202">
         <name>HTTPCli_readResponseBody</name>
         <value>0x20007a11</value>
         <object_component_ref idref="oc-16a"/>
      </symbol>
      <symbol id="sm-1203">
         <name>HTTPCli_sendField</name>
         <value>0x200077c7</value>
         <object_component_ref idref="oc-16a"/>
      </symbol>
      <symbol id="sm-1204">
         <name>HTTPCli_delete</name>
         <value>0x200075d9</value>
         <object_component_ref idref="oc-16a"/>
      </symbol>
      <symbol id="sm-1205">
         <name>HTTPCli_destruct</name>
         <value>0x2000760f</value>
         <object_component_ref idref="oc-16a"/>
      </symbol>
      <symbol id="sm-1206">
         <name>HTTPCli_setProxy</name>
         <value>0x20007add</value>
         <object_component_ref idref="oc-16a"/>
      </symbol>
      <symbol id="sm-1207">
         <name>bufferedRecv</name>
         <value>0x20006b73</value>
         <object_component_ref idref="oc-16a"/>
      </symbol>
      <symbol id="sm-1208">
         <name>HTTPCli_initSockAddr</name>
         <value>0x20007349</value>
         <object_component_ref idref="oc-16a"/>
      </symbol>
      <symbol id="sm-1209">
         <name>HTTPCli_getResponseStatus</name>
         <value>0x20007857</value>
         <object_component_ref idref="oc-16a"/>
      </symbol>
      <symbol id="sm-120a">
         <name>HTTPCli_disconnect</name>
         <value>0x20007657</value>
         <object_component_ref idref="oc-16a"/>
      </symbol>
      <symbol id="sm-120b">
         <name>HTTPCli_setResponseFields</name>
         <value>0x200076b3</value>
         <object_component_ref idref="oc-16a"/>
      </symbol>
      <symbol id="sm-120c">
         <name>HTTPCli_sendRequestBody</name>
         <value>0x2000781f</value>
         <object_component_ref idref="oc-16a"/>
      </symbol>
      <symbol id="sm-1241">
         <name>Ssock_startSecure</name>
         <value>0x2000870f</value>
         <object_component_ref idref="oc-330"/>
      </symbol>
      <symbol id="sm-1242">
         <name>Ssock_recv</name>
         <value>0x20008557</value>
         <object_component_ref idref="oc-330"/>
      </symbol>
      <symbol id="sm-1243">
         <name>Ssock_delete</name>
         <value>0x200084cf</value>
         <object_component_ref idref="oc-330"/>
      </symbol>
      <symbol id="sm-1244">
         <name>Ssock_send</name>
         <value>0x200085f5</value>
         <object_component_ref idref="oc-330"/>
      </symbol>
      <symbol id="sm-1245">
         <name>Ssock_getSocket</name>
         <value>0x20008549</value>
         <object_component_ref idref="oc-330"/>
      </symbol>
      <symbol id="sm-1246">
         <name>Ssock_recvall</name>
         <value>0x200085b1</value>
         <object_component_ref idref="oc-330"/>
      </symbol>
      <symbol id="sm-1247">
         <name>Ssock_construct</name>
         <value>0x20008475</value>
         <object_component_ref idref="oc-330"/>
      </symbol>
      <symbol id="sm-1248">
         <name>Ssock_create</name>
         <value>0x200084b5</value>
         <object_component_ref idref="oc-330"/>
      </symbol>
      <symbol id="sm-1249">
         <name>Ssock_destruct</name>
         <value>0x200084f7</value>
         <object_component_ref idref="oc-330"/>
      </symbol>
      <symbol id="sm-1258">
         <name>strcmp</name>
         <value>0x2000dd81</value>
         <object_component_ref idref="oc-336"/>
      </symbol>
      <symbol id="sm-1313">
         <name>SPIFIFODisable</name>
         <value>0x2000dc73</value>
         <object_component_ref idref="oc-56a"/>
      </symbol>
      <symbol id="sm-1314">
         <name>SPICSEnable</name>
         <value>0x2000dcd9</value>
         <object_component_ref idref="oc-6d7"/>
      </symbol>
      <symbol id="sm-1315">
         <name>SPIDisable</name>
         <value>0x2000dcf1</value>
         <object_component_ref idref="oc-490"/>
      </symbol>
      <symbol id="sm-1316">
         <name>SPIFIFOEnable</name>
         <value>0x2000dc8d</value>
         <object_component_ref idref="oc-4ae"/>
      </symbol>
      <symbol id="sm-1317">
         <name>SPIWordCountSet</name>
         <value>0x2000da93</value>
         <object_component_ref idref="oc-6dd"/>
      </symbol>
      <symbol id="sm-1318">
         <name>SPIEnable</name>
         <value>0x2000dd09</value>
         <object_component_ref idref="oc-4d2"/>
      </symbol>
      <symbol id="sm-1319">
         <name>SPIDmaEnable</name>
         <value>0x2000dc59</value>
         <object_component_ref idref="oc-4b4"/>
      </symbol>
      <symbol id="sm-131a">
         <name>SPIConfigSetExpClk</name>
         <value>0x2000b851</value>
         <object_component_ref idref="oc-49c"/>
      </symbol>
      <symbol id="sm-131b">
         <name>SPIIntUnregister</name>
         <value>0x2000dca7</value>
         <object_component_ref idref="oc-564"/>
      </symbol>
      <symbol id="sm-131c">
         <name>SPIFIFOLevelSet</name>
         <value>0x2000d699</value>
         <object_component_ref idref="oc-4ba"/>
      </symbol>
      <symbol id="sm-131d">
         <name>SPIDmaDisable</name>
         <value>0x2000dc3f</value>
         <object_component_ref idref="oc-570"/>
      </symbol>
      <symbol id="sm-131e">
         <name>SPIReset</name>
         <value>0x2000da71</value>
         <object_component_ref idref="oc-496"/>
      </symbol>
      <symbol id="sm-131f">
         <name>SPIIntEnable</name>
         <value>0x2000cda9</value>
         <object_component_ref idref="oc-4cc"/>
      </symbol>
      <symbol id="sm-1320">
         <name>SPIIntClear</name>
         <value>0x2000d009</value>
         <object_component_ref idref="oc-631"/>
      </symbol>
      <symbol id="sm-1321">
         <name>SPICSDisable</name>
         <value>0x2000dcc1</value>
         <object_component_ref idref="oc-48a"/>
      </symbol>
      <symbol id="sm-1378">
         <name>uDMAChannelControlSet</name>
         <value>0x2000d5b9</value>
         <object_component_ref idref="oc-7a5"/>
      </symbol>
      <symbol id="sm-1379">
         <name>uDMAChannelAttributeEnable</name>
         <value>0x2000ca91</value>
         <object_component_ref idref="oc-7ab"/>
      </symbol>
      <symbol id="sm-137a">
         <name>uDMAChannelTransferSet</name>
         <value>0x2000ad4d</value>
         <object_component_ref idref="oc-7b1"/>
      </symbol>
      <symbol id="sm-137b">
         <name>uDMAChannelAssign</name>
         <value>0x2000cfbd</value>
         <object_component_ref idref="oc-610"/>
      </symbol>
      <symbol id="sm-137c">
         <name>uDMAChannelAttributeDisable</name>
         <value>0x2000ca2d</value>
         <object_component_ref idref="oc-616"/>
      </symbol>
      <symbol id="sm-137d">
         <name>uDMAChannelEnable</name>
         <value>0x2000dc09</value>
         <object_component_ref idref="oc-7b7"/>
      </symbol>
      <symbol id="sm-137e">
         <name>__TI_static_base__</name>
         <value>0x2000e610</value>
      </symbol>
      <symbol id="sm-1381">
         <name>SHT$$INIT_ARRAY$$Limit</name>
         <value>0x0</value>
      </symbol>
      <symbol id="sm-1382">
         <name>SHT$$INIT_ARRAY$$Base</name>
         <value>0x0</value>
      </symbol>
   </symbol_table>
   <title>Link successful</title>
</link_info>
