******************************************************************************
                  TI ARM Linker PC v5.2.7                      
******************************************************************************
>> Linked Fri Jun 10 11:03:06 2016

OUTPUT FILE NAME:   <sub_random_ttiO.out>
ENTRY POINT SYMBOL: "_c_int00"  address: 2000d3f9


MEMORY CONFIGURATION

         name            origin    length      used     unused   attr    fill
----------------------  --------  ---------  --------  --------  ----  --------
  SRAM_CODE             20004000   00013000  0000a416  00008bea  RW X
  SRAM_DATA             20017000   00019000  00001f43  000170bd  RW X


SEGMENT ALLOCATION MAP

run origin  load origin   length   init length attrs members
----------  ----------- ---------- ----------- ----- -------
20004000    20004000    0000a418   0000a418    r-x
  20004000    20004000    00000400   00000400    r-- .intvecs
  20004400    20004400    00009952   00009952    r-x .text
  2000dd54    2000dd54    0000063c   0000063c    r-- .const
  2000e390    2000e390    00000088   00000088    r-- .cinit
20017000    20017000    00001744   00000000    rw-
  20017000    20017000    00000d1f   00000000    rw- .bss
  20017d20    20017d20    00000800   00000000    rw- .sysmem
  20018520    20018520    00000224   00000000    rw- .data
2002f800    2002f800    00000800   00000000    rw-
  2002f800    2002f800    00000800   00000000    rw- .stack


SECTION ALLOCATION MAP

 output                                  attributes/
section   page    origin      length       input sections
--------  ----  ----------  ----------   ----------------
.intvecs   0    20004000    00000400     
                  20004000    00000400     startup_ccs.obj (.intvecs)

.init_array 
*          0    20004000    00000000     UNINITIALIZED

.text      0    20004400    00009952     
                  20004400    00001684     thethingsiO.obj (.text)
                  20005a84    000010a6     rtsv7M4_T_le_eabi.lib : _printfi.obj (.text)
                  20006b2a    00000002     driverlib.a : interrupt.obj (.text:IntDefaultHandler)
                  20006b2c    00000fc4     webclient.a : httpcli.obj (.text)
                  20007af0    00000590     simplelink.a : driver.obj (.text:_SlDrvMsgRead)
                  20008080    000003dc     rtsv7M4_T_le_eabi.lib : memory.obj (.text)
                  2000845c    000002ea     webclient.a : ssock.obj (.text)
                  20008746    00000002     --HOLE-- [fill = 0]
                  20008748    00000280     uart_if.obj (.text)
                  200089c8    00000260     simplelink.a : wlan.obj (.text:sl_WlanConnect)
                  20008c28    000001fc                  : driver.obj (.text:_SlDrvRxHdrRead)
                  20008e24    000001f4     rtsv7M4_T_le_eabi.lib : ull_div_t2.obj (.text)
                  20009018    000001e4     simplelink.a : driver.obj (.text:_SlDrvDataReadOp)
                  200091fc    000001d0                  : driver.obj (.text:_SlDrvReleasePoolObj)
                  200093cc    000001b6     rtsv7M4_T_le_eabi.lib : fd_add_t2.obj (.text)
                  20009582    00000002     --HOLE-- [fill = 0]
                  20009584    000001b4     simplelink.a : driver.obj (.text:_SlDrvDriverCBInit)
                  20009738    0000019c                  : driver.obj (.text:_SlDrvMsgWrite)
                  200098d4    00000190                  : driver.obj (.text:_SlDrvWaitForPoolObj)
                  20009a64    00000178     driverlib.a : prcm.obj (.text:PRCMCC3200MCUInit)
                  20009bdc    00000170     simplelink.a : driver.obj (.text:_SlFindAndSetActiveObj)
                  20009d4c    0000016c                  : socket.obj (.text:sl_Connect)
                  20009eb8    00000150                  : driver.obj (.text:_SlDrvDataWriteOp)
                  2000a008    00000148                  : cc_pal.obj (.text:spi_Open)
                  2000a150    00000136     rtsv7M4_T_le_eabi.lib : fd_div_t2.obj (.text)
                  2000a286    00000002     --HOLE-- [fill = 0]
                  2000a288    0000012c     simplelink.a : netapp.obj (.text:sl_NetAppDnsGetHostByName)
                  2000a3b4    00000128                  : driver.obj (.text:_SlDrvMsgReadCmdCtx)
                  2000a4dc    00000124                  : driver.obj (.text:_SlDrvDriverCBDeinit)
                  2000a600    00000118                  : socket.obj (.text:sl_Send)
                  2000a718    00000114     rtsv7M4_T_le_eabi.lib : strtoul.obj (.text)
                  2000a82c    00000110                           : xdscale.obj (.text)
                  2000a93c    00000104     simplelink.a : netapp.obj (.text:_SlDrvNetAppEventHandler)
                  2000aa40    000000fc     rtsv7M4_T_le_eabi.lib : fd_mul_t2.obj (.text)
                  2000ab3c    000000f0     simplelink.a : cc_pal.obj (.text:spi_Read)
                  2000ac2c    000000f0     driverlib.a : udma.obj (.text:uDMAChannelTransferSet)
                  2000ad1c    000000ec     main.obj (.text)
                  2000ae08    000000e8     simplelink.a : driver.obj (.text:_SlAsyncEventGenericHandler)
                  2000aef0    000000e4                  : device.obj (.text:sl_Stop)
                  2000afd4    000000e0                  : device.obj (.text:sl_Start)
                  2000b0b4    000000dc                  : driver.obj (.text:_SlDrvClassifyRxMsg)
                  2000b190    000000d4                  : driver.obj (.text:_SlDrvMsgReadSpawnCtx)
                  2000b264    000000cc                  : netapp.obj (.text:_sl_HandleAsync_DnsGetHostByService)
                  2000b330    000000c4                  : driver.obj (.text:_SlRemoveFromList)
                  2000b3f4    000000c0                  : driver.obj (.text:_SlDrvCmdOp)
                  2000b4b4    000000be     rtsv7M4_T_le_eabi.lib : xdnorm.obj (.text)
                  2000b572    00000002     --HOLE-- [fill = 0]
                  2000b574    000000b4     simplelink.a : device.obj (.text:sl_DevGet)
                  2000b628    000000a8     driverlib.a : interrupt.obj (.text:IntDisable)
                  2000b6d0    000000a8                 : interrupt.obj (.text:IntEnable)
                  2000b778    000000a4     simplelink.a : driver.obj (.text:_SlDriverHandleError)
                  2000b81c    000000a0     driverlib.a : spi.obj (.text:SPIConfigSetExpClk)
                  2000b8bc    0000009c     rtsv7M4_T_le_eabi.lib : memcpy_t2.obj (.text)
                  2000b958    0000009a     simplelink.a : device.obj (.text:_SlDrvDeviceEventHandler)
                  2000b9f2    00000002     --HOLE-- [fill = 0]
                  2000b9f4    00000098                  : cc_pal.obj (.text:spi_Write)
                  2000ba8c    00000094     driverlib.a : prcm.obj (.text:PRCMPeripheralClockGet)
                  2000bb20    00000090     simplelink.a : netapp.obj (.text:_sl_HandleAsync_DnsGetHostByName)
                  2000bbb0    00000090                  : netapp.obj (.text:_sl_HandleAsync_PingResponse)
                  2000bc40    0000008c                  : cc_pal.obj (.text:SetupDMAReceive)
                  2000bccc    0000008c                  : cc_pal.obj (.text:SetupDMASend)
                  2000bd58    00000088     rtsv7M4_T_le_eabi.lib : vsnprintf.obj (.text)
                  2000bde0    00000088     simplelink.a : socket.obj (.text:sl_Recv)
                  2000be68    00000086     rtsv7M4_T_le_eabi.lib : fd_cmp_t2.obj (.text:__aeabi_cdcmple)
                  2000beee    00000086                           : fd_cmp_t2.obj (.text:__aeabi_cdrcmple)
                  2000bf74    00000080     simplelink.a : socket.obj (.text:_sl_HandleAsync_Connect)
                  2000bff4    00000080                  : device.obj (.text:_sl_HandleAsync_InitComplete)
                  2000c074    00000080                  : cc_pal.obj (.text:spi_Read_CPU)
                  2000c0f4    00000080                  : cc_pal.obj (.text:spi_Write_CPU)
                  2000c174    0000007c                  : netcfg.obj (.text:sl_NetCfgSet)
                  2000c1f0    0000007c                  : socket.obj (.text:sl_SetSockOpt)
                  2000c26c    0000007c                  : wlan.obj (.text:sl_WlanSet)
                  2000c2e8    0000007a     rtsv7M4_T_le_eabi.lib : memset_t2.obj (.text)
                  2000c362    00000002     --HOLE-- [fill = 0]
                  2000c364    00000078     simplelink.a : nonos.obj (.text:_SlNonOsSemGet)
                  2000c3dc    00000078                  : wlan.obj (.text:sl_WlanPolicySet)
                  2000c454    00000078                  : cc_pal.obj (.text:spi_Close)
                  2000c4cc    00000076     driverlib.a : uart.obj (.text:UARTConfigSetExpClk)
                  2000c542    00000002     --HOLE-- [fill = 0]
                  2000c544    00000074     simplelink.a : nonos.obj (.text:_SlNonOsMainLoopTask)
                  2000c5b8    00000070                  : socket.obj (.text:sl_Socket)
                  2000c628    0000006c                  : driver.obj (.text:_SlDrvCmdSend)
                  2000c694    0000006c                  : netapp.obj (.text:_sl_NetAppSendTokenValue)
                  2000c700    0000006c     rtsv7M4_T_le_eabi.lib : autoinit.obj (.text)
                  2000c76c    0000006c     simplelink.a : wlan.obj (.text:sl_WlanRxFilterSet)
                  2000c7d8    0000006a     rtsv7M4_T_le_eabi.lib : copy_decompress_rle.obj (.text)
                  2000c842    00000066                           : xdunscal.obj (.text)
                  2000c8a8    00000064     simplelink.a : nonos.obj (.text:_SlNonOsSpawn)
                  2000c90c    00000064                  : socket.obj (.text:_sl_HandleAsync_Accept)
                  2000c970    00000064     driverlib.a : udma.obj (.text:uDMAChannelAttributeDisable)
                  2000c9d4    00000064                 : udma.obj (.text:uDMAChannelAttributeEnable)
                  2000ca38    00000060     rtsv7M4_T_le_eabi.lib : sprintf.obj (.text)
                  2000ca98    00000058     driverlib.a : interrupt.obj (.text:IntPendClear)
                  2000caf0    00000058                 : prcm.obj (.text:PRCMPeripheralReset)
                  2000cb48    00000056     rtsv7M4_T_le_eabi.lib : ltoa.obj (.text)
                  2000cb9e    00000002     --HOLE-- [fill = 0]
                  2000cba0    00000054     driverlib.a : interrupt.obj (.text:IntPrioritySet)
                  2000cbf4    00000054     simplelink.a : driver.obj (.text:_SlDrvRxIrqHandler)
                  2000cc48    00000054                  : socket.obj (.text:_sl_HandleAsync_Select)
                  2000cc9c    00000050                  : device.obj (.text:_sl_HandleAsync_Stop)
                  2000ccec    0000004c     driverlib.a : spi.obj (.text:SPIIntEnable)
                  2000cd38    0000004c                 : spi.obj (.text:SPIIntNumberGet)
                  2000cd84    0000004c     simplelink.a : driver.obj (.text:_SlDrvProtectAsyncRespSetting)
                  2000cdd0    0000004c                  : socket.obj (.text:_sl_BuildAddress)
                  2000ce1c    0000004c     rtsv7M4_T_le_eabi.lib : atoi.obj (.text)
                  2000ce68    0000004c                           : cpy_tbl.obj (.text)
                  2000ceb4    0000004c     driverlib.a : udma.obj (.text:uDMAChannelAssign)
                  2000cf00    00000048                 : spi.obj (.text:SPIIntClear)
                  2000cf48    00000048     simplelink.a : driver.obj (.text:_SlDrvBasicCmd)
                  2000cf90    00000048     rtsv7M4_T_le_eabi.lib : fd_toi_t2.obj (.text)
                  2000cfd8    00000046                           : ldexp.obj (.text)
                  2000d01e    00000002     --HOLE-- [fill = 0]
                  2000d020    00000044     driverlib.a : spi.obj (.text:SPIDmaMaskGet)
                  2000d064    00000044     simplelink.a : driver.obj (.text:_SlDrvHandleHttpServerEvents)
                  2000d0a8    00000044                  : driver.obj (.text:_SlDrvSyncObjWaitTimeout)
                  2000d0ec    00000044                  : cc_pal.obj (.text:cc_SetupTransfer)
                  2000d130    00000044     rtsv7M4_T_le_eabi.lib : exit.obj (.text)
                  2000d174    00000044     simplelink.a : socket.obj (.text:sl_Close)
                  2000d1b8    00000044                  : wlan.obj (.text:sl_WlanSetMode)
                  2000d1fc    00000042                  : socket.obj (.text:sl_Htonl)
                  2000d23e    00000002     --HOLE-- [fill = 0]
                  2000d240    00000040                  : driver.obj (.text:_SlDrvHandleNetAppEvents)
                  2000d280    00000040                  : driver.obj (.text:_SlDrvHandleWlanEvents)
                  2000d2c0    00000040                  : socket.obj (.text:_sl_TruncatePayloadByProtocol)
                  2000d300    00000040     rtsv7M4_T_le_eabi.lib : signal.obj (.text)
                  2000d340    0000003e     simplelink.a : cc_pal.obj (.text:NwpRegisterInterruptHandler)
                  2000d37e    0000003c                  : netapp.obj (.text:CopyPingResultsToReport)
                  2000d3ba    00000002     --HOLE-- [fill = 0]
                  2000d3bc    0000003c     driverlib.a : prcm.obj (.text:PRCMPeripheralClkEnable)
                  2000d3f8    0000003c     rtsv7M4_T_le_eabi.lib : boot.obj (.text)
                  2000d434    0000003c     simplelink.a : socket.obj (.text:sl_Htons)
                  2000d470    0000003c     driverlib.a : udma.obj (.text:uDMAChannelControlSet)
                  2000d4ac    00000038     simplelink.a : cc_pal.obj (.text:NwpPowerOff)
                  2000d4e4    00000038     rtsv7M4_T_le_eabi.lib : fs_tod_t2.obj (.text)
                  2000d51c    00000034     driverlib.a : prcm.obj (.text:PRCMPeripheralStatusGet)
                  2000d550    00000034                 : spi.obj (.text:SPIFIFOLevelSet)
                  2000d584    00000034     rtsv7M4_T_le_eabi.lib : feraiseexcept.obj (.text)
                  2000d5b8    00000034                           : strstr.obj (.text)
                  2000d5ec    00000030     driverlib.a : uart.obj (.text:UARTDisable)
                  2000d61c    00000030     rtsv7M4_T_le_eabi.lib : strncpy.obj (.text)
                  2000d64c    00000030                           : xferaise.obj (.text)
                  2000d67c    0000002e                           : i_tofd_t2.obj (.text)
                  2000d6aa    0000002e                           : raise.obj (.text)
                  2000d6d8    0000002c     driverlib.a : prcm.obj (.text:PRCMSysResetCauseGet)
                  2000d704    0000002c     simplelink.a : driver.obj (.text:_SlDrvObjGlobalLockWaitForever)
                  2000d730    0000002c                  : driver.obj (.text:_SlDrvProtectionObjLockWaitForever)
                  2000d75c    0000002a     rtsv7M4_T_le_eabi.lib : xdclass.obj (.text)
                  2000d786    00000002     --HOLE-- [fill = 0]
                  2000d788    00000028     driverlib.a : prcm.obj (.text:PRCMPeripheralClkDisable)
                  2000d7b0    00000028     simplelink.a : driver.obj (.text:_SlDrvGlobalObjUnLock)
                  2000d7d8    00000028                  : driver.obj (.text:_SlDrvProtectionObjUnLock)
                  2000d800    00000028                  : driver.obj (.text:_SlDrvSyncObjWaitForever)
                  2000d828    00000026     network_common.obj (.text)
                  2000d84e    00000026     rtsv7M4_T_le_eabi.lib : strncmp.obj (.text)
                  2000d874    00000024     simplelink.a : cc_pal.obj (.text:DmaSpiSwIntHandler)
                  2000d898    00000024     driverlib.a : interrupt.obj (.text:IntUnregister)
                  2000d8bc    00000024                 : uart.obj (.text:UARTEnable)
                  2000d8e0    00000024     simplelink.a : driver.obj (.text:_SlDrvObjLockWaitForever)
                  2000d904    00000024     rtsv7M4_T_le_eabi.lib : memmov.obj (.text)
                  2000d928    00000022     driverlib.a : spi.obj (.text:SPIReset)
                  2000d94a    00000022                 : spi.obj (.text:SPIWordCountSet)
                  2000d96c    00000022     rtsv7M4_T_le_eabi.lib : frexp.obj (.text)
                  2000d98e    00000002     --HOLE-- [fill = 0]
                  2000d990    00000020     driverlib.a : interrupt.obj (.text:IntRegister)
                  2000d9b0    00000020     simplelink.a : cc_pal.obj (.text:NwpPowerOn)
                  2000d9d0    00000020                  : driver.obj (.text:_SlDrvObjUnLock)
                  2000d9f0    00000020                  : driver.obj (.text:_SlDrvSyncObjSignal)
                  2000da10    00000020                  : wlan.obj (.text:sl_WlanDisconnect)
                  2000da30    0000001e     driverlib.a : uart.obj (.text:UARTCharPut)
                  2000da4e    0000001e     simplelink.a : cc_pal.obj (.text:cc_UDMAChannelSelect)
                  2000da6c    0000001c     driverlib.a : uart.obj (.text:UARTCharGetNonBlocking)
                  2000da88    0000001c     rtsv7M4_T_le_eabi.lib : memccpy.obj (.text)
                  2000daa4    0000001c     driverlib.a : udma.obj (.text:uDMAChannelEnable)
                  2000dac0    0000001a                 : spi.obj (.text:SPIDmaDisable)
                  2000dada    0000001a                 : spi.obj (.text:SPIDmaEnable)
                  2000daf4    0000001a                 : spi.obj (.text:SPIFIFODisable)
                  2000db0e    0000001a                 : spi.obj (.text:SPIFIFOEnable)
                  2000db28    0000001a                 : spi.obj (.text:SPIIntUnregister)
                  2000db42    00000018                 : spi.obj (.text:SPICSDisable)
                  2000db5a    00000018                 : spi.obj (.text:SPICSEnable)
                  2000db72    00000018                 : spi.obj (.text:SPIDisable)
                  2000db8a    00000018                 : spi.obj (.text:SPIEnable)
                  2000dba2    00000018                 : uart.obj (.text:UARTCharsAvail)
                  2000dbba    00000018     simplelink.a : nonos.obj (.text:_SlNonOsSemSet)
                  2000dbd2    00000002     --HOLE-- [fill = 0]
                  2000dbd4    00000018                  : device.obj (.text:_sl_GetStartResponseConvert)
                  2000dbec    00000018     rtsv7M4_T_le_eabi.lib : args_main.obj (.text)
                  2000dc04    00000018                           : strcmp.obj (.text)
                  2000dc1c    00000016     driverlib.a : prcm.obj (.text:PRCMHIBRegRead)
                  2000dc32    00000016                 : prcm.obj (.text:PRCMHIBRegWrite)
                  2000dc48    00000016     simplelink.a : driver.obj (.text:_SlDrvMemZero)
                  2000dc5e    00000016     rtsv7M4_T_le_eabi.lib : strchr.obj (.text)
                  2000dc74    00000014     driverlib.a : cpu.obj (.text:CPUcpsie)
                  2000dc88    00000014                 : interrupt.obj (.text:IntVTableBaseSet)
                  2000dc9c    00000014     rtsv7M4_T_le_eabi.lib : _lock.obj (.text)
                  2000dcb0    00000014                           : strcpy.obj (.text)
                  2000dcc4    00000014                           : strlen.obj (.text)
                  2000dcd8    00000010     simplelink.a : driver.obj (.text:_SlDrvDispatchHttpServerEvents)
                  2000dce8    0000000e                  : driver.obj (.text:_SlDrvResetCmdExt)
                  2000dcf6    0000000e     rtsv7M4_T_le_eabi.lib : copy_decompress_none.obj (.text:decompress:none)
                  2000dd04    0000000e     startup_ccs.obj (.text)
                  2000dd12    00000002     --HOLE-- [fill = 0]
                  2000dd14    0000000c     simplelink.a : cc_pal.obj (.text:NwpMaskInterrupt)
                  2000dd20    0000000c                  : cc_pal.obj (.text:NwpUnMaskInterrupt)
                  2000dd2c    0000000c     rtsv7M4_T_le_eabi.lib : copy_zero_init.obj (.text:decompress:ZI)
                  2000dd38    0000000a     driverlib.a : interrupt.obj (.text:IntMasterEnable)
                  2000dd42    00000006                 : utils.obj (.text:UtilsDelay)
                  2000dd48    00000006     rtsv7M4_T_le_eabi.lib : copy_decompress_rle.obj (.text:decompress:rle24)
                  2000dd4e    00000004                           : pre_init.obj (.text)

.const     0    2000dd54    0000063c     
                  2000dd54    00000101     rtsv7M4_T_le_eabi.lib : ctype.obj (.const:.string:_ctypes_)
                  2000de55    00000003     --HOLE-- [fill = 0]
                  2000de58    000000d4     driverlib.a : interrupt.obj (.const:g_pulRegs)
                  2000df2c    000000a8                 : prcm.obj (.const:PRCM_PeriphRegsList)
                  2000dfd4    00000080                 : interrupt.obj (.const)
                  2000e054    00000080     thethingsiO.obj (.const)
                  2000e0d4    00000050     thethingsiO.obj (.const:.string)
                  2000e124    0000004d     thethingsiO.obj (.const:.string:$P$T12$15)
                  2000e171    00000001     --HOLE-- [fill = 0]
                  2000e172    0000003c     simplelink.a : driver.obj (.const:OpcodeTranslateTable)
                  2000e1ae    0000003c                  : wlan.obj (.const)
                  2000e1ea    00000002     --HOLE-- [fill = 0]
                  2000e1ec    00000038                  : driver.obj (.const:_SlActionLookupTable)
                  2000e224    00000038                  : driver.obj (.const)
                  2000e25c    00000034                  : socket.obj (.const)
                  2000e290    0000002c     thethingsiO.obj (.const:$P$T1$2)
                  2000e2bc    00000028     simplelink.a : netapp.obj (.const)
                  2000e2e4    00000024     driverlib.a : spi.obj (.const:g_ppulSPIIntMap)
                  2000e308    00000022     thethingsiO.obj (.const:.string:$P$T0$1)
                  2000e32a    0000001c     simplelink.a : device.obj (.const)
                  2000e346    00000002     --HOLE-- [fill = 0]
                  2000e348    00000018     driverlib.a : spi.obj (.const)
                  2000e360    00000010     simplelink.a : socket.obj (.const:.string)
                  2000e370    00000010     webclient.a : httpcli.obj (.const)
                  2000e380    00000008                 : httpcli.obj (.const:.string)
                  2000e388    00000008     simplelink.a : netcfg.obj (.const)

.cinit     0    2000e390    00000088     
                  2000e390    0000005f     (.cinit..data.load) [load image, compression = rle]
                  2000e3ef    00000001     --HOLE-- [fill = 0]
                  2000e3f0    0000000c     (__TI_handler_table)
                  2000e3fc    00000004     --HOLE-- [fill = 0]
                  2000e400    00000008     (.cinit..bss.load) [load image, compression = zero_init]
                  2000e408    00000010     (__TI_cinit_table)

.bss       0    20017000    00000d1f     UNINITIALIZED
                  20017000    000005b8     thethingsiO.obj (.bss:g_buff)
                  200175b8    00000578     thethingsiO.obj (.bss:g_cBsdBuf)
                  20017b30    00000168     simplelink.a : driver.obj (.bss:g_StatMem)
                  20017c98    00000050                  : cc_pal.obj (.bss:g_ucDinDout)
                  20017ce8    00000024     thethingsiO.obj (.bss:g_ucConnectionSSID)
                  20017d0c    00000008     (.common:g_ucConnectionBSSID)
                  20017d14    00000004     (.common:__Errorlog)
                  20017d18    00000004     (.common:g_ulDestinationIP)
                  20017d1c    00000001     (.common:RxIrqCnt)
                  20017d1d    00000001     (.common:g_bDeviceRestartIsRequired)
                  20017d1e    00000001     (.common:g_cDummy)

.TI.noinit 
*          0    20017000    00000000     UNINITIALIZED

.sysmem    0    20017d20    00000800     UNINITIALIZED
                  20017d20    00000008     rtsv7M4_T_le_eabi.lib : memory.obj (.sysmem)
                  20017d28    000007f8     --HOLE--

.data      0    20018520    00000224     UNINITIALIZED
                  20018520    000000b0     rtsv7M4_T_le_eabi.lib : signal.obj (.data:sigtable)
                  200185d0    00000080                           : xvalues.obj (.data)
                  20018650    00000048     webclient.a : httpcli.obj (.data:tlsParams)
                  20018698    0000003c     simplelink.a : nonos.obj (.data:g__SlNonOsCB)
                  200186d4    00000018     thethingsiO.obj (.data)
                  200186ec    00000010     webclient.a : httpcli.obj (.data)
                  200186fc    0000000d     simplelink.a : driver.obj (.data)
                  20018709    00000003     --HOLE--
                  2001870c    0000000c     rtsv7M4_T_le_eabi.lib : memory.obj (.data)
                  20018718    00000009     simplelink.a : cc_pal.obj (.data)
                  20018721    00000003     --HOLE--
                  20018724    00000008     rtsv7M4_T_le_eabi.lib : _lock.obj (.data)
                  2001872c    00000008                           : exit.obj (.data)
                  20018734    00000008                           : feraiseexcept.obj (.data)
                  2001873c    00000004                           : errno.obj (.data)
                  20018740    00000004                           : stkdepth_vars.obj (.data)

.TI.persistent 
*          0    20018520    00000000     UNINITIALIZED

.stack     0    2002f800    00000800     UNINITIALIZED
                  2002f800    00000800     --HOLE--


LINKER GENERATED COPY TABLES

__TI_cinit_table @ 2000e408 records: 2, size/record: 8, table size: 16
	.data: load addr=2000e390, load size=0000005f bytes, run addr=20018520, run size=00000224 bytes, compression=rle
	.bss: load addr=2000e400, load size=00000008 bytes, run addr=20017000, run size=00000d1f bytes, compression=zero_init


LINKER GENERATED HANDLER TABLE

__TI_handler_table @ 2000e3f0 records: 3, size/record: 4, table size: 12
	index: 0, handler: __TI_decompress_rle24
	index: 1, handler: __TI_decompress_none
	index: 2, handler: __TI_zero_init


GLOBAL SYMBOLS: SORTED ALPHABETICALLY BY Name 

address   name                               
-------   ----                               
200054dd  BoardInit                          
2000d131  C$$EXIT                            
2000dc75  CPUcpsie                           
20008789  ClearTerm                          
200053b9  ConnectToAP                        
20005445  ConnectTo_thethingsiO              
2000d875  DmaSpiSwIntHandler                 
20008793  Error                              
200087cb  GetCmd                             
20004e15  HTTPActivate                       
20007457  HTTPCli_connect                    
20007579  HTTPCli_construct                  
200075c1  HTTPCli_create                     
200075d9  HTTPCli_delete                     
2000760f  HTTPCli_destruct                   
20007657  HTTPCli_disconnect                 
2000788d  HTTPCli_getResponseField           
20007857  HTTPCli_getResponseStatus          
20007349  HTTPCli_initSockAddr               
20007a9d  HTTPCli_readRawResponseBody        
20007a11  HTTPCli_readResponseBody           
200077c7  HTTPCli_sendField                  
200076f9  HTTPCli_sendRequest                
2000781f  HTTPCli_sendRequestBody            
20007add  HTTPCli_setProxy                   
2000768d  HTTPCli_setRequestFields           
200076b3  HTTPCli_setResponseFields          
200076d9  HTTPCli_setSecureParams            
2000530f  HTTPGetThing                       
200051ff  HTTPPost2thing                     
20008749  InitTerm                           
200045e1  InitializeAppVariables             
2000b629  IntDisable                         
2000b6d1  IntEnable                          
2000dd39  IntMasterEnable                    
2000ca99  IntPendClear                       
2000cba1  IntPrioritySet                     
2000d991  IntRegister                        
2000d899  IntUnregister                      
2000dc89  IntVTableBaseSet                   
20008767  Message                            
2000dd15  NwpMaskInterrupt                   
2000d4ad  NwpPowerOff                        
2000d9b1  NwpPowerOn                         
2000d341  NwpRegisterInterruptHandler        
2000dd21  NwpUnMaskInterrupt                 
2000e172  OpcodeTranslateTable               
20009a65  PRCMCC3200MCUInit                  
2000dc1d  PRCMHIBRegRead                     
2000dc33  PRCMHIBRegWrite                    
2000d789  PRCMPeripheralClkDisable           
2000d3bd  PRCMPeripheralClkEnable            
2000ba8d  PRCMPeripheralClockGet             
2000caf1  PRCMPeripheralReset                
2000d51d  PRCMPeripheralStatusGet            
2000d6d9  PRCMSysResetCauseGet               
20008909  Report                             
2000dd05  ResetISR                           
20017d1c  RxIrqCnt                           
UNDEFED   SHT$$INIT_ARRAY$$Base              
UNDEFED   SHT$$INIT_ARRAY$$Limit             
2000db43  SPICSDisable                       
2000db5b  SPICSEnable                        
2000b81d  SPIConfigSetExpClk                 
2000db73  SPIDisable                         
2000dac1  SPIDmaDisable                      
2000dadb  SPIDmaEnable                       
2000db8b  SPIEnable                          
2000daf5  SPIFIFODisable                     
2000db0f  SPIFIFOEnable                      
2000d551  SPIFIFOLevelSet                    
2000cf01  SPIIntClear                        
2000cced  SPIIntEnable                       
2000db29  SPIIntUnregister                   
2000d929  SPIReset                           
2000d94b  SPIWordCountSet                    
200045b1  SimpleLinkGeneralEventHandler      
200045a1  SimpleLinkHttpServerCallback       
20004509  SimpleLinkNetAppEventHandler       
200045c9  SimpleLinkSockEventHandler         
20004401  SimpleLinkWlanEventHandler         
20008475  Ssock_construct                    
200084b5  Ssock_create                       
200084cf  Ssock_delete                       
200084f7  Ssock_destruct                     
20008549  Ssock_getSocket                    
20008557  Ssock_recv                         
200085b1  Ssock_recvall                      
200085f5  Ssock_send                         
2000870f  Ssock_startSecure                  
20008871  TrimSpace                          
2000da6d  UARTCharGetNonBlocking             
2000da31  UARTCharPut                        
2000dba3  UARTCharsAvail                     
2000c4cd  UARTConfigSetExpClk                
2000d5ed  UARTDisable                        
2000d8bd  UARTEnable                         
2000dd43  UtilsDelay                         
2000d75d  _Dclass                            
200185d0  _Denorm                            
2000b4b5  _Dnorm                             
2000a82d  _Dscale                            
2000c843  _Dunscale                          
200185e0  _Eps                               
2001873c  _Errno                             
20018734  _Fenv                              
2000d64d  _Feraise                           
200185f0  _Hugeval                           
20018600  _Inf                               
20018610  _Nan                               
20018630  _Rteps                             
2000e1ec  _SlActionLookupTable               
2000b779  _SlDriverHandleError               
2000cf49  _SlDrvBasicCmd                     
2000b3f5  _SlDrvCmdOp                        
2000c629  _SlDrvCmdSend                      
20009019  _SlDrvDataReadOp                   
20009eb9  _SlDrvDataWriteOp                  
2000b959  _SlDrvDeviceEventHandler           
2000dcd9  _SlDrvDispatchHttpServerEvents     
2000a4dd  _SlDrvDriverCBDeinit               
20009585  _SlDrvDriverCBInit                 
2000d7b1  _SlDrvGlobalObjUnLock              
2000d065  _SlDrvHandleHttpServerEvents       
2000d241  _SlDrvHandleNetAppEvents           
2000d281  _SlDrvHandleWlanEvents             
2000dc49  _SlDrvMemZero                      
2000b191  _SlDrvMsgReadSpawnCtx              
2000a93d  _SlDrvNetAppEventHandler           
2000d8e1  _SlDrvObjLockWaitForever           
2000d9d1  _SlDrvObjUnLock                    
2000cd85  _SlDrvProtectAsyncRespSetting      
2000d731  _SlDrvProtectionObjLockWaitForever 
2000d7d9  _SlDrvProtectionObjUnLock          
200091fd  _SlDrvReleasePoolObj               
2000dce9  _SlDrvResetCmdExt                  
2000cbf5  _SlDrvRxIrqHandler                 
2000d9f1  _SlDrvSyncObjSignal                
2000d801  _SlDrvSyncObjWaitForever           
2000d0a9  _SlDrvSyncObjWaitTimeout           
200098d5  _SlDrvWaitForPoolObj               
2000e2d8  _SlNetAppSendTokenValueCmdCtrl     
2000c545  _SlNonOsMainLoopTask               
2000c365  _SlNonOsSemGet                     
2000dbbb  _SlNonOsSemSet                     
2000c8a9  _SlNonOsSpawn                      
20018620  _Snan                              
20018738  _Tls_setup__Fenv                   
20018640  _Xbig                              
20018648  _Zero                              
20030000  __STACK_END                        
00000800  __STACK_SIZE                       
00000800  __SYSMEM_SIZE                      
2000e408  __TI_CINIT_Base                    
2000e418  __TI_CINIT_Limit                   
2000e3f0  __TI_Handler_Table_Base            
2000e3fc  __TI_Handler_Table_Limit           
2000c701  __TI_auto_init                     
2001872c  __TI_cleanup_ptr                   
2000dcf7  __TI_decompress_none               
2000dd49  __TI_decompress_rle24              
20018730  __TI_dtors_ptr                     
20006825  __TI_printfi                       
2000e390  __TI_static_base__                 
2000dd2d  __TI_zero_init                     
2000be69  __aeabi_cdcmpeq                    
2000be69  __aeabi_cdcmple                    
2000beef  __aeabi_cdrcmple                   
2000cf91  __aeabi_d2iz                       
200093d7  __aeabi_dadd                       
2000a151  __aeabi_ddiv                       
2000aa41  __aeabi_dmul                       
200093cd  __aeabi_dsub                       
2000d4e5  __aeabi_f2d                        
2000d67d  __aeabi_i2d                        
2000c2e9  __aeabi_memclr                     
2000c2e9  __aeabi_memclr4                    
2000c2e9  __aeabi_memclr8                    
2000b8bd  __aeabi_memcpy                     
2000b8bd  __aeabi_memcpy4                    
2000b8bd  __aeabi_memcpy8                    
2000c2eb  __aeabi_memset                     
2000c2eb  __aeabi_memset4                    
2000c2eb  __aeabi_memset8                    
20008e25  __aeabi_uldivmod                   
ffffffff  __binit__                          
ffffffff  __c_args__                         
2002f800  __stack                            
2000dbed  _args_main                         
2000d3f9  _c_int00                           
2000dd54  _ctypes_                           
20018724  _lock                              
2000dcab  _nop                               
2000dca3  _register_lock                     
2000dc9d  _register_unlock                   
2000c90d  _sl_HandleAsync_Accept             
2000bf75  _sl_HandleAsync_Connect            
2000bb21  _sl_HandleAsync_DnsGetHostByName   
2000b265  _sl_HandleAsync_DnsGetHostByService
2000bff5  _sl_HandleAsync_InitComplete       
2000bbb1  _sl_HandleAsync_PingResponse       
2000cc49  _sl_HandleAsync_Select             
2000cc9d  _sl_HandleAsync_Stop               
2000c695  _sl_NetAppSendTokenValue           
20017d20  _sys_memory                        
2000dd4f  _system_pre_init                   
20018728  _unlock                            
2000d135  abort                              
2000ce1d  atoi                               
ffffffff  binit                              
20006b73  bufferedRecv                       
200186dc  bytesReceived                      
20008429  calloc                             
2000ce69  copy_in                            
2000d13d  exit                               
2000d585  feraiseexcept                      
20008177  free                               
2000d96d  frexp                              
20018718  g_SpiFd                            
20018698  g__SlNonOsCB                       
20017d1d  g_bDeviceRestartIsRequired         
20017000  g_buff                             
200175b8  g_cBsdBuf                          
20017d1e  g_cDummy                           
20018700  g_pCB                              
2001871c  g_pHostIntHdl                      
20004000  g_pfnVectors                       
20017d0c  g_ucConnectionBSSID                
20017ce8  g_ucConnectionSSID                 
20018720  g_ucDMAEnabled                     
20017c98  g_ucDinDout                        
20017d18  g_ulDestinationIP                  
200186e0  g_ulDestinationIp                  
200186d8  g_ulGatewayIP                      
200186d4  g_ulStatus                         
2000cfd9  ldexp                              
2000cb49  ltoa                               
2000ad1d  main                               
20018740  main_func_sp                       
2000810f  malloc                             
20008345  memalign                           
2000da89  memccpy                            
2000b8bd  memcpy                             
2000d905  memmove                            
2000c2f1  memset                             
20008081  minit                              
20018704  pPingCallBackFunc                  
2000d6ab  raise                              
20004c5d  readResponse_2                     
20008239  realloc                            
2000d301  signal                             
2000d175  sl_Close                           
20009d4d  sl_Connect                         
2000b575  sl_DevGet                          
2000d1fd  sl_Htonl                           
2000d435  sl_Htons                           
2000a289  sl_NetAppDnsGetHostByName          
2000c175  sl_NetCfgSet                       
2000d829  sl_Provisioning_HttpServerEventHdl 
2000d837  sl_Provisioning_NetAppEventHdl     
2000d843  sl_Provisioning_WlanEventHdl       
2000bde1  sl_Recv                            
2000a601  sl_Send                            
2000c1f1  sl_SetSockOpt                      
2000c5b9  sl_Socket                          
2000afd5  sl_Start                           
2000aef1  sl_Stop                            
200089c9  sl_WlanConnect                     
2000da11  sl_WlanDisconnect                  
2000c3dd  sl_WlanPolicySet                   
2000c76d  sl_WlanRxFilterSet                 
2000c26d  sl_WlanSet                         
2000d1b9  sl_WlanSetMode                     
2000c455  spi_Close                          
2000a009  spi_Open                           
2000ab3d  spi_Read                           
2000b9f5  spi_Write                          
2000ca39  sprintf                            
2000dc5f  strchr                             
2000dc05  strcmp                             
2000dcb1  strcpy                             
2000dcc5  strlen                             
2000d84f  strncmp                            
2000d61d  strncpy                            
2000d5b9  strstr                             
2000a719  strtoul                            
200054fb  thing_activate                     
20005565  thing_read                         
20005517  thing_read_limit                   
2000579d  thing_subscribe                    
200055cd  thing_write_double                 
20005601  thing_write_float                  
200055a1  thing_write_int                    
20005577  thing_write_string                 
2000ceb5  uDMAChannelAssign                  
2000c971  uDMAChannelAttributeDisable        
2000c9d5  uDMAChannelAttributeEnable         
2000d471  uDMAChannelControlSet              
2000daa5  uDMAChannelEnable                  
2000ac2d  uDMAChannelTransferSet             
2000bd59  vsnprintf                          


GLOBAL SYMBOLS: SORTED BY Symbol Address 

address   name                               
-------   ----                               
00000800  __STACK_SIZE                       
00000800  __SYSMEM_SIZE                      
20004000  g_pfnVectors                       
20004401  SimpleLinkWlanEventHandler         
20004509  SimpleLinkNetAppEventHandler       
200045a1  SimpleLinkHttpServerCallback       
200045b1  SimpleLinkGeneralEventHandler      
200045c9  SimpleLinkSockEventHandler         
200045e1  InitializeAppVariables             
20004c5d  readResponse_2                     
20004e15  HTTPActivate                       
200051ff  HTTPPost2thing                     
2000530f  HTTPGetThing                       
200053b9  ConnectToAP                        
20005445  ConnectTo_thethingsiO              
200054dd  BoardInit                          
200054fb  thing_activate                     
20005517  thing_read_limit                   
20005565  thing_read                         
20005577  thing_write_string                 
200055a1  thing_write_int                    
200055cd  thing_write_double                 
20005601  thing_write_float                  
2000579d  thing_subscribe                    
20006825  __TI_printfi                       
20006b73  bufferedRecv                       
20007349  HTTPCli_initSockAddr               
20007457  HTTPCli_connect                    
20007579  HTTPCli_construct                  
200075c1  HTTPCli_create                     
200075d9  HTTPCli_delete                     
2000760f  HTTPCli_destruct                   
20007657  HTTPCli_disconnect                 
2000768d  HTTPCli_setRequestFields           
200076b3  HTTPCli_setResponseFields          
200076d9  HTTPCli_setSecureParams            
200076f9  HTTPCli_sendRequest                
200077c7  HTTPCli_sendField                  
2000781f  HTTPCli_sendRequestBody            
20007857  HTTPCli_getResponseStatus          
2000788d  HTTPCli_getResponseField           
20007a11  HTTPCli_readResponseBody           
20007a9d  HTTPCli_readRawResponseBody        
20007add  HTTPCli_setProxy                   
20008081  minit                              
2000810f  malloc                             
20008177  free                               
20008239  realloc                            
20008345  memalign                           
20008429  calloc                             
20008475  Ssock_construct                    
200084b5  Ssock_create                       
200084cf  Ssock_delete                       
200084f7  Ssock_destruct                     
20008549  Ssock_getSocket                    
20008557  Ssock_recv                         
200085b1  Ssock_recvall                      
200085f5  Ssock_send                         
2000870f  Ssock_startSecure                  
20008749  InitTerm                           
20008767  Message                            
20008789  ClearTerm                          
20008793  Error                              
200087cb  GetCmd                             
20008871  TrimSpace                          
20008909  Report                             
200089c9  sl_WlanConnect                     
20008e25  __aeabi_uldivmod                   
20009019  _SlDrvDataReadOp                   
200091fd  _SlDrvReleasePoolObj               
200093cd  __aeabi_dsub                       
200093d7  __aeabi_dadd                       
20009585  _SlDrvDriverCBInit                 
200098d5  _SlDrvWaitForPoolObj               
20009a65  PRCMCC3200MCUInit                  
20009d4d  sl_Connect                         
20009eb9  _SlDrvDataWriteOp                  
2000a009  spi_Open                           
2000a151  __aeabi_ddiv                       
2000a289  sl_NetAppDnsGetHostByName          
2000a4dd  _SlDrvDriverCBDeinit               
2000a601  sl_Send                            
2000a719  strtoul                            
2000a82d  _Dscale                            
2000a93d  _SlDrvNetAppEventHandler           
2000aa41  __aeabi_dmul                       
2000ab3d  spi_Read                           
2000ac2d  uDMAChannelTransferSet             
2000ad1d  main                               
2000aef1  sl_Stop                            
2000afd5  sl_Start                           
2000b191  _SlDrvMsgReadSpawnCtx              
2000b265  _sl_HandleAsync_DnsGetHostByService
2000b3f5  _SlDrvCmdOp                        
2000b4b5  _Dnorm                             
2000b575  sl_DevGet                          
2000b629  IntDisable                         
2000b6d1  IntEnable                          
2000b779  _SlDriverHandleError               
2000b81d  SPIConfigSetExpClk                 
2000b8bd  __aeabi_memcpy                     
2000b8bd  __aeabi_memcpy4                    
2000b8bd  __aeabi_memcpy8                    
2000b8bd  memcpy                             
2000b959  _SlDrvDeviceEventHandler           
2000b9f5  spi_Write                          
2000ba8d  PRCMPeripheralClockGet             
2000bb21  _sl_HandleAsync_DnsGetHostByName   
2000bbb1  _sl_HandleAsync_PingResponse       
2000bd59  vsnprintf                          
2000bde1  sl_Recv                            
2000be69  __aeabi_cdcmpeq                    
2000be69  __aeabi_cdcmple                    
2000beef  __aeabi_cdrcmple                   
2000bf75  _sl_HandleAsync_Connect            
2000bff5  _sl_HandleAsync_InitComplete       
2000c175  sl_NetCfgSet                       
2000c1f1  sl_SetSockOpt                      
2000c26d  sl_WlanSet                         
2000c2e9  __aeabi_memclr                     
2000c2e9  __aeabi_memclr4                    
2000c2e9  __aeabi_memclr8                    
2000c2eb  __aeabi_memset                     
2000c2eb  __aeabi_memset4                    
2000c2eb  __aeabi_memset8                    
2000c2f1  memset                             
2000c365  _SlNonOsSemGet                     
2000c3dd  sl_WlanPolicySet                   
2000c455  spi_Close                          
2000c4cd  UARTConfigSetExpClk                
2000c545  _SlNonOsMainLoopTask               
2000c5b9  sl_Socket                          
2000c629  _SlDrvCmdSend                      
2000c695  _sl_NetAppSendTokenValue           
2000c701  __TI_auto_init                     
2000c76d  sl_WlanRxFilterSet                 
2000c843  _Dunscale                          
2000c8a9  _SlNonOsSpawn                      
2000c90d  _sl_HandleAsync_Accept             
2000c971  uDMAChannelAttributeDisable        
2000c9d5  uDMAChannelAttributeEnable         
2000ca39  sprintf                            
2000ca99  IntPendClear                       
2000caf1  PRCMPeripheralReset                
2000cb49  ltoa                               
2000cba1  IntPrioritySet                     
2000cbf5  _SlDrvRxIrqHandler                 
2000cc49  _sl_HandleAsync_Select             
2000cc9d  _sl_HandleAsync_Stop               
2000cced  SPIIntEnable                       
2000cd85  _SlDrvProtectAsyncRespSetting      
2000ce1d  atoi                               
2000ce69  copy_in                            
2000ceb5  uDMAChannelAssign                  
2000cf01  SPIIntClear                        
2000cf49  _SlDrvBasicCmd                     
2000cf91  __aeabi_d2iz                       
2000cfd9  ldexp                              
2000d065  _SlDrvHandleHttpServerEvents       
2000d0a9  _SlDrvSyncObjWaitTimeout           
2000d131  C$$EXIT                            
2000d135  abort                              
2000d13d  exit                               
2000d175  sl_Close                           
2000d1b9  sl_WlanSetMode                     
2000d1fd  sl_Htonl                           
2000d241  _SlDrvHandleNetAppEvents           
2000d281  _SlDrvHandleWlanEvents             
2000d301  signal                             
2000d341  NwpRegisterInterruptHandler        
2000d3bd  PRCMPeripheralClkEnable            
2000d3f9  _c_int00                           
2000d435  sl_Htons                           
2000d471  uDMAChannelControlSet              
2000d4ad  NwpPowerOff                        
2000d4e5  __aeabi_f2d                        
2000d51d  PRCMPeripheralStatusGet            
2000d551  SPIFIFOLevelSet                    
2000d585  feraiseexcept                      
2000d5b9  strstr                             
2000d5ed  UARTDisable                        
2000d61d  strncpy                            
2000d64d  _Feraise                           
2000d67d  __aeabi_i2d                        
2000d6ab  raise                              
2000d6d9  PRCMSysResetCauseGet               
2000d731  _SlDrvProtectionObjLockWaitForever 
2000d75d  _Dclass                            
2000d789  PRCMPeripheralClkDisable           
2000d7b1  _SlDrvGlobalObjUnLock              
2000d7d9  _SlDrvProtectionObjUnLock          
2000d801  _SlDrvSyncObjWaitForever           
2000d829  sl_Provisioning_HttpServerEventHdl 
2000d837  sl_Provisioning_NetAppEventHdl     
2000d843  sl_Provisioning_WlanEventHdl       
2000d84f  strncmp                            
2000d875  DmaSpiSwIntHandler                 
2000d899  IntUnregister                      
2000d8bd  UARTEnable                         
2000d8e1  _SlDrvObjLockWaitForever           
2000d905  memmove                            
2000d929  SPIReset                           
2000d94b  SPIWordCountSet                    
2000d96d  frexp                              
2000d991  IntRegister                        
2000d9b1  NwpPowerOn                         
2000d9d1  _SlDrvObjUnLock                    
2000d9f1  _SlDrvSyncObjSignal                
2000da11  sl_WlanDisconnect                  
2000da31  UARTCharPut                        
2000da6d  UARTCharGetNonBlocking             
2000da89  memccpy                            
2000daa5  uDMAChannelEnable                  
2000dac1  SPIDmaDisable                      
2000dadb  SPIDmaEnable                       
2000daf5  SPIFIFODisable                     
2000db0f  SPIFIFOEnable                      
2000db29  SPIIntUnregister                   
2000db43  SPICSDisable                       
2000db5b  SPICSEnable                        
2000db73  SPIDisable                         
2000db8b  SPIEnable                          
2000dba3  UARTCharsAvail                     
2000dbbb  _SlNonOsSemSet                     
2000dbed  _args_main                         
2000dc05  strcmp                             
2000dc1d  PRCMHIBRegRead                     
2000dc33  PRCMHIBRegWrite                    
2000dc49  _SlDrvMemZero                      
2000dc5f  strchr                             
2000dc75  CPUcpsie                           
2000dc89  IntVTableBaseSet                   
2000dc9d  _register_unlock                   
2000dca3  _register_lock                     
2000dcab  _nop                               
2000dcb1  strcpy                             
2000dcc5  strlen                             
2000dcd9  _SlDrvDispatchHttpServerEvents     
2000dce9  _SlDrvResetCmdExt                  
2000dcf7  __TI_decompress_none               
2000dd05  ResetISR                           
2000dd15  NwpMaskInterrupt                   
2000dd21  NwpUnMaskInterrupt                 
2000dd2d  __TI_zero_init                     
2000dd39  IntMasterEnable                    
2000dd43  UtilsDelay                         
2000dd49  __TI_decompress_rle24              
2000dd4f  _system_pre_init                   
2000dd54  _ctypes_                           
2000e172  OpcodeTranslateTable               
2000e1ec  _SlActionLookupTable               
2000e2d8  _SlNetAppSendTokenValueCmdCtrl     
2000e390  __TI_static_base__                 
2000e3f0  __TI_Handler_Table_Base            
2000e3fc  __TI_Handler_Table_Limit           
2000e408  __TI_CINIT_Base                    
2000e418  __TI_CINIT_Limit                   
20017000  g_buff                             
200175b8  g_cBsdBuf                          
20017c98  g_ucDinDout                        
20017ce8  g_ucConnectionSSID                 
20017d0c  g_ucConnectionBSSID                
20017d18  g_ulDestinationIP                  
20017d1c  RxIrqCnt                           
20017d1d  g_bDeviceRestartIsRequired         
20017d1e  g_cDummy                           
20017d20  _sys_memory                        
200185d0  _Denorm                            
200185e0  _Eps                               
200185f0  _Hugeval                           
20018600  _Inf                               
20018610  _Nan                               
20018620  _Snan                              
20018630  _Rteps                             
20018640  _Xbig                              
20018648  _Zero                              
20018698  g__SlNonOsCB                       
200186d4  g_ulStatus                         
200186d8  g_ulGatewayIP                      
200186dc  bytesReceived                      
200186e0  g_ulDestinationIp                  
20018700  g_pCB                              
20018704  pPingCallBackFunc                  
20018718  g_SpiFd                            
2001871c  g_pHostIntHdl                      
20018720  g_ucDMAEnabled                     
20018724  _lock                              
20018728  _unlock                            
2001872c  __TI_cleanup_ptr                   
20018730  __TI_dtors_ptr                     
20018734  _Fenv                              
20018738  _Tls_setup__Fenv                   
2001873c  _Errno                             
20018740  main_func_sp                       
2002f800  __stack                            
20030000  __STACK_END                        
ffffffff  __binit__                          
ffffffff  __c_args__                         
ffffffff  binit                              
UNDEFED   SHT$$INIT_ARRAY$$Base              
UNDEFED   SHT$$INIT_ARRAY$$Limit             

[301 symbols]
