<?xml version="1.0"?>
<link_info>
   <banner>TI ARM Linker PC v5.2.7</banner>
   <copyright>Copyright (c) 1996-2015 Texas Instruments Incorporated</copyright>
   <link_time>0x575a824a</link_time>
   <link_errors>0x0</link_errors>
   <output_file>sub_random_ttiO.out</output_file>
   <entry_point>
      <name>_c_int00</name>
      <address>0x2000d3f9</address>
   </entry_point>
   <input_file_list>
      <input_file id="fl-2">
         <path>.\</path>
         <kind>object</kind>
         <file>main.obj</file>
         <name>main.obj</name>
      </input_file>
      <input_file id="fl-3">
         <path>.\</path>
         <kind>object</kind>
         <file>network_common.obj</file>
         <name>network_common.obj</name>
      </input_file>
      <input_file id="fl-4">
         <path>.\</path>
         <kind>object</kind>
         <file>pinmux.obj</file>
         <name>pinmux.obj</name>
      </input_file>
      <input_file id="fl-5">
         <path>.\</path>
         <kind>object</kind>
         <file>startup_ccs.obj</file>
         <name>startup_ccs.obj</name>
      </input_file>
      <input_file id="fl-6">
         <path>.\</path>
         <kind>object</kind>
         <file>thethingsiO.obj</file>
         <name>thethingsiO.obj</name>
      </input_file>
      <input_file id="fl-7">
         <path>.\</path>
         <kind>object</kind>
         <file>uart_if.obj</file>
         <name>uart_if.obj</name>
      </input_file>
      <input_file id="fl-131">
         <path>C:\TI\ccsv6\tools\compiler\ti-cgt-arm_5.2.7\lib\</path>
         <kind>archive</kind>
         <file>rtsv7M4_T_le_eabi.lib</file>
         <name>boot.obj</name>
      </input_file>
      <input_file id="fl-132">
         <path>C:\TI\ccsv6\tools\compiler\ti-cgt-arm_5.2.7\lib\</path>
         <kind>archive</kind>
         <file>rtsv7M4_T_le_eabi.lib</file>
         <name>copy_decompress_none.obj</name>
      </input_file>
      <input_file id="fl-133">
         <path>C:\TI\ccsv6\tools\compiler\ti-cgt-arm_5.2.7\lib\</path>
         <kind>archive</kind>
         <file>rtsv7M4_T_le_eabi.lib</file>
         <name>copy_decompress_rle.obj</name>
      </input_file>
      <input_file id="fl-134">
         <path>C:\TI\ccsv6\tools\compiler\ti-cgt-arm_5.2.7\lib\</path>
         <kind>archive</kind>
         <file>rtsv7M4_T_le_eabi.lib</file>
         <name>copy_zero_init.obj</name>
      </input_file>
      <input_file id="fl-135">
         <path>C:\TI\ccsv6\tools\compiler\ti-cgt-arm_5.2.7\lib\</path>
         <kind>archive</kind>
         <file>rtsv7M4_T_le_eabi.lib</file>
         <name>exit.obj</name>
      </input_file>
      <input_file id="fl-136">
         <path>C:\TI\ccsv6\tools\compiler\ti-cgt-arm_5.2.7\lib\</path>
         <kind>archive</kind>
         <file>rtsv7M4_T_le_eabi.lib</file>
         <name>fs_tod_t2.obj</name>
      </input_file>
      <input_file id="fl-137">
         <path>C:\TI\ccsv6\tools\compiler\ti-cgt-arm_5.2.7\lib\</path>
         <kind>archive</kind>
         <file>rtsv7M4_T_le_eabi.lib</file>
         <name>memcpy_t2.obj</name>
      </input_file>
      <input_file id="fl-138">
         <path>C:\TI\ccsv6\tools\compiler\ti-cgt-arm_5.2.7\lib\</path>
         <kind>archive</kind>
         <file>rtsv7M4_T_le_eabi.lib</file>
         <name>memmov.obj</name>
      </input_file>
      <input_file id="fl-139">
         <path>C:\TI\ccsv6\tools\compiler\ti-cgt-arm_5.2.7\lib\</path>
         <kind>archive</kind>
         <file>rtsv7M4_T_le_eabi.lib</file>
         <name>memory.obj</name>
      </input_file>
      <input_file id="fl-13a">
         <path>C:\TI\ccsv6\tools\compiler\ti-cgt-arm_5.2.7\lib\</path>
         <kind>archive</kind>
         <file>rtsv7M4_T_le_eabi.lib</file>
         <name>memset_t2.obj</name>
      </input_file>
      <input_file id="fl-13b">
         <path>C:\TI\ccsv6\tools\compiler\ti-cgt-arm_5.2.7\lib\</path>
         <kind>archive</kind>
         <file>rtsv7M4_T_le_eabi.lib</file>
         <name>pre_init.obj</name>
      </input_file>
      <input_file id="fl-13c">
         <path>C:\TI\ccsv6\tools\compiler\ti-cgt-arm_5.2.7\lib\</path>
         <kind>archive</kind>
         <file>rtsv7M4_T_le_eabi.lib</file>
         <name>sprintf.obj</name>
      </input_file>
      <input_file id="fl-13d">
         <path>C:\TI\ccsv6\tools\compiler\ti-cgt-arm_5.2.7\lib\</path>
         <kind>archive</kind>
         <file>rtsv7M4_T_le_eabi.lib</file>
         <name>stkdepth_vars.obj</name>
      </input_file>
      <input_file id="fl-13e">
         <path>C:\TI\ccsv6\tools\compiler\ti-cgt-arm_5.2.7\lib\</path>
         <kind>archive</kind>
         <file>rtsv7M4_T_le_eabi.lib</file>
         <name>strcpy.obj</name>
      </input_file>
      <input_file id="fl-13f">
         <path>C:\TI\ccsv6\tools\compiler\ti-cgt-arm_5.2.7\lib\</path>
         <kind>archive</kind>
         <file>rtsv7M4_T_le_eabi.lib</file>
         <name>strlen.obj</name>
      </input_file>
      <input_file id="fl-140">
         <path>C:\TI\ccsv6\tools\compiler\ti-cgt-arm_5.2.7\lib\</path>
         <kind>archive</kind>
         <file>rtsv7M4_T_le_eabi.lib</file>
         <name>strncmp.obj</name>
      </input_file>
      <input_file id="fl-141">
         <path>C:\TI\ccsv6\tools\compiler\ti-cgt-arm_5.2.7\lib\</path>
         <kind>archive</kind>
         <file>rtsv7M4_T_le_eabi.lib</file>
         <name>strncpy.obj</name>
      </input_file>
      <input_file id="fl-142">
         <path>C:\TI\ccsv6\tools\compiler\ti-cgt-arm_5.2.7\lib\</path>
         <kind>archive</kind>
         <file>rtsv7M4_T_le_eabi.lib</file>
         <name>strstr.obj</name>
      </input_file>
      <input_file id="fl-143">
         <path>C:\TI\ccsv6\tools\compiler\ti-cgt-arm_5.2.7\lib\</path>
         <kind>archive</kind>
         <file>rtsv7M4_T_le_eabi.lib</file>
         <name>strtoul.obj</name>
      </input_file>
      <input_file id="fl-144">
         <path>C:\TI\ccsv6\tools\compiler\ti-cgt-arm_5.2.7\lib\</path>
         <kind>archive</kind>
         <file>rtsv7M4_T_le_eabi.lib</file>
         <name>vsnprintf.obj</name>
      </input_file>
      <input_file id="fl-145">
         <path>C:\TI\ccsv6\tools\compiler\ti-cgt-arm_5.2.7\lib\</path>
         <kind>archive</kind>
         <file>rtsv7M4_T_le_eabi.lib</file>
         <name>_lock.obj</name>
      </input_file>
      <input_file id="fl-146">
         <path>C:\TI\ccsv6\tools\compiler\ti-cgt-arm_5.2.7\lib\</path>
         <kind>archive</kind>
         <file>rtsv7M4_T_le_eabi.lib</file>
         <name>_printfi.obj</name>
      </input_file>
      <input_file id="fl-147">
         <path>C:\TI\ccsv6\tools\compiler\ti-cgt-arm_5.2.7\lib\</path>
         <kind>archive</kind>
         <file>rtsv7M4_T_le_eabi.lib</file>
         <name>args_main.obj</name>
      </input_file>
      <input_file id="fl-148">
         <path>C:\TI\ccsv6\tools\compiler\ti-cgt-arm_5.2.7\lib\</path>
         <kind>archive</kind>
         <file>rtsv7M4_T_le_eabi.lib</file>
         <name>atoi.obj</name>
      </input_file>
      <input_file id="fl-149">
         <path>C:\TI\ccsv6\tools\compiler\ti-cgt-arm_5.2.7\lib\</path>
         <kind>archive</kind>
         <file>rtsv7M4_T_le_eabi.lib</file>
         <name>autoinit.obj</name>
      </input_file>
      <input_file id="fl-14a">
         <path>C:\TI\ccsv6\tools\compiler\ti-cgt-arm_5.2.7\lib\</path>
         <kind>archive</kind>
         <file>rtsv7M4_T_le_eabi.lib</file>
         <name>cpy_tbl.obj</name>
      </input_file>
      <input_file id="fl-14b">
         <path>C:\TI\ccsv6\tools\compiler\ti-cgt-arm_5.2.7\lib\</path>
         <kind>archive</kind>
         <file>rtsv7M4_T_le_eabi.lib</file>
         <name>ctype.obj</name>
      </input_file>
      <input_file id="fl-14c">
         <path>C:\TI\ccsv6\tools\compiler\ti-cgt-arm_5.2.7\lib\</path>
         <kind>archive</kind>
         <file>rtsv7M4_T_le_eabi.lib</file>
         <name>errno.obj</name>
      </input_file>
      <input_file id="fl-14d">
         <path>C:\TI\ccsv6\tools\compiler\ti-cgt-arm_5.2.7\lib\</path>
         <kind>archive</kind>
         <file>rtsv7M4_T_le_eabi.lib</file>
         <name>fd_add_t2.obj</name>
      </input_file>
      <input_file id="fl-14e">
         <path>C:\TI\ccsv6\tools\compiler\ti-cgt-arm_5.2.7\lib\</path>
         <kind>archive</kind>
         <file>rtsv7M4_T_le_eabi.lib</file>
         <name>fd_cmp_t2.obj</name>
      </input_file>
      <input_file id="fl-14f">
         <path>C:\TI\ccsv6\tools\compiler\ti-cgt-arm_5.2.7\lib\</path>
         <kind>archive</kind>
         <file>rtsv7M4_T_le_eabi.lib</file>
         <name>fd_div_t2.obj</name>
      </input_file>
      <input_file id="fl-150">
         <path>C:\TI\ccsv6\tools\compiler\ti-cgt-arm_5.2.7\lib\</path>
         <kind>archive</kind>
         <file>rtsv7M4_T_le_eabi.lib</file>
         <name>fd_mul_t2.obj</name>
      </input_file>
      <input_file id="fl-151">
         <path>C:\TI\ccsv6\tools\compiler\ti-cgt-arm_5.2.7\lib\</path>
         <kind>archive</kind>
         <file>rtsv7M4_T_le_eabi.lib</file>
         <name>fd_toi_t2.obj</name>
      </input_file>
      <input_file id="fl-152">
         <path>C:\TI\ccsv6\tools\compiler\ti-cgt-arm_5.2.7\lib\</path>
         <kind>archive</kind>
         <file>rtsv7M4_T_le_eabi.lib</file>
         <name>frexp.obj</name>
      </input_file>
      <input_file id="fl-153">
         <path>C:\TI\ccsv6\tools\compiler\ti-cgt-arm_5.2.7\lib\</path>
         <kind>archive</kind>
         <file>rtsv7M4_T_le_eabi.lib</file>
         <name>i_tofd_t2.obj</name>
      </input_file>
      <input_file id="fl-154">
         <path>C:\TI\ccsv6\tools\compiler\ti-cgt-arm_5.2.7\lib\</path>
         <kind>archive</kind>
         <file>rtsv7M4_T_le_eabi.lib</file>
         <name>ldexp.obj</name>
      </input_file>
      <input_file id="fl-155">
         <path>C:\TI\ccsv6\tools\compiler\ti-cgt-arm_5.2.7\lib\</path>
         <kind>archive</kind>
         <file>rtsv7M4_T_le_eabi.lib</file>
         <name>ltoa.obj</name>
      </input_file>
      <input_file id="fl-156">
         <path>C:\TI\ccsv6\tools\compiler\ti-cgt-arm_5.2.7\lib\</path>
         <kind>archive</kind>
         <file>rtsv7M4_T_le_eabi.lib</file>
         <name>memccpy.obj</name>
      </input_file>
      <input_file id="fl-157">
         <path>C:\TI\ccsv6\tools\compiler\ti-cgt-arm_5.2.7\lib\</path>
         <kind>archive</kind>
         <file>rtsv7M4_T_le_eabi.lib</file>
         <name>strchr.obj</name>
      </input_file>
      <input_file id="fl-158">
         <path>C:\TI\ccsv6\tools\compiler\ti-cgt-arm_5.2.7\lib\</path>
         <kind>archive</kind>
         <file>rtsv7M4_T_le_eabi.lib</file>
         <name>ull_div_t2.obj</name>
      </input_file>
      <input_file id="fl-159">
         <path>C:\TI\ccsv6\tools\compiler\ti-cgt-arm_5.2.7\lib\</path>
         <kind>archive</kind>
         <file>rtsv7M4_T_le_eabi.lib</file>
         <name>xdclass.obj</name>
      </input_file>
      <input_file id="fl-15a">
         <path>C:\TI\ccsv6\tools\compiler\ti-cgt-arm_5.2.7\lib\</path>
         <kind>archive</kind>
         <file>rtsv7M4_T_le_eabi.lib</file>
         <name>xdscale.obj</name>
      </input_file>
      <input_file id="fl-15b">
         <path>C:\TI\ccsv6\tools\compiler\ti-cgt-arm_5.2.7\lib\</path>
         <kind>archive</kind>
         <file>rtsv7M4_T_le_eabi.lib</file>
         <name>xdunscal.obj</name>
      </input_file>
      <input_file id="fl-15c">
         <path>C:\TI\ccsv6\tools\compiler\ti-cgt-arm_5.2.7\lib\</path>
         <kind>archive</kind>
         <file>rtsv7M4_T_le_eabi.lib</file>
         <name>xferaise.obj</name>
      </input_file>
      <input_file id="fl-15d">
         <path>C:\TI\ccsv6\tools\compiler\ti-cgt-arm_5.2.7\lib\</path>
         <kind>archive</kind>
         <file>rtsv7M4_T_le_eabi.lib</file>
         <name>xvalues.obj</name>
      </input_file>
      <input_file id="fl-15e">
         <path>C:\TI\ccsv6\tools\compiler\ti-cgt-arm_5.2.7\lib\</path>
         <kind>archive</kind>
         <file>rtsv7M4_T_le_eabi.lib</file>
         <name>feraiseexcept.obj</name>
      </input_file>
      <input_file id="fl-15f">
         <path>C:\TI\ccsv6\tools\compiler\ti-cgt-arm_5.2.7\lib\</path>
         <kind>archive</kind>
         <file>rtsv7M4_T_le_eabi.lib</file>
         <name>raise.obj</name>
      </input_file>
      <input_file id="fl-160">
         <path>C:\TI\ccsv6\tools\compiler\ti-cgt-arm_5.2.7\lib\</path>
         <kind>archive</kind>
         <file>rtsv7M4_T_le_eabi.lib</file>
         <name>signal.obj</name>
      </input_file>
      <input_file id="fl-161">
         <path>C:\TI\ccsv6\tools\compiler\ti-cgt-arm_5.2.7\lib\</path>
         <kind>archive</kind>
         <file>rtsv7M4_T_le_eabi.lib</file>
         <name>xdnorm.obj</name>
      </input_file>
      <input_file id="fl-162">
         <path>C:\TI\CC3200SDK_1.2.0\cc3200-sdk\example\http_client_demo\ccs\..\..\..\driverlib\ccs\Release\</path>
         <kind>archive</kind>
         <file>driverlib.a</file>
         <name>interrupt.obj</name>
      </input_file>
      <input_file id="fl-163">
         <path>C:\TI\CC3200SDK_1.2.0\cc3200-sdk\example\http_client_demo\ccs\..\..\..\driverlib\ccs\Release\</path>
         <kind>archive</kind>
         <file>driverlib.a</file>
         <name>pin.obj</name>
      </input_file>
      <input_file id="fl-164">
         <path>C:\TI\CC3200SDK_1.2.0\cc3200-sdk\example\http_client_demo\ccs\..\..\..\driverlib\ccs\Release\</path>
         <kind>archive</kind>
         <file>driverlib.a</file>
         <name>prcm.obj</name>
      </input_file>
      <input_file id="fl-165">
         <path>C:\TI\CC3200SDK_1.2.0\cc3200-sdk\example\http_client_demo\ccs\..\..\..\driverlib\ccs\Release\</path>
         <kind>archive</kind>
         <file>driverlib.a</file>
         <name>uart.obj</name>
      </input_file>
      <input_file id="fl-166">
         <path>C:\TI\CC3200SDK_1.2.0\cc3200-sdk\example\http_client_demo\ccs\..\..\..\driverlib\ccs\Release\</path>
         <kind>archive</kind>
         <file>driverlib.a</file>
         <name>utils.obj</name>
      </input_file>
      <input_file id="fl-167">
         <path>C:\TI\CC3200SDK_1.2.0\cc3200-sdk\example\http_client_demo\ccs\..\..\..\driverlib\ccs\Release\</path>
         <kind>archive</kind>
         <file>driverlib.a</file>
         <name>cpu.obj</name>
      </input_file>
      <input_file id="fl-168">
         <path>C:\TI\CC3200SDK_1.2.0\cc3200-sdk\example\http_client_demo\ccs\..\..\..\driverlib\ccs\Release\</path>
         <kind>archive</kind>
         <file>driverlib.a</file>
         <name>flash.obj</name>
      </input_file>
      <input_file id="fl-169">
         <path>C:\TI\CC3200SDK_1.2.0\cc3200-sdk\example\http_client_demo\ccs\..\..\..\simplelink\ccs\NON_OS\</path>
         <kind>archive</kind>
         <file>simplelink.a</file>
         <name>device.obj</name>
      </input_file>
      <input_file id="fl-16a">
         <path>C:\TI\CC3200SDK_1.2.0\cc3200-sdk\example\http_client_demo\ccs\..\..\..\simplelink\ccs\NON_OS\</path>
         <kind>archive</kind>
         <file>simplelink.a</file>
         <name>driver.obj</name>
      </input_file>
      <input_file id="fl-16b">
         <path>C:\TI\CC3200SDK_1.2.0\cc3200-sdk\example\http_client_demo\ccs\..\..\..\simplelink\ccs\NON_OS\</path>
         <kind>archive</kind>
         <file>simplelink.a</file>
         <name>netapp.obj</name>
      </input_file>
      <input_file id="fl-16c">
         <path>C:\TI\CC3200SDK_1.2.0\cc3200-sdk\example\http_client_demo\ccs\..\..\..\simplelink\ccs\NON_OS\</path>
         <kind>archive</kind>
         <file>simplelink.a</file>
         <name>netcfg.obj</name>
      </input_file>
      <input_file id="fl-16d">
         <path>C:\TI\CC3200SDK_1.2.0\cc3200-sdk\example\http_client_demo\ccs\..\..\..\simplelink\ccs\NON_OS\</path>
         <kind>archive</kind>
         <file>simplelink.a</file>
         <name>nonos.obj</name>
      </input_file>
      <input_file id="fl-16e">
         <path>C:\TI\CC3200SDK_1.2.0\cc3200-sdk\example\http_client_demo\ccs\..\..\..\simplelink\ccs\NON_OS\</path>
         <kind>archive</kind>
         <file>simplelink.a</file>
         <name>socket.obj</name>
      </input_file>
      <input_file id="fl-16f">
         <path>C:\TI\CC3200SDK_1.2.0\cc3200-sdk\example\http_client_demo\ccs\..\..\..\simplelink\ccs\NON_OS\</path>
         <kind>archive</kind>
         <file>simplelink.a</file>
         <name>wlan.obj</name>
      </input_file>
      <input_file id="fl-170">
         <path>C:\TI\CC3200SDK_1.2.0\cc3200-sdk\example\http_client_demo\ccs\..\..\..\simplelink\ccs\NON_OS\</path>
         <kind>archive</kind>
         <file>simplelink.a</file>
         <name>cc_pal.obj</name>
      </input_file>
      <input_file id="fl-171">
         <path>C:\TI\CC3200SDK_1.2.0\cc3200-sdk\netapps\http\client\ccs\HTTPClientMinLib\</path>
         <kind>archive</kind>
         <file>webclient.a</file>
         <name>httpcli.obj</name>
      </input_file>
      <input_file id="fl-172">
         <path>C:\TI\CC3200SDK_1.2.0\cc3200-sdk\netapps\http\client\ccs\HTTPClientMinLib\</path>
         <kind>archive</kind>
         <file>webclient.a</file>
         <name>ssock.obj</name>
      </input_file>
      <input_file id="fl-173">
         <path>C:\TI\ccsv6\tools\compiler\ti-cgt-arm_5.2.7\lib\</path>
         <kind>archive</kind>
         <file>rtsv7M4_T_le_eabi.lib</file>
         <name>strcmp.obj</name>
      </input_file>
      <input_file id="fl-174">
         <path>C:\TI\CC3200SDK_1.2.0\cc3200-sdk\example\http_client_demo\ccs\..\..\..\driverlib\ccs\Release\</path>
         <kind>archive</kind>
         <file>driverlib.a</file>
         <name>spi.obj</name>
      </input_file>
      <input_file id="fl-175">
         <path>C:\TI\CC3200SDK_1.2.0\cc3200-sdk\example\http_client_demo\ccs\..\..\..\driverlib\ccs\Release\</path>
         <kind>archive</kind>
         <file>driverlib.a</file>
         <name>udma.obj</name>
      </input_file>
   </input_file_list>
   <object_component_list>
      <object_component id="oc-f">
         <name>.intvecs</name>
         <load_address>0x20004000</load_address>
         <run_address>0x20004000</run_address>
         <size>0x400</size>
         <input_file_ref idref="fl-5"/>
      </object_component>
      <object_component id="oc-d1">
         <name>.text</name>
         <load_address>0x20004400</load_address>
         <run_address>0x20004400</run_address>
         <size>0x1684</size>
         <input_file_ref idref="fl-6"/>
      </object_component>
      <object_component id="oc-33f">
         <name>.text</name>
         <load_address>0x20005a84</load_address>
         <run_address>0x20005a84</run_address>
         <size>0x10a6</size>
         <input_file_ref idref="fl-146"/>
      </object_component>
      <object_component id="oc-5e4">
         <name>.text:IntDefaultHandler</name>
         <load_address>0x20006b2a</load_address>
         <run_address>0x20006b2a</run_address>
         <size>0x2</size>
         <input_file_ref idref="fl-162"/>
      </object_component>
      <object_component id="oc-15e">
         <name>.text</name>
         <load_address>0x20006b2c</load_address>
         <run_address>0x20006b2c</run_address>
         <size>0xfc4</size>
         <input_file_ref idref="fl-171"/>
      </object_component>
      <object_component id="oc-5f2">
         <name>.text:_SlDrvMsgRead</name>
         <load_address>0x20007af0</load_address>
         <run_address>0x20007af0</run_address>
         <size>0x590</size>
         <input_file_ref idref="fl-16a"/>
      </object_component>
      <object_component id="oc-e3">
         <name>.text</name>
         <load_address>0x20008080</load_address>
         <run_address>0x20008080</run_address>
         <size>0x3dc</size>
         <input_file_ref idref="fl-139"/>
      </object_component>
      <object_component id="oc-30c">
         <name>.text</name>
         <load_address>0x2000845c</load_address>
         <run_address>0x2000845c</run_address>
         <size>0x2ea</size>
         <input_file_ref idref="fl-172"/>
      </object_component>
      <object_component id="oc-d7">
         <name>.text</name>
         <load_address>0x20008748</load_address>
         <run_address>0x20008748</run_address>
         <size>0x280</size>
         <input_file_ref idref="fl-7"/>
      </object_component>
      <object_component id="oc-158">
         <name>.text:sl_WlanConnect</name>
         <load_address>0x200089c8</load_address>
         <run_address>0x200089c8</run_address>
         <size>0x260</size>
         <input_file_ref idref="fl-16f"/>
      </object_component>
      <object_component id="oc-663">
         <name>.text:_SlDrvRxHdrRead</name>
         <load_address>0x20008c28</load_address>
         <run_address>0x20008c28</run_address>
         <size>0x1fc</size>
         <input_file_ref idref="fl-16a"/>
      </object_component>
      <object_component id="oc-515">
         <name>.text</name>
         <load_address>0x20008e24</load_address>
         <run_address>0x20008e24</run_address>
         <size>0x1f4</size>
         <input_file_ref idref="fl-158"/>
      </object_component>
      <object_component id="oc-3c3">
         <name>.text:_SlDrvDataReadOp</name>
         <load_address>0x20009018</load_address>
         <run_address>0x20009018</run_address>
         <size>0x1e4</size>
         <input_file_ref idref="fl-16a"/>
      </object_component>
      <object_component id="oc-293">
         <name>.text:_SlDrvReleasePoolObj</name>
         <load_address>0x200091fc</load_address>
         <run_address>0x200091fc</run_address>
         <size>0x1d0</size>
         <input_file_ref idref="fl-16a"/>
      </object_component>
      <object_component id="oc-53e">
         <name>.text</name>
         <load_address>0x200093cc</load_address>
         <run_address>0x200093cc</run_address>
         <size>0x1b6</size>
         <input_file_ref idref="fl-14d"/>
      </object_component>
      <object_component id="oc-269">
         <name>.text:_SlDrvDriverCBInit</name>
         <load_address>0x20009584</load_address>
         <run_address>0x20009584</run_address>
         <size>0x1b4</size>
         <input_file_ref idref="fl-16a"/>
      </object_component>
      <object_component id="oc-4ce">
         <name>.text:_SlDrvMsgWrite</name>
         <load_address>0x20009738</load_address>
         <run_address>0x20009738</run_address>
         <size>0x19c</size>
         <input_file_ref idref="fl-16a"/>
      </object_component>
      <object_component id="oc-34b">
         <name>.text:_SlDrvWaitForPoolObj</name>
         <load_address>0x200098d4</load_address>
         <run_address>0x200098d4</run_address>
         <size>0x190</size>
         <input_file_ref idref="fl-16a"/>
      </object_component>
      <object_component id="oc-1ac">
         <name>.text:PRCMCC3200MCUInit</name>
         <load_address>0x20009a64</load_address>
         <run_address>0x20009a64</run_address>
         <size>0x178</size>
         <input_file_ref idref="fl-164"/>
      </object_component>
      <object_component id="oc-675">
         <name>.text:_SlFindAndSetActiveObj</name>
         <load_address>0x20009bdc</load_address>
         <run_address>0x20009bdc</run_address>
         <size>0x170</size>
         <input_file_ref idref="fl-16a"/>
      </object_component>
      <object_component id="oc-1ca">
         <name>.text:sl_Connect</name>
         <load_address>0x20009d4c</load_address>
         <run_address>0x20009d4c</run_address>
         <size>0x16c</size>
         <input_file_ref idref="fl-16e"/>
      </object_component>
      <object_component id="oc-3bc">
         <name>.text:_SlDrvDataWriteOp</name>
         <load_address>0x20009eb8</load_address>
         <run_address>0x20009eb8</run_address>
         <size>0x150</size>
         <input_file_ref idref="fl-16a"/>
      </object_component>
      <object_component id="oc-26f">
         <name>.text:spi_Open</name>
         <load_address>0x2000a008</load_address>
         <run_address>0x2000a008</run_address>
         <size>0x148</size>
         <input_file_ref idref="fl-170"/>
      </object_component>
      <object_component id="oc-524">
         <name>.text</name>
         <load_address>0x2000a150</load_address>
         <run_address>0x2000a150</run_address>
         <size>0x136</size>
         <input_file_ref idref="fl-14f"/>
      </object_component>
      <object_component id="oc-188">
         <name>.text:sl_NetAppDnsGetHostByName</name>
         <load_address>0x2000a288</load_address>
         <run_address>0x2000a288</run_address>
         <size>0x12c</size>
         <input_file_ref idref="fl-16b"/>
      </object_component>
      <object_component id="oc-4d4">
         <name>.text:_SlDrvMsgReadCmdCtx</name>
         <load_address>0x2000a3b4</load_address>
         <run_address>0x2000a3b4</run_address>
         <size>0x128</size>
         <input_file_ref idref="fl-16a"/>
      </object_component>
      <object_component id="oc-2d2">
         <name>.text:_SlDrvDriverCBDeinit</name>
         <load_address>0x2000a4dc</load_address>
         <run_address>0x2000a4dc</run_address>
         <size>0x124</size>
         <input_file_ref idref="fl-16a"/>
      </object_component>
      <object_component id="oc-1d6">
         <name>.text:sl_Send</name>
         <load_address>0x2000a600</load_address>
         <run_address>0x2000a600</run_address>
         <size>0x118</size>
         <input_file_ref idref="fl-16e"/>
      </object_component>
      <object_component id="oc-16d">
         <name>.text</name>
         <load_address>0x2000a718</load_address>
         <run_address>0x2000a718</run_address>
         <size>0x114</size>
         <input_file_ref idref="fl-143"/>
      </object_component>
      <object_component id="oc-62f">
         <name>.text</name>
         <load_address>0x2000a82c</load_address>
         <run_address>0x2000a82c</run_address>
         <size>0x110</size>
         <input_file_ref idref="fl-15a"/>
      </object_component>
      <object_component id="oc-6d5">
         <name>.text:_SlDrvNetAppEventHandler</name>
         <load_address>0x2000a93c</load_address>
         <run_address>0x2000a93c</run_address>
         <size>0x104</size>
         <input_file_ref idref="fl-16b"/>
      </object_component>
      <object_component id="oc-51f">
         <name>.text</name>
         <load_address>0x2000aa40</load_address>
         <run_address>0x2000aa40</run_address>
         <size>0xfc</size>
         <input_file_ref idref="fl-150"/>
      </object_component>
      <object_component id="oc-66f">
         <name>.text:spi_Read</name>
         <load_address>0x2000ab3c</load_address>
         <run_address>0x2000ab3c</run_address>
         <size>0xf0</size>
         <input_file_ref idref="fl-170"/>
      </object_component>
      <object_component id="oc-76b">
         <name>.text:uDMAChannelTransferSet</name>
         <load_address>0x2000ac2c</load_address>
         <run_address>0x2000ac2c</run_address>
         <size>0xf0</size>
         <input_file_ref idref="fl-175"/>
      </object_component>
      <object_component id="oc-9f">
         <name>.text</name>
         <load_address>0x2000ad1c</load_address>
         <run_address>0x2000ad1c</run_address>
         <size>0xec</size>
         <input_file_ref idref="fl-2"/>
      </object_component>
      <object_component id="oc-5f8">
         <name>.text:_SlAsyncEventGenericHandler</name>
         <load_address>0x2000ae08</load_address>
         <run_address>0x2000ae08</run_address>
         <size>0xe8</size>
         <input_file_ref idref="fl-16a"/>
      </object_component>
      <object_component id="oc-127">
         <name>.text:sl_Stop</name>
         <load_address>0x2000aef0</load_address>
         <run_address>0x2000aef0</run_address>
         <size>0xe4</size>
         <input_file_ref idref="fl-169"/>
      </object_component>
      <object_component id="oc-115">
         <name>.text:sl_Start</name>
         <load_address>0x2000afd4</load_address>
         <run_address>0x2000afd4</run_address>
         <size>0xe0</size>
         <input_file_ref idref="fl-169"/>
      </object_component>
      <object_component id="oc-669">
         <name>.text:_SlDrvClassifyRxMsg</name>
         <load_address>0x2000b0b4</load_address>
         <run_address>0x2000b0b4</run_address>
         <size>0xdc</size>
         <input_file_ref idref="fl-16a"/>
      </object_component>
      <object_component id="oc-4b5">
         <name>.text:_SlDrvMsgReadSpawnCtx</name>
         <load_address>0x2000b190</load_address>
         <run_address>0x2000b190</run_address>
         <size>0xd4</size>
         <input_file_ref idref="fl-16a"/>
      </object_component>
      <object_component id="oc-72f">
         <name>.text:_sl_HandleAsync_DnsGetHostByService</name>
         <load_address>0x2000b264</load_address>
         <run_address>0x2000b264</run_address>
         <size>0xcc</size>
         <input_file_ref idref="fl-16b"/>
      </object_component>
      <object_component id="oc-492">
         <name>.text:_SlRemoveFromList</name>
         <load_address>0x2000b330</load_address>
         <run_address>0x2000b330</run_address>
         <size>0xc4</size>
         <input_file_ref idref="fl-16a"/>
      </object_component>
      <object_component id="oc-2bc">
         <name>.text:_SlDrvCmdOp</name>
         <load_address>0x2000b3f4</load_address>
         <run_address>0x2000b3f4</run_address>
         <size>0xc0</size>
         <input_file_ref idref="fl-16a"/>
      </object_component>
      <object_component id="oc-6b3">
         <name>.text</name>
         <load_address>0x2000b4b4</load_address>
         <run_address>0x2000b4b4</run_address>
         <size>0xbe</size>
         <input_file_ref idref="fl-161"/>
      </object_component>
      <object_component id="oc-12d">
         <name>.text:sl_DevGet</name>
         <load_address>0x2000b574</load_address>
         <run_address>0x2000b574</run_address>
         <size>0xb4</size>
         <input_file_ref idref="fl-169"/>
      </object_component>
      <object_component id="oc-471">
         <name>.text:IntDisable</name>
         <load_address>0x2000b628</load_address>
         <run_address>0x2000b628</run_address>
         <size>0xa8</size>
         <input_file_ref idref="fl-162"/>
      </object_component>
      <object_component id="oc-1a6">
         <name>.text:IntEnable</name>
         <load_address>0x2000b6d0</load_address>
         <run_address>0x2000b6d0</run_address>
         <size>0xa8</size>
         <input_file_ref idref="fl-162"/>
      </object_component>
      <object_component id="oc-48b">
         <name>.text:_SlDriverHandleError</name>
         <load_address>0x2000b778</load_address>
         <run_address>0x2000b778</run_address>
         <size>0xa4</size>
         <input_file_ref idref="fl-16a"/>
      </object_component>
      <object_component id="oc-417">
         <name>.text:SPIConfigSetExpClk</name>
         <load_address>0x2000b81c</load_address>
         <run_address>0x2000b81c</run_address>
         <size>0xa0</size>
         <input_file_ref idref="fl-174"/>
      </object_component>
      <object_component id="oc-36">
         <name>.text</name>
         <load_address>0x2000b8bc</load_address>
         <run_address>0x2000b8bc</run_address>
         <size>0x9c</size>
         <input_file_ref idref="fl-137"/>
      </object_component>
      <object_component id="oc-699">
         <name>.text:_SlDrvDeviceEventHandler</name>
         <load_address>0x2000b958</load_address>
         <run_address>0x2000b958</run_address>
         <size>0x9a</size>
         <input_file_ref idref="fl-169"/>
      </object_component>
      <object_component id="oc-601">
         <name>.text:spi_Write</name>
         <load_address>0x2000b9f4</load_address>
         <run_address>0x2000b9f4</run_address>
         <size>0x98</size>
         <input_file_ref idref="fl-170"/>
      </object_component>
      <object_component id="oc-202">
         <name>.text:PRCMPeripheralClockGet</name>
         <load_address>0x2000ba8c</load_address>
         <run_address>0x2000ba8c</run_address>
         <size>0x94</size>
         <input_file_ref idref="fl-164"/>
      </object_component>
      <object_component id="oc-729">
         <name>.text:_sl_HandleAsync_DnsGetHostByName</name>
         <load_address>0x2000bb20</load_address>
         <run_address>0x2000bb20</run_address>
         <size>0x90</size>
         <input_file_ref idref="fl-16b"/>
      </object_component>
      <object_component id="oc-6db">
         <name>.text:_sl_HandleAsync_PingResponse</name>
         <load_address>0x2000bbb0</load_address>
         <run_address>0x2000bbb0</run_address>
         <size>0x90</size>
         <input_file_ref idref="fl-16b"/>
      </object_component>
      <object_component id="oc-6e2">
         <name>.text:SetupDMAReceive</name>
         <load_address>0x2000bc40</load_address>
         <run_address>0x2000bc40</run_address>
         <size>0x8c</size>
         <input_file_ref idref="fl-170"/>
      </object_component>
      <object_component id="oc-680">
         <name>.text:SetupDMASend</name>
         <load_address>0x2000bccc</load_address>
         <run_address>0x2000bccc</run_address>
         <size>0x8c</size>
         <input_file_ref idref="fl-170"/>
      </object_component>
      <object_component id="oc-214">
         <name>.text</name>
         <load_address>0x2000bd58</load_address>
         <run_address>0x2000bd58</run_address>
         <size>0x88</size>
         <input_file_ref idref="fl-144"/>
      </object_component>
      <object_component id="oc-1dc">
         <name>.text:sl_Recv</name>
         <load_address>0x2000bde0</load_address>
         <run_address>0x2000bde0</run_address>
         <size>0x88</size>
         <input_file_ref idref="fl-16e"/>
      </object_component>
      <object_component id="oc-51a">
         <name>.text:__aeabi_cdcmple</name>
         <load_address>0x2000be68</load_address>
         <run_address>0x2000be68</run_address>
         <size>0x86</size>
         <input_file_ref idref="fl-14e"/>
      </object_component>
      <object_component id="oc-529">
         <name>.text:__aeabi_cdrcmple</name>
         <load_address>0x2000beee</load_address>
         <run_address>0x2000beee</run_address>
         <size>0x86</size>
         <input_file_ref idref="fl-14e"/>
      </object_component>
      <object_component id="oc-751">
         <name>.text:_sl_HandleAsync_Connect</name>
         <load_address>0x2000bf74</load_address>
         <run_address>0x2000bf74</run_address>
         <size>0x80</size>
         <input_file_ref idref="fl-16e"/>
      </object_component>
      <object_component id="oc-6ff">
         <name>.text:_sl_HandleAsync_InitComplete</name>
         <load_address>0x2000bff4</load_address>
         <run_address>0x2000bff4</run_address>
         <size>0x80</size>
         <input_file_ref idref="fl-169"/>
      </object_component>
      <object_component id="oc-6e8">
         <name>.text:spi_Read_CPU</name>
         <load_address>0x2000c074</load_address>
         <run_address>0x2000c074</run_address>
         <size>0x80</size>
         <input_file_ref idref="fl-170"/>
      </object_component>
      <object_component id="oc-692">
         <name>.text:spi_Write_CPU</name>
         <load_address>0x2000c0f4</load_address>
         <run_address>0x2000c0f4</run_address>
         <size>0x80</size>
         <input_file_ref idref="fl-170"/>
      </object_component>
      <object_component id="oc-13f">
         <name>.text:sl_NetCfgSet</name>
         <load_address>0x2000c174</load_address>
         <run_address>0x2000c174</run_address>
         <size>0x7c</size>
         <input_file_ref idref="fl-16c"/>
      </object_component>
      <object_component id="oc-1c4">
         <name>.text:sl_SetSockOpt</name>
         <load_address>0x2000c1f0</load_address>
         <run_address>0x2000c1f0</run_address>
         <size>0x7c</size>
         <input_file_ref idref="fl-16e"/>
      </object_component>
      <object_component id="oc-145">
         <name>.text:sl_WlanSet</name>
         <load_address>0x2000c26c</load_address>
         <run_address>0x2000c26c</run_address>
         <size>0x7c</size>
         <input_file_ref idref="fl-16f"/>
      </object_component>
      <object_component id="oc-4f">
         <name>.text</name>
         <load_address>0x2000c2e8</load_address>
         <run_address>0x2000c2e8</run_address>
         <size>0x7a</size>
         <input_file_ref idref="fl-13a"/>
      </object_component>
      <object_component id="oc-3fa">
         <name>.text:_SlNonOsSemGet</name>
         <load_address>0x2000c364</load_address>
         <run_address>0x2000c364</run_address>
         <size>0x78</size>
         <input_file_ref idref="fl-16d"/>
      </object_component>
      <object_component id="oc-133">
         <name>.text:sl_WlanPolicySet</name>
         <load_address>0x2000c3dc</load_address>
         <run_address>0x2000c3dc</run_address>
         <size>0x78</size>
         <input_file_ref idref="fl-16f"/>
      </object_component>
      <object_component id="oc-2cc">
         <name>.text:spi_Close</name>
         <load_address>0x2000c454</load_address>
         <run_address>0x2000c454</run_address>
         <size>0x78</size>
         <input_file_ref idref="fl-170"/>
      </object_component>
      <object_component id="oc-208">
         <name>.text:UARTConfigSetExpClk</name>
         <load_address>0x2000c4cc</load_address>
         <run_address>0x2000c4cc</run_address>
         <size>0x76</size>
         <input_file_ref idref="fl-165"/>
      </object_component>
      <object_component id="oc-11b">
         <name>.text:_SlNonOsMainLoopTask</name>
         <load_address>0x2000c544</load_address>
         <run_address>0x2000c544</run_address>
         <size>0x74</size>
         <input_file_ref idref="fl-16d"/>
      </object_component>
      <object_component id="oc-1b8">
         <name>.text:sl_Socket</name>
         <load_address>0x2000c5b8</load_address>
         <run_address>0x2000c5b8</run_address>
         <size>0x70</size>
         <input_file_ref idref="fl-16e"/>
      </object_component>
      <object_component id="oc-796">
         <name>.text:_SlDrvCmdSend</name>
         <load_address>0x2000c628</load_address>
         <run_address>0x2000c628</run_address>
         <size>0x6c</size>
         <input_file_ref idref="fl-16a"/>
      </object_component>
      <object_component id="oc-73b">
         <name>.text:_sl_NetAppSendTokenValue</name>
         <load_address>0x2000c694</load_address>
         <run_address>0x2000c694</run_address>
         <size>0x6c</size>
         <input_file_ref idref="fl-16b"/>
      </object_component>
      <object_component id="oc-61">
         <name>.text</name>
         <load_address>0x2000c700</load_address>
         <run_address>0x2000c700</run_address>
         <size>0x6c</size>
         <input_file_ref idref="fl-149"/>
      </object_component>
      <object_component id="oc-14b">
         <name>.text:sl_WlanRxFilterSet</name>
         <load_address>0x2000c76c</load_address>
         <run_address>0x2000c76c</run_address>
         <size>0x6c</size>
         <input_file_ref idref="fl-16f"/>
      </object_component>
      <object_component id="oc-42">
         <name>.text</name>
         <load_address>0x2000c7d8</load_address>
         <run_address>0x2000c7d8</run_address>
         <size>0x6a</size>
         <input_file_ref idref="fl-133"/>
      </object_component>
      <object_component id="oc-627">
         <name>.text</name>
         <load_address>0x2000c842</load_address>
         <run_address>0x2000c842</run_address>
         <size>0x66</size>
         <input_file_ref idref="fl-15b"/>
      </object_component>
      <object_component id="oc-4af">
         <name>.text:_SlNonOsSpawn</name>
         <load_address>0x2000c8a8</load_address>
         <run_address>0x2000c8a8</run_address>
         <size>0x64</size>
         <input_file_ref idref="fl-16d"/>
      </object_component>
      <object_component id="oc-74b">
         <name>.text:_sl_HandleAsync_Accept</name>
         <load_address>0x2000c90c</load_address>
         <run_address>0x2000c90c</run_address>
         <size>0x64</size>
         <input_file_ref idref="fl-16e"/>
      </object_component>
      <object_component id="oc-5b9">
         <name>.text:uDMAChannelAttributeDisable</name>
         <load_address>0x2000c970</load_address>
         <run_address>0x2000c970</run_address>
         <size>0x64</size>
         <input_file_ref idref="fl-175"/>
      </object_component>
      <object_component id="oc-765">
         <name>.text:uDMAChannelAttributeEnable</name>
         <load_address>0x2000c9d4</load_address>
         <run_address>0x2000c9d4</run_address>
         <size>0x64</size>
         <input_file_ref idref="fl-175"/>
      </object_component>
      <object_component id="oc-176">
         <name>.text</name>
         <load_address>0x2000ca38</load_address>
         <run_address>0x2000ca38</run_address>
         <size>0x60</size>
         <input_file_ref idref="fl-13c"/>
      </object_component>
      <object_component id="oc-47d">
         <name>.text:IntPendClear</name>
         <load_address>0x2000ca98</load_address>
         <run_address>0x2000ca98</run_address>
         <size>0x58</size>
         <input_file_ref idref="fl-162"/>
      </object_component>
      <object_component id="oc-394">
         <name>.text:PRCMPeripheralReset</name>
         <load_address>0x2000caf0</load_address>
         <run_address>0x2000caf0</run_address>
         <size>0x58</size>
         <input_file_ref idref="fl-164"/>
      </object_component>
      <object_component id="oc-533">
         <name>.text</name>
         <load_address>0x2000cb48</load_address>
         <run_address>0x2000cb48</run_address>
         <size>0x56</size>
         <input_file_ref idref="fl-155"/>
      </object_component>
      <object_component id="oc-441">
         <name>.text:IntPrioritySet</name>
         <load_address>0x2000cba0</load_address>
         <run_address>0x2000cba0</run_address>
         <size>0x54</size>
         <input_file_ref idref="fl-162"/>
      </object_component>
      <object_component id="oc-2a5">
         <name>.text:_SlDrvRxIrqHandler</name>
         <load_address>0x2000cbf4</load_address>
         <run_address>0x2000cbf4</run_address>
         <size>0x54</size>
         <input_file_ref idref="fl-16a"/>
      </object_component>
      <object_component id="oc-757">
         <name>.text:_sl_HandleAsync_Select</name>
         <load_address>0x2000cc48</load_address>
         <run_address>0x2000cc48</run_address>
         <size>0x54</size>
         <input_file_ref idref="fl-16e"/>
      </object_component>
      <object_component id="oc-705">
         <name>.text:_sl_HandleAsync_Stop</name>
         <load_address>0x2000cc9c</load_address>
         <run_address>0x2000cc9c</run_address>
         <size>0x50</size>
         <input_file_ref idref="fl-169"/>
      </object_component>
      <object_component id="oc-447">
         <name>.text:SPIIntEnable</name>
         <load_address>0x2000ccec</load_address>
         <run_address>0x2000ccec</run_address>
         <size>0x4c</size>
         <input_file_ref idref="fl-174"/>
      </object_component>
      <object_component id="oc-60c">
         <name>.text:SPIIntNumberGet</name>
         <load_address>0x2000cd38</load_address>
         <run_address>0x2000cd38</run_address>
         <size>0x4c</size>
         <input_file_ref idref="fl-174"/>
      </object_component>
      <object_component id="oc-275">
         <name>.text:_SlDrvProtectAsyncRespSetting</name>
         <load_address>0x2000cd84</load_address>
         <run_address>0x2000cd84</run_address>
         <size>0x4c</size>
         <input_file_ref idref="fl-16a"/>
      </object_component>
      <object_component id="oc-3ae">
         <name>.text:_sl_BuildAddress</name>
         <load_address>0x2000cdd0</load_address>
         <run_address>0x2000cdd0</run_address>
         <size>0x4c</size>
         <input_file_ref idref="fl-16e"/>
      </object_component>
      <object_component id="oc-55b">
         <name>.text</name>
         <load_address>0x2000ce1c</load_address>
         <run_address>0x2000ce1c</run_address>
         <size>0x4c</size>
         <input_file_ref idref="fl-148"/>
      </object_component>
      <object_component id="oc-97">
         <name>.text</name>
         <load_address>0x2000ce68</load_address>
         <run_address>0x2000ce68</run_address>
         <size>0x4c</size>
         <input_file_ref idref="fl-14a"/>
      </object_component>
      <object_component id="oc-5b3">
         <name>.text:uDMAChannelAssign</name>
         <load_address>0x2000ceb4</load_address>
         <run_address>0x2000ceb4</run_address>
         <size>0x4c</size>
         <input_file_ref idref="fl-175"/>
      </object_component>
      <object_component id="oc-5d4">
         <name>.text:SPIIntClear</name>
         <load_address>0x2000cf00</load_address>
         <run_address>0x2000cf00</run_address>
         <size>0x48</size>
         <input_file_ref idref="fl-174"/>
      </object_component>
      <object_component id="oc-2ee">
         <name>.text:_SlDrvBasicCmd</name>
         <load_address>0x2000cf48</load_address>
         <run_address>0x2000cf48</run_address>
         <size>0x48</size>
         <input_file_ref idref="fl-16a"/>
      </object_component>
      <object_component id="oc-52e">
         <name>.text</name>
         <load_address>0x2000cf90</load_address>
         <run_address>0x2000cf90</run_address>
         <size>0x48</size>
         <input_file_ref idref="fl-151"/>
      </object_component>
      <object_component id="oc-549">
         <name>.text</name>
         <load_address>0x2000cfd8</load_address>
         <run_address>0x2000cfd8</run_address>
         <size>0x46</size>
         <input_file_ref idref="fl-154"/>
      </object_component>
      <object_component id="oc-5c8">
         <name>.text:SPIDmaMaskGet</name>
         <load_address>0x2000d020</load_address>
         <run_address>0x2000d020</run_address>
         <size>0x44</size>
         <input_file_ref idref="fl-174"/>
      </object_component>
      <object_component id="oc-78f">
         <name>.text:_SlDrvHandleHttpServerEvents</name>
         <load_address>0x2000d064</load_address>
         <run_address>0x2000d064</run_address>
         <size>0x44</size>
         <input_file_ref idref="fl-16a"/>
      </object_component>
      <object_component id="oc-28d">
         <name>.text:_SlDrvSyncObjWaitTimeout</name>
         <load_address>0x2000d0a8</load_address>
         <run_address>0x2000d0a8</run_address>
         <size>0x44</size>
         <input_file_ref idref="fl-16a"/>
      </object_component>
      <object_component id="oc-6f5">
         <name>.text:cc_SetupTransfer</name>
         <load_address>0x2000d0ec</load_address>
         <run_address>0x2000d0ec</run_address>
         <size>0x44</size>
         <input_file_ref idref="fl-170"/>
      </object_component>
      <object_component id="oc-6d">
         <name>.text</name>
         <load_address>0x2000d130</load_address>
         <run_address>0x2000d130</run_address>
         <size>0x44</size>
         <input_file_ref idref="fl-135"/>
      </object_component>
      <object_component id="oc-1d0">
         <name>.text:sl_Close</name>
         <load_address>0x2000d174</load_address>
         <run_address>0x2000d174</run_address>
         <size>0x44</size>
         <input_file_ref idref="fl-16e"/>
      </object_component>
      <object_component id="oc-121">
         <name>.text:sl_WlanSetMode</name>
         <load_address>0x2000d1b8</load_address>
         <run_address>0x2000d1b8</run_address>
         <size>0x44</size>
         <input_file_ref idref="fl-16f"/>
      </object_component>
      <object_component id="oc-194">
         <name>.text:sl_Htonl</name>
         <load_address>0x2000d1fc</load_address>
         <run_address>0x2000d1fc</run_address>
         <size>0x42</size>
         <input_file_ref idref="fl-16e"/>
      </object_component>
      <object_component id="oc-6a5">
         <name>.text:_SlDrvHandleNetAppEvents</name>
         <load_address>0x2000d240</load_address>
         <run_address>0x2000d240</run_address>
         <size>0x40</size>
         <input_file_ref idref="fl-16a"/>
      </object_component>
      <object_component id="oc-69f">
         <name>.text:_SlDrvHandleWlanEvents</name>
         <load_address>0x2000d280</load_address>
         <run_address>0x2000d280</run_address>
         <size>0x40</size>
         <input_file_ref idref="fl-16a"/>
      </object_component>
      <object_component id="oc-3b6">
         <name>.text:_sl_TruncatePayloadByProtocol</name>
         <load_address>0x2000d2c0</load_address>
         <run_address>0x2000d2c0</run_address>
         <size>0x40</size>
         <input_file_ref idref="fl-16e"/>
      </object_component>
      <object_component id="oc-77c">
         <name>.text</name>
         <load_address>0x2000d300</load_address>
         <run_address>0x2000d300</run_address>
         <size>0x40</size>
         <input_file_ref idref="fl-160"/>
      </object_component>
      <object_component id="oc-281">
         <name>.text:NwpRegisterInterruptHandler</name>
         <load_address>0x2000d340</load_address>
         <run_address>0x2000d340</run_address>
         <size>0x3e</size>
         <input_file_ref idref="fl-170"/>
      </object_component>
      <object_component id="oc-742">
         <name>.text:CopyPingResultsToReport</name>
         <load_address>0x2000d37e</load_address>
         <run_address>0x2000d37e</run_address>
         <size>0x3c</size>
         <input_file_ref idref="fl-16b"/>
      </object_component>
      <object_component id="oc-38e">
         <name>.text:PRCMPeripheralClkEnable</name>
         <load_address>0x2000d3bc</load_address>
         <run_address>0x2000d3bc</run_address>
         <size>0x3c</size>
         <input_file_ref idref="fl-164"/>
      </object_component>
      <object_component id="oc-24">
         <name>.text</name>
         <load_address>0x2000d3f8</load_address>
         <run_address>0x2000d3f8</run_address>
         <size>0x3c</size>
         <input_file_ref idref="fl-131"/>
      </object_component>
      <object_component id="oc-18e">
         <name>.text:sl_Htons</name>
         <load_address>0x2000d434</load_address>
         <run_address>0x2000d434</run_address>
         <size>0x3c</size>
         <input_file_ref idref="fl-16e"/>
      </object_component>
      <object_component id="oc-75f">
         <name>.text:uDMAChannelControlSet</name>
         <load_address>0x2000d470</load_address>
         <run_address>0x2000d470</run_address>
         <size>0x3c</size>
         <input_file_ref idref="fl-175"/>
      </object_component>
      <object_component id="oc-27b">
         <name>.text:NwpPowerOff</name>
         <load_address>0x2000d4ac</load_address>
         <run_address>0x2000d4ac</run_address>
         <size>0x38</size>
         <input_file_ref idref="fl-170"/>
      </object_component>
      <object_component id="oc-1b2">
         <name>.text</name>
         <load_address>0x2000d4e4</load_address>
         <run_address>0x2000d4e4</run_address>
         <size>0x38</size>
         <input_file_ref idref="fl-136"/>
      </object_component>
      <object_component id="oc-41d">
         <name>.text:PRCMPeripheralStatusGet</name>
         <load_address>0x2000d51c</load_address>
         <run_address>0x2000d51c</run_address>
         <size>0x34</size>
         <input_file_ref idref="fl-164"/>
      </object_component>
      <object_component id="oc-435">
         <name>.text:SPIFIFOLevelSet</name>
         <load_address>0x2000d550</load_address>
         <run_address>0x2000d550</run_address>
         <size>0x34</size>
         <input_file_ref idref="fl-174"/>
      </object_component>
      <object_component id="oc-6c2">
         <name>.text</name>
         <load_address>0x2000d584</load_address>
         <run_address>0x2000d584</run_address>
         <size>0x34</size>
         <input_file_ref idref="fl-15e"/>
      </object_component>
      <object_component id="oc-17c">
         <name>.text</name>
         <load_address>0x2000d5b8</load_address>
         <run_address>0x2000d5b8</run_address>
         <size>0x34</size>
         <input_file_ref idref="fl-142"/>
      </object_component>
      <object_component id="oc-3cf">
         <name>.text:UARTDisable</name>
         <load_address>0x2000d5ec</load_address>
         <run_address>0x2000d5ec</run_address>
         <size>0x30</size>
         <input_file_ref idref="fl-165"/>
      </object_component>
      <object_component id="oc-182">
         <name>.text</name>
         <load_address>0x2000d61c</load_address>
         <run_address>0x2000d61c</run_address>
         <size>0x30</size>
         <input_file_ref idref="fl-141"/>
      </object_component>
      <object_component id="oc-635">
         <name>.text</name>
         <load_address>0x2000d64c</load_address>
         <run_address>0x2000d64c</run_address>
         <size>0x30</size>
         <input_file_ref idref="fl-15c"/>
      </object_component>
      <object_component id="oc-539">
         <name>.text</name>
         <load_address>0x2000d67c</load_address>
         <run_address>0x2000d67c</run_address>
         <size>0x2e</size>
         <input_file_ref idref="fl-153"/>
      </object_component>
      <object_component id="oc-71d">
         <name>.text</name>
         <load_address>0x2000d6aa</load_address>
         <run_address>0x2000d6aa</run_address>
         <size>0x2e</size>
         <input_file_ref idref="fl-15f"/>
      </object_component>
      <object_component id="oc-37c">
         <name>.text:PRCMSysResetCauseGet</name>
         <load_address>0x2000d6d8</load_address>
         <run_address>0x2000d6d8</run_address>
         <size>0x2c</size>
         <input_file_ref idref="fl-164"/>
      </object_component>
      <object_component id="oc-4c2">
         <name>.text:_SlDrvObjGlobalLockWaitForever</name>
         <load_address>0x2000d704</load_address>
         <run_address>0x2000d704</run_address>
         <size>0x2c</size>
         <input_file_ref idref="fl-16a"/>
      </object_component>
      <object_component id="oc-351">
         <name>.text:_SlDrvProtectionObjLockWaitForever</name>
         <load_address>0x2000d730</load_address>
         <run_address>0x2000d730</run_address>
         <size>0x2c</size>
         <input_file_ref idref="fl-16a"/>
      </object_component>
      <object_component id="oc-54f">
         <name>.text</name>
         <load_address>0x2000d75c</load_address>
         <run_address>0x2000d75c</run_address>
         <size>0x2a</size>
         <input_file_ref idref="fl-159"/>
      </object_component>
      <object_component id="oc-39a">
         <name>.text:PRCMPeripheralClkDisable</name>
         <load_address>0x2000d788</load_address>
         <run_address>0x2000d788</run_address>
         <size>0x28</size>
         <input_file_ref idref="fl-164"/>
      </object_component>
      <object_component id="oc-4c8">
         <name>.text:_SlDrvGlobalObjUnLock</name>
         <load_address>0x2000d7b0</load_address>
         <run_address>0x2000d7b0</run_address>
         <size>0x28</size>
         <input_file_ref idref="fl-16a"/>
      </object_component>
      <object_component id="oc-357">
         <name>.text:_SlDrvProtectionObjUnLock</name>
         <load_address>0x2000d7d8</load_address>
         <run_address>0x2000d7d8</run_address>
         <size>0x28</size>
         <input_file_ref idref="fl-16a"/>
      </object_component>
      <object_component id="oc-35d">
         <name>.text:_SlDrvSyncObjWaitForever</name>
         <load_address>0x2000d800</load_address>
         <run_address>0x2000d800</run_address>
         <size>0x28</size>
         <input_file_ref idref="fl-16a"/>
      </object_component>
      <object_component id="oc-4a7">
         <name>.text</name>
         <load_address>0x2000d828</load_address>
         <run_address>0x2000d828</run_address>
         <size>0x26</size>
         <input_file_ref idref="fl-3"/>
      </object_component>
      <object_component id="oc-164">
         <name>.text</name>
         <load_address>0x2000d84e</load_address>
         <run_address>0x2000d84e</run_address>
         <size>0x26</size>
         <input_file_ref idref="fl-140"/>
      </object_component>
      <object_component id="oc-459">
         <name>.text:DmaSpiSwIntHandler</name>
         <load_address>0x2000d874</load_address>
         <run_address>0x2000d874</run_address>
         <size>0x24</size>
         <input_file_ref idref="fl-170"/>
      </object_component>
      <object_component id="oc-477">
         <name>.text:IntUnregister</name>
         <load_address>0x2000d898</load_address>
         <run_address>0x2000d898</run_address>
         <size>0x24</size>
         <input_file_ref idref="fl-162"/>
      </object_component>
      <object_component id="oc-3d5">
         <name>.text:UARTEnable</name>
         <load_address>0x2000d8bc</load_address>
         <run_address>0x2000d8bc</run_address>
         <size>0x24</size>
         <input_file_ref idref="fl-165"/>
      </object_component>
      <object_component id="oc-594">
         <name>.text:_SlDrvObjLockWaitForever</name>
         <load_address>0x2000d8e0</load_address>
         <run_address>0x2000d8e0</run_address>
         <size>0x24</size>
         <input_file_ref idref="fl-16a"/>
      </object_component>
      <object_component id="oc-226">
         <name>.text</name>
         <load_address>0x2000d904</load_address>
         <run_address>0x2000d904</run_address>
         <size>0x24</size>
         <input_file_ref idref="fl-138"/>
      </object_component>
      <object_component id="oc-411">
         <name>.text:SPIReset</name>
         <load_address>0x2000d928</load_address>
         <run_address>0x2000d928</run_address>
         <size>0x22</size>
         <input_file_ref idref="fl-174"/>
      </object_component>
      <object_component id="oc-68c">
         <name>.text:SPIWordCountSet</name>
         <load_address>0x2000d94a</load_address>
         <run_address>0x2000d94a</run_address>
         <size>0x22</size>
         <input_file_ref idref="fl-174"/>
      </object_component>
      <object_component id="oc-543">
         <name>.text</name>
         <load_address>0x2000d96c</load_address>
         <run_address>0x2000d96c</run_address>
         <size>0x22</size>
         <input_file_ref idref="fl-152"/>
      </object_component>
      <object_component id="oc-43b">
         <name>.text:IntRegister</name>
         <load_address>0x2000d990</load_address>
         <run_address>0x2000d990</run_address>
         <size>0x20</size>
         <input_file_ref idref="fl-162"/>
      </object_component>
      <object_component id="oc-287">
         <name>.text:NwpPowerOn</name>
         <load_address>0x2000d9b0</load_address>
         <run_address>0x2000d9b0</run_address>
         <size>0x20</size>
         <input_file_ref idref="fl-170"/>
      </object_component>
      <object_component id="oc-59a">
         <name>.text:_SlDrvObjUnLock</name>
         <load_address>0x2000d9d0</load_address>
         <run_address>0x2000d9d0</run_address>
         <size>0x20</size>
         <input_file_ref idref="fl-16a"/>
      </object_component>
      <object_component id="oc-498">
         <name>.text:_SlDrvSyncObjSignal</name>
         <load_address>0x2000d9f0</load_address>
         <run_address>0x2000d9f0</run_address>
         <size>0x20</size>
         <input_file_ref idref="fl-16a"/>
      </object_component>
      <object_component id="oc-139">
         <name>.text:sl_WlanDisconnect</name>
         <load_address>0x2000da10</load_address>
         <run_address>0x2000da10</run_address>
         <size>0x20</size>
         <input_file_ref idref="fl-16f"/>
      </object_component>
      <object_component id="oc-20e">
         <name>.text:UARTCharPut</name>
         <load_address>0x2000da30</load_address>
         <run_address>0x2000da30</run_address>
         <size>0x1e</size>
         <input_file_ref idref="fl-165"/>
      </object_component>
      <object_component id="oc-423">
         <name>.text:cc_UDMAChannelSelect</name>
         <load_address>0x2000da4e</load_address>
         <run_address>0x2000da4e</run_address>
         <size>0x1e</size>
         <input_file_ref idref="fl-170"/>
      </object_component>
      <object_component id="oc-220">
         <name>.text:UARTCharGetNonBlocking</name>
         <load_address>0x2000da6c</load_address>
         <run_address>0x2000da6c</run_address>
         <size>0x1c</size>
         <input_file_ref idref="fl-165"/>
      </object_component>
      <object_component id="oc-555">
         <name>.text</name>
         <load_address>0x2000da88</load_address>
         <run_address>0x2000da88</run_address>
         <size>0x1c</size>
         <input_file_ref idref="fl-156"/>
      </object_component>
      <object_component id="oc-771">
         <name>.text:uDMAChannelEnable</name>
         <load_address>0x2000daa4</load_address>
         <run_address>0x2000daa4</run_address>
         <size>0x1c</size>
         <input_file_ref idref="fl-175"/>
      </object_component>
      <object_component id="oc-4eb">
         <name>.text:SPIDmaDisable</name>
         <load_address>0x2000dac0</load_address>
         <run_address>0x2000dac0</run_address>
         <size>0x1a</size>
         <input_file_ref idref="fl-174"/>
      </object_component>
      <object_component id="oc-42f">
         <name>.text:SPIDmaEnable</name>
         <load_address>0x2000dada</load_address>
         <run_address>0x2000dada</run_address>
         <size>0x1a</size>
         <input_file_ref idref="fl-174"/>
      </object_component>
      <object_component id="oc-4e5">
         <name>.text:SPIFIFODisable</name>
         <load_address>0x2000daf4</load_address>
         <run_address>0x2000daf4</run_address>
         <size>0x1a</size>
         <input_file_ref idref="fl-174"/>
      </object_component>
      <object_component id="oc-429">
         <name>.text:SPIFIFOEnable</name>
         <load_address>0x2000db0e</load_address>
         <run_address>0x2000db0e</run_address>
         <size>0x1a</size>
         <input_file_ref idref="fl-174"/>
      </object_component>
      <object_component id="oc-4df">
         <name>.text:SPIIntUnregister</name>
         <load_address>0x2000db28</load_address>
         <run_address>0x2000db28</run_address>
         <size>0x1a</size>
         <input_file_ref idref="fl-174"/>
      </object_component>
      <object_component id="oc-405">
         <name>.text:SPICSDisable</name>
         <load_address>0x2000db42</load_address>
         <run_address>0x2000db42</run_address>
         <size>0x18</size>
         <input_file_ref idref="fl-174"/>
      </object_component>
      <object_component id="oc-686">
         <name>.text:SPICSEnable</name>
         <load_address>0x2000db5a</load_address>
         <run_address>0x2000db5a</run_address>
         <size>0x18</size>
         <input_file_ref idref="fl-174"/>
      </object_component>
      <object_component id="oc-40b">
         <name>.text:SPIDisable</name>
         <load_address>0x2000db72</load_address>
         <run_address>0x2000db72</run_address>
         <size>0x18</size>
         <input_file_ref idref="fl-174"/>
      </object_component>
      <object_component id="oc-44d">
         <name>.text:SPIEnable</name>
         <load_address>0x2000db8a</load_address>
         <run_address>0x2000db8a</run_address>
         <size>0x18</size>
         <input_file_ref idref="fl-174"/>
      </object_component>
      <object_component id="oc-21a">
         <name>.text:UARTCharsAvail</name>
         <load_address>0x2000dba2</load_address>
         <run_address>0x2000dba2</run_address>
         <size>0x18</size>
         <input_file_ref idref="fl-165"/>
      </object_component>
      <object_component id="oc-3f4">
         <name>.text:_SlNonOsSemSet</name>
         <load_address>0x2000dbba</load_address>
         <run_address>0x2000dbba</run_address>
         <size>0x18</size>
         <input_file_ref idref="fl-16d"/>
      </object_component>
      <object_component id="oc-299">
         <name>.text:_sl_GetStartResponseConvert</name>
         <load_address>0x2000dbd4</load_address>
         <run_address>0x2000dbd4</run_address>
         <size>0x18</size>
         <input_file_ref idref="fl-169"/>
      </object_component>
      <object_component id="oc-67">
         <name>.text</name>
         <load_address>0x2000dbec</load_address>
         <run_address>0x2000dbec</run_address>
         <size>0x18</size>
         <input_file_ref idref="fl-147"/>
      </object_component>
      <object_component id="oc-312">
         <name>.text</name>
         <load_address>0x2000dc04</load_address>
         <run_address>0x2000dc04</run_address>
         <size>0x18</size>
         <input_file_ref idref="fl-173"/>
      </object_component>
      <object_component id="oc-382">
         <name>.text:PRCMHIBRegRead</name>
         <load_address>0x2000dc1c</load_address>
         <run_address>0x2000dc1c</run_address>
         <size>0x16</size>
         <input_file_ref idref="fl-164"/>
      </object_component>
      <object_component id="oc-388">
         <name>.text:PRCMHIBRegWrite</name>
         <load_address>0x2000dc32</load_address>
         <run_address>0x2000dc32</run_address>
         <size>0x16</size>
         <input_file_ref idref="fl-164"/>
      </object_component>
      <object_component id="oc-305">
         <name>.text:_SlDrvMemZero</name>
         <load_address>0x2000dc48</load_address>
         <run_address>0x2000dc48</run_address>
         <size>0x16</size>
         <input_file_ref idref="fl-16a"/>
      </object_component>
      <object_component id="oc-31e">
         <name>.text</name>
         <load_address>0x2000dc5e</load_address>
         <run_address>0x2000dc5e</run_address>
         <size>0x16</size>
         <input_file_ref idref="fl-157"/>
      </object_component>
      <object_component id="oc-371">
         <name>.text:CPUcpsie</name>
         <load_address>0x2000dc74</load_address>
         <run_address>0x2000dc74</run_address>
         <size>0x14</size>
         <input_file_ref idref="fl-167"/>
      </object_component>
      <object_component id="oc-19a">
         <name>.text:IntVTableBaseSet</name>
         <load_address>0x2000dc88</load_address>
         <run_address>0x2000dc88</run_address>
         <size>0x14</size>
         <input_file_ref idref="fl-162"/>
      </object_component>
      <object_component id="oc-f7">
         <name>.text</name>
         <load_address>0x2000dc9c</load_address>
         <run_address>0x2000dc9c</run_address>
         <size>0x14</size>
         <input_file_ref idref="fl-145"/>
      </object_component>
      <object_component id="oc-1be">
         <name>.text</name>
         <load_address>0x2000dcb0</load_address>
         <run_address>0x2000dcb0</run_address>
         <size>0x14</size>
         <input_file_ref idref="fl-13e"/>
      </object_component>
      <object_component id="oc-dd">
         <name>.text</name>
         <load_address>0x2000dcc4</load_address>
         <run_address>0x2000dcc4</run_address>
         <size>0x14</size>
         <input_file_ref idref="fl-13f"/>
      </object_component>
      <object_component id="oc-735">
         <name>.text:_SlDrvDispatchHttpServerEvents</name>
         <load_address>0x2000dcd8</load_address>
         <run_address>0x2000dcd8</run_address>
         <size>0x10</size>
         <input_file_ref idref="fl-16a"/>
      </object_component>
      <object_component id="oc-2e1">
         <name>.text:_SlDrvResetCmdExt</name>
         <load_address>0x2000dce8</load_address>
         <run_address>0x2000dce8</run_address>
         <size>0xe</size>
         <input_file_ref idref="fl-16a"/>
      </object_component>
      <object_component id="oc-12">
         <name>.text:decompress:none</name>
         <load_address>0x2000dcf6</load_address>
         <run_address>0x2000dcf6</run_address>
         <size>0xe</size>
         <input_file_ref idref="fl-132"/>
      </object_component>
      <object_component id="oc-2d">
         <name>.text</name>
         <load_address>0x2000dd04</load_address>
         <run_address>0x2000dd04</run_address>
         <size>0xe</size>
         <input_file_ref idref="fl-5"/>
      </object_component>
      <object_component id="oc-46a">
         <name>.text:NwpMaskInterrupt</name>
         <load_address>0x2000dd14</load_address>
         <run_address>0x2000dd14</run_address>
         <size>0xc</size>
         <input_file_ref idref="fl-170"/>
      </object_component>
      <object_component id="oc-484">
         <name>.text:NwpUnMaskInterrupt</name>
         <load_address>0x2000dd20</load_address>
         <run_address>0x2000dd20</run_address>
         <size>0xc</size>
         <input_file_ref idref="fl-170"/>
      </object_component>
      <object_component id="oc-1e">
         <name>.text:decompress:ZI</name>
         <load_address>0x2000dd2c</load_address>
         <run_address>0x2000dd2c</run_address>
         <size>0xc</size>
         <input_file_ref idref="fl-134"/>
      </object_component>
      <object_component id="oc-1a0">
         <name>.text:IntMasterEnable</name>
         <load_address>0x2000dd38</load_address>
         <run_address>0x2000dd38</run_address>
         <size>0xa</size>
         <input_file_ref idref="fl-162"/>
      </object_component>
      <object_component id="oc-469">
         <name>.text:UtilsDelay</name>
         <load_address>0x2000dd42</load_address>
         <run_address>0x2000dd42</run_address>
         <size>0x6</size>
         <input_file_ref idref="fl-166"/>
      </object_component>
      <object_component id="oc-18">
         <name>.text:decompress:rle24</name>
         <load_address>0x2000dd48</load_address>
         <run_address>0x2000dd48</run_address>
         <size>0x6</size>
         <input_file_ref idref="fl-133"/>
      </object_component>
      <object_component id="oc-5b">
         <name>.text</name>
         <load_address>0x2000dd4e</load_address>
         <run_address>0x2000dd4e</run_address>
         <size>0x4</size>
         <input_file_ref idref="fl-13b"/>
      </object_component>
      <object_component id="oc-335">
         <name>.const:.string:_ctypes_</name>
         <load_address>0x2000dd54</load_address>
         <run_address>0x2000dd54</run_address>
         <size>0x101</size>
         <input_file_ref idref="fl-14b"/>
      </object_component>
      <object_component id="oc-5c4">
         <name>.const:g_pulRegs</name>
         <load_address>0x2000de58</load_address>
         <run_address>0x2000de58</run_address>
         <size>0xd4</size>
         <input_file_ref idref="fl-162"/>
      </object_component>
      <object_component id="oc-584">
         <name>.const:PRCM_PeriphRegsList</name>
         <load_address>0x2000df2c</load_address>
         <run_address>0x2000df2c</run_address>
         <size>0xa8</size>
         <input_file_ref idref="fl-164"/>
      </object_component>
      <object_component id="oc-378">
         <name>.const</name>
         <load_address>0x2000dfd4</load_address>
         <run_address>0x2000dfd4</run_address>
         <size>0x80</size>
         <input_file_ref idref="fl-162"/>
      </object_component>
      <object_component id="oc-154">
         <name>.const</name>
         <load_address>0x2000e054</load_address>
         <run_address>0x2000e054</run_address>
         <size>0x80</size>
         <input_file_ref idref="fl-6"/>
      </object_component>
      <object_component id="oc-16a">
         <name>.const:.string</name>
         <load_address>0x2000e0d4</load_address>
         <run_address>0x2000e0d4</run_address>
         <size>0x50</size>
         <input_file_ref idref="fl-6"/>
      </object_component>
      <object_component id="oc-1e2">
         <name>.const:.string:$P$T12$15</name>
         <load_address>0x2000e124</load_address>
         <run_address>0x2000e124</run_address>
         <size>0x4d</size>
         <input_file_ref idref="fl-6"/>
      </object_component>
      <object_component id="oc-67c">
         <name>.const:OpcodeTranslateTable</name>
         <load_address>0x2000e172</load_address>
         <run_address>0x2000e172</run_address>
         <size>0x3c</size>
         <input_file_ref idref="fl-16a"/>
      </object_component>
      <object_component id="oc-2c2">
         <name>.const</name>
         <load_address>0x2000e1ae</load_address>
         <run_address>0x2000e1ae</run_address>
         <size>0x3c</size>
         <input_file_ref idref="fl-16f"/>
      </object_component>
      <object_component id="oc-6ef">
         <name>.const:_SlActionLookupTable</name>
         <load_address>0x2000e1ec</load_address>
         <run_address>0x2000e1ec</run_address>
         <size>0x38</size>
         <input_file_ref idref="fl-16a"/>
      </object_component>
      <object_component id="oc-607">
         <name>.const</name>
         <load_address>0x2000e224</load_address>
         <run_address>0x2000e224</run_address>
         <size>0x38</size>
         <input_file_ref idref="fl-16a"/>
      </object_component>
      <object_component id="oc-3a2">
         <name>.const</name>
         <load_address>0x2000e25c</load_address>
         <run_address>0x2000e25c</run_address>
         <size>0x34</size>
         <input_file_ref idref="fl-16e"/>
      </object_component>
      <object_component id="oc-151">
         <name>.const:$P$T1$2</name>
         <load_address>0x2000e290</load_address>
         <run_address>0x2000e290</run_address>
         <size>0x2c</size>
         <input_file_ref idref="fl-6"/>
      </object_component>
      <object_component id="oc-363">
         <name>.const</name>
         <load_address>0x2000e2bc</load_address>
         <run_address>0x2000e2bc</run_address>
         <size>0x28</size>
         <input_file_ref idref="fl-16b"/>
      </object_component>
      <object_component id="oc-6ad">
         <name>.const:g_ppulSPIIntMap</name>
         <load_address>0x2000e2e4</load_address>
         <run_address>0x2000e2e4</run_address>
         <size>0x24</size>
         <input_file_ref idref="fl-174"/>
      </object_component>
      <object_component id="oc-157">
         <name>.const:.string:$P$T0$1</name>
         <load_address>0x2000e308</load_address>
         <run_address>0x2000e308</run_address>
         <size>0x22</size>
         <input_file_ref idref="fl-6"/>
      </object_component>
      <object_component id="oc-2d8">
         <name>.const</name>
         <load_address>0x2000e32a</load_address>
         <run_address>0x2000e32a</run_address>
         <size>0x1c</size>
         <input_file_ref idref="fl-169"/>
      </object_component>
      <object_component id="oc-65d">
         <name>.const</name>
         <load_address>0x2000e348</load_address>
         <run_address>0x2000e348</run_address>
         <size>0x18</size>
         <input_file_ref idref="fl-174"/>
      </object_component>
      <object_component id="oc-590">
         <name>.const:.string</name>
         <load_address>0x2000e360</load_address>
         <run_address>0x2000e360</run_address>
         <size>0x10</size>
         <input_file_ref idref="fl-16e"/>
      </object_component>
      <object_component id="oc-324">
         <name>.const</name>
         <load_address>0x2000e370</load_address>
         <run_address>0x2000e370</run_address>
         <size>0x10</size>
         <input_file_ref idref="fl-171"/>
      </object_component>
      <object_component id="oc-318">
         <name>.const:.string</name>
         <load_address>0x2000e380</load_address>
         <run_address>0x2000e380</run_address>
         <size>0x8</size>
         <input_file_ref idref="fl-171"/>
      </object_component>
      <object_component id="oc-2f5">
         <name>.const</name>
         <load_address>0x2000e388</load_address>
         <run_address>0x2000e388</run_address>
         <size>0x8</size>
         <input_file_ref idref="fl-16c"/>
      </object_component>
      <object_component id="oc-7e4">
         <name>.cinit..data.load</name>
         <load_address>0x2000e390</load_address>
         <run_address>0x2000e390</run_address>
         <size>0x5f</size>
      </object_component>
      <object_component id="oc-7e2">
         <name>__TI_handler_table</name>
         <load_address>0x2000e3f0</load_address>
         <run_address>0x2000e3f0</run_address>
         <size>0xc</size>
      </object_component>
      <object_component id="oc-7e5">
         <name>.cinit..bss.load</name>
         <load_address>0x2000e400</load_address>
         <run_address>0x2000e400</run_address>
         <size>0x8</size>
      </object_component>
      <object_component id="oc-7e3">
         <name>__TI_cinit_table</name>
         <load_address>0x2000e408</load_address>
         <run_address>0x2000e408</run_address>
         <size>0x10</size>
      </object_component>
      <object_component id="oc-2a">
         <name>.sysmem</name>
         <uninitialized>true</uninitialized>
         <run_address>0x20017d20</run_address>
         <size>0x8</size>
         <input_file_ref idref="fl-139"/>
      </object_component>
      <object_component id="oc-7e7">
         <name>.sysmem</name>
         <uninitialized>true</uninitialized>
         <run_address>0x20017d20</run_address>
         <size>0x0</size>
      </object_component>
      <object_component id="oc-29">
         <name>.stack</name>
         <uninitialized>true</uninitialized>
         <run_address>0x2002f800</run_address>
         <size>0x0</size>
         <input_file_ref idref="fl-131"/>
      </object_component>
      <object_component id="oc-7e6">
         <name>.stack</name>
         <uninitialized>true</uninitialized>
         <run_address>0x2002f800</run_address>
         <size>0x0</size>
      </object_component>
      <object_component id="oc-10f">
         <name>.bss:g_ucConnectionSSID</name>
         <uninitialized>true</uninitialized>
         <run_address>0x20017ce8</run_address>
         <size>0x24</size>
         <input_file_ref idref="fl-6"/>
      </object_component>
      <object_component id="oc-173">
         <name>.bss:g_buff</name>
         <uninitialized>true</uninitialized>
         <run_address>0x20017000</run_address>
         <size>0x5b8</size>
         <input_file_ref idref="fl-6"/>
      </object_component>
      <object_component id="oc-1e5">
         <name>.bss:g_cBsdBuf</name>
         <uninitialized>true</uninitialized>
         <run_address>0x200175b8</run_address>
         <size>0x578</size>
         <input_file_ref idref="fl-6"/>
      </object_component>
      <object_component id="oc-400">
         <name>.bss:g_StatMem</name>
         <uninitialized>true</uninitialized>
         <run_address>0x20017b30</run_address>
         <size>0x168</size>
         <input_file_ref idref="fl-16a"/>
      </object_component>
      <object_component id="oc-456">
         <name>.bss:g_ucDinDout</name>
         <uninitialized>true</uninitialized>
         <run_address>0x20017c98</run_address>
         <size>0x50</size>
         <input_file_ref idref="fl-170"/>
      </object_component>
      <object_component id="oc-1b7">
         <name>.common:g_ulDestinationIP</name>
         <uninitialized>true</uninitialized>
         <run_address>0x20017d18</run_address>
         <size>0x4</size>
      </object_component>
      <object_component id="oc-112">
         <name>.common:g_ucConnectionBSSID</name>
         <uninitialized>true</uninitialized>
         <run_address>0x20017d0c</run_address>
         <size>0x8</size>
      </object_component>
      <object_component id="oc-22c">
         <name>.common:__Errorlog</name>
[...]
      </symbol>
      <symbol id="sm-ce7">
         <name>_SlDrvDriverCBDeinit</name>
         <value>0x2000a4dd</value>
         <object_component_ref idref="oc-2d2"/>
      </symbol>
      <symbol id="sm-ce8">
         <name>_SlDrvResetCmdExt</name>
         <value>0x2000dce9</value>
         <object_component_ref idref="oc-2e1"/>
      </symbol>
      <symbol id="sm-ce9">
         <name>_SlDrvProtectAsyncRespSetting</name>
         <value>0x2000cd85</value>
         <object_component_ref idref="oc-275"/>
      </symbol>
      <symbol id="sm-cea">
         <name>_SlDrvReleasePoolObj</name>
         <value>0x200091fd</value>
         <object_component_ref idref="oc-293"/>
      </symbol>
      <symbol id="sm-ceb">
         <name>_SlDrvHandleWlanEvents</name>
         <value>0x2000d281</value>
         <object_component_ref idref="oc-69f"/>
      </symbol>
      <symbol id="sm-cec">
         <name>OpcodeTranslateTable</name>
         <value>0x2000e172</value>
         <object_component_ref idref="oc-67c"/>
      </symbol>
      <symbol id="sm-ced">
         <name>pPingCallBackFunc</name>
         <value>0x20018704</value>
         <object_component_ref idref="oc-2a2"/>
      </symbol>
      <symbol id="sm-cee">
         <name>_SlDrvDriverCBInit</name>
         <value>0x20009585</value>
         <object_component_ref idref="oc-269"/>
      </symbol>
      <symbol id="sm-cef">
         <name>g_pCB</name>
         <value>0x20018700</value>
         <object_component_ref idref="oc-2a2"/>
      </symbol>
      <symbol id="sm-cf0">
         <name>_SlDrvProtectionObjLockWaitForever</name>
         <value>0x2000d731</value>
         <object_component_ref idref="oc-351"/>
      </symbol>
      <symbol id="sm-cf1">
         <name>_SlDrvCmdOp</name>
         <value>0x2000b3f5</value>
         <object_component_ref idref="oc-2bc"/>
      </symbol>
      <symbol id="sm-cf2">
         <name>_SlDrvSyncObjWaitTimeout</name>
         <value>0x2000d0a9</value>
         <object_component_ref idref="oc-28d"/>
      </symbol>
      <symbol id="sm-cf3">
         <name>_SlDrvGlobalObjUnLock</name>
         <value>0x2000d7b1</value>
         <object_component_ref idref="oc-4c8"/>
      </symbol>
      <symbol id="sm-cf4">
         <name>_SlDrvMemZero</name>
         <value>0x2000dc49</value>
         <object_component_ref idref="oc-305"/>
      </symbol>
      <symbol id="sm-cf5">
         <name>_SlDrvWaitForPoolObj</name>
         <value>0x200098d5</value>
         <object_component_ref idref="oc-34b"/>
      </symbol>
      <symbol id="sm-cf6">
         <name>_SlDrvSyncObjSignal</name>
         <value>0x2000d9f1</value>
         <object_component_ref idref="oc-498"/>
      </symbol>
      <symbol id="sm-cf7">
         <name>_SlDrvDataReadOp</name>
         <value>0x20009019</value>
         <object_component_ref idref="oc-3c3"/>
      </symbol>
      <symbol id="sm-cf8">
         <name>_SlDrvDataWriteOp</name>
         <value>0x20009eb9</value>
         <object_component_ref idref="oc-3bc"/>
      </symbol>
      <symbol id="sm-cf9">
         <name>_SlDrvRxIrqHandler</name>
         <value>0x2000cbf5</value>
         <object_component_ref idref="oc-2a5"/>
      </symbol>
      <symbol id="sm-cfa">
         <name>_SlDrvHandleHttpServerEvents</name>
         <value>0x2000d065</value>
         <object_component_ref idref="oc-78f"/>
      </symbol>
      <symbol id="sm-cfb">
         <name>_SlDrvSyncObjWaitForever</name>
         <value>0x2000d801</value>
         <object_component_ref idref="oc-35d"/>
      </symbol>
      <symbol id="sm-cfc">
         <name>_SlDrvCmdSend</name>
         <value>0x2000c629</value>
         <object_component_ref idref="oc-796"/>
      </symbol>
      <symbol id="sm-cfd">
         <name>_SlActionLookupTable</name>
         <value>0x2000e1ec</value>
         <object_component_ref idref="oc-6ef"/>
      </symbol>
      <symbol id="sm-d84">
         <name>_SlNetAppSendTokenValueCmdCtrl</name>
         <value>0x2000e2d8</value>
         <object_component_ref idref="oc-363"/>
      </symbol>
      <symbol id="sm-d85">
         <name>sl_NetAppDnsGetHostByName</name>
         <value>0x2000a289</value>
         <object_component_ref idref="oc-188"/>
      </symbol>
      <symbol id="sm-d86">
         <name>_sl_HandleAsync_DnsGetHostByName</name>
         <value>0x2000bb21</value>
         <object_component_ref idref="oc-729"/>
      </symbol>
      <symbol id="sm-d87">
         <name>_sl_HandleAsync_PingResponse</name>
         <value>0x2000bbb1</value>
         <object_component_ref idref="oc-6db"/>
      </symbol>
      <symbol id="sm-d88">
         <name>_SlDrvNetAppEventHandler</name>
         <value>0x2000a93d</value>
         <object_component_ref idref="oc-6d5"/>
      </symbol>
      <symbol id="sm-d89">
         <name>_sl_HandleAsync_DnsGetHostByService</name>
         <value>0x2000b265</value>
         <object_component_ref idref="oc-72f"/>
      </symbol>
      <symbol id="sm-d8a">
         <name>_sl_NetAppSendTokenValue</name>
         <value>0x2000c695</value>
         <object_component_ref idref="oc-73b"/>
      </symbol>
      <symbol id="sm-dab">
         <name>sl_NetCfgSet</name>
         <value>0x2000c175</value>
         <object_component_ref idref="oc-13f"/>
      </symbol>
      <symbol id="sm-dea">
         <name>_SlNonOsSemSet</name>
         <value>0x2000dbbb</value>
         <object_component_ref idref="oc-3f4"/>
      </symbol>
      <symbol id="sm-deb">
         <name>_SlNonOsSpawn</name>
         <value>0x2000c8a9</value>
         <object_component_ref idref="oc-4af"/>
      </symbol>
      <symbol id="sm-dec">
         <name>_SlNonOsSemGet</name>
         <value>0x2000c365</value>
         <object_component_ref idref="oc-3fa"/>
      </symbol>
      <symbol id="sm-ded">
         <name>_SlNonOsMainLoopTask</name>
         <value>0x2000c545</value>
         <object_component_ref idref="oc-11b"/>
      </symbol>
      <symbol id="sm-dee">
         <name>g__SlNonOsCB</name>
         <value>0x20018698</value>
         <object_component_ref idref="oc-2b7"/>
      </symbol>
      <symbol id="sm-ed2">
         <name>sl_Recv</name>
         <value>0x2000bde1</value>
         <object_component_ref idref="oc-1dc"/>
      </symbol>
      <symbol id="sm-ed3">
         <name>sl_Send</name>
         <value>0x2000a601</value>
         <object_component_ref idref="oc-1d6"/>
      </symbol>
      <symbol id="sm-ed4">
         <name>_sl_HandleAsync_Connect</name>
         <value>0x2000bf75</value>
         <object_component_ref idref="oc-751"/>
      </symbol>
      <symbol id="sm-ed5">
         <name>sl_Htonl</name>
         <value>0x2000d1fd</value>
         <object_component_ref idref="oc-194"/>
      </symbol>
      <symbol id="sm-ed6">
         <name>sl_Htons</name>
         <value>0x2000d435</value>
         <object_component_ref idref="oc-18e"/>
      </symbol>
      <symbol id="sm-ed7">
         <name>sl_Connect</name>
         <value>0x20009d4d</value>
         <object_component_ref idref="oc-1ca"/>
      </symbol>
      <symbol id="sm-ed8">
         <name>sl_Socket</name>
         <value>0x2000c5b9</value>
         <object_component_ref idref="oc-1b8"/>
      </symbol>
      <symbol id="sm-ed9">
         <name>_sl_HandleAsync_Select</name>
         <value>0x2000cc49</value>
         <object_component_ref idref="oc-757"/>
      </symbol>
      <symbol id="sm-eda">
         <name>sl_Close</name>
         <value>0x2000d175</value>
         <object_component_ref idref="oc-1d0"/>
      </symbol>
      <symbol id="sm-edb">
         <name>_sl_HandleAsync_Accept</name>
         <value>0x2000c90d</value>
         <object_component_ref idref="oc-74b"/>
      </symbol>
      <symbol id="sm-edc">
         <name>sl_SetSockOpt</name>
         <value>0x2000c1f1</value>
         <object_component_ref idref="oc-1c4"/>
      </symbol>
      <symbol id="sm-f6c">
         <name>sl_WlanDisconnect</name>
         <value>0x2000da11</value>
         <object_component_ref idref="oc-139"/>
      </symbol>
      <symbol id="sm-f6d">
         <name>sl_WlanPolicySet</name>
         <value>0x2000c3dd</value>
         <object_component_ref idref="oc-133"/>
      </symbol>
      <symbol id="sm-f6e">
         <name>sl_WlanRxFilterSet</name>
         <value>0x2000c76d</value>
         <object_component_ref idref="oc-14b"/>
      </symbol>
      <symbol id="sm-f6f">
         <name>sl_WlanConnect</name>
         <value>0x200089c9</value>
         <object_component_ref idref="oc-158"/>
      </symbol>
      <symbol id="sm-f70">
         <name>sl_WlanSet</name>
         <value>0x2000c26d</value>
         <object_component_ref idref="oc-145"/>
      </symbol>
      <symbol id="sm-f71">
         <name>sl_WlanSetMode</name>
         <value>0x2000d1b9</value>
         <object_component_ref idref="oc-121"/>
      </symbol>
      <symbol id="sm-1075">
         <name>g_cDummy</name>
         <value>0x20017d1e</value>
      </symbol>
      <symbol id="sm-1076">
         <name>NwpMaskInterrupt</name>
         <value>0x2000dd15</value>
         <object_component_ref idref="oc-46a"/>
      </symbol>
      <symbol id="sm-1077">
         <name>NwpRegisterInterruptHandler</name>
         <value>0x2000d341</value>
         <object_component_ref idref="oc-281"/>
      </symbol>
      <symbol id="sm-1078">
         <name>g_pHostIntHdl</name>
         <value>0x2001871c</value>
         <object_component_ref idref="oc-453"/>
      </symbol>
      <symbol id="sm-1079">
         <name>NwpUnMaskInterrupt</name>
         <value>0x2000dd21</value>
         <object_component_ref idref="oc-484"/>
      </symbol>
      <symbol id="sm-107a">
         <name>g_ucDinDout</name>
         <value>0x20017c98</value>
         <object_component_ref idref="oc-456"/>
      </symbol>
      <symbol id="sm-107b">
         <name>NwpPowerOff</name>
         <value>0x2000d4ad</value>
         <object_component_ref idref="oc-27b"/>
      </symbol>
      <symbol id="sm-107c">
         <name>spi_Read</name>
         <value>0x2000ab3d</value>
         <object_component_ref idref="oc-66f"/>
      </symbol>
      <symbol id="sm-107d">
         <name>DmaSpiSwIntHandler</name>
         <value>0x2000d875</value>
         <object_component_ref idref="oc-459"/>
      </symbol>
      <symbol id="sm-107e">
         <name>NwpPowerOn</name>
         <value>0x2000d9b1</value>
         <object_component_ref idref="oc-287"/>
      </symbol>
      <symbol id="sm-107f">
         <name>spi_Close</name>
         <value>0x2000c455</value>
         <object_component_ref idref="oc-2cc"/>
      </symbol>
      <symbol id="sm-1080">
         <name>spi_Write</name>
         <value>0x2000b9f5</value>
         <object_component_ref idref="oc-601"/>
      </symbol>
      <symbol id="sm-1081">
         <name>spi_Open</name>
         <value>0x2000a009</value>
         <object_component_ref idref="oc-26f"/>
      </symbol>
      <symbol id="sm-1082">
         <name>g_ucDMAEnabled</name>
         <value>0x20018720</value>
         <object_component_ref idref="oc-453"/>
      </symbol>
      <symbol id="sm-1083">
         <name>g_SpiFd</name>
         <value>0x20018718</value>
         <object_component_ref idref="oc-453"/>
      </symbol>
      <symbol id="sm-11a6">
         <name>HTTPCli_setRequestFields</name>
         <value>0x2000768d</value>
         <object_component_ref idref="oc-15e"/>
      </symbol>
      <symbol id="sm-11a7">
         <name>HTTPCli_setSecureParams</name>
         <value>0x200076d9</value>
         <object_component_ref idref="oc-15e"/>
      </symbol>
      <symbol id="sm-11a8">
         <name>HTTPCli_create</name>
         <value>0x200075c1</value>
         <object_component_ref idref="oc-15e"/>
      </symbol>
      <symbol id="sm-11a9">
         <name>HTTPCli_construct</name>
         <value>0x20007579</value>
         <object_component_ref idref="oc-15e"/>
      </symbol>
      <symbol id="sm-11aa">
         <name>HTTPCli_getResponseField</name>
         <value>0x2000788d</value>
         <object_component_ref idref="oc-15e"/>
      </symbol>
      <symbol id="sm-11ab">
         <name>HTTPCli_readRawResponseBody</name>
         <value>0x20007a9d</value>
         <object_component_ref idref="oc-15e"/>
      </symbol>
      <symbol id="sm-11ac">
         <name>HTTPCli_connect</name>
         <value>0x20007457</value>
         <object_component_ref idref="oc-15e"/>
      </symbol>
      <symbol id="sm-11ad">
         <name>HTTPCli_sendRequest</name>
         <value>0x200076f9</value>
         <object_component_ref idref="oc-15e"/>
      </symbol>
      <symbol id="sm-11ae">
         <name>HTTPCli_readResponseBody</name>
         <value>0x20007a11</value>
         <object_component_ref idref="oc-15e"/>
      </symbol>
      <symbol id="sm-11af">
         <name>HTTPCli_sendField</name>
         <value>0x200077c7</value>
         <object_component_ref idref="oc-15e"/>
      </symbol>
      <symbol id="sm-11b0">
         <name>HTTPCli_delete</name>
         <value>0x200075d9</value>
         <object_component_ref idref="oc-15e"/>
      </symbol>
      <symbol id="sm-11b1">
         <name>HTTPCli_destruct</name>
         <value>0x2000760f</value>
         <object_component_ref idref="oc-15e"/>
      </symbol>
      <symbol id="sm-11b2">
         <name>HTTPCli_setProxy</name>
         <value>0x20007add</value>
         <object_component_ref idref="oc-15e"/>
      </symbol>
      <symbol id="sm-11b3">
         <name>bufferedRecv</name>
         <value>0x20006b73</value>
         <object_component_ref idref="oc-15e"/>
      </symbol>
      <symbol id="sm-11b4">
         <name>HTTPCli_initSockAddr</name>
         <value>0x20007349</value>
         <object_component_ref idref="oc-15e"/>
      </symbol>
      <symbol id="sm-11b5">
         <name>HTTPCli_getResponseStatus</name>
         <value>0x20007857</value>
         <object_component_ref idref="oc-15e"/>
      </symbol>
      <symbol id="sm-11b6">
         <name>HTTPCli_disconnect</name>
         <value>0x20007657</value>
         <object_component_ref idref="oc-15e"/>
      </symbol>
      <symbol id="sm-11b7">
         <name>HTTPCli_setResponseFields</name>
         <value>0x200076b3</value>
         <object_component_ref idref="oc-15e"/>
      </symbol>
      <symbol id="sm-11b8">
         <name>HTTPCli_sendRequestBody</name>
         <value>0x2000781f</value>
         <object_component_ref idref="oc-15e"/>
      </symbol>
      <symbol id="sm-11ed">
         <name>Ssock_startSecure</name>
         <value>0x2000870f</value>
         <object_component_ref idref="oc-30c"/>
      </symbol>
      <symbol id="sm-11ee">
         <name>Ssock_recv</name>
         <value>0x20008557</value>
         <object_component_ref idref="oc-30c"/>
      </symbol>
      <symbol id="sm-11ef">
         <name>Ssock_delete</name>
         <value>0x200084cf</value>
         <object_component_ref idref="oc-30c"/>
      </symbol>
      <symbol id="sm-11f0">
         <name>Ssock_send</name>
         <value>0x200085f5</value>
         <object_component_ref idref="oc-30c"/>
      </symbol>
      <symbol id="sm-11f1">
         <name>Ssock_getSocket</name>
         <value>0x20008549</value>
         <object_component_ref idref="oc-30c"/>
      </symbol>
      <symbol id="sm-11f2">
         <name>Ssock_recvall</name>
         <value>0x200085b1</value>
         <object_component_ref idref="oc-30c"/>
      </symbol>
      <symbol id="sm-11f3">
         <name>Ssock_construct</name>
         <value>0x20008475</value>
         <object_component_ref idref="oc-30c"/>
      </symbol>
      <symbol id="sm-11f4">
         <name>Ssock_create</name>
         <value>0x200084b5</value>
         <object_component_ref idref="oc-30c"/>
      </symbol>
      <symbol id="sm-11f5">
         <name>Ssock_destruct</name>
         <value>0x200084f7</value>
         <object_component_ref idref="oc-30c"/>
      </symbol>
      <symbol id="sm-1204">
         <name>strcmp</name>
         <value>0x2000dc05</value>
         <object_component_ref idref="oc-312"/>
      </symbol>
      <symbol id="sm-12bf">
         <name>SPIFIFODisable</name>
         <value>0x2000daf5</value>
         <object_component_ref idref="oc-4e5"/>
      </symbol>
      <symbol id="sm-12c0">
         <name>SPICSEnable</name>
         <value>0x2000db5b</value>
         <object_component_ref idref="oc-686"/>
      </symbol>
      <symbol id="sm-12c1">
         <name>SPIDisable</name>
         <value>0x2000db73</value>
         <object_component_ref idref="oc-40b"/>
      </symbol>
      <symbol id="sm-12c2">
         <name>SPIFIFOEnable</name>
         <value>0x2000db0f</value>
         <object_component_ref idref="oc-429"/>
      </symbol>
      <symbol id="sm-12c3">
         <name>SPIWordCountSet</name>
         <value>0x2000d94b</value>
         <object_component_ref idref="oc-68c"/>
      </symbol>
      <symbol id="sm-12c4">
         <name>SPIEnable</name>
         <value>0x2000db8b</value>
         <object_component_ref idref="oc-44d"/>
      </symbol>
      <symbol id="sm-12c5">
         <name>SPIDmaEnable</name>
         <value>0x2000dadb</value>
         <object_component_ref idref="oc-42f"/>
      </symbol>
      <symbol id="sm-12c6">
         <name>SPIConfigSetExpClk</name>
         <value>0x2000b81d</value>
         <object_component_ref idref="oc-417"/>
      </symbol>
      <symbol id="sm-12c7">
         <name>SPIIntUnregister</name>
         <value>0x2000db29</value>
         <object_component_ref idref="oc-4df"/>
      </symbol>
      <symbol id="sm-12c8">
         <name>SPIFIFOLevelSet</name>
         <value>0x2000d551</value>
         <object_component_ref idref="oc-435"/>
      </symbol>
      <symbol id="sm-12c9">
         <name>SPIDmaDisable</name>
         <value>0x2000dac1</value>
         <object_component_ref idref="oc-4eb"/>
      </symbol>
      <symbol id="sm-12ca">
         <name>SPIReset</name>
         <value>0x2000d929</value>
         <object_component_ref idref="oc-411"/>
      </symbol>
      <symbol id="sm-12cb">
         <name>SPIIntEnable</name>
         <value>0x2000cced</value>
         <object_component_ref idref="oc-447"/>
      </symbol>
      <symbol id="sm-12cc">
         <name>SPIIntClear</name>
         <value>0x2000cf01</value>
         <object_component_ref idref="oc-5d4"/>
      </symbol>
      <symbol id="sm-12cd">
         <name>SPICSDisable</name>
         <value>0x2000db43</value>
         <object_component_ref idref="oc-405"/>
      </symbol>
      <symbol id="sm-1324">
         <name>uDMAChannelControlSet</name>
         <value>0x2000d471</value>
         <object_component_ref idref="oc-75f"/>
      </symbol>
      <symbol id="sm-1325">
         <name>uDMAChannelAttributeEnable</name>
         <value>0x2000c9d5</value>
         <object_component_ref idref="oc-765"/>
      </symbol>
      <symbol id="sm-1326">
         <name>uDMAChannelTransferSet</name>
         <value>0x2000ac2d</value>
         <object_component_ref idref="oc-76b"/>
      </symbol>
      <symbol id="sm-1327">
         <name>uDMAChannelAssign</name>
         <value>0x2000ceb5</value>
         <object_component_ref idref="oc-5b3"/>
      </symbol>
      <symbol id="sm-1328">
         <name>uDMAChannelAttributeDisable</name>
         <value>0x2000c971</value>
         <object_component_ref idref="oc-5b9"/>
      </symbol>
      <symbol id="sm-1329">
         <name>uDMAChannelEnable</name>
         <value>0x2000daa5</value>
         <object_component_ref idref="oc-771"/>
      </symbol>
      <symbol id="sm-132a">
         <name>__TI_static_base__</name>
         <value>0x2000e390</value>
      </symbol>
      <symbol id="sm-132d">
         <name>SHT$$INIT_ARRAY$$Limit</name>
         <value>0x0</value>
      </symbol>
      <symbol id="sm-132e">
         <name>SHT$$INIT_ARRAY$$Base</name>
         <value>0x0</value>
      </symbol>
   </symbol_table>
   <title>Link successful</title>
</link_info>
