******************************************************************************
                  TI ARM Linker PC v5.2.7                      
******************************************************************************
>> Linked Fri Apr 29 15:17:26 2016

OUTPUT FILE NAME:   <thing_rw_http_client_demo.out>
ENTRY POINT SYMBOL: "_c_int00"  address: 2000dbf1


MEMORY CONFIGURATION

         name            origin    length      used     unused   attr    fill
----------------------  --------  ---------  --------  --------  ----  --------
  SRAM_CODE             20004000   00013000  0000acc6  0000833a  RW X
  SRAM_DATA             20017000   00019000  00001f3b  000170c5  RW X


SEGMENT ALLOCATION MAP

run origin  load origin   length   init length attrs members
----------  ----------- ---------- ----------- ----- -------
20004000    20004000    0000acc8   0000acc8    r-x
  20004000    20004000    00000400   00000400    r-- .intvecs
  20004400    20004400    0000a0e2   0000a0e2    r-x .text
  2000e4e4    2000e4e4    00000764   00000764    r-- .const
  2000ec48    2000ec48    00000080   00000080    r-- .cinit
20017000    20017000    0000173c   00000000    rw-
  20017000    20017000    00000d1f   00000000    rw- .bss
  20017d20    20017d20    00000800   00000000    rw- .sysmem
  20018520    20018520    0000021c   00000000    rw- .data
2002f800    2002f800    00000800   00000000    rw-
  2002f800    2002f800    00000800   00000000    rw- .stack


SECTION ALLOCATION MAP

 output                                  attributes/
section   page    origin      length       input sections
--------  ----  ----------  ----------   ----------------
.intvecs   0    20004000    00000400     
                  20004000    00000400     startup_ccs.obj (.intvecs)

.init_array 
*          0    20004000    00000000     UNINITIALIZED

.text      0    20004400    0000a0e2     
                  20004400    0000175c     main.obj (.text)
                  20005b5c    000010a6     rtsv7M4_T_le_eabi.lib : _printfi.obj (.text)
                  20006c02    00000002     driverlib.a : interrupt.obj (.text:IntDefaultHandler)
                  20006c04    00000fc4     webclient.a : httpcli.obj (.text)
                  20007bc8    000005f0     json.a : jsmn.obj (.text)
                  200081b8    00000590     simplelink.a : driver.obj (.text:_SlDrvMsgRead)
                  20008748    000003dc     rtsv7M4_T_le_eabi.lib : memory.obj (.text)
                  20008b24    000002ea     webclient.a : ssock.obj (.text)
                  20008e0e    00000002     --HOLE-- [fill = 0]
                  20008e10    00000280     uart_if.obj (.text)
                  20009090    00000260     simplelink.a : wlan.obj (.text:sl_WlanConnect)
                  200092f0    000001fc                  : driver.obj (.text:_SlDrvRxHdrRead)
                  200094ec    000001f4     rtsv7M4_T_le_eabi.lib : ull_div_t2.obj (.text)
                  200096e0    000001e4     simplelink.a : driver.obj (.text:_SlDrvDataReadOp)
                  200098c4    000001d0                  : driver.obj (.text:_SlDrvReleasePoolObj)
                  20009a94    000001b6     rtsv7M4_T_le_eabi.lib : fd_add_t2.obj (.text)
                  20009c4a    00000002     --HOLE-- [fill = 0]
                  20009c4c    000001b4     simplelink.a : driver.obj (.text:_SlDrvDriverCBInit)
                  20009e00    0000019c                  : driver.obj (.text:_SlDrvMsgWrite)
                  20009f9c    00000190                  : driver.obj (.text:_SlDrvWaitForPoolObj)
                  2000a12c    00000178     driverlib.a : prcm.obj (.text:PRCMCC3200MCUInit)
                  2000a2a4    00000170     simplelink.a : driver.obj (.text:_SlFindAndSetActiveObj)
                  2000a414    0000016c                  : socket.obj (.text:sl_Connect)
                  2000a580    00000150                  : driver.obj (.text:_SlDrvDataWriteOp)
                  2000a6d0    00000148                  : cc_pal.obj (.text:spi_Open)
                  2000a818    00000136     rtsv7M4_T_le_eabi.lib : fd_div_t2.obj (.text)
                  2000a94e    00000002     --HOLE-- [fill = 0]
                  2000a950    0000012c     simplelink.a : netapp.obj (.text:sl_NetAppDnsGetHostByName)
                  2000aa7c    00000128                  : driver.obj (.text:_SlDrvMsgReadCmdCtx)
                  2000aba4    00000124                  : driver.obj (.text:_SlDrvDriverCBDeinit)
                  2000acc8    00000118                  : socket.obj (.text:sl_Send)
                  2000ade0    00000114     rtsv7M4_T_le_eabi.lib : strtoul.obj (.text)
                  2000aef4    00000110                           : xdscale.obj (.text)
                  2000b004    00000104     simplelink.a : netapp.obj (.text:_SlDrvNetAppEventHandler)
                  2000b108    000000fc     rtsv7M4_T_le_eabi.lib : fd_mul_t2.obj (.text)
                  2000b204    000000f0     simplelink.a : cc_pal.obj (.text:spi_Read)
                  2000b2f4    000000f0     driverlib.a : udma.obj (.text:uDMAChannelTransferSet)
                  2000b3e4    000000e8     simplelink.a : driver.obj (.text:_SlAsyncEventGenericHandler)
                  2000b4cc    000000e4                  : device.obj (.text:sl_Stop)
                  2000b5b0    000000e0                  : device.obj (.text:sl_Start)
                  2000b690    000000dc                  : driver.obj (.text:_SlDrvClassifyRxMsg)
                  2000b76c    000000d4                  : driver.obj (.text:_SlDrvMsgReadSpawnCtx)
                  2000b840    000000cc                  : netapp.obj (.text:_sl_HandleAsync_DnsGetHostByService)
                  2000b90c    000000c8                  : netapp.obj (.text:sl_NetAppMDNSRegisterUnregisterService)
                  2000b9d4    000000c4                  : driver.obj (.text:_SlRemoveFromList)
                  2000ba98    000000c0                  : driver.obj (.text:_SlDrvCmdOp)
                  2000bb58    000000be     rtsv7M4_T_le_eabi.lib : xdnorm.obj (.text)
                  2000bc16    00000002     --HOLE-- [fill = 0]
                  2000bc18    000000b4     simplelink.a : device.obj (.text:sl_DevGet)
                  2000bccc    000000a8     driverlib.a : interrupt.obj (.text:IntDisable)
                  2000bd74    000000a8                 : interrupt.obj (.text:IntEnable)
                  2000be1c    000000a4     simplelink.a : driver.obj (.text:_SlDriverHandleError)
                  2000bec0    000000a0     driverlib.a : spi.obj (.text:SPIConfigSetExpClk)
                  2000bf60    0000009c     rtsv7M4_T_le_eabi.lib : memcpy_t2.obj (.text)
                  2000bffc    0000009a     simplelink.a : device.obj (.text:_SlDrvDeviceEventHandler)
                  2000c096    00000002     --HOLE-- [fill = 0]
                  2000c098    00000098                  : cc_pal.obj (.text:spi_Write)
                  2000c130    00000094     driverlib.a : prcm.obj (.text:PRCMPeripheralClockGet)
                  2000c1c4    00000090     simplelink.a : netapp.obj (.text:_sl_HandleAsync_DnsGetHostByName)
                  2000c254    00000090                  : netapp.obj (.text:_sl_HandleAsync_PingResponse)
                  2000c2e4    0000008c                  : cc_pal.obj (.text:SetupDMAReceive)
                  2000c370    0000008c                  : cc_pal.obj (.text:SetupDMASend)
                  2000c3fc    00000088     driverlib.a : pin.obj (.text:PinConfigSet)
                  2000c484    00000088     rtsv7M4_T_le_eabi.lib : vsnprintf.obj (.text)
                  2000c50c    00000088     simplelink.a : socket.obj (.text:sl_Recv)
                  2000c594    00000086     rtsv7M4_T_le_eabi.lib : fd_cmp_t2.obj (.text:__aeabi_cdcmple)
                  2000c61a    00000086                           : fd_cmp_t2.obj (.text:__aeabi_cdrcmple)
                  2000c6a0    00000080     simplelink.a : socket.obj (.text:_sl_HandleAsync_Connect)
                  2000c720    00000080                  : device.obj (.text:_sl_HandleAsync_InitComplete)
                  2000c7a0    00000080                  : cc_pal.obj (.text:spi_Read_CPU)
                  2000c820    00000080                  : cc_pal.obj (.text:spi_Write_CPU)
                  2000c8a0    0000007c                  : netcfg.obj (.text:sl_NetCfgSet)
                  2000c91c    0000007c                  : socket.obj (.text:sl_SetSockOpt)
                  2000c998    0000007c                  : wlan.obj (.text:sl_WlanSet)
                  2000ca14    0000007a     rtsv7M4_T_le_eabi.lib : memset_t2.obj (.text)
                  2000ca8e    00000002     --HOLE-- [fill = 0]
                  2000ca90    00000078     simplelink.a : nonos.obj (.text:_SlNonOsSemGet)
                  2000cb08    00000078                  : wlan.obj (.text:sl_WlanPolicySet)
                  2000cb80    00000078                  : cc_pal.obj (.text:spi_Close)
                  2000cbf8    00000076     driverlib.a : uart.obj (.text:UARTConfigSetExpClk)
                  2000cc6e    00000002     --HOLE-- [fill = 0]
                  2000cc70    00000074     simplelink.a : nonos.obj (.text:_SlNonOsMainLoopTask)
                  2000cce4    00000070                  : socket.obj (.text:sl_Socket)
                  2000cd54    0000006c                  : driver.obj (.text:_SlDrvCmdSend)
                  2000cdc0    0000006c                  : netapp.obj (.text:_sl_NetAppSendTokenValue)
                  2000ce2c    0000006c     rtsv7M4_T_le_eabi.lib : autoinit.obj (.text)
                  2000ce98    0000006c     simplelink.a : wlan.obj (.text:sl_WlanRxFilterSet)
                  2000cf04    0000006a     rtsv7M4_T_le_eabi.lib : copy_decompress_rle.obj (.text)
                  2000cf6e    00000066                           : xdunscal.obj (.text)
                  2000cfd4    00000064     simplelink.a : nonos.obj (.text:_SlNonOsSpawn)
                  2000d038    00000064                  : socket.obj (.text:_sl_HandleAsync_Accept)
                  2000d09c    00000064     driverlib.a : udma.obj (.text:uDMAChannelAttributeDisable)
                  2000d100    00000064                 : udma.obj (.text:uDMAChannelAttributeEnable)
                  2000d164    00000060     rtsv7M4_T_le_eabi.lib : sprintf.obj (.text)
                  2000d1c4    00000058     driverlib.a : interrupt.obj (.text:IntPendClear)
                  2000d21c    00000058                 : prcm.obj (.text:PRCMPeripheralReset)
                  2000d274    00000056     rtsv7M4_T_le_eabi.lib : ltoa.obj (.text)
                  2000d2ca    00000002     --HOLE-- [fill = 0]
                  2000d2cc    00000054     driverlib.a : interrupt.obj (.text:IntPrioritySet)
                  2000d320    00000054     simplelink.a : driver.obj (.text:_SlDrvRxIrqHandler)
                  2000d374    00000054                  : socket.obj (.text:_sl_HandleAsync_Select)
                  2000d3c8    00000050                  : device.obj (.text:_sl_HandleAsync_Stop)
                  2000d418    0000004c     driverlib.a : spi.obj (.text:SPIIntEnable)
                  2000d464    0000004c                 : spi.obj (.text:SPIIntNumberGet)
                  2000d4b0    0000004c     simplelink.a : driver.obj (.text:_SlDrvProtectAsyncRespSetting)
                  2000d4fc    0000004c                  : socket.obj (.text:_sl_BuildAddress)
                  2000d548    0000004c     rtsv7M4_T_le_eabi.lib : atoi.obj (.text)
                  2000d594    0000004c                           : cpy_tbl.obj (.text)
                  2000d5e0    0000004c     driverlib.a : udma.obj (.text:uDMAChannelAssign)
                  2000d62c    00000048                 : spi.obj (.text:SPIIntClear)
                  2000d674    00000048     simplelink.a : driver.obj (.text:_SlDrvBasicCmd)
                  2000d6bc    00000048     rtsv7M4_T_le_eabi.lib : fd_toi_t2.obj (.text)
                  2000d704    00000048     simplelink.a : netapp.obj (.text:sl_NetAppMDNSUnRegisterService)
                  2000d74c    00000046     rtsv7M4_T_le_eabi.lib : ldexp.obj (.text)
                  2000d792    00000002     --HOLE-- [fill = 0]
                  2000d794    00000044     driverlib.a : spi.obj (.text:SPIDmaMaskGet)
                  2000d7d8    00000044     simplelink.a : driver.obj (.text:_SlDrvHandleHttpServerEvents)
                  2000d81c    00000044                  : driver.obj (.text:_SlDrvSyncObjWaitTimeout)
                  2000d860    00000044                  : cc_pal.obj (.text:cc_SetupTransfer)
                  2000d8a4    00000044     rtsv7M4_T_le_eabi.lib : exit.obj (.text)
                  2000d8e8    00000044     simplelink.a : socket.obj (.text:sl_Close)
                  2000d92c    00000044                  : wlan.obj (.text:sl_WlanProfileDel)
                  2000d970    00000044                  : wlan.obj (.text:sl_WlanSetMode)
                  2000d9b4    00000042                  : socket.obj (.text:sl_Htonl)
                  2000d9f6    00000002     --HOLE-- [fill = 0]
                  2000d9f8    00000040     driverlib.a : pin.obj (.text:PinModeSet)
                  2000da38    00000040     simplelink.a : driver.obj (.text:_SlDrvHandleNetAppEvents)
                  2000da78    00000040                  : driver.obj (.text:_SlDrvHandleWlanEvents)
                  2000dab8    00000040                  : socket.obj (.text:_sl_TruncatePayloadByProtocol)
                  2000daf8    00000040     rtsv7M4_T_le_eabi.lib : signal.obj (.text)
                  2000db38    0000003e     simplelink.a : cc_pal.obj (.text:NwpRegisterInterruptHandler)
                  2000db76    0000003c                  : netapp.obj (.text:CopyPingResultsToReport)
                  2000dbb2    00000002     --HOLE-- [fill = 0]
                  2000dbb4    0000003c     driverlib.a : prcm.obj (.text:PRCMPeripheralClkEnable)
                  2000dbf0    0000003c     rtsv7M4_T_le_eabi.lib : boot.obj (.text)
                  2000dc2c    0000003c     simplelink.a : socket.obj (.text:sl_Htons)
                  2000dc68    0000003c     driverlib.a : udma.obj (.text:uDMAChannelControlSet)
                  2000dca4    00000038     simplelink.a : cc_pal.obj (.text:NwpPowerOff)
                  2000dcdc    00000034     driverlib.a : prcm.obj (.text:PRCMPeripheralStatusGet)
                  2000dd10    00000034                 : spi.obj (.text:SPIFIFOLevelSet)
                  2000dd44    00000034     rtsv7M4_T_le_eabi.lib : feraiseexcept.obj (.text)
                  2000dd78    00000030     driverlib.a : uart.obj (.text:UARTDisable)
                  2000dda8    00000030     rtsv7M4_T_le_eabi.lib : xferaise.obj (.text)
                  2000ddd8    0000002e                           : i_tofd_t2.obj (.text)
                  2000de06    0000002e                           : raise.obj (.text)
                  2000de34    0000002c     driverlib.a : prcm.obj (.text:PRCMSysResetCauseGet)
                  2000de60    0000002c     simplelink.a : driver.obj (.text:_SlDrvObjGlobalLockWaitForever)
                  2000de8c    0000002c                  : driver.obj (.text:_SlDrvProtectionObjLockWaitForever)
                  2000deb8    0000002a     rtsv7M4_T_le_eabi.lib : xdclass.obj (.text)
                  2000dee2    00000002     --HOLE-- [fill = 0]
                  2000dee4    00000028     driverlib.a : prcm.obj (.text:PRCMPeripheralClkDisable)
                  2000df0c    00000028     simplelink.a : driver.obj (.text:_SlDrvGlobalObjUnLock)
                  2000df34    00000028                  : driver.obj (.text:_SlDrvProtectionObjUnLock)
                  2000df5c    00000028                  : driver.obj (.text:_SlDrvSyncObjWaitForever)
                  2000df84    00000026     network_common.obj (.text)
                  2000dfaa    00000026     rtsv7M4_T_le_eabi.lib : strncmp.obj (.text)
                  2000dfd0    00000024     simplelink.a : cc_pal.obj (.text:DmaSpiSwIntHandler)
                  2000dff4    00000024     driverlib.a : interrupt.obj (.text:IntUnregister)
                  2000e018    00000024                 : uart.obj (.text:UARTEnable)
                  2000e03c    00000024     simplelink.a : driver.obj (.text:_SlDrvObjLockWaitForever)
                  2000e060    00000024     rtsv7M4_T_le_eabi.lib : memmov.obj (.text)
                  2000e084    00000022     driverlib.a : spi.obj (.text:SPIReset)
                  2000e0a6    00000022                 : spi.obj (.text:SPIWordCountSet)
                  2000e0c8    00000022     rtsv7M4_T_le_eabi.lib : frexp.obj (.text)
                  2000e0ea    00000002     --HOLE-- [fill = 0]
                  2000e0ec    00000020     driverlib.a : interrupt.obj (.text:IntRegister)
                  2000e10c    00000020     simplelink.a : cc_pal.obj (.text:NwpPowerOn)
                  2000e12c    00000020                  : driver.obj (.text:_SlDrvObjUnLock)
                  2000e14c    00000020                  : driver.obj (.text:_SlDrvSyncObjSignal)
                  2000e16c    00000020                  : wlan.obj (.text:sl_WlanDisconnect)
                  2000e18c    0000001e     driverlib.a : uart.obj (.text:UARTCharPut)
                  2000e1aa    0000001e     simplelink.a : cc_pal.obj (.text:cc_UDMAChannelSelect)
                  2000e1c8    0000001c     driverlib.a : uart.obj (.text:UARTCharGetNonBlocking)
                  2000e1e4    0000001c     pinmux.obj (.text)
                  2000e200    0000001c     rtsv7M4_T_le_eabi.lib : memccpy.obj (.text)
                  2000e21c    0000001c     driverlib.a : udma.obj (.text:uDMAChannelEnable)
                  2000e238    0000001a                 : pin.obj (.text:PinTypeUART)
                  2000e252    0000001a                 : spi.obj (.text:SPIDmaDisable)
                  2000e26c    0000001a                 : spi.obj (.text:SPIDmaEnable)
                  2000e286    0000001a                 : spi.obj (.text:SPIFIFODisable)
                  2000e2a0    0000001a                 : spi.obj (.text:SPIFIFOEnable)
                  2000e2ba    0000001a                 : spi.obj (.text:SPIIntUnregister)
                  2000e2d4    00000018                 : spi.obj (.text:SPICSDisable)
                  2000e2ec    00000018                 : spi.obj (.text:SPICSEnable)
                  2000e304    00000018                 : spi.obj (.text:SPIDisable)
                  2000e31c    00000018                 : spi.obj (.text:SPIEnable)
                  2000e334    00000018                 : uart.obj (.text:UARTCharsAvail)
                  2000e34c    00000018     simplelink.a : nonos.obj (.text:_SlNonOsSemSet)
                  2000e364    00000018                  : device.obj (.text:_sl_GetStartResponseConvert)
                  2000e37c    00000018     rtsv7M4_T_le_eabi.lib : args_main.obj (.text)
                  2000e394    00000018                           : strcmp.obj (.text)
                  2000e3ac    00000016     driverlib.a : prcm.obj (.text:PRCMHIBRegRead)
                  2000e3c2    00000016                 : prcm.obj (.text:PRCMHIBRegWrite)
                  2000e3d8    00000016     simplelink.a : driver.obj (.text:_SlDrvMemZero)
                  2000e3ee    00000016     rtsv7M4_T_le_eabi.lib : strchr.obj (.text)
                  2000e404    00000014     driverlib.a : cpu.obj (.text:CPUcpsie)
                  2000e418    00000014                 : interrupt.obj (.text:IntVTableBaseSet)
                  2000e42c    00000014     rtsv7M4_T_le_eabi.lib : _lock.obj (.text)
                  2000e440    00000014                           : strcpy.obj (.text)
                  2000e454    00000014                           : strlen.obj (.text)
                  2000e468    00000010     simplelink.a : driver.obj (.text:_SlDrvDispatchHttpServerEvents)
                  2000e478    0000000e                  : driver.obj (.text:_SlDrvResetCmdExt)
                  2000e486    0000000e     rtsv7M4_T_le_eabi.lib : copy_decompress_none.obj (.text:decompress:none)
                  2000e494    0000000e     startup_ccs.obj (.text)
                  2000e4a2    00000002     --HOLE-- [fill = 0]
                  2000e4a4    0000000c     simplelink.a : cc_pal.obj (.text:NwpMaskInterrupt)
                  2000e4b0    0000000c                  : cc_pal.obj (.text:NwpUnMaskInterrupt)
                  2000e4bc    0000000c     rtsv7M4_T_le_eabi.lib : copy_zero_init.obj (.text:decompress:ZI)
                  2000e4c8    0000000a     driverlib.a : interrupt.obj (.text:IntMasterEnable)
                  2000e4d2    00000006                 : utils.obj (.text:UtilsDelay)
                  2000e4d8    00000006     rtsv7M4_T_le_eabi.lib : copy_decompress_rle.obj (.text:decompress:rle24)
                  2000e4de    00000004                           : pre_init.obj (.text)

.const     0    2000e4e4    00000764     
                  2000e4e4    00000101     rtsv7M4_T_le_eabi.lib : ctype.obj (.const:.string:_ctypes_)
                  2000e5e5    00000003     --HOLE-- [fill = 0]
                  2000e5e8    00000100     driverlib.a : pin.obj (.const:g_ulPinToPadMap)
                  2000e6e8    000000d4                 : interrupt.obj (.const:g_pulRegs)
                  2000e7bc    000000a8                 : prcm.obj (.const:PRCM_PeriphRegsList)
                  2000e864    00000087     main.obj (.const:.string:$P$T11$12)
                  2000e8eb    00000001     --HOLE-- [fill = 0]
                  2000e8ec    00000080     driverlib.a : interrupt.obj (.const)
                  2000e96c    00000080     main.obj (.const)
                  2000e9ec    0000003e     main.obj (.const:.string)
                  2000ea2a    0000003c     simplelink.a : driver.obj (.const:OpcodeTranslateTable)
                  2000ea66    0000003c                  : wlan.obj (.const)
                  2000eaa2    00000002     --HOLE-- [fill = 0]
                  2000eaa4    00000038                  : driver.obj (.const:_SlActionLookupTable)
                  2000eadc    00000038                  : driver.obj (.const)
                  2000eb14    00000034                  : socket.obj (.const)
                  2000eb48    0000002c     main.obj (.const:$P$T1$2)
                  2000eb74    00000028     simplelink.a : netapp.obj (.const)
                  2000eb9c    00000024     driverlib.a : spi.obj (.const:g_ppulSPIIntMap)
                  2000ebc0    00000022     main.obj (.const:.string:$P$T0$1)
                  2000ebe2    0000001c     simplelink.a : device.obj (.const)
                  2000ebfe    00000002     --HOLE-- [fill = 0]
                  2000ec00    00000018     driverlib.a : spi.obj (.const)
                  2000ec18    00000010     simplelink.a : socket.obj (.const:.string)
                  2000ec28    00000010     webclient.a : httpcli.obj (.const)
                  2000ec38    00000008                 : httpcli.obj (.const:.string)
                  2000ec40    00000008     simplelink.a : netcfg.obj (.const)

.cinit     0    2000ec48    00000080     
                  2000ec48    0000005c     (.cinit..data.load) [load image, compression = rle]
                  2000eca4    0000000c     (__TI_handler_table)
                  2000ecb0    00000008     (.cinit..bss.load) [load image, compression = zero_init]
                  2000ecb8    00000010     (__TI_cinit_table)

.bss       0    20017000    00000d1f     UNINITIALIZED
                  20017000    000005b8     main.obj (.bss:g_buff)
                  200175b8    00000578     main.obj (.bss:g_cBsdBuf)
                  20017b30    00000168     simplelink.a : driver.obj (.bss:g_StatMem)
                  20017c98    00000050                  : cc_pal.obj (.bss:g_ucDinDout)
                  20017ce8    00000024     main.obj (.bss:g_ucConnectionSSID)
                  20017d0c    00000008     (.common:g_ucConnectionBSSID)
                  20017d14    00000004     (.common:__Errorlog)
                  20017d18    00000004     (.common:g_ulDestinationIP)
                  20017d1c    00000001     (.common:RxIrqCnt)
                  20017d1d    00000001     (.common:g_bDeviceRestartIsRequired)
                  20017d1e    00000001     (.common:g_cDummy)

.TI.noinit 
*          0    20017000    00000000     UNINITIALIZED

.sysmem    0    20017d20    00000800     UNINITIALIZED
                  20017d20    00000008     rtsv7M4_T_le_eabi.lib : memory.obj (.sysmem)
                  20017d28    000007f8     --HOLE--

.data      0    20018520    0000021c     UNINITIALIZED
                  20018520    000000b0     rtsv7M4_T_le_eabi.lib : signal.obj (.data:sigtable)
                  200185d0    00000080                           : xvalues.obj (.data)
                  20018650    00000048     webclient.a : httpcli.obj (.data:tlsParams)
                  20018698    0000003c     simplelink.a : nonos.obj (.data:g__SlNonOsCB)
                  200186d4    00000010     main.obj (.data)
                  200186e4    00000010     webclient.a : httpcli.obj (.data)
                  200186f4    0000000d     simplelink.a : driver.obj (.data)
                  20018701    00000003     --HOLE--
                  20018704    0000000c     rtsv7M4_T_le_eabi.lib : memory.obj (.data)
                  20018710    00000009     simplelink.a : cc_pal.obj (.data)
                  20018719    00000003     --HOLE--
                  2001871c    00000008     rtsv7M4_T_le_eabi.lib : _lock.obj (.data)
                  20018724    00000008                           : exit.obj (.data)
                  2001872c    00000008                           : feraiseexcept.obj (.data)
                  20018734    00000004                           : errno.obj (.data)
                  20018738    00000004                           : stkdepth_vars.obj (.data)

.TI.persistent 
*          0    20018520    00000000     UNINITIALIZED

.stack     0    2002f800    00000800     UNINITIALIZED
                  2002f800    00000800     --HOLE--


LINKER GENERATED COPY TABLES

__TI_cinit_table @ 2000ecb8 records: 2, size/record: 8, table size: 16
	.data: load addr=2000ec48, load size=0000005c bytes, run addr=20018520, run size=0000021c bytes, compression=rle
	.bss: load addr=2000ecb0, load size=00000008 bytes, run addr=20017000, run size=00000d1f bytes, compression=zero_init


LINKER GENERATED HANDLER TABLE

__TI_handler_table @ 2000eca4 records: 3, size/record: 4, table size: 12
	index: 0, handler: __TI_decompress_rle24
	index: 1, handler: __TI_decompress_none
	index: 2, handler: __TI_zero_init


GLOBAL SYMBOLS: SORTED ALPHABETICALLY BY Name 

address   name                                  
-------   ----                                  
2000d8a5  C$$EXIT                               
2000e405  CPUcpsie                              
20008e51  ClearTerm                             
2000dfd1  DmaSpiSwIntHandler                    
20008e5b  Error                                 
20008e93  GetCmd                                
2000752f  HTTPCli_connect                       
20007651  HTTPCli_construct                     
20007699  HTTPCli_create                        
200076b1  HTTPCli_delete                        
200076e7  HTTPCli_destruct                      
2000772f  HTTPCli_disconnect                    
20007965  HTTPCli_getResponseField              
2000792f  HTTPCli_getResponseStatus             
20007421  HTTPCli_initSockAddr                  
20007b75  HTTPCli_readRawResponseBody           
20007ae9  HTTPCli_readResponseBody              
2000789f  HTTPCli_sendField                     
200077d1  HTTPCli_sendRequest                   
200078f7  HTTPCli_sendRequestBody               
20007bb5  HTTPCli_setProxy                      
20007765  HTTPCli_setRequestFields              
2000778b  HTTPCli_setResponseFields             
200077b1  HTTPCli_setSecureParams               
20008e11  InitTerm                              
2000bccd  IntDisable                            
2000bd75  IntEnable                             
2000e4c9  IntMasterEnable                       
2000d1c5  IntPendClear                          
2000d2cd  IntPrioritySet                        
2000e0ed  IntRegister                           
2000dff5  IntUnregister                         
2000e419  IntVTableBaseSet                      
20008e2f  Message                               
2000e4a5  NwpMaskInterrupt                      
2000dca5  NwpPowerOff                           
2000e10d  NwpPowerOn                            
2000db39  NwpRegisterInterruptHandler           
2000e4b1  NwpUnMaskInterrupt                    
2000ea2a  OpcodeTranslateTable                  
2000a12d  PRCMCC3200MCUInit                     
2000e3ad  PRCMHIBRegRead                        
2000e3c3  PRCMHIBRegWrite                       
2000dee5  PRCMPeripheralClkDisable              
2000dbb5  PRCMPeripheralClkEnable               
2000c131  PRCMPeripheralClockGet                
2000d21d  PRCMPeripheralReset                   
2000dcdd  PRCMPeripheralStatusGet               
2000de35  PRCMSysResetCauseGet                  
20004d8b  ParseJSONData                         
2000c3fd  PinConfigSet                          
2000d9f9  PinModeSet                            
2000e1e5  PinMuxConfig                          
2000e239  PinTypeUART                           
20008fd1  Report                                
2000e495  ResetISR                              
20017d1c  RxIrqCnt                              
UNDEFED   SHT$$INIT_ARRAY$$Base                 
UNDEFED   SHT$$INIT_ARRAY$$Limit                
2000e2d5  SPICSDisable                          
2000e2ed  SPICSEnable                           
2000bec1  SPIConfigSetExpClk                    
2000e305  SPIDisable                            
2000e253  SPIDmaDisable                         
2000e26d  SPIDmaEnable                          
2000e31d  SPIEnable                             
2000e287  SPIFIFODisable                        
2000e2a1  SPIFIFOEnable                         
2000dd11  SPIFIFOLevelSet                       
2000d62d  SPIIntClear                           
2000d419  SPIIntEnable                          
2000e2bb  SPIIntUnregister                      
2000e085  SPIReset                              
2000e0a7  SPIWordCountSet                       
200045c9  SimpleLinkGeneralEventHandler         
200045a1  SimpleLinkHttpServerCallback          
20004509  SimpleLinkNetAppEventHandler          
200045df  SimpleLinkSockEventHandler            
20004401  SimpleLinkWlanEventHandler            
20008b3d  Ssock_construct                       
20008b7d  Ssock_create                          
20008b97  Ssock_delete                          
20008bbf  Ssock_destruct                        
20008c11  Ssock_getSocket                       
20008c1f  Ssock_recv                            
20008c79  Ssock_recvall                         
20008cbd  Ssock_send                            
20008dd7  Ssock_startSecure                     
20008f39  TrimSpace                             
2000e1c9  UARTCharGetNonBlocking                
2000e18d  UARTCharPut                           
2000e335  UARTCharsAvail                        
2000cbf9  UARTConfigSetExpClk                   
2000dd79  UARTDisable                           
2000e019  UARTEnable                            
2000e4d3  UtilsDelay                            
2000deb9  _Dclass                               
200185d0  _Denorm                               
2000bb59  _Dnorm                                
2000aef5  _Dscale                               
2000cf6f  _Dunscale                             
200185e0  _Eps                                  
20018734  _Errno                                
2001872c  _Fenv                                 
2000dda9  _Feraise                              
200185f0  _Hugeval                              
20018600  _Inf                                  
20018610  _Nan                                  
20018630  _Rteps                                
2000eaa4  _SlActionLookupTable                  
2000be1d  _SlDriverHandleError                  
2000d675  _SlDrvBasicCmd                        
2000ba99  _SlDrvCmdOp                           
2000cd55  _SlDrvCmdSend                         
200096e1  _SlDrvDataReadOp                      
2000a581  _SlDrvDataWriteOp                     
2000bffd  _SlDrvDeviceEventHandler              
2000e469  _SlDrvDispatchHttpServerEvents        
2000aba5  _SlDrvDriverCBDeinit                  
20009c4d  _SlDrvDriverCBInit                    
2000df0d  _SlDrvGlobalObjUnLock                 
2000d7d9  _SlDrvHandleHttpServerEvents          
2000da39  _SlDrvHandleNetAppEvents              
2000da79  _SlDrvHandleWlanEvents                
2000e3d9  _SlDrvMemZero                         
2000b76d  _SlDrvMsgReadSpawnCtx                 
2000b005  _SlDrvNetAppEventHandler              
2000e03d  _SlDrvObjLockWaitForever              
2000e12d  _SlDrvObjUnLock                       
2000d4b1  _SlDrvProtectAsyncRespSetting         
2000de8d  _SlDrvProtectionObjLockWaitForever    
2000df35  _SlDrvProtectionObjUnLock             
200098c5  _SlDrvReleasePoolObj                  
2000e479  _SlDrvResetCmdExt                     
2000d321  _SlDrvRxIrqHandler                    
2000e14d  _SlDrvSyncObjSignal                   
2000df5d  _SlDrvSyncObjWaitForever              
2000d81d  _SlDrvSyncObjWaitTimeout              
20009f9d  _SlDrvWaitForPoolObj                  
2000eb90  _SlNetAppSendTokenValueCmdCtrl        
2000cc71  _SlNonOsMainLoopTask                  
2000ca91  _SlNonOsSemGet                        
2000e34d  _SlNonOsSemSet                        
2000cfd5  _SlNonOsSpawn                         
20018620  _Snan                                 
20018730  _Tls_setup__Fenv                      
20018640  _Xbig                                 
20018648  _Zero                                 
20030000  __STACK_END                           
00000800  __STACK_SIZE                          
00000800  __SYSMEM_SIZE                         
2000ecb8  __TI_CINIT_Base                       
2000ecc8  __TI_CINIT_Limit                      
2000eca4  __TI_Handler_Table_Base               
2000ecb0  __TI_Handler_Table_Limit              
2000ce2d  __TI_auto_init                        
20018724  __TI_cleanup_ptr                      
2000e487  __TI_decompress_none                  
2000e4d9  __TI_decompress_rle24                 
20018728  __TI_dtors_ptr                        
200068fd  __TI_printfi                          
2000ec48  __TI_static_base__                    
2000e4bd  __TI_zero_init                        
2000c595  __aeabi_cdcmpeq                       
2000c595  __aeabi_cdcmple                       
2000c61b  __aeabi_cdrcmple                      
2000d6bd  __aeabi_d2iz                          
20009a9f  __aeabi_dadd                          
2000a819  __aeabi_ddiv                          
2000b109  __aeabi_dmul                          
20009a95  __aeabi_dsub                          
2000ddd9  __aeabi_i2d                           
2000ca15  __aeabi_memclr                        
2000ca15  __aeabi_memclr4                       
2000ca15  __aeabi_memclr8                       
2000bf61  __aeabi_memcpy                        
2000bf61  __aeabi_memcpy4                       
2000bf61  __aeabi_memcpy8                       
2000ca17  __aeabi_memset                        
2000ca17  __aeabi_memset4                       
2000ca17  __aeabi_memset8                       
200094ed  __aeabi_uldivmod                      
ffffffff  __binit__                             
ffffffff  __c_args__                            
2002f800  __stack                               
2000e37d  _args_main                            
2000dbf1  _c_int00                              
2000e4e4  _ctypes_                              
2001871c  _lock                                 
2000e43b  _nop                                  
2000e433  _register_lock                        
2000e42d  _register_unlock                      
2000d039  _sl_HandleAsync_Accept                
2000c6a1  _sl_HandleAsync_Connect               
2000c1c5  _sl_HandleAsync_DnsGetHostByName      
2000b841  _sl_HandleAsync_DnsGetHostByService   
2000c721  _sl_HandleAsync_InitComplete          
2000c255  _sl_HandleAsync_PingResponse          
2000d375  _sl_HandleAsync_Select                
2000d3c9  _sl_HandleAsync_Stop                  
2000cdc1  _sl_NetAppSendTokenValue              
20017d20  _sys_memory                           
2000e4df  _system_pre_init                      
20018720  _unlock                               
2000d8a9  abort                                 
2000d549  atoi                                  
ffffffff  binit                                 
20006c4b  bufferedRecv                          
200186dc  bytesReceived                         
20008af1  calloc                                
2000d595  copy_in                               
2000d8b1  exit                                  
2000dd45  feraiseexcept                         
2000883f  free                                  
2000e0c9  frexp                                 
20018710  g_SpiFd                               
20018698  g__SlNonOsCB                          
20017d1d  g_bDeviceRestartIsRequired            
20017000  g_buff                                
200175b8  g_cBsdBuf                             
20017d1e  g_cDummy                              
200186f8  g_pCB                                 
20018714  g_pHostIntHdl                         
20004000  g_pfnVectors                          
20017d0c  g_ucConnectionBSSID                   
20017ce8  g_ucConnectionSSID                    
20018718  g_ucDMAEnabled                        
20017c98  g_ucDinDout                           
20017d18  g_ulDestinationIP                     
200186e0  g_ulDestinationIp                     
200186d8  g_ulGatewayIP                         
200186d4  g_ulStatus                            
2000819b  jsmn_init                             
20007e89  jsmn_parse                            
2000d74d  ldexp                                 
2000d275  ltoa                                  
200058bd  main                                  
20018738  main_func_sp                          
200087d7  malloc                                
20008a0d  memalign                              
2000e201  memccpy                               
2000bf61  memcpy                                
2000e061  memmove                               
2000ca1d  memset                                
20008749  minit                                 
200186fc  pPingCallBackFunc                     
2000de07  raise                                 
20008901  realloc                               
2000daf9  signal                                
2000d8e9  sl_Close                              
2000a415  sl_Connect                            
2000bc19  sl_DevGet                             
2000d9b5  sl_Htonl                              
2000dc2d  sl_Htons                              
2000a951  sl_NetAppDnsGetHostByName             
2000b90d  sl_NetAppMDNSRegisterUnregisterService
2000d705  sl_NetAppMDNSUnRegisterService        
2000c8a1  sl_NetCfgSet                          
2000df85  sl_Provisioning_HttpServerEventHdl    
2000df93  sl_Provisioning_NetAppEventHdl        
2000df9f  sl_Provisioning_WlanEventHdl          
2000c50d  sl_Recv                               
2000acc9  sl_Send                               
2000c91d  sl_SetSockOpt                         
2000cce5  sl_Socket                             
2000b5b1  sl_Start                              
2000b4cd  sl_Stop                               
20009091  sl_WlanConnect                        
2000e16d  sl_WlanDisconnect                     
2000cb09  sl_WlanPolicySet                      
2000d92d  sl_WlanProfileDel                     
2000ce99  sl_WlanRxFilterSet                    
2000c999  sl_WlanSet                            
2000d971  sl_WlanSetMode                        
2000cb81  spi_Close                             
2000a6d1  spi_Open                              
2000b205  spi_Read                              
2000c099  spi_Write                             
2000d165  sprintf                               
2000e3ef  strchr                                
2000e395  strcmp                                
2000e441  strcpy                                
2000e455  strlen                                
2000dfab  strncmp                               
2000ade1  strtoul                               
2000d5e1  uDMAChannelAssign                     
2000d09d  uDMAChannelAttributeDisable           
2000d101  uDMAChannelAttributeEnable            
2000dc69  uDMAChannelControlSet                 
2000e21d  uDMAChannelEnable                     
2000b2f5  uDMAChannelTransferSet                
2000c485  vsnprintf                             


GLOBAL SYMBOLS: SORTED BY Symbol Address 

address   name                                  
-------   ----                                  
00000800  __STACK_SIZE                          
00000800  __SYSMEM_SIZE                         
20004000  g_pfnVectors                          
20004401  SimpleLinkWlanEventHandler            
20004509  SimpleLinkNetAppEventHandler          
200045a1  SimpleLinkHttpServerCallback          
200045c9  SimpleLinkGeneralEventHandler         
200045df  SimpleLinkSockEventHandler            
20004d8b  ParseJSONData                         
200058bd  main                                  
200068fd  __TI_printfi                          
20006c4b  bufferedRecv                          
20007421  HTTPCli_initSockAddr                  
2000752f  HTTPCli_connect                       
20007651  HTTPCli_construct                     
20007699  HTTPCli_create                        
200076b1  HTTPCli_delete                        
200076e7  HTTPCli_destruct                      
2000772f  HTTPCli_disconnect                    
20007765  HTTPCli_setRequestFields              
2000778b  HTTPCli_setResponseFields             
200077b1  HTTPCli_setSecureParams               
200077d1  HTTPCli_sendRequest                   
2000789f  HTTPCli_sendField                     
200078f7  HTTPCli_sendRequestBody               
2000792f  HTTPCli_getResponseStatus             
20007965  HTTPCli_getResponseField              
20007ae9  HTTPCli_readResponseBody              
20007b75  HTTPCli_readRawResponseBody           
20007bb5  HTTPCli_setProxy                      
20007e89  jsmn_parse                            
2000819b  jsmn_init                             
20008749  minit                                 
200087d7  malloc                                
2000883f  free                                  
20008901  realloc                               
20008a0d  memalign                              
20008af1  calloc                                
20008b3d  Ssock_construct                       
20008b7d  Ssock_create                          
20008b97  Ssock_delete                          
20008bbf  Ssock_destruct                        
20008c11  Ssock_getSocket                       
20008c1f  Ssock_recv                            
20008c79  Ssock_recvall                         
20008cbd  Ssock_send                            
20008dd7  Ssock_startSecure                     
20008e11  InitTerm                              
20008e2f  Message                               
20008e51  ClearTerm                             
20008e5b  Error                                 
20008e93  GetCmd                                
20008f39  TrimSpace                             
20008fd1  Report                                
20009091  sl_WlanConnect                        
200094ed  __aeabi_uldivmod                      
200096e1  _SlDrvDataReadOp                      
200098c5  _SlDrvReleasePoolObj                  
20009a95  __aeabi_dsub                          
20009a9f  __aeabi_dadd                          
20009c4d  _SlDrvDriverCBInit                    
20009f9d  _SlDrvWaitForPoolObj                  
2000a12d  PRCMCC3200MCUInit                     
2000a415  sl_Connect                            
2000a581  _SlDrvDataWriteOp                     
2000a6d1  spi_Open                              
2000a819  __aeabi_ddiv                          
2000a951  sl_NetAppDnsGetHostByName             
2000aba5  _SlDrvDriverCBDeinit                  
2000acc9  sl_Send                               
2000ade1  strtoul                               
2000aef5  _Dscale                               
2000b005  _SlDrvNetAppEventHandler              
2000b109  __aeabi_dmul                          
2000b205  spi_Read                              
2000b2f5  uDMAChannelTransferSet                
2000b4cd  sl_Stop                               
2000b5b1  sl_Start                              
2000b76d  _SlDrvMsgReadSpawnCtx                 
2000b841  _sl_HandleAsync_DnsGetHostByService   
2000b90d  sl_NetAppMDNSRegisterUnregisterService
2000ba99  _SlDrvCmdOp                           
2000bb59  _Dnorm                                
2000bc19  sl_DevGet                             
2000bccd  IntDisable                            
2000bd75  IntEnable                             
2000be1d  _SlDriverHandleError                  
2000bec1  SPIConfigSetExpClk                    
2000bf61  __aeabi_memcpy                        
2000bf61  __aeabi_memcpy4                       
2000bf61  __aeabi_memcpy8                       
2000bf61  memcpy                                
2000bffd  _SlDrvDeviceEventHandler              
2000c099  spi_Write                             
2000c131  PRCMPeripheralClockGet                
2000c1c5  _sl_HandleAsync_DnsGetHostByName      
2000c255  _sl_HandleAsync_PingResponse          
2000c3fd  PinConfigSet                          
2000c485  vsnprintf                             
2000c50d  sl_Recv                               
2000c595  __aeabi_cdcmpeq                       
2000c595  __aeabi_cdcmple                       
2000c61b  __aeabi_cdrcmple                      
2000c6a1  _sl_HandleAsync_Connect               
2000c721  _sl_HandleAsync_InitComplete          
2000c8a1  sl_NetCfgSet                          
2000c91d  sl_SetSockOpt                         
2000c999  sl_WlanSet                            
2000ca15  __aeabi_memclr                        
2000ca15  __aeabi_memclr4                       
2000ca15  __aeabi_memclr8                       
2000ca17  __aeabi_memset                        
2000ca17  __aeabi_memset4                       
2000ca17  __aeabi_memset8                       
2000ca1d  memset                                
2000ca91  _SlNonOsSemGet                        
2000cb09  sl_WlanPolicySet                      
2000cb81  spi_Close                             
2000cbf9  UARTConfigSetExpClk                   
2000cc71  _SlNonOsMainLoopTask                  
2000cce5  sl_Socket                             
2000cd55  _SlDrvCmdSend                         
2000cdc1  _sl_NetAppSendTokenValue              
2000ce2d  __TI_auto_init                        
2000ce99  sl_WlanRxFilterSet                    
2000cf6f  _Dunscale                             
2000cfd5  _SlNonOsSpawn                         
2000d039  _sl_HandleAsync_Accept                
2000d09d  uDMAChannelAttributeDisable           
2000d101  uDMAChannelAttributeEnable            
2000d165  sprintf                               
2000d1c5  IntPendClear                          
2000d21d  PRCMPeripheralReset                   
2000d275  ltoa                                  
2000d2cd  IntPrioritySet                        
2000d321  _SlDrvRxIrqHandler                    
2000d375  _sl_HandleAsync_Select                
2000d3c9  _sl_HandleAsync_Stop                  
2000d419  SPIIntEnable                          
2000d4b1  _SlDrvProtectAsyncRespSetting         
2000d549  atoi                                  
2000d595  copy_in                               
2000d5e1  uDMAChannelAssign                     
2000d62d  SPIIntClear                           
2000d675  _SlDrvBasicCmd                        
2000d6bd  __aeabi_d2iz                          
2000d705  sl_NetAppMDNSUnRegisterService        
2000d74d  ldexp                                 
2000d7d9  _SlDrvHandleHttpServerEvents          
2000d81d  _SlDrvSyncObjWaitTimeout              
2000d8a5  C$$EXIT                               
2000d8a9  abort                                 
2000d8b1  exit                                  
2000d8e9  sl_Close                              
2000d92d  sl_WlanProfileDel                     
2000d971  sl_WlanSetMode                        
2000d9b5  sl_Htonl                              
2000d9f9  PinModeSet                            
2000da39  _SlDrvHandleNetAppEvents              
2000da79  _SlDrvHandleWlanEvents                
2000daf9  signal                                
2000db39  NwpRegisterInterruptHandler           
2000dbb5  PRCMPeripheralClkEnable               
2000dbf1  _c_int00                              
2000dc2d  sl_Htons                              
2000dc69  uDMAChannelControlSet                 
2000dca5  NwpPowerOff                           
2000dcdd  PRCMPeripheralStatusGet               
2000dd11  SPIFIFOLevelSet                       
2000dd45  feraiseexcept                         
2000dd79  UARTDisable                           
2000dda9  _Feraise                              
2000ddd9  __aeabi_i2d                           
2000de07  raise                                 
2000de35  PRCMSysResetCauseGet                  
2000de8d  _SlDrvProtectionObjLockWaitForever    
2000deb9  _Dclass                               
2000dee5  PRCMPeripheralClkDisable              
2000df0d  _SlDrvGlobalObjUnLock                 
2000df35  _SlDrvProtectionObjUnLock             
2000df5d  _SlDrvSyncObjWaitForever              
2000df85  sl_Provisioning_HttpServerEventHdl    
2000df93  sl_Provisioning_NetAppEventHdl        
2000df9f  sl_Provisioning_WlanEventHdl          
2000dfab  strncmp                               
2000dfd1  DmaSpiSwIntHandler                    
2000dff5  IntUnregister                         
2000e019  UARTEnable                            
2000e03d  _SlDrvObjLockWaitForever              
2000e061  memmove                               
2000e085  SPIReset                              
2000e0a7  SPIWordCountSet                       
2000e0c9  frexp                                 
2000e0ed  IntRegister                           
2000e10d  NwpPowerOn                            
2000e12d  _SlDrvObjUnLock                       
2000e14d  _SlDrvSyncObjSignal                   
2000e16d  sl_WlanDisconnect                     
2000e18d  UARTCharPut                           
2000e1c9  UARTCharGetNonBlocking                
2000e1e5  PinMuxConfig                          
2000e201  memccpy                               
2000e21d  uDMAChannelEnable                     
2000e239  PinTypeUART                           
2000e253  SPIDmaDisable                         
2000e26d  SPIDmaEnable                          
2000e287  SPIFIFODisable                        
2000e2a1  SPIFIFOEnable                         
2000e2bb  SPIIntUnregister                      
2000e2d5  SPICSDisable                          
2000e2ed  SPICSEnable                           
2000e305  SPIDisable                            
2000e31d  SPIEnable                             
2000e335  UARTCharsAvail                        
2000e34d  _SlNonOsSemSet                        
2000e37d  _args_main                            
2000e395  strcmp                                
2000e3ad  PRCMHIBRegRead                        
2000e3c3  PRCMHIBRegWrite                       
2000e3d9  _SlDrvMemZero                         
2000e3ef  strchr                                
2000e405  CPUcpsie                              
2000e419  IntVTableBaseSet                      
2000e42d  _register_unlock                      
2000e433  _register_lock                        
2000e43b  _nop                                  
2000e441  strcpy                                
2000e455  strlen                                
2000e469  _SlDrvDispatchHttpServerEvents        
2000e479  _SlDrvResetCmdExt                     
2000e487  __TI_decompress_none                  
2000e495  ResetISR                              
2000e4a5  NwpMaskInterrupt                      
2000e4b1  NwpUnMaskInterrupt                    
2000e4bd  __TI_zero_init                        
2000e4c9  IntMasterEnable                       
2000e4d3  UtilsDelay                            
2000e4d9  __TI_decompress_rle24                 
2000e4df  _system_pre_init                      
2000e4e4  _ctypes_                              
2000ea2a  OpcodeTranslateTable                  
2000eaa4  _SlActionLookupTable                  
2000eb90  _SlNetAppSendTokenValueCmdCtrl        
2000ec48  __TI_static_base__                    
2000eca4  __TI_Handler_Table_Base               
2000ecb0  __TI_Handler_Table_Limit              
2000ecb8  __TI_CINIT_Base                       
2000ecc8  __TI_CINIT_Limit                      
20017000  g_buff                                
200175b8  g_cBsdBuf                             
20017c98  g_ucDinDout                           
20017ce8  g_ucConnectionSSID                    
20017d0c  g_ucConnectionBSSID                   
20017d18  g_ulDestinationIP                     
20017d1c  RxIrqCnt                              
20017d1d  g_bDeviceRestartIsRequired            
20017d1e  g_cDummy                              
20017d20  _sys_memory                           
200185d0  _Denorm                               
200185e0  _Eps                                  
200185f0  _Hugeval                              
20018600  _Inf                                  
20018610  _Nan                                  
20018620  _Snan                                 
20018630  _Rteps                                
20018640  _Xbig                                 
20018648  _Zero                                 
20018698  g__SlNonOsCB                          
200186d4  g_ulStatus                            
200186d8  g_ulGatewayIP                         
200186dc  bytesReceived                         
200186e0  g_ulDestinationIp                     
200186f8  g_pCB                                 
200186fc  pPingCallBackFunc                     
20018710  g_SpiFd                               
20018714  g_pHostIntHdl                         
20018718  g_ucDMAEnabled                        
2001871c  _lock                                 
20018720  _unlock                               
20018724  __TI_cleanup_ptr                      
20018728  __TI_dtors_ptr                        
2001872c  _Fenv                                 
20018730  _Tls_setup__Fenv                      
20018734  _Errno                                
20018738  main_func_sp                          
2002f800  __stack                               
20030000  __STACK_END                           
ffffffff  __binit__                             
ffffffff  __c_args__                            
ffffffff  binit                                 
UNDEFED   SHT$$INIT_ARRAY$$Base                 
UNDEFED   SHT$$INIT_ARRAY$$Limit                

[292 symbols]
