******************************************************************************
                  TI ARM Linker PC v5.2.7                      
******************************************************************************
>> Linked Mon May 23 14:25:15 2016

OUTPUT FILE NAME:   <send_random_ttiO.out>
ENTRY POINT SYMBOL: "_c_int00"  address: 2000d541


MEMORY CONFIGURATION

         name            origin    length      used     unused   attr    fill
----------------------  --------  ---------  --------  --------  ----  --------
  SRAM_CODE             20004000   00013000  0000a692  0000896e  RW X
  SRAM_DATA             20017000   00019000  00001f47  000170b9  RW X


SEGMENT ALLOCATION MAP

run origin  load origin   length   init length attrs members
----------  ----------- ---------- ----------- ----- -------
20004000    20004000    0000a698   0000a698    r-x
  20004000    20004000    00000400   00000400    r-- .intvecs
  20004400    20004400    00009ace   00009ace    r-x .text
  2000ded0    2000ded0    0000073c   0000073c    r-- .const
  2000e610    2000e610    00000088   00000088    r-- .cinit
20017000    20017000    00001748   00000000    rw-
  20017000    20017000    00000d1f   00000000    rw- .bss
  20017d20    20017d20    00000800   00000000    rw- .sysmem
  20018520    20018520    00000228   00000000    rw- .data
2002f800    2002f800    00000800   00000000    rw-
  2002f800    2002f800    00000800   00000000    rw- .stack


SECTION ALLOCATION MAP

 output                                  attributes/
section   page    origin      length       input sections
--------  ----  ----------  ----------   ----------------
.intvecs   0    20004000    00000400     
                  20004000    00000400     startup_ccs.obj (.intvecs)

.init_array 
*          0    20004000    00000000     UNINITIALIZED

.text      0    20004400    00009ace     
                  20004400    00001684     thethingsiO.obj (.text)
                  20005a84    000010a6     rtsv7M4_T_le_eabi.lib : _printfi.obj (.text)
                  20006b2a    00000002     driverlib.a : interrupt.obj (.text:IntDefaultHandler)
                  20006b2c    00000fc4     webclient.a : httpcli.obj (.text)
                  20007af0    00000590     simplelink.a : driver.obj (.text:_SlDrvMsgRead)
                  20008080    000003dc     rtsv7M4_T_le_eabi.lib : memory.obj (.text)
                  2000845c    000002ea     webclient.a : ssock.obj (.text)
                  20008746    00000002     --HOLE-- [fill = 0]
                  20008748    00000280     uart_if.obj (.text)
                  200089c8    00000260     simplelink.a : wlan.obj (.text:sl_WlanConnect)
                  20008c28    000001fc                  : driver.obj (.text:_SlDrvRxHdrRead)
                  20008e24    000001f4     rtsv7M4_T_le_eabi.lib : ull_div_t2.obj (.text)
                  20009018    000001e4     simplelink.a : driver.obj (.text:_SlDrvDataReadOp)
                  200091fc    000001d0                  : driver.obj (.text:_SlDrvReleasePoolObj)
                  200093cc    000001b6     rtsv7M4_T_le_eabi.lib : fd_add_t2.obj (.text)
                  20009582    00000002     --HOLE-- [fill = 0]
                  20009584    000001b4     simplelink.a : driver.obj (.text:_SlDrvDriverCBInit)
                  20009738    0000019c                  : driver.obj (.text:_SlDrvMsgWrite)
                  200098d4    00000190                  : driver.obj (.text:_SlDrvWaitForPoolObj)
                  20009a64    00000178     driverlib.a : prcm.obj (.text:PRCMCC3200MCUInit)
                  20009bdc    00000170     simplelink.a : driver.obj (.text:_SlFindAndSetActiveObj)
                  20009d4c    0000016c                  : socket.obj (.text:sl_Connect)
                  20009eb8    00000150                  : driver.obj (.text:_SlDrvDataWriteOp)
                  2000a008    00000148                  : cc_pal.obj (.text:spi_Open)
                  2000a150    00000136     rtsv7M4_T_le_eabi.lib : fd_div_t2.obj (.text)
                  2000a286    00000002     --HOLE-- [fill = 0]
                  2000a288    0000012c     simplelink.a : netapp.obj (.text:sl_NetAppDnsGetHostByName)
                  2000a3b4    00000128                  : driver.obj (.text:_SlDrvMsgReadCmdCtx)
                  2000a4dc    00000124                  : driver.obj (.text:_SlDrvDriverCBDeinit)
                  2000a600    00000120     main.obj (.text)
                  2000a720    00000118     simplelink.a : socket.obj (.text:sl_Send)
                  2000a838    00000114     rtsv7M4_T_le_eabi.lib : strtoul.obj (.text)
                  2000a94c    00000110                           : xdscale.obj (.text)
                  2000aa5c    00000104     simplelink.a : netapp.obj (.text:_SlDrvNetAppEventHandler)
                  2000ab60    000000fc     rtsv7M4_T_le_eabi.lib : fd_mul_t2.obj (.text)
                  2000ac5c    000000f0     simplelink.a : cc_pal.obj (.text:spi_Read)
                  2000ad4c    000000f0     driverlib.a : udma.obj (.text:uDMAChannelTransferSet)
                  2000ae3c    000000e8     simplelink.a : driver.obj (.text:_SlAsyncEventGenericHandler)
                  2000af24    000000e4                  : device.obj (.text:sl_Stop)
                  2000b008    000000e0                  : device.obj (.text:sl_Start)
                  2000b0e8    000000dc                  : driver.obj (.text:_SlDrvClassifyRxMsg)
                  2000b1c4    000000d4                  : driver.obj (.text:_SlDrvMsgReadSpawnCtx)
                  2000b298    000000cc                  : netapp.obj (.text:_sl_HandleAsync_DnsGetHostByService)
                  2000b364    000000c4                  : driver.obj (.text:_SlRemoveFromList)
                  2000b428    000000c0                  : driver.obj (.text:_SlDrvCmdOp)
                  2000b4e8    000000be     rtsv7M4_T_le_eabi.lib : xdnorm.obj (.text)
                  2000b5a6    00000002     --HOLE-- [fill = 0]
                  2000b5a8    000000b4     simplelink.a : device.obj (.text:sl_DevGet)
                  2000b65c    000000a8     driverlib.a : interrupt.obj (.text:IntDisable)
                  2000b704    000000a8                 : interrupt.obj (.text:IntEnable)
                  2000b7ac    000000a4     simplelink.a : driver.obj (.text:_SlDriverHandleError)
                  2000b850    000000a0     driverlib.a : spi.obj (.text:SPIConfigSetExpClk)
                  2000b8f0    0000009c     rtsv7M4_T_le_eabi.lib : memcpy_t2.obj (.text)
                  2000b98c    0000009a     simplelink.a : device.obj (.text:_SlDrvDeviceEventHandler)
                  2000ba26    00000002     --HOLE-- [fill = 0]
                  2000ba28    00000098                  : cc_pal.obj (.text:spi_Write)
                  2000bac0    00000094     driverlib.a : prcm.obj (.text:PRCMPeripheralClockGet)
                  2000bb54    00000090     simplelink.a : netapp.obj (.text:_sl_HandleAsync_DnsGetHostByName)
                  2000bbe4    00000090                  : netapp.obj (.text:_sl_HandleAsync_PingResponse)
                  2000bc74    0000008c                  : cc_pal.obj (.text:SetupDMAReceive)
                  2000bd00    0000008c                  : cc_pal.obj (.text:SetupDMASend)
                  2000bd8c    00000088     driverlib.a : pin.obj (.text:PinConfigSet)
                  2000be14    00000088     rtsv7M4_T_le_eabi.lib : vsnprintf.obj (.text)
                  2000be9c    00000088     simplelink.a : socket.obj (.text:sl_Recv)
                  2000bf24    00000086     rtsv7M4_T_le_eabi.lib : fd_cmp_t2.obj (.text:__aeabi_cdcmple)
                  2000bfaa    00000086                           : fd_cmp_t2.obj (.text:__aeabi_cdrcmple)
                  2000c030    00000080     simplelink.a : socket.obj (.text:_sl_HandleAsync_Connect)
                  2000c0b0    00000080                  : device.obj (.text:_sl_HandleAsync_InitComplete)
                  2000c130    00000080                  : cc_pal.obj (.text:spi_Read_CPU)
                  2000c1b0    00000080                  : cc_pal.obj (.text:spi_Write_CPU)
                  2000c230    0000007c                  : netcfg.obj (.text:sl_NetCfgSet)
                  2000c2ac    0000007c                  : socket.obj (.text:sl_SetSockOpt)
                  2000c328    0000007c                  : wlan.obj (.text:sl_WlanSet)
                  2000c3a4    0000007a     rtsv7M4_T_le_eabi.lib : memset_t2.obj (.text)
                  2000c41e    00000002     --HOLE-- [fill = 0]
                  2000c420    00000078     simplelink.a : nonos.obj (.text:_SlNonOsSemGet)
                  2000c498    00000078                  : wlan.obj (.text:sl_WlanPolicySet)
                  2000c510    00000078                  : cc_pal.obj (.text:spi_Close)
                  2000c588    00000076     driverlib.a : uart.obj (.text:UARTConfigSetExpClk)
                  2000c5fe    00000002     --HOLE-- [fill = 0]
                  2000c600    00000074     simplelink.a : nonos.obj (.text:_SlNonOsMainLoopTask)
                  2000c674    00000070                  : socket.obj (.text:sl_Socket)
                  2000c6e4    0000006c                  : driver.obj (.text:_SlDrvCmdSend)
                  2000c750    0000006c                  : netapp.obj (.text:_sl_NetAppSendTokenValue)
                  2000c7bc    0000006c     rtsv7M4_T_le_eabi.lib : autoinit.obj (.text)
                  2000c828    0000006c     simplelink.a : wlan.obj (.text:sl_WlanRxFilterSet)
                  2000c894    0000006a     rtsv7M4_T_le_eabi.lib : copy_decompress_rle.obj (.text)
                  2000c8fe    00000066                           : xdunscal.obj (.text)
                  2000c964    00000064     simplelink.a : nonos.obj (.text:_SlNonOsSpawn)
                  2000c9c8    00000064                  : socket.obj (.text:_sl_HandleAsync_Accept)
                  2000ca2c    00000064     driverlib.a : udma.obj (.text:uDMAChannelAttributeDisable)
                  2000ca90    00000064                 : udma.obj (.text:uDMAChannelAttributeEnable)
                  2000caf4    00000060     rtsv7M4_T_le_eabi.lib : sprintf.obj (.text)
                  2000cb54    00000058     driverlib.a : interrupt.obj (.text:IntPendClear)
                  2000cbac    00000058                 : prcm.obj (.text:PRCMPeripheralReset)
                  2000cc04    00000056     rtsv7M4_T_le_eabi.lib : ltoa.obj (.text)
                  2000cc5a    00000002     --HOLE-- [fill = 0]
                  2000cc5c    00000054     driverlib.a : interrupt.obj (.text:IntPrioritySet)
                  2000ccb0    00000054     simplelink.a : driver.obj (.text:_SlDrvRxIrqHandler)
                  2000cd04    00000054                  : socket.obj (.text:_sl_HandleAsync_Select)
                  2000cd58    00000050                  : device.obj (.text:_sl_HandleAsync_Stop)
                  2000cda8    0000004c     driverlib.a : spi.obj (.text:SPIIntEnable)
                  2000cdf4    0000004c                 : spi.obj (.text:SPIIntNumberGet)
                  2000ce40    0000004c     simplelink.a : driver.obj (.text:_SlDrvProtectAsyncRespSetting)
                  2000ce8c    0000004c                  : socket.obj (.text:_sl_BuildAddress)
                  2000ced8    0000004c     rtsv7M4_T_le_eabi.lib : atoi.obj (.text)
                  2000cf24    0000004c                           : cpy_tbl.obj (.text)
                  2000cf70    0000004c                           : rand.obj (.text)
                  2000cfbc    0000004c     driverlib.a : udma.obj (.text:uDMAChannelAssign)
                  2000d008    00000048                 : spi.obj (.text:SPIIntClear)
                  2000d050    00000048     simplelink.a : driver.obj (.text:_SlDrvBasicCmd)
                  2000d098    00000048     rtsv7M4_T_le_eabi.lib : fd_toi_t2.obj (.text)
                  2000d0e0    00000046                           : ldexp.obj (.text)
                  2000d126    00000002     --HOLE-- [fill = 0]
                  2000d128    00000044     driverlib.a : spi.obj (.text:SPIDmaMaskGet)
                  2000d16c    00000044     simplelink.a : driver.obj (.text:_SlDrvHandleHttpServerEvents)
                  2000d1b0    00000044                  : driver.obj (.text:_SlDrvSyncObjWaitTimeout)
                  2000d1f4    00000044                  : cc_pal.obj (.text:cc_SetupTransfer)
                  2000d238    00000044     rtsv7M4_T_le_eabi.lib : exit.obj (.text)
                  2000d27c    00000044     simplelink.a : socket.obj (.text:sl_Close)
                  2000d2c0    00000044                  : wlan.obj (.text:sl_WlanSetMode)
                  2000d304    00000042                  : socket.obj (.text:sl_Htonl)
                  2000d346    00000002     --HOLE-- [fill = 0]
                  2000d348    00000040     driverlib.a : pin.obj (.text:PinModeSet)
                  2000d388    00000040     simplelink.a : driver.obj (.text:_SlDrvHandleNetAppEvents)
                  2000d3c8    00000040                  : driver.obj (.text:_SlDrvHandleWlanEvents)
                  2000d408    00000040                  : socket.obj (.text:_sl_TruncatePayloadByProtocol)
                  2000d448    00000040     rtsv7M4_T_le_eabi.lib : signal.obj (.text)
                  2000d488    0000003e     simplelink.a : cc_pal.obj (.text:NwpRegisterInterruptHandler)
                  2000d4c6    0000003c                  : netapp.obj (.text:CopyPingResultsToReport)
                  2000d502    00000002     --HOLE-- [fill = 0]
                  2000d504    0000003c     driverlib.a : prcm.obj (.text:PRCMPeripheralClkEnable)
                  2000d540    0000003c     rtsv7M4_T_le_eabi.lib : boot.obj (.text)
                  2000d57c    0000003c     simplelink.a : socket.obj (.text:sl_Htons)
                  2000d5b8    0000003c     driverlib.a : udma.obj (.text:uDMAChannelControlSet)
                  2000d5f4    00000038     simplelink.a : cc_pal.obj (.text:NwpPowerOff)
                  2000d62c    00000038     rtsv7M4_T_le_eabi.lib : fs_tod_t2.obj (.text)
                  2000d664    00000034     driverlib.a : prcm.obj (.text:PRCMPeripheralStatusGet)
                  2000d698    00000034                 : spi.obj (.text:SPIFIFOLevelSet)
                  2000d6cc    00000034     rtsv7M4_T_le_eabi.lib : feraiseexcept.obj (.text)
                  2000d700    00000034                           : strstr.obj (.text)
                  2000d734    00000030     driverlib.a : uart.obj (.text:UARTDisable)
                  2000d764    00000030     rtsv7M4_T_le_eabi.lib : strncpy.obj (.text)
                  2000d794    00000030                           : xferaise.obj (.text)
                  2000d7c4    0000002e                           : i_tofd_t2.obj (.text)
                  2000d7f2    0000002e                           : raise.obj (.text)
                  2000d820    0000002c     driverlib.a : prcm.obj (.text:PRCMSysResetCauseGet)
                  2000d84c    0000002c     simplelink.a : driver.obj (.text:_SlDrvObjGlobalLockWaitForever)
                  2000d878    0000002c                  : driver.obj (.text:_SlDrvProtectionObjLockWaitForever)
                  2000d8a4    0000002a     rtsv7M4_T_le_eabi.lib : xdclass.obj (.text)
                  2000d8ce    00000002     --HOLE-- [fill = 0]
                  2000d8d0    00000028     driverlib.a : prcm.obj (.text:PRCMPeripheralClkDisable)
                  2000d8f8    00000028     simplelink.a : driver.obj (.text:_SlDrvGlobalObjUnLock)
                  2000d920    00000028                  : driver.obj (.text:_SlDrvProtectionObjUnLock)
                  2000d948    00000028                  : driver.obj (.text:_SlDrvSyncObjWaitForever)
                  2000d970    00000026     network_common.obj (.text)
                  2000d996    00000026     rtsv7M4_T_le_eabi.lib : strncmp.obj (.text)
                  2000d9bc    00000024     simplelink.a : cc_pal.obj (.text:DmaSpiSwIntHandler)
                  2000d9e0    00000024     driverlib.a : interrupt.obj (.text:IntUnregister)
                  2000da04    00000024                 : uart.obj (.text:UARTEnable)
                  2000da28    00000024     simplelink.a : driver.obj (.text:_SlDrvObjLockWaitForever)
                  2000da4c    00000024     rtsv7M4_T_le_eabi.lib : memmov.obj (.text)
                  2000da70    00000022     driverlib.a : spi.obj (.text:SPIReset)
                  2000da92    00000022                 : spi.obj (.text:SPIWordCountSet)
                  2000dab4    00000022     rtsv7M4_T_le_eabi.lib : frexp.obj (.text)
                  2000dad6    00000002     --HOLE-- [fill = 0]
                  2000dad8    00000020     driverlib.a : interrupt.obj (.text:IntRegister)
                  2000daf8    00000020     simplelink.a : cc_pal.obj (.text:NwpPowerOn)
                  2000db18    00000020                  : driver.obj (.text:_SlDrvObjUnLock)
                  2000db38    00000020                  : driver.obj (.text:_SlDrvSyncObjSignal)
                  2000db58    00000020                  : wlan.obj (.text:sl_WlanDisconnect)
                  2000db78    0000001e     driverlib.a : uart.obj (.text:UARTCharPut)
                  2000db96    0000001e     simplelink.a : cc_pal.obj (.text:cc_UDMAChannelSelect)
                  2000dbb4    0000001c     driverlib.a : uart.obj (.text:UARTCharGetNonBlocking)
                  2000dbd0    0000001c     pinmux.obj (.text)
                  2000dbec    0000001c     rtsv7M4_T_le_eabi.lib : memccpy.obj (.text)
                  2000dc08    0000001c     driverlib.a : udma.obj (.text:uDMAChannelEnable)
                  2000dc24    0000001a                 : pin.obj (.text:PinTypeUART)
                  2000dc3e    0000001a                 : spi.obj (.text:SPIDmaDisable)
                  2000dc58    0000001a                 : spi.obj (.text:SPIDmaEnable)
                  2000dc72    0000001a                 : spi.obj (.text:SPIFIFODisable)
                  2000dc8c    0000001a                 : spi.obj (.text:SPIFIFOEnable)
                  2000dca6    0000001a                 : spi.obj (.text:SPIIntUnregister)
                  2000dcc0    00000018                 : spi.obj (.text:SPICSDisable)
                  2000dcd8    00000018                 : spi.obj (.text:SPICSEnable)
                  2000dcf0    00000018                 : spi.obj (.text:SPIDisable)
                  2000dd08    00000018                 : spi.obj (.text:SPIEnable)
                  2000dd20    00000018                 : uart.obj (.text:UARTCharsAvail)
                  2000dd38    00000018     simplelink.a : nonos.obj (.text:_SlNonOsSemSet)
                  2000dd50    00000018                  : device.obj (.text:_sl_GetStartResponseConvert)
                  2000dd68    00000018     rtsv7M4_T_le_eabi.lib : args_main.obj (.text)
                  2000dd80    00000018                           : strcmp.obj (.text)
                  2000dd98    00000016     driverlib.a : prcm.obj (.text:PRCMHIBRegRead)
                  2000ddae    00000016                 : prcm.obj (.text:PRCMHIBRegWrite)
                  2000ddc4    00000016     simplelink.a : driver.obj (.text:_SlDrvMemZero)
                  2000ddda    00000016     rtsv7M4_T_le_eabi.lib : strchr.obj (.text)
                  2000ddf0    00000014     driverlib.a : cpu.obj (.text:CPUcpsie)
                  2000de04    00000014                 : interrupt.obj (.text:IntVTableBaseSet)
                  2000de18    00000014     rtsv7M4_T_le_eabi.lib : _lock.obj (.text)
                  2000de2c    00000014                           : strcpy.obj (.text)
                  2000de40    00000014                           : strlen.obj (.text)
                  2000de54    00000010     simplelink.a : driver.obj (.text:_SlDrvDispatchHttpServerEvents)
                  2000de64    0000000e                  : driver.obj (.text:_SlDrvResetCmdExt)
                  2000de72    0000000e     rtsv7M4_T_le_eabi.lib : copy_decompress_none.obj (.text:decompress:none)
                  2000de80    0000000e     startup_ccs.obj (.text)
                  2000de8e    00000002     --HOLE-- [fill = 0]
                  2000de90    0000000c     simplelink.a : cc_pal.obj (.text:NwpMaskInterrupt)
                  2000de9c    0000000c                  : cc_pal.obj (.text:NwpUnMaskInterrupt)
                  2000dea8    0000000c     rtsv7M4_T_le_eabi.lib : copy_zero_init.obj (.text:decompress:ZI)
                  2000deb4    0000000a     driverlib.a : interrupt.obj (.text:IntMasterEnable)
                  2000debe    00000006                 : utils.obj (.text:UtilsDelay)
                  2000dec4    00000006     rtsv7M4_T_le_eabi.lib : copy_decompress_rle.obj (.text:decompress:rle24)
                  2000deca    00000004                           : pre_init.obj (.text)

.const     0    2000ded0    0000073c     
                  2000ded0    00000101     rtsv7M4_T_le_eabi.lib : ctype.obj (.const:.string:_ctypes_)
                  2000dfd1    00000003     --HOLE-- [fill = 0]
                  2000dfd4    00000100     driverlib.a : pin.obj (.const:g_ulPinToPadMap)
                  2000e0d4    000000d4                 : interrupt.obj (.const:g_pulRegs)
                  2000e1a8    000000a8                 : prcm.obj (.const:PRCM_PeriphRegsList)
                  2000e250    00000080                 : interrupt.obj (.const)
                  2000e2d0    00000080     thethingsiO.obj (.const)
                  2000e350    00000050     thethingsiO.obj (.const:.string)
                  2000e3a0    0000004d     thethingsiO.obj (.const:.string:$P$T12$15)
                  2000e3ed    00000001     --HOLE-- [fill = 0]
                  2000e3ee    0000003c     simplelink.a : driver.obj (.const:OpcodeTranslateTable)
                  2000e42a    0000003c                  : wlan.obj (.const)
                  2000e466    00000002     --HOLE-- [fill = 0]
                  2000e468    00000038                  : driver.obj (.const:_SlActionLookupTable)
                  2000e4a0    00000038                  : driver.obj (.const)
                  2000e4d8    00000034                  : socket.obj (.const)
                  2000e50c    0000002c     thethingsiO.obj (.const:$P$T1$2)
                  2000e538    00000028     simplelink.a : netapp.obj (.const)
                  2000e560    00000024     driverlib.a : spi.obj (.const:g_ppulSPIIntMap)
                  2000e584    00000022     thethingsiO.obj (.const:.string:$P$T0$1)
                  2000e5a6    0000001c     simplelink.a : device.obj (.const)
                  2000e5c2    00000002     --HOLE-- [fill = 0]
                  2000e5c4    00000018     driverlib.a : spi.obj (.const)
                  2000e5dc    00000010     simplelink.a : socket.obj (.const:.string)
                  2000e5ec    00000010     webclient.a : httpcli.obj (.const)
                  2000e5fc    00000008                 : httpcli.obj (.const:.string)
                  2000e604    00000008     simplelink.a : netcfg.obj (.const)

.cinit     0    2000e610    00000088     
                  2000e610    00000063     (.cinit..data.load) [load image, compression = rle]
                  2000e673    00000001     --HOLE-- [fill = 0]
                  2000e674    0000000c     (__TI_handler_table)
                  2000e680    00000008     (.cinit..bss.load) [load image, compression = zero_init]
                  2000e688    00000010     (__TI_cinit_table)

.bss       0    20017000    00000d1f     UNINITIALIZED
                  20017000    000005b8     thethingsiO.obj (.bss:g_buff)
                  200175b8    00000578     thethingsiO.obj (.bss:g_cBsdBuf)
                  20017b30    00000168     simplelink.a : driver.obj (.bss:g_StatMem)
                  20017c98    00000050                  : cc_pal.obj (.bss:g_ucDinDout)
                  20017ce8    00000024     thethingsiO.obj (.bss:g_ucConnectionSSID)
                  20017d0c    00000008     (.common:g_ucConnectionBSSID)
                  20017d14    00000004     (.common:__Errorlog)
                  20017d18    00000004     (.common:g_ulDestinationIP)
                  20017d1c    00000001     (.common:RxIrqCnt)
                  20017d1d    00000001     (.common:g_bDeviceRestartIsRequired)
                  20017d1e    00000001     (.common:g_cDummy)

.TI.noinit 
*          0    20017000    00000000     UNINITIALIZED

.sysmem    0    20017d20    00000800     UNINITIALIZED
                  20017d20    00000008     rtsv7M4_T_le_eabi.lib : memory.obj (.sysmem)
                  20017d28    000007f8     --HOLE--

.data      0    20018520    00000228     UNINITIALIZED
                  20018520    000000b0     rtsv7M4_T_le_eabi.lib : signal.obj (.data:sigtable)
                  200185d0    00000080                           : xvalues.obj (.data)
                  20018650    00000048     webclient.a : httpcli.obj (.data:tlsParams)
                  20018698    0000003c     simplelink.a : nonos.obj (.data:g__SlNonOsCB)
                  200186d4    00000018     thethingsiO.obj (.data)
                  200186ec    00000010     webclient.a : httpcli.obj (.data)
                  200186fc    0000000d     simplelink.a : driver.obj (.data)
                  20018709    00000003     --HOLE--
                  2001870c    0000000c     rtsv7M4_T_le_eabi.lib : memory.obj (.data)
                  20018718    00000009     simplelink.a : cc_pal.obj (.data)
                  20018721    00000003     --HOLE--
                  20018724    00000008     rtsv7M4_T_le_eabi.lib : _lock.obj (.data)
                  2001872c    00000008                           : exit.obj (.data)
                  20018734    00000008                           : feraiseexcept.obj (.data)
                  2001873c    00000004                           : errno.obj (.data)
                  20018740    00000004                           : rand.obj (.data)
                  20018744    00000004                           : stkdepth_vars.obj (.data)

.TI.persistent 
*          0    20018520    00000000     UNINITIALIZED

.stack     0    2002f800    00000800     UNINITIALIZED
                  2002f800    00000800     --HOLE--


LINKER GENERATED COPY TABLES

__TI_cinit_table @ 2000e688 records: 2, size/record: 8, table size: 16
	.data: load addr=2000e610, load size=00000063 bytes, run addr=20018520, run size=00000228 bytes, compression=rle
	.bss: load addr=2000e680, load size=00000008 bytes, run addr=20017000, run size=00000d1f bytes, compression=zero_init


LINKER GENERATED HANDLER TABLE

__TI_handler_table @ 2000e674 records: 3, size/record: 4, table size: 12
	index: 0, handler: __TI_decompress_rle24
	index: 1, handler: __TI_decompress_none
	index: 2, handler: __TI_zero_init


GLOBAL SYMBOLS: SORTED ALPHABETICALLY BY Name 

address   name                               
-------   ----                               
200054dd  BoardInit                          
2000d239  C$$EXIT                            
2000ddf1  CPUcpsie                           
20008789  ClearTerm                          
200053b9  ConnectToAP                        
20005445  ConnectTo_thethingsiO              
2000d9bd  DmaSpiSwIntHandler                 
20008793  Error                              
200087cb  GetCmd                             
20004e15  HTTPActivate                       
20007457  HTTPCli_connect                    
20007579  HTTPCli_construct                  
200075c1  HTTPCli_create                     
200075d9  HTTPCli_delete                     
2000760f  HTTPCli_destruct                   
20007657  HTTPCli_disconnect                 
2000788d  HTTPCli_getResponseField           
20007857  HTTPCli_getResponseStatus          
20007349  HTTPCli_initSockAddr               
20007a9d  HTTPCli_readRawResponseBody        
20007a11  HTTPCli_readResponseBody           
200077c7  HTTPCli_sendField                  
200076f9  HTTPCli_sendRequest                
2000781f  HTTPCli_sendRequestBody            
20007add  HTTPCli_setProxy                   
2000768d  HTTPCli_setRequestFields           
200076b3  HTTPCli_setResponseFields          
200076d9  HTTPCli_setSecureParams            
2000530f  HTTPGetThing                       
200051ff  HTTPPost2thing                     
20008749  InitTerm                           
200045e1  InitializeAppVariables             
2000b65d  IntDisable                         
2000b705  IntEnable                          
2000deb5  IntMasterEnable                    
2000cb55  IntPendClear                       
2000cc5d  IntPrioritySet                     
2000dad9  IntRegister                        
2000d9e1  IntUnregister                      
2000de05  IntVTableBaseSet                   
20008767  Message                            
2000de91  NwpMaskInterrupt                   
2000d5f5  NwpPowerOff                        
2000daf9  NwpPowerOn                         
2000d489  NwpRegisterInterruptHandler        
2000de9d  NwpUnMaskInterrupt                 
2000e3ee  OpcodeTranslateTable               
20009a65  PRCMCC3200MCUInit                  
2000dd99  PRCMHIBRegRead                     
2000ddaf  PRCMHIBRegWrite                    
2000d8d1  PRCMPeripheralClkDisable           
2000d505  PRCMPeripheralClkEnable            
2000bac1  PRCMPeripheralClockGet             
2000cbad  PRCMPeripheralReset                
2000d665  PRCMPeripheralStatusGet            
2000d821  PRCMSysResetCauseGet               
2000bd8d  PinConfigSet                       
2000d349  PinModeSet                         
2000dbd1  PinMuxConfig                       
2000dc25  PinTypeUART                        
20008909  Report                             
2000de81  ResetISR                           
20017d1c  RxIrqCnt                           
UNDEFED   SHT$$INIT_ARRAY$$Base              
UNDEFED   SHT$$INIT_ARRAY$$Limit             
2000dcc1  SPICSDisable                       
2000dcd9  SPICSEnable                        
2000b851  SPIConfigSetExpClk                 
2000dcf1  SPIDisable                         
2000dc3f  SPIDmaDisable                      
2000dc59  SPIDmaEnable                       
2000dd09  SPIEnable                          
2000dc73  SPIFIFODisable                     
2000dc8d  SPIFIFOEnable                      
2000d699  SPIFIFOLevelSet                    
2000d009  SPIIntClear                        
2000cda9  SPIIntEnable                       
2000dca7  SPIIntUnregister                   
2000da71  SPIReset                           
2000da93  SPIWordCountSet                    
200045b1  SimpleLinkGeneralEventHandler      
200045a1  SimpleLinkHttpServerCallback       
20004509  SimpleLinkNetAppEventHandler       
200045c9  SimpleLinkSockEventHandler         
20004401  SimpleLinkWlanEventHandler         
20008475  Ssock_construct                    
200084b5  Ssock_create                       
200084cf  Ssock_delete                       
200084f7  Ssock_destruct                     
20008549  Ssock_getSocket                    
20008557  Ssock_recv                         
200085b1  Ssock_recvall                      
200085f5  Ssock_send                         
2000870f  Ssock_startSecure                  
20008871  TrimSpace                          
2000dbb5  UARTCharGetNonBlocking             
2000db79  UARTCharPut                        
2000dd21  UARTCharsAvail                     
2000c589  UARTConfigSetExpClk                
2000d735  UARTDisable                        
2000da05  UARTEnable                         
2000debf  UtilsDelay                         
2000d8a5  _Dclass                            
200185d0  _Denorm                            
2000b4e9  _Dnorm                             
2000a94d  _Dscale                            
2000c8ff  _Dunscale                          
200185e0  _Eps                               
2001873c  _Errno                             
20018734  _Fenv                              
2000d795  _Feraise                           
200185f0  _Hugeval                           
20018600  _Inf                               
20018610  _Nan                               
20018630  _Rteps                             
2000e468  _SlActionLookupTable               
2000b7ad  _SlDriverHandleError               
2000d051  _SlDrvBasicCmd                     
2000b429  _SlDrvCmdOp                        
2000c6e5  _SlDrvCmdSend                      
20009019  _SlDrvDataReadOp                   
20009eb9  _SlDrvDataWriteOp                  
2000b98d  _SlDrvDeviceEventHandler           
2000de55  _SlDrvDispatchHttpServerEvents     
2000a4dd  _SlDrvDriverCBDeinit               
20009585  _SlDrvDriverCBInit                 
2000d8f9  _SlDrvGlobalObjUnLock              
2000d16d  _SlDrvHandleHttpServerEvents       
2000d389  _SlDrvHandleNetAppEvents           
2000d3c9  _SlDrvHandleWlanEvents             
2000ddc5  _SlDrvMemZero                      
2000b1c5  _SlDrvMsgReadSpawnCtx              
2000aa5d  _SlDrvNetAppEventHandler           
2000da29  _SlDrvObjLockWaitForever           
2000db19  _SlDrvObjUnLock                    
2000ce41  _SlDrvProtectAsyncRespSetting      
2000d879  _SlDrvProtectionObjLockWaitForever 
2000d921  _SlDrvProtectionObjUnLock          
200091fd  _SlDrvReleasePoolObj               
2000de65  _SlDrvResetCmdExt                  
2000ccb1  _SlDrvRxIrqHandler                 
2000db39  _SlDrvSyncObjSignal                
2000d949  _SlDrvSyncObjWaitForever           
2000d1b1  _SlDrvSyncObjWaitTimeout           
200098d5  _SlDrvWaitForPoolObj               
2000e554  _SlNetAppSendTokenValueCmdCtrl     
2000c601  _SlNonOsMainLoopTask               
2000c421  _SlNonOsSemGet                     
2000dd39  _SlNonOsSemSet                     
2000c965  _SlNonOsSpawn                      
20018620  _Snan                              
20018738  _Tls_setup__Fenv                   
20018640  _Xbig                              
20018648  _Zero                              
20030000  __STACK_END                        
00000800  __STACK_SIZE                       
00000800  __SYSMEM_SIZE                      
2000e688  __TI_CINIT_Base                    
2000e698  __TI_CINIT_Limit                   
2000e674  __TI_Handler_Table_Base            
2000e680  __TI_Handler_Table_Limit           
2000c7bd  __TI_auto_init                     
2001872c  __TI_cleanup_ptr                   
2000de73  __TI_decompress_none               
2000dec5  __TI_decompress_rle24              
20018730  __TI_dtors_ptr                     
20006825  __TI_printfi                       
2000e610  __TI_static_base__                 
2000dea9  __TI_zero_init                     
2000bf25  __aeabi_cdcmpeq                    
2000bf25  __aeabi_cdcmple                    
2000bfab  __aeabi_cdrcmple                   
2000d099  __aeabi_d2iz                       
200093d7  __aeabi_dadd                       
2000a151  __aeabi_ddiv                       
2000ab61  __aeabi_dmul                       
200093cd  __aeabi_dsub                       
2000d62d  __aeabi_f2d                        
2000d7c5  __aeabi_i2d                        
2000c3a5  __aeabi_memclr                     
2000c3a5  __aeabi_memclr4                    
2000c3a5  __aeabi_memclr8                    
2000b8f1  __aeabi_memcpy                     
2000b8f1  __aeabi_memcpy4                    
2000b8f1  __aeabi_memcpy8                    
2000c3a7  __aeabi_memset                     
2000c3a7  __aeabi_memset4                    
2000c3a7  __aeabi_memset8                    
20008e25  __aeabi_uldivmod                   
ffffffff  __binit__                          
ffffffff  __c_args__                         
2002f800  __stack                            
2000dd69  _args_main                         
2000d541  _c_int00                           
2000ded0  _ctypes_                           
20018724  _lock                              
2000de27  _nop                               
2000de1f  _register_lock                     
2000de19  _register_unlock                   
2000c9c9  _sl_HandleAsync_Accept             
2000c031  _sl_HandleAsync_Connect            
2000bb55  _sl_HandleAsync_DnsGetHostByName   
2000b299  _sl_HandleAsync_DnsGetHostByService
2000c0b1  _sl_HandleAsync_InitComplete       
2000bbe5  _sl_HandleAsync_PingResponse       
2000cd05  _sl_HandleAsync_Select             
2000cd59  _sl_HandleAsync_Stop               
2000c751  _sl_NetAppSendTokenValue           
20017d20  _sys_memory                        
2000decb  _system_pre_init                   
20018728  _unlock                            
2000d23d  abort                              
2000ced9  atoi                               
ffffffff  binit                              
20006b73  bufferedRecv                       
200186dc  bytesReceived                      
20008429  calloc                             
2000cf25  copy_in                            
2000d245  exit                               
2000d6cd  feraiseexcept                      
20008177  free                               
2000dab5  frexp                              
20018718  g_SpiFd                            
20018698  g__SlNonOsCB                       
20017d1d  g_bDeviceRestartIsRequired         
20017000  g_buff                             
200175b8  g_cBsdBuf                          
20017d1e  g_cDummy                           
20018700  g_pCB                              
2001871c  g_pHostIntHdl                      
20004000  g_pfnVectors                       
20017d0c  g_ucConnectionBSSID                
20017ce8  g_ucConnectionSSID                 
20018720  g_ucDMAEnabled                     
20017c98  g_ucDinDout                        
20017d18  g_ulDestinationIP                  
200186e0  g_ulDestinationIp                  
200186d8  g_ulGatewayIP                      
200186d4  g_ulStatus                         
2000d0e1  ldexp                              
2000cc05  ltoa                               
2000a601  main                               
20018744  main_func_sp                       
2000810f  malloc                             
20008345  memalign                           
2000dbed  memccpy                            
2000b8f1  memcpy                             
2000da4d  memmove                            
2000c3ad  memset                             
20008081  minit                              
20018704  pPingCallBackFunc                  
2000d7f3  raise                              
2000cf87  rand                               
20004c5d  readResponse_2                     
20008239  realloc                            
2000d449  signal                             
2000d27d  sl_Close                           
20009d4d  sl_Connect                         
2000b5a9  sl_DevGet                          
2000d305  sl_Htonl                           
2000d57d  sl_Htons                           
2000a289  sl_NetAppDnsGetHostByName          
2000c231  sl_NetCfgSet                       
2000d971  sl_Provisioning_HttpServerEventHdl 
2000d97f  sl_Provisioning_NetAppEventHdl     
2000d98b  sl_Provisioning_WlanEventHdl       
2000be9d  sl_Recv                            
2000a721  sl_Send                            
2000c2ad  sl_SetSockOpt                      
2000c675  sl_Socket                          
2000b009  sl_Start                           
2000af25  sl_Stop                            
200089c9  sl_WlanConnect                     
2000db59  sl_WlanDisconnect                  
2000c499  sl_WlanPolicySet                   
2000c829  sl_WlanRxFilterSet                 
2000c329  sl_WlanSet                         
2000d2c1  sl_WlanSetMode                     
2000c511  spi_Close                          
2000a009  spi_Open                           
2000ac5d  spi_Read                           
2000ba29  spi_Write                          
2000caf5  sprintf                            
2000cf71  srand                              
2000dddb  strchr                             
2000dd81  strcmp                             
2000de2d  strcpy                             
2000de41  strlen                             
2000d997  strncmp                            
2000d765  strncpy                            
2000d701  strstr                             
2000a839  strtoul                            
200054fb  thing_activate                     
20005565  thing_read                         
20005517  thing_read_limit                   
2000579d  thing_subscribe                    
200055cd  thing_write_double                 
20005601  thing_write_float                  
200055a1  thing_write_int                    
20005577  thing_write_string                 
2000cfbd  uDMAChannelAssign                  
2000ca2d  uDMAChannelAttributeDisable        
2000ca91  uDMAChannelAttributeEnable         
2000d5b9  uDMAChannelControlSet              
2000dc09  uDMAChannelEnable                  
2000ad4d  uDMAChannelTransferSet             
2000be15  vsnprintf                          


GLOBAL SYMBOLS: SORTED BY Symbol Address 

address   name                               
-------   ----                               
00000800  __STACK_SIZE                       
00000800  __SYSMEM_SIZE                      
20004000  g_pfnVectors                       
20004401  SimpleLinkWlanEventHandler         
20004509  SimpleLinkNetAppEventHandler       
200045a1  SimpleLinkHttpServerCallback       
200045b1  SimpleLinkGeneralEventHandler      
200045c9  SimpleLinkSockEventHandler         
200045e1  InitializeAppVariables             
20004c5d  readResponse_2                     
20004e15  HTTPActivate                       
200051ff  HTTPPost2thing                     
2000530f  HTTPGetThing                       
200053b9  ConnectToAP                        
20005445  ConnectTo_thethingsiO              
200054dd  BoardInit                          
200054fb  thing_activate                     
20005517  thing_read_limit                   
20005565  thing_read                         
20005577  thing_write_string                 
200055a1  thing_write_int                    
200055cd  thing_write_double                 
20005601  thing_write_float                  
2000579d  thing_subscribe                    
20006825  __TI_printfi                       
20006b73  bufferedRecv                       
20007349  HTTPCli_initSockAddr               
20007457  HTTPCli_connect                    
20007579  HTTPCli_construct                  
200075c1  HTTPCli_create                     
200075d9  HTTPCli_delete                     
2000760f  HTTPCli_destruct                   
20007657  HTTPCli_disconnect                 
2000768d  HTTPCli_setRequestFields           
200076b3  HTTPCli_setResponseFields          
200076d9  HTTPCli_setSecureParams            
200076f9  HTTPCli_sendRequest                
200077c7  HTTPCli_sendField                  
2000781f  HTTPCli_sendRequestBody            
20007857  HTTPCli_getResponseStatus          
2000788d  HTTPCli_getResponseField           
20007a11  HTTPCli_readResponseBody           
20007a9d  HTTPCli_readRawResponseBody        
20007add  HTTPCli_setProxy                   
20008081  minit                              
2000810f  malloc                             
20008177  free                               
20008239  realloc                            
20008345  memalign                           
20008429  calloc                             
20008475  Ssock_construct                    
200084b5  Ssock_create                       
200084cf  Ssock_delete                       
200084f7  Ssock_destruct                     
20008549  Ssock_getSocket                    
20008557  Ssock_recv                         
200085b1  Ssock_recvall                      
200085f5  Ssock_send                         
2000870f  Ssock_startSecure                  
20008749  InitTerm                           
20008767  Message                            
20008789  ClearTerm                          
20008793  Error                              
200087cb  GetCmd                             
20008871  TrimSpace                          
20008909  Report                             
200089c9  sl_WlanConnect                     
20008e25  __aeabi_uldivmod                   
20009019  _SlDrvDataReadOp                   
200091fd  _SlDrvReleasePoolObj               
200093cd  __aeabi_dsub                       
200093d7  __aeabi_dadd                       
20009585  _SlDrvDriverCBInit                 
200098d5  _SlDrvWaitForPoolObj               
20009a65  PRCMCC3200MCUInit                  
20009d4d  sl_Connect                         
20009eb9  _SlDrvDataWriteOp                  
2000a009  spi_Open                           
2000a151  __aeabi_ddiv                       
2000a289  sl_NetAppDnsGetHostByName          
2000a4dd  _SlDrvDriverCBDeinit               
2000a601  main                               
2000a721  sl_Send                            
2000a839  strtoul                            
2000a94d  _Dscale                            
2000aa5d  _SlDrvNetAppEventHandler           
2000ab61  __aeabi_dmul                       
2000ac5d  spi_Read                           
2000ad4d  uDMAChannelTransferSet             
2000af25  sl_Stop                            
2000b009  sl_Start                           
2000b1c5  _SlDrvMsgReadSpawnCtx              
2000b299  _sl_HandleAsync_DnsGetHostByService
2000b429  _SlDrvCmdOp                        
2000b4e9  _Dnorm                             
2000b5a9  sl_DevGet                          
2000b65d  IntDisable                         
2000b705  IntEnable                          
2000b7ad  _SlDriverHandleError               
2000b851  SPIConfigSetExpClk                 
2000b8f1  __aeabi_memcpy                     
2000b8f1  __aeabi_memcpy4                    
2000b8f1  __aeabi_memcpy8                    
2000b8f1  memcpy                             
2000b98d  _SlDrvDeviceEventHandler           
2000ba29  spi_Write                          
2000bac1  PRCMPeripheralClockGet             
2000bb55  _sl_HandleAsync_DnsGetHostByName   
2000bbe5  _sl_HandleAsync_PingResponse       
2000bd8d  PinConfigSet                       
2000be15  vsnprintf                          
2000be9d  sl_Recv                            
2000bf25  __aeabi_cdcmpeq                    
2000bf25  __aeabi_cdcmple                    
2000bfab  __aeabi_cdrcmple                   
2000c031  _sl_HandleAsync_Connect            
2000c0b1  _sl_HandleAsync_InitComplete       
2000c231  sl_NetCfgSet                       
2000c2ad  sl_SetSockOpt                      
2000c329  sl_WlanSet                         
2000c3a5  __aeabi_memclr                     
2000c3a5  __aeabi_memclr4                    
2000c3a5  __aeabi_memclr8                    
2000c3a7  __aeabi_memset                     
2000c3a7  __aeabi_memset4                    
2000c3a7  __aeabi_memset8                    
2000c3ad  memset                             
2000c421  _SlNonOsSemGet                     
2000c499  sl_WlanPolicySet                   
2000c511  spi_Close                          
2000c589  UARTConfigSetExpClk                
2000c601  _SlNonOsMainLoopTask               
2000c675  sl_Socket                          
2000c6e5  _SlDrvCmdSend                      
2000c751  _sl_NetAppSendTokenValue           
2000c7bd  __TI_auto_init                     
2000c829  sl_WlanRxFilterSet                 
2000c8ff  _Dunscale                          
2000c965  _SlNonOsSpawn                      
2000c9c9  _sl_HandleAsync_Accept             
2000ca2d  uDMAChannelAttributeDisable        
2000ca91  uDMAChannelAttributeEnable         
2000caf5  sprintf                            
2000cb55  IntPendClear                       
2000cbad  PRCMPeripheralReset                
2000cc05  ltoa                               
2000cc5d  IntPrioritySet                     
2000ccb1  _SlDrvRxIrqHandler                 
2000cd05  _sl_HandleAsync_Select             
2000cd59  _sl_HandleAsync_Stop               
2000cda9  SPIIntEnable                       
2000ce41  _SlDrvProtectAsyncRespSetting      
2000ced9  atoi                               
2000cf25  copy_in                            
2000cf71  srand                              
2000cf87  rand                               
2000cfbd  uDMAChannelAssign                  
2000d009  SPIIntClear                        
2000d051  _SlDrvBasicCmd                     
2000d099  __aeabi_d2iz                       
2000d0e1  ldexp                              
2000d16d  _SlDrvHandleHttpServerEvents       
2000d1b1  _SlDrvSyncObjWaitTimeout           
2000d239  C$$EXIT                            
2000d23d  abort                              
2000d245  exit                               
2000d27d  sl_Close                           
2000d2c1  sl_WlanSetMode                     
2000d305  sl_Htonl                           
2000d349  PinModeSet                         
2000d389  _SlDrvHandleNetAppEvents           
2000d3c9  _SlDrvHandleWlanEvents             
2000d449  signal                             
2000d489  NwpRegisterInterruptHandler        
2000d505  PRCMPeripheralClkEnable            
2000d541  _c_int00                           
2000d57d  sl_Htons                           
2000d5b9  uDMAChannelControlSet              
2000d5f5  NwpPowerOff                        
2000d62d  __aeabi_f2d                        
2000d665  PRCMPeripheralStatusGet            
2000d699  SPIFIFOLevelSet                    
2000d6cd  feraiseexcept                      
2000d701  strstr                             
2000d735  UARTDisable                        
2000d765  strncpy                            
2000d795  _Feraise                           
2000d7c5  __aeabi_i2d                        
2000d7f3  raise                              
2000d821  PRCMSysResetCauseGet               
2000d879  _SlDrvProtectionObjLockWaitForever 
2000d8a5  _Dclass                            
2000d8d1  PRCMPeripheralClkDisable           
2000d8f9  _SlDrvGlobalObjUnLock              
2000d921  _SlDrvProtectionObjUnLock          
2000d949  _SlDrvSyncObjWaitForever           
2000d971  sl_Provisioning_HttpServerEventHdl 
2000d97f  sl_Provisioning_NetAppEventHdl     
2000d98b  sl_Provisioning_WlanEventHdl       
2000d997  strncmp                            
2000d9bd  DmaSpiSwIntHandler                 
2000d9e1  IntUnregister                      
2000da05  UARTEnable                         
2000da29  _SlDrvObjLockWaitForever           
2000da4d  memmove                            
2000da71  SPIReset                           
2000da93  SPIWordCountSet                    
2000dab5  frexp                              
2000dad9  IntRegister                        
2000daf9  NwpPowerOn                         
2000db19  _SlDrvObjUnLock                    
2000db39  _SlDrvSyncObjSignal                
2000db59  sl_WlanDisconnect                  
2000db79  UARTCharPut                        
2000dbb5  UARTCharGetNonBlocking             
2000dbd1  PinMuxConfig                       
2000dbed  memccpy                            
2000dc09  uDMAChannelEnable                  
2000dc25  PinTypeUART                        
2000dc3f  SPIDmaDisable                      
2000dc59  SPIDmaEnable                       
2000dc73  SPIFIFODisable                     
2000dc8d  SPIFIFOEnable                      
2000dca7  SPIIntUnregister                   
2000dcc1  SPICSDisable                       
2000dcd9  SPICSEnable                        
2000dcf1  SPIDisable                         
2000dd09  SPIEnable                          
2000dd21  UARTCharsAvail                     
2000dd39  _SlNonOsSemSet                     
2000dd69  _args_main                         
2000dd81  strcmp                             
2000dd99  PRCMHIBRegRead                     
2000ddaf  PRCMHIBRegWrite                    
2000ddc5  _SlDrvMemZero                      
2000dddb  strchr                             
2000ddf1  CPUcpsie                           
2000de05  IntVTableBaseSet                   
2000de19  _register_unlock                   
2000de1f  _register_lock                     
2000de27  _nop                               
2000de2d  strcpy                             
2000de41  strlen                             
2000de55  _SlDrvDispatchHttpServerEvents     
2000de65  _SlDrvResetCmdExt                  
2000de73  __TI_decompress_none               
2000de81  ResetISR                           
2000de91  NwpMaskInterrupt                   
2000de9d  NwpUnMaskInterrupt                 
2000dea9  __TI_zero_init                     
2000deb5  IntMasterEnable                    
2000debf  UtilsDelay                         
2000dec5  __TI_decompress_rle24              
2000decb  _system_pre_init                   
2000ded0  _ctypes_                           
2000e3ee  OpcodeTranslateTable               
2000e468  _SlActionLookupTable               
2000e554  _SlNetAppSendTokenValueCmdCtrl     
2000e610  __TI_static_base__                 
2000e674  __TI_Handler_Table_Base            
2000e680  __TI_Handler_Table_Limit           
2000e688  __TI_CINIT_Base                    
2000e698  __TI_CINIT_Limit                   
20017000  g_buff                             
200175b8  g_cBsdBuf                          
20017c98  g_ucDinDout                        
20017ce8  g_ucConnectionSSID                 
20017d0c  g_ucConnectionBSSID                
20017d18  g_ulDestinationIP                  
20017d1c  RxIrqCnt                           
20017d1d  g_bDeviceRestartIsRequired         
20017d1e  g_cDummy                           
20017d20  _sys_memory                        
200185d0  _Denorm                            
200185e0  _Eps                               
200185f0  _Hugeval                           
20018600  _Inf                               
20018610  _Nan                               
20018620  _Snan                              
20018630  _Rteps                             
20018640  _Xbig                              
20018648  _Zero                              
20018698  g__SlNonOsCB                       
200186d4  g_ulStatus                         
200186d8  g_ulGatewayIP                      
200186dc  bytesReceived                      
200186e0  g_ulDestinationIp                  
20018700  g_pCB                              
20018704  pPingCallBackFunc                  
20018718  g_SpiFd                            
2001871c  g_pHostIntHdl                      
20018720  g_ucDMAEnabled                     
20018724  _lock                              
20018728  _unlock                            
2001872c  __TI_cleanup_ptr                   
20018730  __TI_dtors_ptr                     
20018734  _Fenv                              
20018738  _Tls_setup__Fenv                   
2001873c  _Errno                             
20018744  main_func_sp                       
2002f800  __stack                            
20030000  __STACK_END                        
ffffffff  __binit__                          
ffffffff  __c_args__                         
ffffffff  binit                              
UNDEFED   SHT$$INIT_ARRAY$$Base              
UNDEFED   SHT$$INIT_ARRAY$$Limit             

[307 symbols]
