******************************************************************************
                  TI ARM Linker PC v5.2.7                      
******************************************************************************
>> Linked Fri May 13 13:10:22 2016

OUTPUT FILE NAME:   <thing_lib.out>
ENTRY POINT SYMBOL: "_c_int00"  address: 2000e42d


MEMORY CONFIGURATION

         name            origin    length      used     unused   attr    fill
----------------------  --------  ---------  --------  --------  ----  --------
  SRAM_CODE             20004000   00013000  0000b542  00007abe  RW X
  SRAM_DATA             20017000   00019000  00001f3f  000170c1  RW X


SEGMENT ALLOCATION MAP

run origin  load origin   length   init length attrs members
----------  ----------- ---------- ----------- ----- -------
20004000    20004000    0000b548   0000b548    r-x
  20004000    20004000    00000400   00000400    r-- .intvecs
  20004400    20004400    0000a982   0000a982    r-x .text
  2000ed84    2000ed84    00000738   00000738    r-- .const
  2000f4c0    2000f4c0    00000088   00000088    r-- .cinit
20017000    20017000    00001740   00000000    rw-
  20017000    20017000    00000d1f   00000000    rw- .bss
  20017d20    20017d20    00000800   00000000    rw- .sysmem
  20018520    20018520    00000220   00000000    rw- .data
2002f800    2002f800    00000800   00000000    rw-
  2002f800    2002f800    00000800   00000000    rw- .stack


SECTION ALLOCATION MAP

 output                                  attributes/
section   page    origin      length       input sections
--------  ----  ----------  ----------   ----------------
.intvecs   0    20004000    00000400     
                  20004000    00000400     startup_ccs.obj (.intvecs)

.init_array 
*          0    20004000    00000000     UNINITIALIZED

.text      0    20004400    0000a982     
                  20004400    00001f96     main.obj (.text)
                  20006396    00000002     driverlib.a : interrupt.obj (.text:IntDefaultHandler)
                  20006398    000010a6     rtsv7M4_T_le_eabi.lib : _printfi.obj (.text)
                  2000743e    00000002     --HOLE-- [fill = 0]
                  20007440    00000fc4     webclient.a : httpcli.obj (.text)
                  20008404    000005f0     json.a : jsmn.obj (.text)
                  200089f4    00000590     simplelink.a : driver.obj (.text:_SlDrvMsgRead)
                  20008f84    000003dc     rtsv7M4_T_le_eabi.lib : memory.obj (.text)
                  20009360    000002ea     webclient.a : ssock.obj (.text)
                  2000964a    00000002     --HOLE-- [fill = 0]
                  2000964c    00000280     uart_if.obj (.text)
                  200098cc    00000260     simplelink.a : wlan.obj (.text:sl_WlanConnect)
                  20009b2c    000001fc                  : driver.obj (.text:_SlDrvRxHdrRead)
                  20009d28    000001f4     rtsv7M4_T_le_eabi.lib : ull_div_t2.obj (.text)
                  20009f1c    000001e4     simplelink.a : driver.obj (.text:_SlDrvDataReadOp)
                  2000a100    000001d0                  : driver.obj (.text:_SlDrvReleasePoolObj)
                  2000a2d0    000001b6     rtsv7M4_T_le_eabi.lib : fd_add_t2.obj (.text)
                  2000a486    00000002     --HOLE-- [fill = 0]
                  2000a488    000001b4     simplelink.a : driver.obj (.text:_SlDrvDriverCBInit)
                  2000a63c    0000019c                  : driver.obj (.text:_SlDrvMsgWrite)
                  2000a7d8    00000190                  : driver.obj (.text:_SlDrvWaitForPoolObj)
                  2000a968    00000178     driverlib.a : prcm.obj (.text:PRCMCC3200MCUInit)
                  2000aae0    00000170     simplelink.a : driver.obj (.text:_SlFindAndSetActiveObj)
                  2000ac50    0000016c                  : socket.obj (.text:sl_Connect)
                  2000adbc    00000150                  : driver.obj (.text:_SlDrvDataWriteOp)
                  2000af0c    00000148                  : cc_pal.obj (.text:spi_Open)
                  2000b054    00000136     rtsv7M4_T_le_eabi.lib : fd_div_t2.obj (.text)
                  2000b18a    00000002     --HOLE-- [fill = 0]
                  2000b18c    0000012c     simplelink.a : netapp.obj (.text:sl_NetAppDnsGetHostByName)
                  2000b2b8    00000128                  : driver.obj (.text:_SlDrvMsgReadCmdCtx)
                  2000b3e0    00000124                  : driver.obj (.text:_SlDrvDriverCBDeinit)
                  2000b504    00000118                  : socket.obj (.text:sl_Send)
                  2000b61c    00000114     rtsv7M4_T_le_eabi.lib : strtoul.obj (.text)
                  2000b730    00000110                           : xdscale.obj (.text)
                  2000b840    00000104     simplelink.a : netapp.obj (.text:_SlDrvNetAppEventHandler)
                  2000b944    000000fc     rtsv7M4_T_le_eabi.lib : fd_mul_t2.obj (.text)
                  2000ba40    000000f0     simplelink.a : cc_pal.obj (.text:spi_Read)
                  2000bb30    000000f0     driverlib.a : udma.obj (.text:uDMAChannelTransferSet)
                  2000bc20    000000e8     simplelink.a : driver.obj (.text:_SlAsyncEventGenericHandler)
                  2000bd08    000000e4                  : device.obj (.text:sl_Stop)
                  2000bdec    000000e0                  : device.obj (.text:sl_Start)
                  2000becc    000000dc                  : driver.obj (.text:_SlDrvClassifyRxMsg)
                  2000bfa8    000000d4                  : driver.obj (.text:_SlDrvMsgReadSpawnCtx)
                  2000c07c    000000cc                  : netapp.obj (.text:_sl_HandleAsync_DnsGetHostByService)
                  2000c148    000000c8                  : netapp.obj (.text:sl_NetAppMDNSRegisterUnregisterService)
                  2000c210    000000c4                  : driver.obj (.text:_SlRemoveFromList)
                  2000c2d4    000000c0                  : driver.obj (.text:_SlDrvCmdOp)
                  2000c394    000000be     rtsv7M4_T_le_eabi.lib : xdnorm.obj (.text)
                  2000c452    00000002     --HOLE-- [fill = 0]
                  2000c454    000000b4     simplelink.a : device.obj (.text:sl_DevGet)
                  2000c508    000000a8     driverlib.a : interrupt.obj (.text:IntDisable)
                  2000c5b0    000000a8                 : interrupt.obj (.text:IntEnable)
                  2000c658    000000a4     simplelink.a : driver.obj (.text:_SlDriverHandleError)
                  2000c6fc    000000a0     driverlib.a : spi.obj (.text:SPIConfigSetExpClk)
                  2000c79c    0000009c     rtsv7M4_T_le_eabi.lib : memcpy_t2.obj (.text)
                  2000c838    0000009a     simplelink.a : device.obj (.text:_SlDrvDeviceEventHandler)
                  2000c8d2    00000002     --HOLE-- [fill = 0]
                  2000c8d4    00000098                  : cc_pal.obj (.text:spi_Write)
                  2000c96c    00000094     driverlib.a : prcm.obj (.text:PRCMPeripheralClockGet)
                  2000ca00    00000090     simplelink.a : netapp.obj (.text:_sl_HandleAsync_DnsGetHostByName)
                  2000ca90    00000090                  : netapp.obj (.text:_sl_HandleAsync_PingResponse)
                  2000cb20    0000008c                  : cc_pal.obj (.text:SetupDMAReceive)
                  2000cbac    0000008c                  : cc_pal.obj (.text:SetupDMASend)
                  2000cc38    00000088     driverlib.a : pin.obj (.text:PinConfigSet)
                  2000ccc0    00000088     rtsv7M4_T_le_eabi.lib : vsnprintf.obj (.text)
                  2000cd48    00000088     simplelink.a : socket.obj (.text:sl_Recv)
                  2000cdd0    00000086     rtsv7M4_T_le_eabi.lib : fd_cmp_t2.obj (.text:__aeabi_cdcmple)
                  2000ce56    00000086                           : fd_cmp_t2.obj (.text:__aeabi_cdrcmple)
                  2000cedc    00000080     simplelink.a : socket.obj (.text:_sl_HandleAsync_Connect)
                  2000cf5c    00000080                  : device.obj (.text:_sl_HandleAsync_InitComplete)
                  2000cfdc    00000080                  : cc_pal.obj (.text:spi_Read_CPU)
                  2000d05c    00000080                  : cc_pal.obj (.text:spi_Write_CPU)
                  2000d0dc    0000007c                  : netcfg.obj (.text:sl_NetCfgSet)
                  2000d158    0000007c                  : socket.obj (.text:sl_SetSockOpt)
                  2000d1d4    0000007c                  : wlan.obj (.text:sl_WlanSet)
                  2000d250    0000007a     rtsv7M4_T_le_eabi.lib : memset_t2.obj (.text)
                  2000d2ca    00000002     --HOLE-- [fill = 0]
                  2000d2cc    00000078     simplelink.a : nonos.obj (.text:_SlNonOsSemGet)
                  2000d344    00000078                  : wlan.obj (.text:sl_WlanPolicySet)
                  2000d3bc    00000078                  : cc_pal.obj (.text:spi_Close)
                  2000d434    00000076     driverlib.a : uart.obj (.text:UARTConfigSetExpClk)
                  2000d4aa    00000002     --HOLE-- [fill = 0]
                  2000d4ac    00000074     simplelink.a : nonos.obj (.text:_SlNonOsMainLoopTask)
                  2000d520    00000070                  : socket.obj (.text:sl_Socket)
                  2000d590    0000006c                  : driver.obj (.text:_SlDrvCmdSend)
                  2000d5fc    0000006c                  : netapp.obj (.text:_sl_NetAppSendTokenValue)
                  2000d668    0000006c     rtsv7M4_T_le_eabi.lib : autoinit.obj (.text)
                  2000d6d4    0000006c     simplelink.a : wlan.obj (.text:sl_WlanRxFilterSet)
                  2000d740    0000006a     rtsv7M4_T_le_eabi.lib : copy_decompress_rle.obj (.text)
                  2000d7aa    00000066                           : xdunscal.obj (.text)
                  2000d810    00000064     simplelink.a : nonos.obj (.text:_SlNonOsSpawn)
                  2000d874    00000064                  : socket.obj (.text:_sl_HandleAsync_Accept)
                  2000d8d8    00000064     driverlib.a : udma.obj (.text:uDMAChannelAttributeDisable)
                  2000d93c    00000064                 : udma.obj (.text:uDMAChannelAttributeEnable)
                  2000d9a0    00000060     rtsv7M4_T_le_eabi.lib : sprintf.obj (.text)
                  2000da00    00000058     driverlib.a : interrupt.obj (.text:IntPendClear)
                  2000da58    00000058                 : prcm.obj (.text:PRCMPeripheralReset)
                  2000dab0    00000056     rtsv7M4_T_le_eabi.lib : ltoa.obj (.text)
                  2000db06    00000002     --HOLE-- [fill = 0]
                  2000db08    00000054     driverlib.a : interrupt.obj (.text:IntPrioritySet)
                  2000db5c    00000054     simplelink.a : driver.obj (.text:_SlDrvRxIrqHandler)
                  2000dbb0    00000054                  : socket.obj (.text:_sl_HandleAsync_Select)
                  2000dc04    00000050                  : device.obj (.text:_sl_HandleAsync_Stop)
                  2000dc54    0000004c     driverlib.a : spi.obj (.text:SPIIntEnable)
                  2000dca0    0000004c                 : spi.obj (.text:SPIIntNumberGet)
                  2000dcec    0000004c     simplelink.a : driver.obj (.text:_SlDrvProtectAsyncRespSetting)
                  2000dd38    0000004c                  : socket.obj (.text:_sl_BuildAddress)
                  2000dd84    0000004c     rtsv7M4_T_le_eabi.lib : atoi.obj (.text)
                  2000ddd0    0000004c                           : cpy_tbl.obj (.text)
                  2000de1c    0000004c     driverlib.a : udma.obj (.text:uDMAChannelAssign)
                  2000de68    00000048                 : spi.obj (.text:SPIIntClear)
                  2000deb0    00000048     simplelink.a : driver.obj (.text:_SlDrvBasicCmd)
                  2000def8    00000048     rtsv7M4_T_le_eabi.lib : fd_toi_t2.obj (.text)
                  2000df40    00000048     simplelink.a : netapp.obj (.text:sl_NetAppMDNSUnRegisterService)
                  2000df88    00000046     rtsv7M4_T_le_eabi.lib : ldexp.obj (.text)
                  2000dfce    00000002     --HOLE-- [fill = 0]
                  2000dfd0    00000044     driverlib.a : spi.obj (.text:SPIDmaMaskGet)
                  2000e014    00000044     simplelink.a : driver.obj (.text:_SlDrvHandleHttpServerEvents)
                  2000e058    00000044                  : driver.obj (.text:_SlDrvSyncObjWaitTimeout)
                  2000e09c    00000044                  : cc_pal.obj (.text:cc_SetupTransfer)
                  2000e0e0    00000044     rtsv7M4_T_le_eabi.lib : exit.obj (.text)
                  2000e124    00000044     simplelink.a : socket.obj (.text:sl_Close)
                  2000e168    00000044                  : wlan.obj (.text:sl_WlanProfileDel)
                  2000e1ac    00000044                  : wlan.obj (.text:sl_WlanSetMode)
                  2000e1f0    00000042                  : socket.obj (.text:sl_Htonl)
                  2000e232    00000002     --HOLE-- [fill = 0]
                  2000e234    00000040     driverlib.a : pin.obj (.text:PinModeSet)
                  2000e274    00000040     simplelink.a : driver.obj (.text:_SlDrvHandleNetAppEvents)
                  2000e2b4    00000040                  : driver.obj (.text:_SlDrvHandleWlanEvents)
                  2000e2f4    00000040                  : socket.obj (.text:_sl_TruncatePayloadByProtocol)
                  2000e334    00000040     rtsv7M4_T_le_eabi.lib : signal.obj (.text)
                  2000e374    0000003e     simplelink.a : cc_pal.obj (.text:NwpRegisterInterruptHandler)
                  2000e3b2    0000003c                  : netapp.obj (.text:CopyPingResultsToReport)
                  2000e3ee    00000002     --HOLE-- [fill = 0]
                  2000e3f0    0000003c     driverlib.a : prcm.obj (.text:PRCMPeripheralClkEnable)
                  2000e42c    0000003c     rtsv7M4_T_le_eabi.lib : boot.obj (.text)
                  2000e468    0000003c     simplelink.a : socket.obj (.text:sl_Htons)
                  2000e4a4    0000003c     driverlib.a : udma.obj (.text:uDMAChannelControlSet)
                  2000e4e0    00000038     simplelink.a : cc_pal.obj (.text:NwpPowerOff)
                  2000e518    00000034     driverlib.a : prcm.obj (.text:PRCMPeripheralStatusGet)
                  2000e54c    00000034                 : spi.obj (.text:SPIFIFOLevelSet)
                  2000e580    00000034     rtsv7M4_T_le_eabi.lib : feraiseexcept.obj (.text)
                  2000e5b4    00000034                           : strstr.obj (.text)
                  2000e5e8    00000030     driverlib.a : uart.obj (.text:UARTDisable)
                  2000e618    00000030     rtsv7M4_T_le_eabi.lib : strncpy.obj (.text)
                  2000e648    00000030                           : xferaise.obj (.text)
                  2000e678    0000002e                           : i_tofd_t2.obj (.text)
                  2000e6a6    0000002e                           : raise.obj (.text)
                  2000e6d4    0000002c     driverlib.a : prcm.obj (.text:PRCMSysResetCauseGet)
                  2000e700    0000002c     simplelink.a : driver.obj (.text:_SlDrvObjGlobalLockWaitForever)
                  2000e72c    0000002c                  : driver.obj (.text:_SlDrvProtectionObjLockWaitForever)
                  2000e758    0000002a     rtsv7M4_T_le_eabi.lib : xdclass.obj (.text)
                  2000e782    00000002     --HOLE-- [fill = 0]
                  2000e784    00000028     driverlib.a : prcm.obj (.text:PRCMPeripheralClkDisable)
                  2000e7ac    00000028     simplelink.a : driver.obj (.text:_SlDrvGlobalObjUnLock)
                  2000e7d4    00000028                  : driver.obj (.text:_SlDrvProtectionObjUnLock)
                  2000e7fc    00000028                  : driver.obj (.text:_SlDrvSyncObjWaitForever)
                  2000e824    00000026     network_common.obj (.text)
                  2000e84a    00000026     rtsv7M4_T_le_eabi.lib : strncmp.obj (.text)
                  2000e870    00000024     simplelink.a : cc_pal.obj (.text:DmaSpiSwIntHandler)
                  2000e894    00000024     driverlib.a : interrupt.obj (.text:IntUnregister)
                  2000e8b8    00000024                 : uart.obj (.text:UARTEnable)
                  2000e8dc    00000024     simplelink.a : driver.obj (.text:_SlDrvObjLockWaitForever)
                  2000e900    00000024     rtsv7M4_T_le_eabi.lib : memmov.obj (.text)
                  2000e924    00000022     driverlib.a : spi.obj (.text:SPIReset)
                  2000e946    00000022                 : spi.obj (.text:SPIWordCountSet)
                  2000e968    00000022     rtsv7M4_T_le_eabi.lib : frexp.obj (.text)
                  2000e98a    00000002     --HOLE-- [fill = 0]
                  2000e98c    00000020     driverlib.a : interrupt.obj (.text:IntRegister)
                  2000e9ac    00000020     simplelink.a : cc_pal.obj (.text:NwpPowerOn)
                  2000e9cc    00000020                  : driver.obj (.text:_SlDrvObjUnLock)
                  2000e9ec    00000020                  : driver.obj (.text:_SlDrvSyncObjSignal)
                  2000ea0c    00000020                  : wlan.obj (.text:sl_WlanDisconnect)
                  2000ea2c    0000001e     driverlib.a : uart.obj (.text:UARTCharPut)
                  2000ea4a    0000001e     simplelink.a : cc_pal.obj (.text:cc_UDMAChannelSelect)
                  2000ea68    0000001c     driverlib.a : uart.obj (.text:UARTCharGetNonBlocking)
                  2000ea84    0000001c     pinmux.obj (.text)
                  2000eaa0    0000001c     rtsv7M4_T_le_eabi.lib : memccpy.obj (.text)
                  2000eabc    0000001c     driverlib.a : udma.obj (.text:uDMAChannelEnable)
                  2000ead8    0000001a                 : pin.obj (.text:PinTypeUART)
                  2000eaf2    0000001a                 : spi.obj (.text:SPIDmaDisable)
                  2000eb0c    0000001a                 : spi.obj (.text:SPIDmaEnable)
                  2000eb26    0000001a                 : spi.obj (.text:SPIFIFODisable)
                  2000eb40    0000001a                 : spi.obj (.text:SPIFIFOEnable)
                  2000eb5a    0000001a                 : spi.obj (.text:SPIIntUnregister)
                  2000eb74    00000018                 : spi.obj (.text:SPICSDisable)
                  2000eb8c    00000018                 : spi.obj (.text:SPICSEnable)
                  2000eba4    00000018                 : spi.obj (.text:SPIDisable)
                  2000ebbc    00000018                 : spi.obj (.text:SPIEnable)
                  2000ebd4    00000018                 : uart.obj (.text:UARTCharsAvail)
                  2000ebec    00000018     simplelink.a : nonos.obj (.text:_SlNonOsSemSet)
                  2000ec04    00000018                  : device.obj (.text:_sl_GetStartResponseConvert)
                  2000ec1c    00000018     rtsv7M4_T_le_eabi.lib : args_main.obj (.text)
                  2000ec34    00000018                           : strcmp.obj (.text)
                  2000ec4c    00000016     driverlib.a : prcm.obj (.text:PRCMHIBRegRead)
                  2000ec62    00000016                 : prcm.obj (.text:PRCMHIBRegWrite)
                  2000ec78    00000016     simplelink.a : driver.obj (.text:_SlDrvMemZero)
                  2000ec8e    00000016     rtsv7M4_T_le_eabi.lib : strchr.obj (.text)
                  2000eca4    00000014     driverlib.a : cpu.obj (.text:CPUcpsie)
                  2000ecb8    00000014                 : interrupt.obj (.text:IntVTableBaseSet)
                  2000eccc    00000014     rtsv7M4_T_le_eabi.lib : _lock.obj (.text)
                  2000ece0    00000014                           : strcpy.obj (.text)
                  2000ecf4    00000014                           : strlen.obj (.text)
                  2000ed08    00000010     simplelink.a : driver.obj (.text:_SlDrvDispatchHttpServerEvents)
                  2000ed18    0000000e                  : driver.obj (.text:_SlDrvResetCmdExt)
                  2000ed26    0000000e     rtsv7M4_T_le_eabi.lib : copy_decompress_none.obj (.text:decompress:none)
                  2000ed34    0000000e     startup_ccs.obj (.text)
                  2000ed42    00000002     --HOLE-- [fill = 0]
                  2000ed44    0000000c     simplelink.a : cc_pal.obj (.text:NwpMaskInterrupt)
                  2000ed50    0000000c                  : cc_pal.obj (.text:NwpUnMaskInterrupt)
                  2000ed5c    0000000c     rtsv7M4_T_le_eabi.lib : copy_zero_init.obj (.text:decompress:ZI)
                  2000ed68    0000000a     driverlib.a : interrupt.obj (.text:IntMasterEnable)
                  2000ed72    00000006                 : utils.obj (.text:UtilsDelay)
                  2000ed78    00000006     rtsv7M4_T_le_eabi.lib : copy_decompress_rle.obj (.text:decompress:rle24)
                  2000ed7e    00000004                           : pre_init.obj (.text)

.const     0    2000ed84    00000738     
                  2000ed84    00000101     rtsv7M4_T_le_eabi.lib : ctype.obj (.const:.string:_ctypes_)
                  2000ee85    00000003     --HOLE-- [fill = 0]
                  2000ee88    00000100     driverlib.a : pin.obj (.const:g_ulPinToPadMap)
                  2000ef88    000000d4                 : interrupt.obj (.const:g_pulRegs)
                  2000f05c    000000a8                 : prcm.obj (.const:PRCM_PeriphRegsList)
                  2000f104    00000080                 : interrupt.obj (.const)
                  2000f184    00000080     main.obj (.const)
                  2000f204    0000004e     main.obj (.const:.string)
                  2000f252    0000004d     main.obj (.const:.string:$P$T12$14)
                  2000f29f    00000001     --HOLE-- [fill = 0]
                  2000f2a0    0000003c     simplelink.a : driver.obj (.const:OpcodeTranslateTable)
                  2000f2dc    0000003c                  : wlan.obj (.const)
                  2000f318    00000038                  : driver.obj (.const:_SlActionLookupTable)
                  2000f350    00000038                  : driver.obj (.const)
                  2000f388    00000034                  : socket.obj (.const)
                  2000f3bc    0000002c     main.obj (.const:$P$T1$2)
                  2000f3e8    00000028     simplelink.a : netapp.obj (.const)
                  2000f410    00000024     driverlib.a : spi.obj (.const:g_ppulSPIIntMap)
                  2000f434    00000022     main.obj (.const:.string:$P$T0$1)
                  2000f456    0000001c     simplelink.a : device.obj (.const)
                  2000f472    00000002     --HOLE-- [fill = 0]
                  2000f474    00000018     driverlib.a : spi.obj (.const)
                  2000f48c    00000010     simplelink.a : socket.obj (.const:.string)
                  2000f49c    00000010     webclient.a : httpcli.obj (.const)
                  2000f4ac    00000008                 : httpcli.obj (.const:.string)
                  2000f4b4    00000008     simplelink.a : netcfg.obj (.const)

.cinit     0    2000f4c0    00000088     
                  2000f4c0    0000005f     (.cinit..data.load) [load image, compression = rle]
                  2000f51f    00000001     --HOLE-- [fill = 0]
                  2000f520    0000000c     (__TI_handler_table)
                  2000f52c    00000004     --HOLE-- [fill = 0]
                  2000f530    00000008     (.cinit..bss.load) [load image, compression = zero_init]
                  2000f538    00000010     (__TI_cinit_table)

.bss       0    20017000    00000d1f     UNINITIALIZED
                  20017000    000005b8     main.obj (.bss:g_buff)
                  200175b8    00000578     main.obj (.bss:g_cBsdBuf)
                  20017b30    00000168     simplelink.a : driver.obj (.bss:g_StatMem)
                  20017c98    00000050                  : cc_pal.obj (.bss:g_ucDinDout)
                  20017ce8    00000024     main.obj (.bss:g_ucConnectionSSID)
                  20017d0c    00000008     (.common:g_ucConnectionBSSID)
                  20017d14    00000004     (.common:__Errorlog)
                  20017d18    00000004     (.common:g_ulDestinationIP)
                  20017d1c    00000001     (.common:RxIrqCnt)
                  20017d1d    00000001     (.common:g_bDeviceRestartIsRequired)
                  20017d1e    00000001     (.common:g_cDummy)

.TI.noinit 
*          0    20017000    00000000     UNINITIALIZED

.sysmem    0    20017d20    00000800     UNINITIALIZED
                  20017d20    00000008     rtsv7M4_T_le_eabi.lib : memory.obj (.sysmem)
                  20017d28    000007f8     --HOLE--

.data      0    20018520    00000220     UNINITIALIZED
                  20018520    000000b0     rtsv7M4_T_le_eabi.lib : signal.obj (.data:sigtable)
                  200185d0    00000080                           : xvalues.obj (.data)
                  20018650    00000048     webclient.a : httpcli.obj (.data:tlsParams)
                  20018698    0000003c     simplelink.a : nonos.obj (.data:g__SlNonOsCB)
                  200186d4    00000014     main.obj (.data)
                  200186e8    00000010     webclient.a : httpcli.obj (.data)
                  200186f8    0000000d     simplelink.a : driver.obj (.data)
                  20018705    00000003     --HOLE--
                  20018708    0000000c     rtsv7M4_T_le_eabi.lib : memory.obj (.data)
                  20018714    00000009     simplelink.a : cc_pal.obj (.data)
                  2001871d    00000003     --HOLE--
                  20018720    00000008     rtsv7M4_T_le_eabi.lib : _lock.obj (.data)
                  20018728    00000008                           : exit.obj (.data)
                  20018730    00000008                           : feraiseexcept.obj (.data)
                  20018738    00000004                           : errno.obj (.data)
                  2001873c    00000004                           : stkdepth_vars.obj (.data)

.TI.persistent 
*          0    20018520    00000000     UNINITIALIZED

.stack     0    2002f800    00000800     UNINITIALIZED
                  2002f800    00000800     --HOLE--


LINKER GENERATED COPY TABLES

__TI_cinit_table @ 2000f538 records: 2, size/record: 8, table size: 16
	.data: load addr=2000f4c0, load size=0000005f bytes, run addr=20018520, run size=00000220 bytes, compression=rle
	.bss: load addr=2000f530, load size=00000008 bytes, run addr=20017000, run size=00000d1f bytes, compression=zero_init


LINKER GENERATED HANDLER TABLE

__TI_handler_table @ 2000f520 records: 3, size/record: 4, table size: 12
	index: 0, handler: __TI_decompress_rle24
	index: 1, handler: __TI_decompress_none
	index: 2, handler: __TI_zero_init


GLOBAL SYMBOLS: SORTED ALPHABETICALLY BY Name 

address   name                                  
-------   ----                                  
2000e0e1  C$$EXIT                               
2000eca5  CPUcpsie                              
2000968d  ClearTerm                             
2000e871  DmaSpiSwIntHandler                    
20009697  Error                                 
200096cf  GetCmd                                
20005201  HTTPActivate                          
20007d6b  HTTPCli_connect                       
20007e8d  HTTPCli_construct                     
20007ed5  HTTPCli_create                        
20007eed  HTTPCli_delete                        
20007f23  HTTPCli_destruct                      
20007f6b  HTTPCli_disconnect                    
200081a1  HTTPCli_getResponseField              
2000816b  HTTPCli_getResponseStatus             
20007c5d  HTTPCli_initSockAddr                  
200083b1  HTTPCli_readRawResponseBody           
20008325  HTTPCli_readResponseBody              
200080db  HTTPCli_sendField                     
2000800d  HTTPCli_sendRequest                   
20008133  HTTPCli_sendRequestBody               
200083f1  HTTPCli_setProxy                      
20007fa1  HTTPCli_setRequestFields              
20007fc7  HTTPCli_setResponseFields             
20007fed  HTTPCli_setSecureParams               
2000573f  HTTPGetMethod                         
200055f9  HTTPPostMethod                        
2000964d  InitTerm                              
2000c509  IntDisable                            
2000c5b1  IntEnable                             
2000ed69  IntMasterEnable                       
2000da01  IntPendClear                          
2000db09  IntPrioritySet                        
2000e98d  IntRegister                           
2000e895  IntUnregister                         
2000ecb9  IntVTableBaseSet                      
2000966b  Message                               
2000ed45  NwpMaskInterrupt                      
2000e4e1  NwpPowerOff                           
2000e9ad  NwpPowerOn                            
2000e375  NwpRegisterInterruptHandler           
2000ed51  NwpUnMaskInterrupt                    
2000f2a0  OpcodeTranslateTable                  
2000a969  PRCMCC3200MCUInit                     
2000ec4d  PRCMHIBRegRead                        
2000ec63  PRCMHIBRegWrite                       
2000e785  PRCMPeripheralClkDisable              
2000e3f1  PRCMPeripheralClkEnable               
2000c96d  PRCMPeripheralClockGet                
2000da59  PRCMPeripheralReset                   
2000e519  PRCMPeripheralStatusGet               
2000e6d5  PRCMSysResetCauseGet                  
20004d93  ParseJSONData                         
2000cc39  PinConfigSet                          
2000e235  PinModeSet                            
2000ea85  PinMuxConfig                          
2000ead9  PinTypeUART                           
2000980d  Report                                
2000ed35  ResetISR                              
20017d1c  RxIrqCnt                              
UNDEFED   SHT$$INIT_ARRAY$$Base                 
UNDEFED   SHT$$INIT_ARRAY$$Limit                
2000eb75  SPICSDisable                          
2000eb8d  SPICSEnable                           
2000c6fd  SPIConfigSetExpClk                    
2000eba5  SPIDisable                            
2000eaf3  SPIDmaDisable                         
2000eb0d  SPIDmaEnable                          
2000ebbd  SPIEnable                             
2000eb27  SPIFIFODisable                        
2000eb41  SPIFIFOEnable                         
2000e54d  SPIFIFOLevelSet                       
2000de69  SPIIntClear                           
2000dc55  SPIIntEnable                          
2000eb5b  SPIIntUnregister                      
2000e925  SPIReset                              
2000e947  SPIWordCountSet                       
200045c9  SimpleLinkGeneralEventHandler         
200045a1  SimpleLinkHttpServerCallback          
20004509  SimpleLinkNetAppEventHandler          
200045df  SimpleLinkSockEventHandler            
20004401  SimpleLinkWlanEventHandler            
20009379  Ssock_construct                       
200093b9  Ssock_create                          
200093d3  Ssock_delete                          
200093fb  Ssock_destruct                        
2000944d  Ssock_getSocket                       
2000945b  Ssock_recv                            
200094b5  Ssock_recvall                         
200094f9  Ssock_send                            
20009613  Ssock_startSecure                     
20009775  TrimSpace                             
2000ea69  UARTCharGetNonBlocking                
2000ea2d  UARTCharPut                           
2000ebd5  UARTCharsAvail                        
2000d435  UARTConfigSetExpClk                   
2000e5e9  UARTDisable                           
2000e8b9  UARTEnable                            
2000ed73  UtilsDelay                            
2000e759  _Dclass                               
200185d0  _Denorm                               
2000c395  _Dnorm                                
2000b731  _Dscale                               
2000d7ab  _Dunscale                             
200185e0  _Eps                                  
20018738  _Errno                                
20018730  _Fenv                                 
2000e649  _Feraise                              
200185f0  _Hugeval                              
20018600  _Inf                                  
20018610  _Nan                                  
20018630  _Rteps                                
2000f318  _SlActionLookupTable                  
2000c659  _SlDriverHandleError                  
2000deb1  _SlDrvBasicCmd                        
2000c2d5  _SlDrvCmdOp                           
2000d591  _SlDrvCmdSend                         
20009f1d  _SlDrvDataReadOp                      
2000adbd  _SlDrvDataWriteOp                     
2000c839  _SlDrvDeviceEventHandler              
2000ed09  _SlDrvDispatchHttpServerEvents        
2000b3e1  _SlDrvDriverCBDeinit                  
2000a489  _SlDrvDriverCBInit                    
2000e7ad  _SlDrvGlobalObjUnLock                 
2000e015  _SlDrvHandleHttpServerEvents          
2000e275  _SlDrvHandleNetAppEvents              
2000e2b5  _SlDrvHandleWlanEvents                
2000ec79  _SlDrvMemZero                         
2000bfa9  _SlDrvMsgReadSpawnCtx                 
2000b841  _SlDrvNetAppEventHandler              
2000e8dd  _SlDrvObjLockWaitForever              
2000e9cd  _SlDrvObjUnLock                       
2000dced  _SlDrvProtectAsyncRespSetting         
2000e72d  _SlDrvProtectionObjLockWaitForever    
2000e7d5  _SlDrvProtectionObjUnLock             
2000a101  _SlDrvReleasePoolObj                  
2000ed19  _SlDrvResetCmdExt                     
2000db5d  _SlDrvRxIrqHandler                    
2000e9ed  _SlDrvSyncObjSignal                   
2000e7fd  _SlDrvSyncObjWaitForever              
2000e059  _SlDrvSyncObjWaitTimeout              
2000a7d9  _SlDrvWaitForPoolObj                  
2000f404  _SlNetAppSendTokenValueCmdCtrl        
2000d4ad  _SlNonOsMainLoopTask                  
2000d2cd  _SlNonOsSemGet                        
2000ebed  _SlNonOsSemSet                        
2000d811  _SlNonOsSpawn                         
20018620  _Snan                                 
20018734  _Tls_setup__Fenv                      
20018640  _Xbig                                 
20018648  _Zero                                 
20030000  __STACK_END                           
00000800  __STACK_SIZE                          
00000800  __SYSMEM_SIZE                         
2000f538  __TI_CINIT_Base                       
2000f548  __TI_CINIT_Limit                      
2000f520  __TI_Handler_Table_Base               
2000f52c  __TI_Handler_Table_Limit              
2000d669  __TI_auto_init                        
20018728  __TI_cleanup_ptr                      
2000ed27  __TI_decompress_none                  
2000ed79  __TI_decompress_rle24                 
2001872c  __TI_dtors_ptr                        
20007139  __TI_printfi                          
2000f4c0  __TI_static_base__                    
2000ed5d  __TI_zero_init                        
2000cdd1  __aeabi_cdcmpeq                       
2000cdd1  __aeabi_cdcmple                       
2000ce57  __aeabi_cdrcmple                      
2000def9  __aeabi_d2iz                          
2000a2db  __aeabi_dadd                          
2000b055  __aeabi_ddiv                          
2000b945  __aeabi_dmul                          
2000a2d1  __aeabi_dsub                          
2000e679  __aeabi_i2d                           
2000d251  __aeabi_memclr                        
2000d251  __aeabi_memclr4                       
2000d251  __aeabi_memclr8                       
2000c79d  __aeabi_memcpy                        
2000c79d  __aeabi_memcpy4                       
2000c79d  __aeabi_memcpy8                       
2000d253  __aeabi_memset                        
2000d253  __aeabi_memset4                       
2000d253  __aeabi_memset8                       
20009d29  __aeabi_uldivmod                      
ffffffff  __binit__                             
ffffffff  __c_args__                            
2002f800  __stack                               
2000ec1d  _args_main                            
2000e42d  _c_int00                              
2000ed84  _ctypes_                              
20018720  _lock                                 
2000ecdb  _nop                                  
2000ecd3  _register_lock                        
2000eccd  _register_unlock                      
2000d875  _sl_HandleAsync_Accept                
2000cedd  _sl_HandleAsync_Connect               
2000ca01  _sl_HandleAsync_DnsGetHostByName      
2000c07d  _sl_HandleAsync_DnsGetHostByService   
2000cf5d  _sl_HandleAsync_InitComplete          
2000ca91  _sl_HandleAsync_PingResponse          
2000dbb1  _sl_HandleAsync_Select                
2000dc05  _sl_HandleAsync_Stop                  
2000d5fd  _sl_NetAppSendTokenValue              
20017d20  _sys_memory                           
2000ed7f  _system_pre_init                      
20018724  _unlock                               
2000e0e5  abort                                 
2000dd85  atoi                                  
ffffffff  binit                                 
20007487  bufferedRecv                          
200186dc  bytesReceived                         
2000932d  calloc                                
2000ddd1  copy_in                               
2000e0ed  exit                                  
2000e581  feraiseexcept                         
2000907b  free                                  
2000e969  frexp                                 
20018714  g_SpiFd                               
20018698  g__SlNonOsCB                          
20017d1d  g_bDeviceRestartIsRequired            
20017000  g_buff                                
200175b8  g_cBsdBuf                             
20017d1e  g_cDummy                              
200186fc  g_pCB                                 
20018718  g_pHostIntHdl                         
20004000  g_pfnVectors                          
20017d0c  g_ucConnectionBSSID                   
20017ce8  g_ucConnectionSSID                    
2001871c  g_ucDMAEnabled                        
20017c98  g_ucDinDout                           
20017d18  g_ulDestinationIP                     
200186e0  g_ulDestinationIp                     
200186d8  g_ulGatewayIP                         
200186d4  g_ulStatus                            
200089d7  jsmn_init                             
200086c5  jsmn_parse                            
2000df89  ldexp                                 
2000dab1  ltoa                                  
20005f61  main                                  
2001873c  main_func_sp                          
20009013  malloc                                
20009249  memalign                              
2000eaa1  memccpy                               
2000c79d  memcpy                                
2000e901  memmove                               
2000d259  memset                                
20008f85  minit                                 
20018700  pPingCallBackFunc                     
2000e6a7  raise                                 
20004e99  readResponse_2                        
2000913d  realloc                               
2000e335  signal                                
2000e125  sl_Close                              
2000ac51  sl_Connect                            
2000c455  sl_DevGet                             
2000e1f1  sl_Htonl                              
2000e469  sl_Htons                              
2000b18d  sl_NetAppDnsGetHostByName             
2000c149  sl_NetAppMDNSRegisterUnregisterService
2000df41  sl_NetAppMDNSUnRegisterService        
2000d0dd  sl_NetCfgSet                          
2000e825  sl_Provisioning_HttpServerEventHdl    
2000e833  sl_Provisioning_NetAppEventHdl        
2000e83f  sl_Provisioning_WlanEventHdl          
2000cd49  sl_Recv                               
2000b505  sl_Send                               
2000d159  sl_SetSockOpt                         
2000d521  sl_Socket                             
2000bded  sl_Start                              
2000bd09  sl_Stop                               
200098cd  sl_WlanConnect                        
2000ea0d  sl_WlanDisconnect                     
2000d345  sl_WlanPolicySet                      
2000e169  sl_WlanProfileDel                     
2000d6d5  sl_WlanRxFilterSet                    
2000d1d5  sl_WlanSet                            
2000e1ad  sl_WlanSetMode                        
2000d3bd  spi_Close                             
2000af0d  spi_Open                              
2000ba41  spi_Read                              
2000c8d5  spi_Write                             
2000d9a1  sprintf                               
2000ec8f  strchr                                
2000ec35  strcmp                                
2000ece1  strcpy                                
2000ecf5  strlen                                
2000e84b  strncmp                               
2000e619  strncpy                               
2000e5b5  strstr                                
2000b61d  strtoul                               
200059b5  thing_activate                        
20005a97  thing_read                            
20005a21  thing_read_limit                      
20005d59  thing_subscribe                       
20005b9d  thing_write_string                    
2000de1d  uDMAChannelAssign                     
2000d8d9  uDMAChannelAttributeDisable           
2000d93d  uDMAChannelAttributeEnable            
2000e4a5  uDMAChannelControlSet                 
2000eabd  uDMAChannelEnable                     
2000bb31  uDMAChannelTransferSet                
2000ccc1  vsnprintf                             


GLOBAL SYMBOLS: SORTED BY Symbol Address 

address   name                                  
-------   ----                                  
00000800  __STACK_SIZE                          
00000800  __SYSMEM_SIZE                         
20004000  g_pfnVectors                          
20004401  SimpleLinkWlanEventHandler            
20004509  SimpleLinkNetAppEventHandler          
200045a1  SimpleLinkHttpServerCallback          
200045c9  SimpleLinkGeneralEventHandler         
200045df  SimpleLinkSockEventHandler            
20004d93  ParseJSONData                         
20004e99  readResponse_2                        
20005201  HTTPActivate                          
200055f9  HTTPPostMethod                        
2000573f  HTTPGetMethod                         
200059b5  thing_activate                        
20005a21  thing_read_limit                      
20005a97  thing_read                            
20005b9d  thing_write_string                    
20005d59  thing_subscribe                       
20005f61  main                                  
20007139  __TI_printfi                          
20007487  bufferedRecv                          
20007c5d  HTTPCli_initSockAddr                  
20007d6b  HTTPCli_connect                       
20007e8d  HTTPCli_construct                     
20007ed5  HTTPCli_create                        
20007eed  HTTPCli_delete                        
20007f23  HTTPCli_destruct                      
20007f6b  HTTPCli_disconnect                    
20007fa1  HTTPCli_setRequestFields              
20007fc7  HTTPCli_setResponseFields             
20007fed  HTTPCli_setSecureParams               
2000800d  HTTPCli_sendRequest                   
200080db  HTTPCli_sendField                     
20008133  HTTPCli_sendRequestBody               
2000816b  HTTPCli_getResponseStatus             
200081a1  HTTPCli_getResponseField              
20008325  HTTPCli_readResponseBody              
200083b1  HTTPCli_readRawResponseBody           
200083f1  HTTPCli_setProxy                      
200086c5  jsmn_parse                            
200089d7  jsmn_init                             
20008f85  minit                                 
20009013  malloc                                
2000907b  free                                  
2000913d  realloc                               
20009249  memalign                              
2000932d  calloc                                
20009379  Ssock_construct                       
200093b9  Ssock_create                          
200093d3  Ssock_delete                          
200093fb  Ssock_destruct                        
2000944d  Ssock_getSocket                       
2000945b  Ssock_recv                            
200094b5  Ssock_recvall                         
200094f9  Ssock_send                            
20009613  Ssock_startSecure                     
2000964d  InitTerm                              
2000966b  Message                               
2000968d  ClearTerm                             
20009697  Error                                 
200096cf  GetCmd                                
20009775  TrimSpace                             
2000980d  Report                                
200098cd  sl_WlanConnect                        
20009d29  __aeabi_uldivmod                      
20009f1d  _SlDrvDataReadOp                      
2000a101  _SlDrvReleasePoolObj                  
2000a2d1  __aeabi_dsub                          
2000a2db  __aeabi_dadd                          
2000a489  _SlDrvDriverCBInit                    
2000a7d9  _SlDrvWaitForPoolObj                  
2000a969  PRCMCC3200MCUInit                     
2000ac51  sl_Connect                            
2000adbd  _SlDrvDataWriteOp                     
2000af0d  spi_Open                              
2000b055  __aeabi_ddiv                          
2000b18d  sl_NetAppDnsGetHostByName             
2000b3e1  _SlDrvDriverCBDeinit                  
2000b505  sl_Send                               
2000b61d  strtoul                               
2000b731  _Dscale                               
2000b841  _SlDrvNetAppEventHandler              
2000b945  __aeabi_dmul                          
2000ba41  spi_Read                              
2000bb31  uDMAChannelTransferSet                
2000bd09  sl_Stop                               
2000bded  sl_Start                              
2000bfa9  _SlDrvMsgReadSpawnCtx                 
2000c07d  _sl_HandleAsync_DnsGetHostByService   
2000c149  sl_NetAppMDNSRegisterUnregisterService
2000c2d5  _SlDrvCmdOp                           
2000c395  _Dnorm                                
2000c455  sl_DevGet                             
2000c509  IntDisable                            
2000c5b1  IntEnable                             
2000c659  _SlDriverHandleError                  
2000c6fd  SPIConfigSetExpClk                    
2000c79d  __aeabi_memcpy                        
2000c79d  __aeabi_memcpy4                       
2000c79d  __aeabi_memcpy8                       
2000c79d  memcpy                                
2000c839  _SlDrvDeviceEventHandler              
2000c8d5  spi_Write                             
2000c96d  PRCMPeripheralClockGet                
2000ca01  _sl_HandleAsync_DnsGetHostByName      
2000ca91  _sl_HandleAsync_PingResponse          
2000cc39  PinConfigSet                          
2000ccc1  vsnprintf                             
2000cd49  sl_Recv                               
2000cdd1  __aeabi_cdcmpeq                       
2000cdd1  __aeabi_cdcmple                       
2000ce57  __aeabi_cdrcmple                      
2000cedd  _sl_HandleAsync_Connect               
2000cf5d  _sl_HandleAsync_InitComplete          
2000d0dd  sl_NetCfgSet                          
2000d159  sl_SetSockOpt                         
2000d1d5  sl_WlanSet                            
2000d251  __aeabi_memclr                        
2000d251  __aeabi_memclr4                       
2000d251  __aeabi_memclr8                       
2000d253  __aeabi_memset                        
2000d253  __aeabi_memset4                       
2000d253  __aeabi_memset8                       
2000d259  memset                                
2000d2cd  _SlNonOsSemGet                        
2000d345  sl_WlanPolicySet                      
2000d3bd  spi_Close                             
2000d435  UARTConfigSetExpClk                   
2000d4ad  _SlNonOsMainLoopTask                  
2000d521  sl_Socket                             
2000d591  _SlDrvCmdSend                         
2000d5fd  _sl_NetAppSendTokenValue              
2000d669  __TI_auto_init                        
2000d6d5  sl_WlanRxFilterSet                    
2000d7ab  _Dunscale                             
2000d811  _SlNonOsSpawn                         
2000d875  _sl_HandleAsync_Accept                
2000d8d9  uDMAChannelAttributeDisable           
2000d93d  uDMAChannelAttributeEnable            
2000d9a1  sprintf                               
2000da01  IntPendClear                          
2000da59  PRCMPeripheralReset                   
2000dab1  ltoa                                  
2000db09  IntPrioritySet                        
2000db5d  _SlDrvRxIrqHandler                    
2000dbb1  _sl_HandleAsync_Select                
2000dc05  _sl_HandleAsync_Stop                  
2000dc55  SPIIntEnable                          
2000dced  _SlDrvProtectAsyncRespSetting         
2000dd85  atoi                                  
2000ddd1  copy_in                               
2000de1d  uDMAChannelAssign                     
2000de69  SPIIntClear                           
2000deb1  _SlDrvBasicCmd                        
2000def9  __aeabi_d2iz                          
2000df41  sl_NetAppMDNSUnRegisterService        
2000df89  ldexp                                 
2000e015  _SlDrvHandleHttpServerEvents          
2000e059  _SlDrvSyncObjWaitTimeout              
2000e0e1  C$$EXIT                               
2000e0e5  abort                                 
2000e0ed  exit                                  
2000e125  sl_Close                              
2000e169  sl_WlanProfileDel                     
2000e1ad  sl_WlanSetMode                        
2000e1f1  sl_Htonl                              
2000e235  PinModeSet                            
2000e275  _SlDrvHandleNetAppEvents              
2000e2b5  _SlDrvHandleWlanEvents                
2000e335  signal                                
2000e375  NwpRegisterInterruptHandler           
2000e3f1  PRCMPeripheralClkEnable               
2000e42d  _c_int00                              
2000e469  sl_Htons                              
2000e4a5  uDMAChannelControlSet                 
2000e4e1  NwpPowerOff                           
2000e519  PRCMPeripheralStatusGet               
2000e54d  SPIFIFOLevelSet                       
2000e581  feraiseexcept                         
2000e5b5  strstr                                
2000e5e9  UARTDisable                           
2000e619  strncpy                               
2000e649  _Feraise                              
2000e679  __aeabi_i2d                           
2000e6a7  raise                                 
2000e6d5  PRCMSysResetCauseGet                  
2000e72d  _SlDrvProtectionObjLockWaitForever    
2000e759  _Dclass                               
2000e785  PRCMPeripheralClkDisable              
2000e7ad  _SlDrvGlobalObjUnLock                 
2000e7d5  _SlDrvProtectionObjUnLock             
2000e7fd  _SlDrvSyncObjWaitForever              
2000e825  sl_Provisioning_HttpServerEventHdl    
2000e833  sl_Provisioning_NetAppEventHdl        
2000e83f  sl_Provisioning_WlanEventHdl          
2000e84b  strncmp                               
2000e871  DmaSpiSwIntHandler                    
2000e895  IntUnregister                         
2000e8b9  UARTEnable                            
2000e8dd  _SlDrvObjLockWaitForever              
2000e901  memmove                               
2000e925  SPIReset                              
2000e947  SPIWordCountSet                       
2000e969  frexp                                 
2000e98d  IntRegister                           
2000e9ad  NwpPowerOn                            
2000e9cd  _SlDrvObjUnLock                       
2000e9ed  _SlDrvSyncObjSignal                   
2000ea0d  sl_WlanDisconnect                     
2000ea2d  UARTCharPut                           
2000ea69  UARTCharGetNonBlocking                
2000ea85  PinMuxConfig                          
2000eaa1  memccpy                               
2000eabd  uDMAChannelEnable                     
2000ead9  PinTypeUART                           
2000eaf3  SPIDmaDisable                         
2000eb0d  SPIDmaEnable                          
2000eb27  SPIFIFODisable                        
2000eb41  SPIFIFOEnable                         
2000eb5b  SPIIntUnregister                      
2000eb75  SPICSDisable                          
2000eb8d  SPICSEnable                           
2000eba5  SPIDisable                            
2000ebbd  SPIEnable                             
2000ebd5  UARTCharsAvail                        
2000ebed  _SlNonOsSemSet                        
2000ec1d  _args_main                            
2000ec35  strcmp                                
2000ec4d  PRCMHIBRegRead                        
2000ec63  PRCMHIBRegWrite                       
2000ec79  _SlDrvMemZero                         
2000ec8f  strchr                                
2000eca5  CPUcpsie                              
2000ecb9  IntVTableBaseSet                      
2000eccd  _register_unlock                      
2000ecd3  _register_lock                        
2000ecdb  _nop                                  
2000ece1  strcpy                                
2000ecf5  strlen                                
2000ed09  _SlDrvDispatchHttpServerEvents        
2000ed19  _SlDrvResetCmdExt                     
2000ed27  __TI_decompress_none                  
2000ed35  ResetISR                              
2000ed45  NwpMaskInterrupt                      
2000ed51  NwpUnMaskInterrupt                    
2000ed5d  __TI_zero_init                        
2000ed69  IntMasterEnable                       
2000ed73  UtilsDelay                            
2000ed79  __TI_decompress_rle24                 
2000ed7f  _system_pre_init                      
2000ed84  _ctypes_                              
2000f2a0  OpcodeTranslateTable                  
2000f318  _SlActionLookupTable                  
2000f404  _SlNetAppSendTokenValueCmdCtrl        
2000f4c0  __TI_static_base__                    
2000f520  __TI_Handler_Table_Base               
2000f52c  __TI_Handler_Table_Limit              
2000f538  __TI_CINIT_Base                       
2000f548  __TI_CINIT_Limit                      
20017000  g_buff                                
200175b8  g_cBsdBuf                             
20017c98  g_ucDinDout                           
20017ce8  g_ucConnectionSSID                    
20017d0c  g_ucConnectionBSSID                   
20017d18  g_ulDestinationIP                     
20017d1c  RxIrqCnt                              
20017d1d  g_bDeviceRestartIsRequired            
20017d1e  g_cDummy                              
20017d20  _sys_memory                           
200185d0  _Denorm                               
200185e0  _Eps                                  
200185f0  _Hugeval                              
20018600  _Inf                                  
20018610  _Nan                                  
20018620  _Snan                                 
20018630  _Rteps                                
20018640  _Xbig                                 
20018648  _Zero                                 
20018698  g__SlNonOsCB                          
200186d4  g_ulStatus                            
200186d8  g_ulGatewayIP                         
200186dc  bytesReceived                         
200186e0  g_ulDestinationIp                     
200186fc  g_pCB                                 
20018700  pPingCallBackFunc                     
20018714  g_SpiFd                               
20018718  g_pHostIntHdl                         
2001871c  g_ucDMAEnabled                        
20018720  _lock                                 
20018724  _unlock                               
20018728  __TI_cleanup_ptr                      
2001872c  __TI_dtors_ptr                        
20018730  _Fenv                                 
20018734  _Tls_setup__Fenv                      
20018738  _Errno                                
2001873c  main_func_sp                          
2002f800  __stack                               
20030000  __STACK_END                           
ffffffff  __binit__                             
ffffffff  __c_args__                            
ffffffff  binit                                 
UNDEFED   SHT$$INIT_ARRAY$$Base                 
UNDEFED   SHT$$INIT_ARRAY$$Limit                

[303 symbols]
