<?xml version="1.0"?>
<link_info>
   <banner>TI ARM Linker PC v5.2.7</banner>
   <copyright>Copyright (c) 1996-2015 Texas Instruments Incorporated</copyright>
   <link_time>0x57206908</link_time>
   <link_errors>0x0</link_errors>
   <output_file>http_client_demo.out</output_file>
   <entry_point>
      <name>_c_int00</name>
      <address>0x2000dbcd</address>
   </entry_point>
   <input_file_list>
      <input_file id="fl-2">
         <path>.\</path>
         <kind>object</kind>
         <file>main.obj</file>
         <name>main.obj</name>
      </input_file>
      <input_file id="fl-3">
         <path>.\</path>
         <kind>object</kind>
         <file>network_common.obj</file>
         <name>network_common.obj</name>
      </input_file>
      <input_file id="fl-4">
         <path>.\</path>
         <kind>object</kind>
         <file>pinmux.obj</file>
         <name>pinmux.obj</name>
      </input_file>
      <input_file id="fl-5">
         <path>.\</path>
         <kind>object</kind>
         <file>startup_ccs.obj</file>
         <name>startup_ccs.obj</name>
      </input_file>
      <input_file id="fl-6">
         <path>.\</path>
         <kind>object</kind>
         <file>uart_if.obj</file>
         <name>uart_if.obj</name>
      </input_file>
      <input_file id="fl-130">
         <path>C:\TI\ccsv6\tools\compiler\ti-cgt-arm_5.2.7\lib\</path>
         <kind>archive</kind>
         <file>rtsv7M4_T_le_eabi.lib</file>
         <name>boot.obj</name>
      </input_file>
      <input_file id="fl-131">
         <path>C:\TI\ccsv6\tools\compiler\ti-cgt-arm_5.2.7\lib\</path>
         <kind>archive</kind>
         <file>rtsv7M4_T_le_eabi.lib</file>
         <name>copy_decompress_none.obj</name>
      </input_file>
      <input_file id="fl-132">
         <path>C:\TI\ccsv6\tools\compiler\ti-cgt-arm_5.2.7\lib\</path>
         <kind>archive</kind>
         <file>rtsv7M4_T_le_eabi.lib</file>
         <name>copy_decompress_rle.obj</name>
      </input_file>
      <input_file id="fl-133">
         <path>C:\TI\ccsv6\tools\compiler\ti-cgt-arm_5.2.7\lib\</path>
         <kind>archive</kind>
         <file>rtsv7M4_T_le_eabi.lib</file>
         <name>copy_zero_init.obj</name>
      </input_file>
      <input_file id="fl-134">
         <path>C:\TI\ccsv6\tools\compiler\ti-cgt-arm_5.2.7\lib\</path>
         <kind>archive</kind>
         <file>rtsv7M4_T_le_eabi.lib</file>
         <name>exit.obj</name>
      </input_file>
      <input_file id="fl-135">
         <path>C:\TI\ccsv6\tools\compiler\ti-cgt-arm_5.2.7\lib\</path>
         <kind>archive</kind>
         <file>rtsv7M4_T_le_eabi.lib</file>
         <name>memcpy_t2.obj</name>
      </input_file>
      <input_file id="fl-136">
         <path>C:\TI\ccsv6\tools\compiler\ti-cgt-arm_5.2.7\lib\</path>
         <kind>archive</kind>
         <file>rtsv7M4_T_le_eabi.lib</file>
         <name>memmov.obj</name>
      </input_file>
      <input_file id="fl-137">
         <path>C:\TI\ccsv6\tools\compiler\ti-cgt-arm_5.2.7\lib\</path>
         <kind>archive</kind>
         <file>rtsv7M4_T_le_eabi.lib</file>
         <name>memory.obj</name>
      </input_file>
      <input_file id="fl-138">
         <path>C:\TI\ccsv6\tools\compiler\ti-cgt-arm_5.2.7\lib\</path>
         <kind>archive</kind>
         <file>rtsv7M4_T_le_eabi.lib</file>
         <name>memset_t2.obj</name>
      </input_file>
      <input_file id="fl-139">
         <path>C:\TI\ccsv6\tools\compiler\ti-cgt-arm_5.2.7\lib\</path>
         <kind>archive</kind>
         <file>rtsv7M4_T_le_eabi.lib</file>
         <name>pre_init.obj</name>
      </input_file>
      <input_file id="fl-13a">
         <path>C:\TI\ccsv6\tools\compiler\ti-cgt-arm_5.2.7\lib\</path>
         <kind>archive</kind>
         <file>rtsv7M4_T_le_eabi.lib</file>
         <name>sprintf.obj</name>
      </input_file>
      <input_file id="fl-13b">
         <path>C:\TI\ccsv6\tools\compiler\ti-cgt-arm_5.2.7\lib\</path>
         <kind>archive</kind>
         <file>rtsv7M4_T_le_eabi.lib</file>
         <name>stkdepth_vars.obj</name>
      </input_file>
      <input_file id="fl-13c">
         <path>C:\TI\ccsv6\tools\compiler\ti-cgt-arm_5.2.7\lib\</path>
         <kind>archive</kind>
         <file>rtsv7M4_T_le_eabi.lib</file>
         <name>strlen.obj</name>
      </input_file>
      <input_file id="fl-13d">
         <path>C:\TI\ccsv6\tools\compiler\ti-cgt-arm_5.2.7\lib\</path>
         <kind>archive</kind>
         <file>rtsv7M4_T_le_eabi.lib</file>
         <name>strncmp.obj</name>
      </input_file>
      <input_file id="fl-13e">
         <path>C:\TI\ccsv6\tools\compiler\ti-cgt-arm_5.2.7\lib\</path>
         <kind>archive</kind>
         <file>rtsv7M4_T_le_eabi.lib</file>
         <name>strtoul.obj</name>
      </input_file>
      <input_file id="fl-13f">
         <path>C:\TI\ccsv6\tools\compiler\ti-cgt-arm_5.2.7\lib\</path>
         <kind>archive</kind>
         <file>rtsv7M4_T_le_eabi.lib</file>
         <name>vsnprintf.obj</name>
      </input_file>
      <input_file id="fl-140">
         <path>C:\TI\ccsv6\tools\compiler\ti-cgt-arm_5.2.7\lib\</path>
         <kind>archive</kind>
         <file>rtsv7M4_T_le_eabi.lib</file>
         <name>_lock.obj</name>
      </input_file>
      <input_file id="fl-141">
         <path>C:\TI\ccsv6\tools\compiler\ti-cgt-arm_5.2.7\lib\</path>
         <kind>archive</kind>
         <file>rtsv7M4_T_le_eabi.lib</file>
         <name>_printfi.obj</name>
      </input_file>
      <input_file id="fl-142">
         <path>C:\TI\ccsv6\tools\compiler\ti-cgt-arm_5.2.7\lib\</path>
         <kind>archive</kind>
         <file>rtsv7M4_T_le_eabi.lib</file>
         <name>args_main.obj</name>
      </input_file>
      <input_file id="fl-143">
         <path>C:\TI\ccsv6\tools\compiler\ti-cgt-arm_5.2.7\lib\</path>
         <kind>archive</kind>
         <file>rtsv7M4_T_le_eabi.lib</file>
         <name>atoi.obj</name>
      </input_file>
      <input_file id="fl-144">
         <path>C:\TI\ccsv6\tools\compiler\ti-cgt-arm_5.2.7\lib\</path>
         <kind>archive</kind>
         <file>rtsv7M4_T_le_eabi.lib</file>
         <name>autoinit.obj</name>
      </input_file>
      <input_file id="fl-145">
         <path>C:\TI\ccsv6\tools\compiler\ti-cgt-arm_5.2.7\lib\</path>
         <kind>archive</kind>
         <file>rtsv7M4_T_le_eabi.lib</file>
         <name>cpy_tbl.obj</name>
      </input_file>
      <input_file id="fl-146">
         <path>C:\TI\ccsv6\tools\compiler\ti-cgt-arm_5.2.7\lib\</path>
         <kind>archive</kind>
         <file>rtsv7M4_T_le_eabi.lib</file>
         <name>ctype.obj</name>
      </input_file>
      <input_file id="fl-147">
         <path>C:\TI\ccsv6\tools\compiler\ti-cgt-arm_5.2.7\lib\</path>
         <kind>archive</kind>
         <file>rtsv7M4_T_le_eabi.lib</file>
         <name>errno.obj</name>
      </input_file>
      <input_file id="fl-148">
         <path>C:\TI\ccsv6\tools\compiler\ti-cgt-arm_5.2.7\lib\</path>
         <kind>archive</kind>
         <file>rtsv7M4_T_le_eabi.lib</file>
         <name>fd_add_t2.obj</name>
      </input_file>
      <input_file id="fl-149">
         <path>C:\TI\ccsv6\tools\compiler\ti-cgt-arm_5.2.7\lib\</path>
         <kind>archive</kind>
         <file>rtsv7M4_T_le_eabi.lib</file>
         <name>fd_cmp_t2.obj</name>
      </input_file>
      <input_file id="fl-14a">
         <path>C:\TI\ccsv6\tools\compiler\ti-cgt-arm_5.2.7\lib\</path>
         <kind>archive</kind>
         <file>rtsv7M4_T_le_eabi.lib</file>
         <name>fd_div_t2.obj</name>
      </input_file>
      <input_file id="fl-14b">
         <path>C:\TI\ccsv6\tools\compiler\ti-cgt-arm_5.2.7\lib\</path>
         <kind>archive</kind>
         <file>rtsv7M4_T_le_eabi.lib</file>
         <name>fd_mul_t2.obj</name>
      </input_file>
      <input_file id="fl-14c">
         <path>C:\TI\ccsv6\tools\compiler\ti-cgt-arm_5.2.7\lib\</path>
         <kind>archive</kind>
         <file>rtsv7M4_T_le_eabi.lib</file>
         <name>fd_toi_t2.obj</name>
      </input_file>
      <input_file id="fl-14d">
         <path>C:\TI\ccsv6\tools\compiler\ti-cgt-arm_5.2.7\lib\</path>
         <kind>archive</kind>
         <file>rtsv7M4_T_le_eabi.lib</file>
         <name>frexp.obj</name>
      </input_file>
      <input_file id="fl-14e">
         <path>C:\TI\ccsv6\tools\compiler\ti-cgt-arm_5.2.7\lib\</path>
         <kind>archive</kind>
         <file>rtsv7M4_T_le_eabi.lib</file>
         <name>i_tofd_t2.obj</name>
      </input_file>
      <input_file id="fl-14f">
         <path>C:\TI\ccsv6\tools\compiler\ti-cgt-arm_5.2.7\lib\</path>
         <kind>archive</kind>
         <file>rtsv7M4_T_le_eabi.lib</file>
         <name>ldexp.obj</name>
      </input_file>
      <input_file id="fl-150">
         <path>C:\TI\ccsv6\tools\compiler\ti-cgt-arm_5.2.7\lib\</path>
         <kind>archive</kind>
         <file>rtsv7M4_T_le_eabi.lib</file>
         <name>ltoa.obj</name>
      </input_file>
      <input_file id="fl-151">
         <path>C:\TI\ccsv6\tools\compiler\ti-cgt-arm_5.2.7\lib\</path>
         <kind>archive</kind>
         <file>rtsv7M4_T_le_eabi.lib</file>
         <name>memccpy.obj</name>
      </input_file>
      <input_file id="fl-152">
         <path>C:\TI\ccsv6\tools\compiler\ti-cgt-arm_5.2.7\lib\</path>
         <kind>archive</kind>
         <file>rtsv7M4_T_le_eabi.lib</file>
         <name>strchr.obj</name>
      </input_file>
      <input_file id="fl-153">
         <path>C:\TI\ccsv6\tools\compiler\ti-cgt-arm_5.2.7\lib\</path>
         <kind>archive</kind>
         <file>rtsv7M4_T_le_eabi.lib</file>
         <name>ull_div_t2.obj</name>
      </input_file>
      <input_file id="fl-154">
         <path>C:\TI\ccsv6\tools\compiler\ti-cgt-arm_5.2.7\lib\</path>
         <kind>archive</kind>
         <file>rtsv7M4_T_le_eabi.lib</file>
         <name>xdclass.obj</name>
      </input_file>
      <input_file id="fl-155">
         <path>C:\TI\ccsv6\tools\compiler\ti-cgt-arm_5.2.7\lib\</path>
         <kind>archive</kind>
         <file>rtsv7M4_T_le_eabi.lib</file>
         <name>xdscale.obj</name>
      </input_file>
      <input_file id="fl-156">
         <path>C:\TI\ccsv6\tools\compiler\ti-cgt-arm_5.2.7\lib\</path>
         <kind>archive</kind>
         <file>rtsv7M4_T_le_eabi.lib</file>
         <name>xdunscal.obj</name>
      </input_file>
      <input_file id="fl-157">
         <path>C:\TI\ccsv6\tools\compiler\ti-cgt-arm_5.2.7\lib\</path>
         <kind>archive</kind>
         <file>rtsv7M4_T_le_eabi.lib</file>
         <name>xferaise.obj</name>
      </input_file>
      <input_file id="fl-158">
         <path>C:\TI\ccsv6\tools\compiler\ti-cgt-arm_5.2.7\lib\</path>
         <kind>archive</kind>
         <file>rtsv7M4_T_le_eabi.lib</file>
         <name>xvalues.obj</name>
      </input_file>
      <input_file id="fl-159">
         <path>C:\TI\ccsv6\tools\compiler\ti-cgt-arm_5.2.7\lib\</path>
         <kind>archive</kind>
         <file>rtsv7M4_T_le_eabi.lib</file>
         <name>feraiseexcept.obj</name>
      </input_file>
      <input_file id="fl-15a">
         <path>C:\TI\ccsv6\tools\compiler\ti-cgt-arm_5.2.7\lib\</path>
         <kind>archive</kind>
         <file>rtsv7M4_T_le_eabi.lib</file>
         <name>raise.obj</name>
      </input_file>
      <input_file id="fl-15b">
         <path>C:\TI\ccsv6\tools\compiler\ti-cgt-arm_5.2.7\lib\</path>
         <kind>archive</kind>
         <file>rtsv7M4_T_le_eabi.lib</file>
         <name>signal.obj</name>
      </input_file>
      <input_file id="fl-15c">
         <path>C:\TI\ccsv6\tools\compiler\ti-cgt-arm_5.2.7\lib\</path>
         <kind>archive</kind>
         <file>rtsv7M4_T_le_eabi.lib</file>
         <name>xdnorm.obj</name>
      </input_file>
      <input_file id="fl-15d">
         <path>C:\TI\CC3200SDK_1.2.0\cc3200-sdk\example\http_client_demo\ccs\..\..\..\driverlib\ccs\Release\</path>
         <kind>archive</kind>
         <file>driverlib.a</file>
         <name>interrupt.obj</name>
      </input_file>
      <input_file id="fl-15e">
         <path>C:\TI\CC3200SDK_1.2.0\cc3200-sdk\example\http_client_demo\ccs\..\..\..\driverlib\ccs\Release\</path>
         <kind>archive</kind>
         <file>driverlib.a</file>
         <name>pin.obj</name>
      </input_file>
      <input_file id="fl-15f">
         <path>C:\TI\CC3200SDK_1.2.0\cc3200-sdk\example\http_client_demo\ccs\..\..\..\driverlib\ccs\Release\</path>
         <kind>archive</kind>
         <file>driverlib.a</file>
         <name>prcm.obj</name>
      </input_file>
      <input_file id="fl-160">
         <path>C:\TI\CC3200SDK_1.2.0\cc3200-sdk\example\http_client_demo\ccs\..\..\..\driverlib\ccs\Release\</path>
         <kind>archive</kind>
         <file>driverlib.a</file>
         <name>uart.obj</name>
      </input_file>
      <input_file id="fl-161">
         <path>C:\TI\CC3200SDK_1.2.0\cc3200-sdk\example\http_client_demo\ccs\..\..\..\driverlib\ccs\Release\</path>
         <kind>archive</kind>
         <file>driverlib.a</file>
         <name>utils.obj</name>
      </input_file>
      <input_file id="fl-162">
         <path>C:\TI\CC3200SDK_1.2.0\cc3200-sdk\example\http_client_demo\ccs\..\..\..\driverlib\ccs\Release\</path>
         <kind>archive</kind>
         <file>driverlib.a</file>
         <name>cpu.obj</name>
      </input_file>
      <input_file id="fl-163">
         <path>C:\TI\CC3200SDK_1.2.0\cc3200-sdk\example\http_client_demo\ccs\..\..\..\driverlib\ccs\Release\</path>
         <kind>archive</kind>
         <file>driverlib.a</file>
         <name>flash.obj</name>
      </input_file>
      <input_file id="fl-164">
         <path>C:\TI\CC3200SDK_1.2.0\cc3200-sdk\example\http_client_demo\ccs\..\..\..\simplelink\ccs\NON_OS\</path>
         <kind>archive</kind>
         <file>simplelink.a</file>
         <name>device.obj</name>
      </input_file>
      <input_file id="fl-165">
         <path>C:\TI\CC3200SDK_1.2.0\cc3200-sdk\example\http_client_demo\ccs\..\..\..\simplelink\ccs\NON_OS\</path>
         <kind>archive</kind>
         <file>simplelink.a</file>
         <name>driver.obj</name>
      </input_file>
      <input_file id="fl-166">
         <path>C:\TI\CC3200SDK_1.2.0\cc3200-sdk\example\http_client_demo\ccs\..\..\..\simplelink\ccs\NON_OS\</path>
         <kind>archive</kind>
         <file>simplelink.a</file>
         <name>netapp.obj</name>
      </input_file>
      <input_file id="fl-167">
         <path>C:\TI\CC3200SDK_1.2.0\cc3200-sdk\example\http_client_demo\ccs\..\..\..\simplelink\ccs\NON_OS\</path>
         <kind>archive</kind>
         <file>simplelink.a</file>
         <name>netcfg.obj</name>
      </input_file>
      <input_file id="fl-168">
         <path>C:\TI\CC3200SDK_1.2.0\cc3200-sdk\example\http_client_demo\ccs\..\..\..\simplelink\ccs\NON_OS\</path>
         <kind>archive</kind>
         <file>simplelink.a</file>
         <name>nonos.obj</name>
      </input_file>
      <input_file id="fl-169">
         <path>C:\TI\CC3200SDK_1.2.0\cc3200-sdk\example\http_client_demo\ccs\..\..\..\simplelink\ccs\NON_OS\</path>
         <kind>archive</kind>
         <file>simplelink.a</file>
         <name>socket.obj</name>
      </input_file>
      <input_file id="fl-16a">
         <path>C:\TI\CC3200SDK_1.2.0\cc3200-sdk\example\http_client_demo\ccs\..\..\..\simplelink\ccs\NON_OS\</path>
         <kind>archive</kind>
         <file>simplelink.a</file>
         <name>wlan.obj</name>
      </input_file>
      <input_file id="fl-16b">
         <path>C:\TI\CC3200SDK_1.2.0\cc3200-sdk\example\http_client_demo\ccs\..\..\..\simplelink\ccs\NON_OS\</path>
         <kind>archive</kind>
         <file>simplelink.a</file>
         <name>cc_pal.obj</name>
      </input_file>
      <input_file id="fl-16c">
         <path>C:\TI\CC3200SDK_1.2.0\cc3200-sdk\netapps\http\client\ccs\HTTPClientMinLib\</path>
         <kind>archive</kind>
         <file>webclient.a</file>
         <name>httpcli.obj</name>
      </input_file>
      <input_file id="fl-16d">
         <path>C:\TI\CC3200SDK_1.2.0\cc3200-sdk\netapps\http\client\ccs\HTTPClientMinLib\</path>
         <kind>archive</kind>
         <file>webclient.a</file>
         <name>ssock.obj</name>
      </input_file>
      <input_file id="fl-16e">
         <path>C:\TI\CC3200SDK_1.2.0\cc3200-sdk\netapps\json\ccs\Release\</path>
         <kind>archive</kind>
         <file>json.a</file>
         <name>jsmn.obj</name>
      </input_file>
      <input_file id="fl-16f">
         <path>C:\TI\ccsv6\tools\compiler\ti-cgt-arm_5.2.7\lib\</path>
         <kind>archive</kind>
         <file>rtsv7M4_T_le_eabi.lib</file>
         <name>strcmp.obj</name>
      </input_file>
      <input_file id="fl-170">
         <path>C:\TI\ccsv6\tools\compiler\ti-cgt-arm_5.2.7\lib\</path>
         <kind>archive</kind>
         <file>rtsv7M4_T_le_eabi.lib</file>
         <name>strcpy.obj</name>
      </input_file>
      <input_file id="fl-171">
         <path>C:\TI\CC3200SDK_1.2.0\cc3200-sdk\example\http_client_demo\ccs\..\..\..\driverlib\ccs\Release\</path>
         <kind>archive</kind>
         <file>driverlib.a</file>
         <name>spi.obj</name>
      </input_file>
      <input_file id="fl-172">
         <path>C:\TI\CC3200SDK_1.2.0\cc3200-sdk\example\http_client_demo\ccs\..\..\..\driverlib\ccs\Release\</path>
         <kind>archive</kind>
         <file>driverlib.a</file>
         <name>udma.obj</name>
      </input_file>
   </input_file_list>
   <object_component_list>
      <object_component id="oc-f">
         <name>.intvecs</name>
         <load_address>0x20004000</load_address>
         <run_address>0x20004000</run_address>
         <size>0x400</size>
         <input_file_ref idref="fl-5"/>
      </object_component>
      <object_component id="oc-9f">
         <name>.text</name>
         <load_address>0x20004400</load_address>
         <run_address>0x20004400</run_address>
         <size>0x1738</size>
         <input_file_ref idref="fl-2"/>
      </object_component>
      <object_component id="oc-32e">
         <name>.text</name>
         <load_address>0x20005b38</load_address>
         <run_address>0x20005b38</run_address>
         <size>0x10a6</size>
         <input_file_ref idref="fl-141"/>
      </object_component>
      <object_component id="oc-5c0">
         <name>.text:IntDefaultHandler</name>
         <load_address>0x20006bde</load_address>
         <run_address>0x20006bde</run_address>
         <size>0x2</size>
         <input_file_ref idref="fl-15d"/>
      </object_component>
      <object_component id="oc-135">
         <name>.text</name>
         <load_address>0x20006be0</load_address>
         <run_address>0x20006be0</run_address>
         <size>0xfc4</size>
         <input_file_ref idref="fl-16c"/>
      </object_component>
      <object_component id="oc-141">
         <name>.text</name>
         <load_address>0x20007ba4</load_address>
         <run_address>0x20007ba4</run_address>
         <size>0x5f0</size>
         <input_file_ref idref="fl-16e"/>
      </object_component>
      <object_component id="oc-5ce">
         <name>.text:_SlDrvMsgRead</name>
         <load_address>0x20008194</load_address>
         <run_address>0x20008194</run_address>
         <size>0x590</size>
         <input_file_ref idref="fl-165"/>
      </object_component>
      <object_component id="oc-14d">
         <name>.text</name>
         <load_address>0x20008724</load_address>
         <run_address>0x20008724</run_address>
         <size>0x3dc</size>
         <input_file_ref idref="fl-137"/>
      </object_component>
      <object_component id="oc-2d7">
         <name>.text</name>
         <load_address>0x20008b00</load_address>
         <run_address>0x20008b00</run_address>
         <size>0x2ea</size>
         <input_file_ref idref="fl-16d"/>
      </object_component>
      <object_component id="oc-d1">
         <name>.text</name>
         <load_address>0x20008dec</load_address>
         <run_address>0x20008dec</run_address>
         <size>0x280</size>
         <input_file_ref idref="fl-6"/>
      </object_component>
      <object_component id="oc-12f">
         <name>.text:sl_WlanConnect</name>
         <load_address>0x2000906c</load_address>
         <run_address>0x2000906c</run_address>
         <size>0x260</size>
         <input_file_ref idref="fl-16a"/>
      </object_component>
      <object_component id="oc-659">
         <name>.text:_SlDrvRxHdrRead</name>
         <load_address>0x200092cc</load_address>
         <run_address>0x200092cc</run_address>
         <size>0x1fc</size>
         <input_file_ref idref="fl-165"/>
      </object_component>
      <object_component id="oc-501">
         <name>.text</name>
         <load_address>0x200094c8</load_address>
         <run_address>0x200094c8</run_address>
         <size>0x1f4</size>
         <input_file_ref idref="fl-153"/>
      </object_component>
      <object_component id="oc-5f1">
         <name>.text:_SlDrvDataReadOp</name>
         <load_address>0x200096bc</load_address>
         <run_address>0x200096bc</run_address>
         <size>0x1e4</size>
         <input_file_ref idref="fl-165"/>
      </object_component>
      <object_component id="oc-255">
         <name>.text:_SlDrvReleasePoolObj</name>
         <load_address>0x200098a0</load_address>
         <run_address>0x200098a0</run_address>
         <size>0x1d0</size>
         <input_file_ref idref="fl-165"/>
      </object_component>
      <object_component id="oc-52a">
         <name>.text</name>
         <load_address>0x20009a70</load_address>
         <run_address>0x20009a70</run_address>
         <size>0x1b6</size>
         <input_file_ref idref="fl-148"/>
      </object_component>
      <object_component id="oc-22b">
         <name>.text:_SlDrvDriverCBInit</name>
         <load_address>0x20009c28</load_address>
         <run_address>0x20009c28</run_address>
         <size>0x1b4</size>
         <input_file_ref idref="fl-165"/>
      </object_component>
      <object_component id="oc-491">
         <name>.text:_SlDrvMsgWrite</name>
         <load_address>0x20009ddc</load_address>
         <run_address>0x20009ddc</run_address>
         <size>0x19c</size>
         <input_file_ref idref="fl-165"/>
      </object_component>
      <object_component id="oc-336">
         <name>.text:_SlDrvWaitForPoolObj</name>
         <load_address>0x20009f78</load_address>
         <run_address>0x20009f78</run_address>
         <size>0x190</size>
         <input_file_ref idref="fl-165"/>
      </object_component>
      <object_component id="oc-187">
         <name>.text:PRCMCC3200MCUInit</name>
         <load_address>0x2000a108</load_address>
         <run_address>0x2000a108</run_address>
         <size>0x178</size>
         <input_file_ref idref="fl-15f"/>
      </object_component>
      <object_component id="oc-66b">
         <name>.text:_SlFindAndSetActiveObj</name>
         <load_address>0x2000a280</load_address>
         <run_address>0x2000a280</run_address>
         <size>0x170</size>
         <input_file_ref idref="fl-165"/>
      </object_component>
      <object_component id="oc-301">
         <name>.text:sl_Connect</name>
         <load_address>0x2000a3f0</load_address>
         <run_address>0x2000a3f0</run_address>
         <size>0x16c</size>
         <input_file_ref idref="fl-169"/>
      </object_component>
      <object_component id="oc-5fe">
         <name>.text:_SlDrvDataWriteOp</name>
         <load_address>0x2000a55c</load_address>
         <run_address>0x2000a55c</run_address>
         <size>0x150</size>
         <input_file_ref idref="fl-165"/>
      </object_component>
      <object_component id="oc-231">
         <name>.text:spi_Open</name>
         <load_address>0x2000a6ac</load_address>
         <run_address>0x2000a6ac</run_address>
         <size>0x148</size>
         <input_file_ref idref="fl-16b"/>
      </object_component>
      <object_component id="oc-510">
         <name>.text</name>
         <load_address>0x2000a7f4</load_address>
         <run_address>0x2000a7f4</run_address>
         <size>0x136</size>
         <input_file_ref idref="fl-14a"/>
      </object_component>
      <object_component id="oc-163">
         <name>.text:sl_NetAppDnsGetHostByName</name>
         <load_address>0x2000a92c</load_address>
         <run_address>0x2000a92c</run_address>
         <size>0x12c</size>
         <input_file_ref idref="fl-166"/>
      </object_component>
      <object_component id="oc-497">
         <name>.text:_SlDrvMsgReadCmdCtx</name>
         <load_address>0x2000aa58</load_address>
         <run_address>0x2000aa58</run_address>
         <size>0x128</size>
         <input_file_ref idref="fl-165"/>
      </object_component>
      <object_component id="oc-294">
         <name>.text:_SlDrvDriverCBDeinit</name>
         <load_address>0x2000ab80</load_address>
         <run_address>0x2000ab80</run_address>
         <size>0x124</size>
         <input_file_ref idref="fl-165"/>
      </object_component>
      <object_component id="oc-4c8">
         <name>.text:sl_Send</name>
         <load_address>0x2000aca4</load_address>
         <run_address>0x2000aca4</run_address>
         <size>0x118</size>
         <input_file_ref idref="fl-169"/>
      </object_component>
      <object_component id="oc-154">
         <name>.text</name>
         <load_address>0x2000adbc</load_address>
         <run_address>0x2000adbc</run_address>
         <size>0x114</size>
         <input_file_ref idref="fl-13e"/>
      </object_component>
      <object_component id="oc-624">
         <name>.text</name>
         <load_address>0x2000aed0</load_address>
         <run_address>0x2000aed0</run_address>
         <size>0x110</size>
         <input_file_ref idref="fl-155"/>
      </object_component>
      <object_component id="oc-6e0">
         <name>.text:_SlDrvNetAppEventHandler</name>
         <load_address>0x2000afe0</load_address>
         <run_address>0x2000afe0</run_address>
         <size>0x104</size>
         <input_file_ref idref="fl-166"/>
      </object_component>
      <object_component id="oc-50b">
         <name>.text</name>
         <load_address>0x2000b0e4</load_address>
         <run_address>0x2000b0e4</run_address>
         <size>0xfc</size>
         <input_file_ref idref="fl-14b"/>
      </object_component>
      <object_component id="oc-665">
         <name>.text:spi_Read</name>
         <load_address>0x2000b1e0</load_address>
         <run_address>0x2000b1e0</run_address>
         <size>0xf0</size>
         <input_file_ref idref="fl-16b"/>
      </object_component>
      <object_component id="oc-77c">
         <name>.text:uDMAChannelTransferSet</name>
         <load_address>0x2000b2d0</load_address>
         <run_address>0x2000b2d0</run_address>
         <size>0xf0</size>
         <input_file_ref idref="fl-172"/>
      </object_component>
      <object_component id="oc-5d4">
         <name>.text:_SlAsyncEventGenericHandler</name>
         <load_address>0x2000b3c0</load_address>
         <run_address>0x2000b3c0</run_address>
         <size>0xe8</size>
         <input_file_ref idref="fl-165"/>
      </object_component>
      <object_component id="oc-f2">
         <name>.text:sl_Stop</name>
         <load_address>0x2000b4a8</load_address>
         <run_address>0x2000b4a8</run_address>
         <size>0xe4</size>
         <input_file_ref idref="fl-164"/>
      </object_component>
      <object_component id="oc-e0">
         <name>.text:sl_Start</name>
         <load_address>0x2000b58c</load_address>
         <run_address>0x2000b58c</run_address>
         <size>0xe0</size>
         <input_file_ref idref="fl-164"/>
      </object_component>
      <object_component id="oc-65f">
         <name>.text:_SlDrvClassifyRxMsg</name>
         <load_address>0x2000b66c</load_address>
         <run_address>0x2000b66c</run_address>
         <size>0xdc</size>
         <input_file_ref idref="fl-165"/>
      </object_component>
      <object_component id="oc-478">
         <name>.text:_SlDrvMsgReadSpawnCtx</name>
         <load_address>0x2000b748</load_address>
         <run_address>0x2000b748</run_address>
         <size>0xd4</size>
         <input_file_ref idref="fl-165"/>
      </object_component>
      <object_component id="oc-740">
         <name>.text:_sl_HandleAsync_DnsGetHostByService</name>
         <load_address>0x2000b81c</load_address>
         <run_address>0x2000b81c</run_address>
         <size>0xcc</size>
         <input_file_ref idref="fl-166"/>
      </object_component>
      <object_component id="oc-2c3">
         <name>.text:sl_NetAppMDNSRegisterUnregisterService</name>
         <load_address>0x2000b8e8</load_address>
         <run_address>0x2000b8e8</run_address>
         <size>0xc8</size>
         <input_file_ref idref="fl-166"/>
      </object_component>
      <object_component id="oc-455">
         <name>.text:_SlRemoveFromList</name>
         <load_address>0x2000b9b0</load_address>
         <run_address>0x2000b9b0</run_address>
         <size>0xc4</size>
         <input_file_ref idref="fl-165"/>
      </object_component>
      <object_component id="oc-27e">
         <name>.text:_SlDrvCmdOp</name>
         <load_address>0x2000ba74</load_address>
         <run_address>0x2000ba74</run_address>
         <size>0xc0</size>
         <input_file_ref idref="fl-165"/>
      </object_component>
      <object_component id="oc-6bb">
         <name>.text</name>
         <load_address>0x2000bb34</load_address>
         <run_address>0x2000bb34</run_address>
         <size>0xbe</size>
         <input_file_ref idref="fl-15c"/>
      </object_component>
      <object_component id="oc-f8">
         <name>.text:sl_DevGet</name>
         <load_address>0x2000bbf4</load_address>
         <run_address>0x2000bbf4</run_address>
         <size>0xb4</size>
         <input_file_ref idref="fl-164"/>
      </object_component>
      <object_component id="oc-434">
         <name>.text:IntDisable</name>
         <load_address>0x2000bca8</load_address>
         <run_address>0x2000bca8</run_address>
         <size>0xa8</size>
         <input_file_ref idref="fl-15d"/>
      </object_component>
      <object_component id="oc-181">
         <name>.text:IntEnable</name>
         <load_address>0x2000bd50</load_address>
         <run_address>0x2000bd50</run_address>
         <size>0xa8</size>
         <input_file_ref idref="fl-15d"/>
      </object_component>
      <object_component id="oc-44e">
         <name>.text:_SlDriverHandleError</name>
         <load_address>0x2000bdf8</load_address>
         <run_address>0x2000bdf8</run_address>
         <size>0xa4</size>
         <input_file_ref idref="fl-165"/>
      </object_component>
      <object_component id="oc-3da">
         <name>.text:SPIConfigSetExpClk</name>
         <load_address>0x2000be9c</load_address>
         <run_address>0x2000be9c</run_address>
         <size>0xa0</size>
         <input_file_ref idref="fl-171"/>
      </object_component>
      <object_component id="oc-36">
         <name>.text</name>
         <load_address>0x2000bf3c</load_address>
         <run_address>0x2000bf3c</run_address>
         <size>0x9c</size>
         <input_file_ref idref="fl-135"/>
      </object_component>
      <object_component id="oc-68f">
         <name>.text:_SlDrvDeviceEventHandler</name>
         <load_address>0x2000bfd8</load_address>
         <run_address>0x2000bfd8</run_address>
         <size>0x9a</size>
         <input_file_ref idref="fl-164"/>
      </object_component>
      <object_component id="oc-5dd">
         <name>.text:spi_Write</name>
         <load_address>0x2000c074</load_address>
         <run_address>0x2000c074</run_address>
         <size>0x98</size>
         <input_file_ref idref="fl-16b"/>
      </object_component>
      <object_component id="oc-1cf">
         <name>.text:PRCMPeripheralClockGet</name>
         <load_address>0x2000c10c</load_address>
         <run_address>0x2000c10c</run_address>
         <size>0x94</size>
         <input_file_ref idref="fl-15f"/>
      </object_component>
      <object_component id="oc-73a">
         <name>.text:_sl_HandleAsync_DnsGetHostByName</name>
         <load_address>0x2000c1a0</load_address>
         <run_address>0x2000c1a0</run_address>
         <size>0x90</size>
         <input_file_ref idref="fl-166"/>
      </object_component>
      <object_component id="oc-6e6">
         <name>.text:_sl_HandleAsync_PingResponse</name>
         <load_address>0x2000c230</load_address>
         <run_address>0x2000c230</run_address>
         <size>0x90</size>
         <input_file_ref idref="fl-166"/>
      </object_component>
      <object_component id="oc-6ed">
         <name>.text:SetupDMAReceive</name>
         <load_address>0x2000c2c0</load_address>
         <run_address>0x2000c2c0</run_address>
         <size>0x8c</size>
         <input_file_ref idref="fl-16b"/>
      </object_component>
      <object_component id="oc-676">
         <name>.text:SetupDMASend</name>
         <load_address>0x2000c34c</load_address>
         <run_address>0x2000c34c</run_address>
         <size>0x8c</size>
         <input_file_ref idref="fl-16b"/>
      </object_component>
      <object_component id="oc-577">
         <name>.text:PinConfigSet</name>
         <load_address>0x2000c3d8</load_address>
         <run_address>0x2000c3d8</run_address>
         <size>0x88</size>
         <input_file_ref idref="fl-15e"/>
      </object_component>
      <object_component id="oc-1e1">
         <name>.text</name>
         <load_address>0x2000c460</load_address>
         <run_address>0x2000c460</run_address>
         <size>0x88</size>
         <input_file_ref idref="fl-13f"/>
      </object_component>
      <object_component id="oc-4c2">
         <name>.text:sl_Recv</name>
         <load_address>0x2000c4e8</load_address>
         <run_address>0x2000c4e8</run_address>
         <size>0x88</size>
         <input_file_ref idref="fl-169"/>
      </object_component>
      <object_component id="oc-506">
         <name>.text:__aeabi_cdcmple</name>
         <load_address>0x2000c570</load_address>
         <run_address>0x2000c570</run_address>
         <size>0x86</size>
         <input_file_ref idref="fl-149"/>
      </object_component>
      <object_component id="oc-515">
         <name>.text:__aeabi_cdrcmple</name>
         <load_address>0x2000c5f6</load_address>
         <run_address>0x2000c5f6</run_address>
         <size>0x86</size>
         <input_file_ref idref="fl-149"/>
      </object_component>
      <object_component id="oc-762">
         <name>.text:_sl_HandleAsync_Connect</name>
         <load_address>0x2000c67c</load_address>
         <run_address>0x2000c67c</run_address>
         <size>0x80</size>
         <input_file_ref idref="fl-169"/>
      </object_component>
      <object_component id="oc-70a">
         <name>.text:_sl_HandleAsync_InitComplete</name>
         <load_address>0x2000c6fc</load_address>
         <run_address>0x2000c6fc</run_address>
         <size>0x80</size>
         <input_file_ref idref="fl-164"/>
      </object_component>
      <object_component id="oc-6f3">
         <name>.text:spi_Read_CPU</name>
         <load_address>0x2000c77c</load_address>
         <run_address>0x2000c77c</run_address>
         <size>0x80</size>
         <input_file_ref idref="fl-16b"/>
      </object_component>
      <object_component id="oc-688">
         <name>.text:spi_Write_CPU</name>
         <load_address>0x2000c7fc</load_address>
         <run_address>0x2000c7fc</run_address>
         <size>0x80</size>
         <input_file_ref idref="fl-16b"/>
      </object_component>
      <object_component id="oc-110">
         <name>.text:sl_NetCfgSet</name>
         <load_address>0x2000c87c</load_address>
         <run_address>0x2000c87c</run_address>
         <size>0x7c</size>
         <input_file_ref idref="fl-167"/>
      </object_component>
      <object_component id="oc-2e6">
         <name>.text:sl_SetSockOpt</name>
         <load_address>0x2000c8f8</load_address>
         <run_address>0x2000c8f8</run_address>
         <size>0x7c</size>
         <input_file_ref idref="fl-169"/>
      </object_component>
      <object_component id="oc-116">
         <name>.text:sl_WlanSet</name>
         <load_address>0x2000c974</load_address>
         <run_address>0x2000c974</run_address>
         <size>0x7c</size>
         <input_file_ref idref="fl-16a"/>
      </object_component>
      <object_component id="oc-4f">
         <name>.text</name>
         <load_address>0x2000c9f0</load_address>
         <run_address>0x2000c9f0</run_address>
         <size>0x7a</size>
         <input_file_ref idref="fl-138"/>
      </object_component>
      <object_component id="oc-3bd">
         <name>.text:_SlNonOsSemGet</name>
         <load_address>0x2000ca6c</load_address>
         <run_address>0x2000ca6c</run_address>
         <size>0x78</size>
         <input_file_ref idref="fl-168"/>
      </object_component>
      <object_component id="oc-fe">
         <name>.text:sl_WlanPolicySet</name>
         <load_address>0x2000cae4</load_address>
         <run_address>0x2000cae4</run_address>
         <size>0x78</size>
         <input_file_ref idref="fl-16a"/>
      </object_component>
      <object_component id="oc-28e">
         <name>.text:spi_Close</name>
         <load_address>0x2000cb5c</load_address>
         <run_address>0x2000cb5c</run_address>
         <size>0x78</size>
         <input_file_ref idref="fl-16b"/>
      </object_component>
      <object_component id="oc-1d5">
         <name>.text:UARTConfigSetExpClk</name>
         <load_address>0x2000cbd4</load_address>
         <run_address>0x2000cbd4</run_address>
         <size>0x76</size>
         <input_file_ref idref="fl-160"/>
      </object_component>
      <object_component id="oc-e6">
         <name>.text:_SlNonOsMainLoopTask</name>
         <load_address>0x2000cc4c</load_address>
         <run_address>0x2000cc4c</run_address>
         <size>0x74</size>
         <input_file_ref idref="fl-168"/>
      </object_component>
      <object_component id="oc-2fb">
         <name>.text:sl_Socket</name>
         <load_address>0x2000ccc0</load_address>
         <run_address>0x2000ccc0</run_address>
         <size>0x70</size>
         <input_file_ref idref="fl-169"/>
      </object_component>
      <object_component id="oc-7a7">
         <name>.text:_SlDrvCmdSend</name>
         <load_address>0x2000cd30</load_address>
         <run_address>0x2000cd30</run_address>
         <size>0x6c</size>
         <input_file_ref idref="fl-165"/>
      </object_component>
      <object_component id="oc-74c">
         <name>.text:_sl_NetAppSendTokenValue</name>
         <load_address>0x2000cd9c</load_address>
         <run_address>0x2000cd9c</run_address>
         <size>0x6c</size>
         <input_file_ref idref="fl-166"/>
      </object_component>
      <object_component id="oc-61">
         <name>.text</name>
         <load_address>0x2000ce08</load_address>
         <run_address>0x2000ce08</run_address>
         <size>0x6c</size>
         <input_file_ref idref="fl-144"/>
      </object_component>
      <object_component id="oc-125">
         <name>.text:sl_WlanRxFilterSet</name>
         <load_address>0x2000ce74</load_address>
         <run_address>0x2000ce74</run_address>
         <size>0x6c</size>
         <input_file_ref idref="fl-16a"/>
      </object_component>
      <object_component id="oc-42">
         <name>.text</name>
         <load_address>0x2000cee0</load_address>
         <run_address>0x2000cee0</run_address>
         <size>0x6a</size>
         <input_file_ref idref="fl-132"/>
      </object_component>
      <object_component id="oc-61c">
         <name>.text</name>
         <load_address>0x2000cf4a</load_address>
         <run_address>0x2000cf4a</run_address>
         <size>0x66</size>
         <input_file_ref idref="fl-156"/>
      </object_component>
      <object_component id="oc-472">
         <name>.text:_SlNonOsSpawn</name>
         <load_address>0x2000cfb0</load_address>
         <run_address>0x2000cfb0</run_address>
         <size>0x64</size>
         <input_file_ref idref="fl-168"/>
      </object_component>
      <object_component id="oc-75c">
         <name>.text:_sl_HandleAsync_Accept</name>
         <load_address>0x2000d014</load_address>
         <run_address>0x2000d014</run_address>
         <size>0x64</size>
         <input_file_ref idref="fl-169"/>
      </object_component>
      <object_component id="oc-595">
         <name>.text:uDMAChannelAttributeDisable</name>
         <load_address>0x2000d078</load_address>
         <run_address>0x2000d078</run_address>
         <size>0x64</size>
         <input_file_ref idref="fl-172"/>
      </object_component>
      <object_component id="oc-776">
         <name>.text:uDMAChannelAttributeEnable</name>
         <load_address>0x2000d0dc</load_address>
         <run_address>0x2000d0dc</run_address>
         <size>0x64</size>
         <input_file_ref idref="fl-172"/>
      </object_component>
      <object_component id="oc-15d">
         <name>.text</name>
         <load_address>0x2000d140</load_address>
         <run_address>0x2000d140</run_address>
         <size>0x60</size>
         <input_file_ref idref="fl-13a"/>
      </object_component>
      <object_component id="oc-440">
         <name>.text:IntPendClear</name>
         <load_address>0x2000d1a0</load_address>
         <run_address>0x2000d1a0</run_address>
         <size>0x58</size>
         <input_file_ref idref="fl-15d"/>
      </object_component>
      <object_component id="oc-37e">
         <name>.text:PRCMPeripheralReset</name>
         <load_address>0x2000d1f8</load_address>
         <run_address>0x2000d1f8</run_address>
         <size>0x58</size>
         <input_file_ref idref="fl-15f"/>
      </object_component>
      <object_component id="oc-51f">
         <name>.text</name>
         <load_address>0x2000d250</load_address>
         <run_address>0x2000d250</run_address>
         <size>0x56</size>
         <input_file_ref idref="fl-150"/>
      </object_component>
      <object_component id="oc-404">
         <name>.text:IntPrioritySet</name>
         <load_address>0x2000d2a8</load_address>
         <run_address>0x2000d2a8</run_address>
         <size>0x54</size>
         <input_file_ref idref="fl-15d"/>
      </object_component>
      <object_component id="oc-267">
         <name>.text:_SlDrvRxIrqHandler</name>
         <load_address>0x2000d2fc</load_address>
         <run_address>0x2000d2fc</run_address>
         <size>0x54</size>
         <input_file_ref idref="fl-165"/>
      </object_component>
      <object_component id="oc-768">
         <name>.text:_sl_HandleAsync_Select</name>
         <load_address>0x2000d350</load_address>
         <run_address>0x2000d350</run_address>
         <size>0x54</size>
         <input_file_ref idref="fl-169"/>
      </object_component>
      <object_component id="oc-710">
         <name>.text:_sl_HandleAsync_Stop</name>
         <load_address>0x2000d3a4</load_address>
         <run_address>0x2000d3a4</run_address>
         <size>0x50</size>
         <input_file_ref idref="fl-164"/>
      </object_component>
      <object_component id="oc-40a">
         <name>.text:SPIIntEnable</name>
         <load_address>0x2000d3f4</load_address>
         <run_address>0x2000d3f4</run_address>
         <size>0x4c</size>
         <input_file_ref idref="fl-171"/>
      </object_component>
      <object_component id="oc-5e8">
         <name>.text:SPIIntNumberGet</name>
         <load_address>0x2000d440</load_address>
         <run_address>0x2000d440</run_address>
         <size>0x4c</size>
         <input_file_ref idref="fl-171"/>
      </object_component>
      <object_component id="oc-237">
         <name>.text:_SlDrvProtectAsyncRespSetting</name>
         <load_address>0x2000d48c</load_address>
         <run_address>0x2000d48c</run_address>
         <size>0x4c</size>
         <input_file_ref idref="fl-165"/>
      </object_component>
      <object_component id="oc-4e4">
         <name>.text:_sl_BuildAddress</name>
         <load_address>0x2000d4d8</load_address>
         <run_address>0x2000d4d8</run_address>
         <size>0x4c</size>
         <input_file_ref idref="fl-169"/>
      </object_component>
      <object_component id="oc-547">
         <name>.text</name>
         <load_address>0x2000d524</load_address>
         <run_address>0x2000d524</run_address>
         <size>0x4c</size>
         <input_file_ref idref="fl-143"/>
      </object_component>
      <object_component id="oc-97">
         <name>.text</name>
         <load_address>0x2000d570</load_address>
         <run_address>0x2000d570</run_address>
         <size>0x4c</size>
         <input_file_ref idref="fl-145"/>
      </object_component>
      <object_component id="oc-58f">
         <name>.text:uDMAChannelAssign</name>
         <load_address>0x2000d5bc</load_address>
         <run_address>0x2000d5bc</run_address>
         <size>0x4c</size>
         <input_file_ref idref="fl-172"/>
      </object_component>
      <object_component id="oc-5b0">
         <name>.text:SPIIntClear</name>
         <load_address>0x2000d608</load_address>
         <run_address>0x2000d608</run_address>
         <size>0x48</size>
         <input_file_ref idref="fl-171"/>
      </object_component>
      <object_component id="oc-2b1">
         <name>.text:_SlDrvBasicCmd</name>
         <load_address>0x2000d650</load_address>
         <run_address>0x2000d650</run_address>
         <size>0x48</size>
         <input_file_ref idref="fl-165"/>
      </object_component>
      <object_component id="oc-51a">
         <name>.text</name>
         <load_address>0x2000d698</load_address>
         <run_address>0x2000d698</run_address>
         <size>0x48</size>
         <input_file_ref idref="fl-14c"/>
      </object_component>
      <object_component id="oc-11c">
         <name>.text:sl_NetAppMDNSUnRegisterService</name>
         <load_address>0x2000d6e0</load_address>
         <run_address>0x2000d6e0</run_address>
         <size>0x48</size>
         <input_file_ref idref="fl-166"/>
      </object_component>
      <object_component id="oc-535">
         <name>.text</name>
         <load_address>0x2000d728</load_address>
         <run_address>0x2000d728</run_address>
         <size>0x46</size>
         <input_file_ref idref="fl-14f"/>
      </object_component>
      <object_component id="oc-5a4">
         <name>.text:SPIDmaMaskGet</name>
         <load_address>0x2000d770</load_address>
         <run_address>0x2000d770</run_address>
         <size>0x44</size>
         <input_file_ref idref="fl-171"/>
      </object_component>
      <object_component id="oc-7a0">
         <name>.text:_SlDrvHandleHttpServerEvents</name>
         <load_address>0x2000d7b4</load_address>
         <run_address>0x2000d7b4</run_address>
         <size>0x44</size>
         <input_file_ref idref="fl-165"/>
      </object_component>
      <object_component id="oc-24f">
         <name>.text:_SlDrvSyncObjWaitTimeout</name>
         <load_address>0x2000d7f8</load_address>
         <run_address>0x2000d7f8</run_address>
         <size>0x44</size>
         <input_file_ref idref="fl-165"/>
      </object_component>
      <object_component id="oc-700">
         <name>.text:cc_SetupTransfer</name>
         <load_address>0x2000d83c</load_address>
         <run_address>0x2000d83c</run_address>
         <size>0x44</size>
         <input_file_ref idref="fl-16b"/>
      </object_component>
      <object_component id="oc-6d">
         <name>.text</name>
         <load_address>0x2000d880</load_address>
         <run_address>0x2000d880</run_address>
         <size>0x44</size>
         <input_file_ref idref="fl-134"/>
      </object_component>
      <object_component id="oc-307">
         <name>.text:sl_Close</name>
         <load_address>0x2000d8c4</load_address>
         <run_address>0x2000d8c4</run_address>
         <size>0x44</size>
         <input_file_ref idref="fl-169"/>
      </object_component>
      <object_component id="oc-104">
         <name>.text:sl_WlanProfileDel</name>
         <load_address>0x2000d908</load_address>
         <run_address>0x2000d908</run_address>
         <size>0x44</size>
         <input_file_ref idref="fl-16a"/>
      </object_component>
      <object_component id="oc-ec">
         <name>.text:sl_WlanSetMode</name>
         <load_address>0x2000d94c</load_address>
         <run_address>0x2000d94c</run_address>
         <size>0x44</size>
         <input_file_ref idref="fl-16a"/>
      </object_component>
      <object_component id="oc-16f">
         <name>.text:sl_Htonl</name>
         <load_address>0x2000d990</load_address>
         <run_address>0x2000d990</run_address>
         <size>0x42</size>
         <input_file_ref idref="fl-169"/>
      </object_component>
      <object_component id="oc-571">
         <name>.text:PinModeSet</name>
         <load_address>0x2000d9d4</load_address>
         <run_address>0x2000d9d4</run_address>
         <size>0x40</size>
         <input_file_ref idref="fl-15e"/>
      </object_component>
      <object_component id="oc-69b">
         <name>.text:_SlDrvHandleNetAppEvents</name>
         <load_address>0x2000da14</load_address>
         <run_address>0x2000da14</run_address>
         <size>0x40</size>
         <input_file_ref idref="fl-165"/>
      </object_component>
      <object_component id="oc-695">
         <name>.text:_SlDrvHandleWlanEvents</name>
         <load_address>0x2000da54</load_address>
         <run_address>0x2000da54</run_address>
         <size>0x40</size>
         <input_file_ref idref="fl-165"/>
      </object_component>
      <object_component id="oc-5f8">
         <name>.text:_sl_TruncatePayloadByProtocol</name>
         <load_address>0x2000da94</load_address>
         <run_address>0x2000da94</run_address>
         <size>0x40</size>
         <input_file_ref idref="fl-169"/>
      </object_component>
      <object_component id="oc-78d">
         <name>.text</name>
         <load_address>0x2000dad4</load_address>
         <run_address>0x2000dad4</run_address>
         <size>0x40</size>
         <input_file_ref idref="fl-15b"/>
      </object_component>
      <object_component id="oc-243">
         <name>.text:NwpRegisterInterruptHandler</name>
         <load_address>0x2000db14</load_address>
         <run_address>0x2000db14</run_address>
         <size>0x3e</size>
         <input_file_ref idref="fl-16b"/>
      </object_component>
      <object_component id="oc-753">
         <name>.text:CopyPingResultsToReport</name>
         <load_address>0x2000db52</load_address>
         <run_address>0x2000db52</run_address>
         <size>0x3c</size>
         <input_file_ref idref="fl-166"/>
      </object_component>
      <object_component id="oc-378">
         <name>.text:PRCMPeripheralClkEnable</name>
         <load_address>0x2000db90</load_address>
         <run_address>0x2000db90</run_address>
         <size>0x3c</size>
         <input_file_ref idref="fl-15f"/>
      </object_component>
      <object_component id="oc-24">
         <name>.text</name>
         <load_address>0x2000dbcc</load_address>
         <run_address>0x2000dbcc</run_address>
         <size>0x3c</size>
         <input_file_ref idref="fl-130"/>
      </object_component>
      <object_component id="oc-169">
         <name>.text:sl_Htons</name>
         <load_address>0x2000dc08</load_address>
         <run_address>0x2000dc08</run_address>
         <size>0x3c</size>
         <input_file_ref idref="fl-169"/>
      </object_component>
      <object_component id="oc-770">
         <name>.text:uDMAChannelControlSet</name>
         <load_address>0x2000dc44</load_address>
         <run_address>0x2000dc44</run_address>
         <size>0x3c</size>
         <input_file_ref idref="fl-172"/>
      </object_component>
      <object_component id="oc-23d">
         <name>.text:NwpPowerOff</name>
         <load_address>0x2000dc80</load_address>
         <run_address>0x2000dc80</run_address>
         <size>0x38</size>
         <input_file_ref idref="fl-16b"/>
      </object_component>
      <object_component id="oc-3e0">
         <name>.text:PRCMPeripheralStatusGet</name>
         <load_address>0x2000dcb8</load_address>
         <run_address>0x2000dcb8</run_address>
         <size>0x34</size>
         <input_file_ref idref="fl-15f"/>
      </object_component>
      <object_component id="oc-3f8">
         <name>.text:SPIFIFOLevelSet</name>
         <load_address>0x2000dcec</load_address>
         <run_address>0x2000dcec</run_address>
         <size>0x34</size>
         <input_file_ref idref="fl-171"/>
      </object_component>
      <object_component id="oc-6ca">
         <name>.text</name>
         <load_address>0x2000dd20</load_address>
         <run_address>0x2000dd20</run_address>
         <size>0x34</size>
         <input_file_ref idref="fl-159"/>
      </object_component>
      <object_component id="oc-396">
         <name>.text:UARTDisable</name>
         <load_address>0x2000dd54</load_address>
         <run_address>0x2000dd54</run_address>
         <size>0x30</size>
         <input_file_ref idref="fl-160"/>
      </object_component>
      <object_component id="oc-62a">
         <name>.text</name>
         <load_address>0x2000dd84</load_address>
         <run_address>0x2000dd84</run_address>
         <size>0x30</size>
         <input_file_ref idref="fl-157"/>
      </object_component>
      <object_component id="oc-525">
         <name>.text</name>
         <load_address>0x2000ddb4</load_address>
         <run_address>0x2000ddb4</run_address>
         <size>0x2e</size>
         <input_file_ref idref="fl-14e"/>
      </object_component>
      <object_component id="oc-72c">
         <name>.text</name>
         <load_address>0x2000dde2</load_address>
         <run_address>0x2000dde2</run_address>
         <size>0x2e</size>
         <input_file_ref idref="fl-15a"/>
      </object_component>
      <object_component id="oc-366">
         <name>.text:PRCMSysResetCauseGet</name>
         <load_address>0x2000de10</load_address>
         <run_address>0x2000de10</run_address>
         <size>0x2c</size>
         <input_file_ref idref="fl-15f"/>
      </object_component>
      <object_component id="oc-485">
         <name>.text:_SlDrvObjGlobalLockWaitForever</name>
         <load_address>0x2000de3c</load_address>
         <run_address>0x2000de3c</run_address>
         <size>0x2c</size>
         <input_file_ref idref="fl-165"/>
      </object_component>
      <object_component id="oc-33c">
         <name>.text:_SlDrvProtectionObjLockWaitForever</name>
         <load_address>0x2000de68</load_address>
         <run_address>0x2000de68</run_address>
         <size>0x2c</size>
         <input_file_ref idref="fl-165"/>
      </object_component>
      <object_component id="oc-53b">
         <name>.text</name>
         <load_address>0x2000de94</load_address>
         <run_address>0x2000de94</run_address>
         <size>0x2a</size>
         <input_file_ref idref="fl-154"/>
      </object_component>
      <object_component id="oc-384">
         <name>.text:PRCMPeripheralClkDisable</name>
         <load_address>0x2000dec0</load_address>
         <run_address>0x2000dec0</run_address>
         <size>0x28</size>
         <input_file_ref idref="fl-15f"/>
      </object_component>
      <object_component id="oc-48b">
         <name>.text:_SlDrvGlobalObjUnLock</name>
         <load_address>0x2000dee8</load_address>
         <run_address>0x2000dee8</run_address>
         <size>0x28</size>
         <input_file_ref idref="fl-165"/>
      </object_component>
      <object_component id="oc-342">
         <name>.text:_SlDrvProtectionObjUnLock</name>
         <load_address>0x2000df10</load_address>
         <run_address>0x2000df10</run_address>
         <size>0x28</size>
         <input_file_ref idref="fl-165"/>
      </object_component>
      <object_component id="oc-348">
         <name>.text:_SlDrvSyncObjWaitForever</name>
         <load_address>0x2000df38</load_address>
         <run_address>0x2000df38</run_address>
         <size>0x28</size>
         <input_file_ref idref="fl-165"/>
      </object_component>
      <object_component id="oc-46a">
         <name>.text</name>
         <load_address>0x2000df60</load_address>
         <run_address>0x2000df60</run_address>
         <size>0x26</size>
         <input_file_ref idref="fl-3"/>
      </object_component>
      <object_component id="oc-13b">
         <name>.text</name>
         <load_address>0x2000df86</load_address>
         <run_address>0x2000df86</run_address>
         <size>0x26</size>
         <input_file_ref idref="fl-13d"/>
      </object_component>
      <object_component id="oc-41c">
         <name>.text:DmaSpiSwIntHandler</name>
         <load_address>0x2000dfac</load_address>
         <run_address>0x2000dfac</run_address>
         <size>0x24</size>
         <input_file_ref idref="fl-16b"/>
      </object_component>
      <object_component id="oc-43a">
         <name>.text:IntUnregister</name>
         <load_address>0x2000dfd0</load_address>
         <run_address>0x2000dfd0</run_address>
         <size>0x24</size>
         <input_file_ref idref="fl-15d"/>
      </object_component>
      <object_component id="oc-39c">
         <name>.text:UARTEnable</name>
         <load_address>0x2000dff4</load_address>
         <run_address>0x2000dff4</run_address>
         <size>0x24</size>
         <input_file_ref idref="fl-160"/>
      </object_component>
      <object_component id="oc-6a7">
         <name>.text:_SlDrvObjLockWaitForever</name>
         <load_address>0x2000e018</load_address>
         <run_address>0x2000e018</run_address>
         <size>0x24</size>
         <input_file_ref idref="fl-165"/>
      </object_component>
      <object_component id="oc-1f3">
         <name>.text</name>
         <load_address>0x2000e03c</load_address>
         <run_address>0x2000e03c</run_address>
         <size>0x24</size>
         <input_file_ref idref="fl-136"/>
      </object_component>
      <object_component id="oc-3d4">
         <name>.text:SPIReset</name>
         <load_address>0x2000e060</load_address>
         <run_address>0x2000e060</run_address>
         <size>0x22</size>
         <input_file_ref idref="fl-171"/>
      </object_component>
      <object_component id="oc-682">
         <name>.text:SPIWordCountSet</name>
         <load_address>0x2000e082</load_address>
         <run_address>0x2000e082</run_address>
         <size>0x22</size>
         <input_file_ref idref="fl-171"/>
      </object_component>
      <object_component id="oc-52f">
         <name>.text</name>
         <load_address>0x2000e0a4</load_address>
         <run_address>0x2000e0a4</run_address>
         <size>0x22</size>
         <input_file_ref idref="fl-14d"/>
      </object_component>
      <object_component id="oc-3fe">
         <name>.text:IntRegister</name>
         <load_address>0x2000e0c8</load_address>
         <run_address>0x2000e0c8</run_address>
         <size>0x20</size>
         <input_file_ref idref="fl-15d"/>
      </object_component>
      <object_component id="oc-249">
         <name>.text:NwpPowerOn</name>
         <load_address>0x2000e0e8</load_address>
         <run_address>0x2000e0e8</run_address>
         <size>0x20</size>
         <input_file_ref idref="fl-16b"/>
      </object_component>
      <object_component id="oc-6ad">
         <name>.text:_SlDrvObjUnLock</name>
         <load_address>0x2000e108</load_address>
         <run_address>0x2000e108</run_address>
         <size>0x20</size>
         <input_file_ref idref="fl-165"/>
      </object_component>
      <object_component id="oc-45b">
         <name>.text:_SlDrvSyncObjSignal</name>
         <load_address>0x2000e128</load_address>
         <run_address>0x2000e128</run_address>
         <size>0x20</size>
         <input_file_ref idref="fl-165"/>
      </object_component>
      <object_component id="oc-10a">
         <name>.text:sl_WlanDisconnect</name>
         <load_address>0x2000e148</load_address>
         <run_address>0x2000e148</run_address>
         <size>0x20</size>
         <input_file_ref idref="fl-16a"/>
      </object_component>
      <object_component id="oc-1db">
         <name>.text:UARTCharPut</name>
         <load_address>0x2000e168</load_address>
         <run_address>0x2000e168</run_address>
         <size>0x1e</size>
         <input_file_ref idref="fl-160"/>
      </object_component>
      <object_component id="oc-3e6">
         <name>.text:cc_UDMAChannelSelect</name>
         <load_address>0x2000e186</load_address>
         <run_address>0x2000e186</run_address>
         <size>0x1e</size>
         <input_file_ref idref="fl-16b"/>
      </object_component>
      <object_component id="oc-1ed">
         <name>.text:UARTCharGetNonBlocking</name>
         <load_address>0x2000e1a4</load_address>
         <run_address>0x2000e1a4</run_address>
         <size>0x1c</size>
         <input_file_ref idref="fl-160"/>
      </object_component>
      <object_component id="oc-18e">
         <name>.text</name>
         <load_address>0x2000e1c0</load_address>
         <run_address>0x2000e1c0</run_address>
         <size>0x1c</size>
         <input_file_ref idref="fl-4"/>
      </object_component>
      <object_component id="oc-541">
         <name>.text</name>
         <load_address>0x2000e1dc</load_address>
         <run_address>0x2000e1dc</run_address>
         <size>0x1c</size>
         <input_file_ref idref="fl-151"/>
      </object_component>
      <object_component id="oc-782">
         <name>.text:uDMAChannelEnable</name>
         <load_address>0x2000e1f8</load_address>
         <run_address>0x2000e1f8</run_address>
         <size>0x1c</size>
         <input_file_ref idref="fl-172"/>
      </object_component>
      <object_component id="oc-38b">
         <name>.text:PinTypeUART</name>
         <load_address>0x2000e214</load_address>
         <run_address>0x2000e214</run_address>
         <size>0x1a</size>
         <input_file_ref idref="fl-15e"/>
      </object_component>
      <object_component id="oc-4ae">
         <name>.text:SPIDmaDisable</name>
         <load_address>0x2000e22e</load_address>
         <run_address>0x2000e22e</run_address>
         <size>0x1a</size>
         <input_file_ref idref="fl-171"/>
      </object_component>
      <object_component id="oc-3f2">
         <name>.text:SPIDmaEnable</name>
         <load_address>0x2000e248</load_address>
         <run_address>0x2000e248</run_address>
         <size>0x1a</size>
         <input_file_ref idref="fl-171"/>
      </object_component>
      <object_component id="oc-4a8">
         <name>.text:SPIFIFODisable</name>
         <load_address>0x2000e262</load_address>
         <run_address>0x2000e262</run_address>
         <size>0x1a</size>
         <input_file_ref idref="fl-171"/>
      </object_component>
      <object_component id="oc-3ec">
         <name>.text:SPIFIFOEnable</name>
         <load_address>0x2000e27c</load_address>
         <run_address>0x2000e27c</run_address>
         <size>0x1a</size>
         <input_file_ref idref="fl-171"/>
      </object_component>
      <object_component id="oc-4a2">
         <name>.text:SPIIntUnregister</name>
         <load_address>0x2000e296</load_address>
         <run_address>0x2000e296</run_address>
         <size>0x1a</size>
         <input_file_ref idref="fl-171"/>
      </object_component>
      <object_component id="oc-3c8">
         <name>.text:SPICSDisable</name>
         <load_address>0x2000e2b0</load_address>
         <run_address>0x2000e2b0</run_address>
         <size>0x18</size>
         <input_file_ref idref="fl-171"/>
      </object_component>
      <object_component id="oc-67c">
         <name>.text:SPICSEnable</name>
         <load_address>0x2000e2c8</load_address>
         <run_address>0x2000e2c8</run_address>
         <size>0x18</size>
         <input_file_ref idref="fl-171"/>
      </object_component>
      <object_component id="oc-3ce">
         <name>.text:SPIDisable</name>
         <load_address>0x2000e2e0</load_address>
         <run_address>0x2000e2e0</run_address>
         <size>0x18</size>
         <input_file_ref idref="fl-171"/>
      </object_component>
      <object_component id="oc-410">
         <name>.text:SPIEnable</name>
         <load_address>0x2000e2f8</load_address>
         <run_address>0x2000e2f8</run_address>
         <size>0x18</size>
         <input_file_ref idref="fl-171"/>
      </object_component>
      <object_component id="oc-1e7">
         <name>.text:UARTCharsAvail</name>
         <load_address>0x2000e310</load_address>
         <run_address>0x2000e310</run_address>
         <size>0x18</size>
         <input_file_ref idref="fl-160"/>
      </object_component>
      <object_component id="oc-3b7">
         <name>.text:_SlNonOsSemSet</name>
         <load_address>0x2000e328</load_address>
         <run_address>0x2000e328</run_address>
         <size>0x18</size>
         <input_file_ref idref="fl-168"/>
      </object_component>
      <object_component id="oc-25b">
         <name>.text:_sl_GetStartResponseConvert</name>
         <load_address>0x2000e340</load_address>
         <run_address>0x2000e340</run_address>
         <size>0x18</size>
         <input_file_ref idref="fl-164"/>
      </object_component>
      <object_component id="oc-67">
         <name>.text</name>
         <load_address>0x2000e358</load_address>
         <run_address>0x2000e358</run_address>
         <size>0x18</size>
         <input_file_ref idref="fl-142"/>
      </object_component>
      <object_component id="oc-2dd">
         <name>.text</name>
         <load_address>0x2000e370</load_address>
         <run_address>0x2000e370</run_address>
         <size>0x18</size>
         <input_file_ref idref="fl-16f"/>
      </object_component>
      <object_component id="oc-36c">
         <name>.text:PRCMHIBRegRead</name>
         <load_address>0x2000e388</load_address>
         <run_address>0x2000e388</run_address>
         <size>0x16</size>
         <input_file_ref idref="fl-15f"/>
      </object_component>
      <object_component id="oc-372">
         <name>.text:PRCMHIBRegWrite</name>
         <load_address>0x2000e39e</load_address>
         <run_address>0x2000e39e</run_address>
         <size>0x16</size>
         <input_file_ref idref="fl-15f"/>
      </object_component>
      <object_component id="oc-2d0">
         <name>.text:_SlDrvMemZero</name>
         <load_address>0x2000e3b4</load_address>
         <run_address>0x2000e3b4</run_address>
         <size>0x16</size>
         <input_file_ref idref="fl-165"/>
      </object_component>
      <object_component id="oc-2f5">
         <name>.text</name>
         <load_address>0x2000e3ca</load_address>
         <run_address>0x2000e3ca</run_address>
         <size>0x16</size>
         <input_file_ref idref="fl-152"/>
      </object_component>
      <object_component id="oc-35b">
         <name>.text:CPUcpsie</name>
         <load_address>0x2000e3e0</load_address>
         <run_address>0x2000e3e0</run_address>
         <size>0x14</size>
         <input_file_ref idref="fl-162"/>
      </object_component>
      <object_component id="oc-175">
         <name>.text:IntVTableBaseSet</name>
         <load_address>0x2000e3f4</load_address>
         <run_address>0x2000e3f4</run_address>
         <size>0x14</size>
         <input_file_ref idref="fl-15d"/>
      </object_component>
      <object_component id="oc-1ba">
         <name>.text</name>
         <load_address>0x2000e408</load_address>
         <run_address>0x2000e408</run_address>
         <size>0x14</size>
         <input_file_ref idref="fl-140"/>
      </object_component>
      <object_component id="oc-2ef">
         <name>.text</name>
         <load_address>0x2000e41c</load_address>
         <run_address>0x2000e41c</run_address>
         <size>0x14</size>
         <input_file_ref idref="fl-170"/>
      </object_component>
      <object_component id="oc-147">
         <name>.text</name>
         <load_address>0x2000e430</load_address>
         <run_address>0x2000e430</run_address>
         <size>0x14</size>
         <input_file_ref idref="fl-13c"/>
      </object_component>
      <object_component id="oc-746">
         <name>.text:_SlDrvDispatchHttpServerEvents</name>
         <load_address>0x2000e444</load_address>
         <run_address>0x2000e444</run_address>
         <size>0x10</size>
         <input_file_ref idref="fl-165"/>
      </object_component>
      <object_component id="oc-2a3">
         <name>.text:_SlDrvResetCmdExt</name>
         <load_address>0x2000e454</load_address>
         <run_address>0x2000e454</run_address>
         <size>0xe</size>
         <input_file_ref idref="fl-165"/>
      </object_component>
      <object_component id="oc-12">
         <name>.text:decompress:none</name>
         <load_address>0x2000e462</load_address>
         <run_address>0x2000e462</run_address>
         <size>0xe</size>
         <input_file_ref idref="fl-131"/>
      </object_component>
      <object_component id="oc-2d">
         <name>.text</name>
         <load_address>0x2000e470</load_address>
         <run_address>0x2000e470</run_address>
         <size>0xe</size>
         <input_file_ref idref="fl-5"/>
      </object_component>
      <object_component id="oc-42d">
         <name>.text:NwpMaskInterrupt</name>
         <load_address>0x2000e480</load_address>
         <run_address>0x2000e480</run_address>
         <size>0xc</size>
         <input_file_ref idref="fl-16b"/>
      </object_component>
      <object_component id="oc-447">
         <name>.text:NwpUnMaskInterrupt</name>
         <load_address>0x2000e48c</load_address>
         <run_address>0x2000e48c</run_address>
         <size>0xc</size>
         <input_file_ref idref="fl-16b"/>
      </object_component>
      <object_component id="oc-1e">
         <name>.text:decompress:ZI</name>
         <load_address>0x2000e498</load_address>
         <run_address>0x2000e498</run_address>
         <size>0xc</size>
         <input_file_ref idref="fl-133"/>
      </object_component>
      <object_component id="oc-17b">
         <name>.text:IntMasterEnable</name>
         <load_address>0x2000e4a4</load_address>
         <run_address>0x2000e4a4</run_address>
         <size>0xa</size>
         <input_file_ref idref="fl-15d"/>
      </object_component>
      <object_component id="oc-42c">
         <name>.text:UtilsDelay</name>
         <load_address>0x2000e4ae</load_address>
         <run_address>0x2000e4ae</run_address>
         <size>0x6</size>
         <input_file_ref idref="fl-161"/>
      </object_component>
      <object_component id="oc-18">
         <name>.text:decompress:rle24</name>
         <load_address>0x2000e4b4</load_address>
         <run_address>0x2000e4b4</run_address>
         <size>0x6</size>
         <input_file_ref idref="fl-132"/>
      </object_component>
      <object_component id="oc-5b">
         <name>.text</name>
         <load_address>0x2000e4ba</load_address>
         <run_address>0x2000e4ba</run_address>
         <size>0x4</size>
         <input_file_ref idref="fl-139"/>
      </object_component>
      <object_component id="oc-324">
         <name>.const:.string:_ctypes_</name>
         <load_address>0x2000e4c0</load_address>
         <run_address>0x2000e4c0</run_address>
         <size>0x101</size>
         <input_file_ref idref="fl-146"/>
      </object_component>
      <object_component id="oc-64a">
         <name>.const:g_ulPinToPadMap</name>
         <load_address>0x2000e5c4</load_address>
         <run_address>0x2000e5c4</run_address>
         <size>0x100</size>
         <input_file_ref idref="fl-15e"/>
      </object_component>
      <object_component id="oc-5a0">
         <name>.const:g_pulRegs</name>
         <load_address>0x2000e6c4</load_address>
         <run_address>0x2000e6c4</run_address>
         <size>0xd4</size>
         <input_file_ref idref="fl-15d"/>
      </object_component>
      <object_component id="oc-56a">
         <name>.const:PRCM_PeriphRegsList</name>
         <load_address>0x2000e798</load_address>
         <run_address>0x2000e798</run_address>
         <size>0xa8</size>
         <input_file_ref idref="fl-15f"/>
      </object_component>
      <object_component id="oc-12b">
         <name>.const</name>
         <load_address>0x2000e840</load_address>
         <run_address>0x2000e840</run_address>
         <size>0x98</size>
         <input_file_ref idref="fl-2"/>
      </object_component>
      <object_component id="oc-362">
         <name>.const</name>
         <load_address>0x2000e8d8</load_address>
         <run_address>0x2000e8d8</run_address>
         <size>0x80</size>
         <input_file_ref idref="fl-15d"/>
      </object_component>
      <object_component id="oc-153">
         <name>.const:.string</name>
         <load_address>0x2000e958</load_address>
         <run_address>0x2000e958</run_address>
         <size>0x3e</size>
         <input_file_ref idref="fl-2"/>
      </object_component>
      <object_component id="oc-672">
         <name>.const:OpcodeTranslateTable</name>
         <load_address>0x2000e996</load_address>
         <run_address>0x2000e996</run_address>
         <size>0x3c</size>
         <input_file_ref idref="fl-165"/>
      </object_component>
      <object_component id="oc-284">
         <name>.const</name>
         <load_address>0x2000e9d2</load_address>
         <run_address>0x2000e9d2</run_address>
         <size>0x3c</size>
         <input_file_ref idref="fl-16a"/>
      </object_component>
      <object_component id="oc-6fa">
         <name>.const:_SlActionLookupTable</name>
         <load_address>0x2000ea10</load_address>
         <run_address>0x2000ea10</run_address>
         <size>0x38</size>
         <input_file_ref idref="fl-165"/>
      </object_component>
      <object_component id="oc-5e3">
         <name>.const</name>
         <load_address>0x2000ea48</load_address>
         <run_address>0x2000ea48</run_address>
         <size>0x38</size>
         <input_file_ref idref="fl-165"/>
      </object_component>
      <object_component id="oc-4d4">
         <name>.const</name>
         <load_address>0x2000ea80</load_address>
         <run_address>0x2000ea80</run_address>
         <size>0x34</size>
         <input_file_ref idref="fl-169"/>
      </object_component>
      <object_component id="oc-122">
         <name>.const:$P$T1$2</name>
         <load_address>0x2000eab4</load_address>
         <run_address>0x2000eab4</run_address>
         <size>0x2c</size>
         <input_file_ref idref="fl-2"/>
      </object_component>
      <object_component id="oc-34e">
         <name>.const</name>
         <load_address>0x2000eae0</load_address>
         <run_address>0x2000eae0</run_address>
         <size>0x28</size>
         <input_file_ref idref="fl-166"/>
      </object_component>
      <object_component id="oc-6a3">
         <name>.const:g_ppulSPIIntMap</name>
         <load_address>0x2000eb08</load_address>
         <run_address>0x2000eb08</run_address>
         <size>0x24</size>
         <input_file_ref idref="fl-171"/>
      </object_component>
      <object_component id="oc-12e">
         <name>.const:.string:$P$T0$1</name>
         <load_address>0x2000eb2c</load_address>
         <run_address>0x2000eb2c</run_address>
         <size>0x22</size>
         <input_file_ref idref="fl-2"/>
      </object_component>
      <object_component id="oc-29a">
         <name>.const</name>
         <load_address>0x2000eb4e</load_address>
         <run_address>0x2000eb4e</run_address>
         <size>0x1c</size>
         <input_file_ref idref="fl-164"/>
      </object_component>
      <object_component id="oc-653">
         <name>.const</name>
         <load_address>0x2000eb6c</load_address>
         <run_address>0x2000eb6c</run_address>
         <size>0x18</size>
         <input_file_ref idref="fl-171"/>
      </object_component>
      <object_component id="oc-6b4">
         <name>.const:.string</name>
         <load_address>0x2000eb84</load_address>
         <run_address>0x2000eb84</run_address>
         <size>0x10</size>
         <input_file_ref idref="fl-169"/>
      </object_component>
      <object_component id="oc-30d">
         <name>.const</name>
         <load_address>0x2000eb94</load_address>
         <run_address>0x2000eb94</run_address>
         <size>0x10</size>
         <input_file_ref idref="fl-16c"/>
      </object_component>
      <object_component id="oc-2e3">
         <name>.const:.string</name>
         <load_address>0x2000eba4</load_address>
         <run_address>0x2000eba4</run_address>
         <size>0x8</size>
         <input_file_ref idref="fl-16c"/>
      </object_component>
      <object_component id="oc-2b8">
         <name>.const</name>
         <load_address>0x2000ebac</load_address>
         <run_address>0x2000ebac</run_address>
         <size>0x8</size>
         <input_file_ref idref="fl-167"/>
      </object_component>
      <object_component id="oc-7f5">
         <name>.cinit..data.load</name>
         <load_address>0x2000ebb8</load_address>
         <run_address>0x2000ebb8</run_address>
         <size>0x55</size>
      </object_component>
      <object_component id="oc-7f3">
         <name>__TI_handler_table</name>
         <load_address>0x2000ec10</load_address>
         <run_address>0x2000ec10</run_address>
         <size>0xc</size>
      </object_component>
      <object_component id="oc-7f6">
         <name>.cinit..bss.load</name>
         <load_address>0x2000ec20</load_address>
         <run_address>0x2000ec20</run_address>
         <size>0x8</size>
      </object_component>
      <object_component id="oc-7f4">
         <name>__TI_cinit_table</name>
         <load_address>0x2000ec28</load_address>
         <run_address>0x2000ec28</run_address>
         <size>0x10</size>
      </object_component>
      <object_component id="oc-2a">
         <name>.sysmem</name>
         <uninitialized>true</uninitialized>
         <run_address>0x20017000</run_address>
         <size>0x8</size>
         <input_file_ref idref="fl-137"/>
      </object_component>
      <object_component id="oc-7f8">
         <name>.sysmem</name>
         <uninitialized>true</uninitialized>
         <run_address>0x20017000</run_address>
         <size>0x0</size>
      </object_component>
      <object_component id="oc-29">
         <name>.stack</name>
         <uninitialized>true</uninitialized>
         <run_address>0x2002f800</run_address>
         <size>0x0</size>
         <input_file_ref idref="fl-130"/>
      </object_component>
      <object_component id="oc-7f7">
         <name>.stack</name>
         <uninitialized>true</uninitialized>
         <run_address>0x2002f800</run_address>
         <size>0x0</size>
      </object_component>
      <object_component id="oc-da">
         <name>.bss:g_ucConnectionSSID</name>
         <uninitialized>true</uninitialized>
         <run_address>0x20017f70</run_address>
         <size>0x24</size>
         <input_file_ref idref="fl-2"/>
      </object_component>
      <object_component id="oc-15a">
         <name>.bss:g_buff</name>
         <uninitialized>true</uninitialized>
         <run_address>0x20017800</run_address>
         <size>0x5b8</size>
         <input_file_ref idref="fl-2"/>
      </object_component>
      <object_component id="oc-3c3">
         <name>.bss:g_StatMem</name>
         <uninitialized>true</uninitialized>
         <run_address>0x20017db8</run_address>
         <size>0x168</size>
         <input_file_ref idref="fl-165"/>
      </object_component>
      <object_component id="oc-419">
         <name>.bss:g_ucDinDout</name>
         <uninitialized>true</uninitialized>
         <run_address>0x20017f20</run_address>
         <size>0x50</size>
         <input_file_ref idref="fl-16b"/>
      </object_component>
      <object_component id="oc-18d">
         <name>.common:g_ulDestinationIP</name>
         <uninitialized>true</uninitialized>
         <run_address>0x20017fa0</run_address>
         <size>0x4</size>
      </object_component>
      <object_component id="oc-dd">
         <name>.common:g_ucConnectionBSSID</name>
[...]
      </symbol>
      <symbol id="sm-cbb">
         <name>pPingCallBackFunc</name>
         <value>0x20018174</value>
         <object_component_ref idref="oc-264"/>
      </symbol>
      <symbol id="sm-cbc">
         <name>_SlDrvDriverCBInit</name>
         <value>0x20009c29</value>
         <object_component_ref idref="oc-22b"/>
      </symbol>
      <symbol id="sm-cbd">
         <name>g_pCB</name>
         <value>0x20018170</value>
         <object_component_ref idref="oc-264"/>
      </symbol>
      <symbol id="sm-cbe">
         <name>_SlDrvProtectionObjLockWaitForever</name>
         <value>0x2000de69</value>
         <object_component_ref idref="oc-33c"/>
      </symbol>
      <symbol id="sm-cbf">
         <name>_SlDrvCmdOp</name>
         <value>0x2000ba75</value>
         <object_component_ref idref="oc-27e"/>
      </symbol>
      <symbol id="sm-cc0">
         <name>_SlDrvSyncObjWaitTimeout</name>
         <value>0x2000d7f9</value>
         <object_component_ref idref="oc-24f"/>
      </symbol>
      <symbol id="sm-cc1">
         <name>_SlDrvGlobalObjUnLock</name>
         <value>0x2000dee9</value>
         <object_component_ref idref="oc-48b"/>
      </symbol>
      <symbol id="sm-cc2">
         <name>_SlDrvMemZero</name>
         <value>0x2000e3b5</value>
         <object_component_ref idref="oc-2d0"/>
      </symbol>
      <symbol id="sm-cc3">
         <name>_SlDrvWaitForPoolObj</name>
         <value>0x20009f79</value>
         <object_component_ref idref="oc-336"/>
      </symbol>
      <symbol id="sm-cc4">
         <name>_SlDrvSyncObjSignal</name>
         <value>0x2000e129</value>
         <object_component_ref idref="oc-45b"/>
      </symbol>
      <symbol id="sm-cc5">
         <name>_SlDrvDataReadOp</name>
         <value>0x200096bd</value>
         <object_component_ref idref="oc-5f1"/>
      </symbol>
      <symbol id="sm-cc6">
         <name>_SlDrvDataWriteOp</name>
         <value>0x2000a55d</value>
         <object_component_ref idref="oc-5fe"/>
      </symbol>
      <symbol id="sm-cc7">
         <name>_SlDrvRxIrqHandler</name>
         <value>0x2000d2fd</value>
         <object_component_ref idref="oc-267"/>
      </symbol>
      <symbol id="sm-cc8">
         <name>_SlDrvHandleHttpServerEvents</name>
         <value>0x2000d7b5</value>
         <object_component_ref idref="oc-7a0"/>
      </symbol>
      <symbol id="sm-cc9">
         <name>_SlDrvSyncObjWaitForever</name>
         <value>0x2000df39</value>
         <object_component_ref idref="oc-348"/>
      </symbol>
      <symbol id="sm-cca">
         <name>_SlDrvCmdSend</name>
         <value>0x2000cd31</value>
         <object_component_ref idref="oc-7a7"/>
      </symbol>
      <symbol id="sm-ccb">
         <name>_SlActionLookupTable</name>
         <value>0x2000ea10</value>
         <object_component_ref idref="oc-6fa"/>
      </symbol>
      <symbol id="sm-d6e">
         <name>sl_NetAppMDNSUnRegisterService</name>
         <value>0x2000d6e1</value>
         <object_component_ref idref="oc-11c"/>
      </symbol>
      <symbol id="sm-d6f">
         <name>_SlNetAppSendTokenValueCmdCtrl</name>
         <value>0x2000eafc</value>
         <object_component_ref idref="oc-34e"/>
      </symbol>
      <symbol id="sm-d70">
         <name>sl_NetAppDnsGetHostByName</name>
         <value>0x2000a92d</value>
         <object_component_ref idref="oc-163"/>
      </symbol>
      <symbol id="sm-d71">
         <name>_sl_HandleAsync_DnsGetHostByName</name>
         <value>0x2000c1a1</value>
         <object_component_ref idref="oc-73a"/>
      </symbol>
      <symbol id="sm-d72">
         <name>_sl_HandleAsync_PingResponse</name>
         <value>0x2000c231</value>
         <object_component_ref idref="oc-6e6"/>
      </symbol>
      <symbol id="sm-d73">
         <name>_SlDrvNetAppEventHandler</name>
         <value>0x2000afe1</value>
         <object_component_ref idref="oc-6e0"/>
      </symbol>
      <symbol id="sm-d74">
         <name>_sl_HandleAsync_DnsGetHostByService</name>
         <value>0x2000b81d</value>
         <object_component_ref idref="oc-740"/>
      </symbol>
      <symbol id="sm-d75">
         <name>_sl_NetAppSendTokenValue</name>
         <value>0x2000cd9d</value>
         <object_component_ref idref="oc-74c"/>
      </symbol>
      <symbol id="sm-d76">
         <name>sl_NetAppMDNSRegisterUnregisterService</name>
         <value>0x2000b8e9</value>
         <object_component_ref idref="oc-2c3"/>
      </symbol>
      <symbol id="sm-d97">
         <name>sl_NetCfgSet</name>
         <value>0x2000c87d</value>
         <object_component_ref idref="oc-110"/>
      </symbol>
      <symbol id="sm-dd6">
         <name>_SlNonOsSemSet</name>
         <value>0x2000e329</value>
         <object_component_ref idref="oc-3b7"/>
      </symbol>
      <symbol id="sm-dd7">
         <name>_SlNonOsSpawn</name>
         <value>0x2000cfb1</value>
         <object_component_ref idref="oc-472"/>
      </symbol>
      <symbol id="sm-dd8">
         <name>_SlNonOsSemGet</name>
         <value>0x2000ca6d</value>
         <object_component_ref idref="oc-3bd"/>
      </symbol>
      <symbol id="sm-dd9">
         <name>_SlNonOsMainLoopTask</name>
         <value>0x2000cc4d</value>
         <object_component_ref idref="oc-e6"/>
      </symbol>
      <symbol id="sm-dda">
         <name>g__SlNonOsCB</name>
         <value>0x20018120</value>
         <object_component_ref idref="oc-279"/>
      </symbol>
      <symbol id="sm-ebe">
         <name>sl_Recv</name>
         <value>0x2000c4e9</value>
         <object_component_ref idref="oc-4c2"/>
      </symbol>
      <symbol id="sm-ebf">
         <name>sl_Send</name>
         <value>0x2000aca5</value>
         <object_component_ref idref="oc-4c8"/>
      </symbol>
      <symbol id="sm-ec0">
         <name>_sl_HandleAsync_Connect</name>
         <value>0x2000c67d</value>
         <object_component_ref idref="oc-762"/>
      </symbol>
      <symbol id="sm-ec1">
         <name>sl_Htonl</name>
         <value>0x2000d991</value>
         <object_component_ref idref="oc-16f"/>
      </symbol>
      <symbol id="sm-ec2">
         <name>sl_Htons</name>
         <value>0x2000dc09</value>
         <object_component_ref idref="oc-169"/>
      </symbol>
      <symbol id="sm-ec3">
         <name>sl_Connect</name>
         <value>0x2000a3f1</value>
         <object_component_ref idref="oc-301"/>
      </symbol>
      <symbol id="sm-ec4">
         <name>sl_Socket</name>
         <value>0x2000ccc1</value>
         <object_component_ref idref="oc-2fb"/>
      </symbol>
      <symbol id="sm-ec5">
         <name>_sl_HandleAsync_Select</name>
         <value>0x2000d351</value>
         <object_component_ref idref="oc-768"/>
      </symbol>
      <symbol id="sm-ec6">
         <name>sl_Close</name>
         <value>0x2000d8c5</value>
         <object_component_ref idref="oc-307"/>
      </symbol>
      <symbol id="sm-ec7">
         <name>_sl_HandleAsync_Accept</name>
         <value>0x2000d015</value>
         <object_component_ref idref="oc-75c"/>
      </symbol>
      <symbol id="sm-ec8">
         <name>sl_SetSockOpt</name>
         <value>0x2000c8f9</value>
         <object_component_ref idref="oc-2e6"/>
      </symbol>
      <symbol id="sm-f66">
         <name>sl_WlanDisconnect</name>
         <value>0x2000e149</value>
         <object_component_ref idref="oc-10a"/>
      </symbol>
      <symbol id="sm-f67">
         <name>sl_WlanPolicySet</name>
         <value>0x2000cae5</value>
         <object_component_ref idref="oc-fe"/>
      </symbol>
      <symbol id="sm-f68">
         <name>sl_WlanProfileDel</name>
         <value>0x2000d909</value>
         <object_component_ref idref="oc-104"/>
      </symbol>
      <symbol id="sm-f69">
         <name>sl_WlanRxFilterSet</name>
         <value>0x2000ce75</value>
         <object_component_ref idref="oc-125"/>
      </symbol>
      <symbol id="sm-f6a">
         <name>sl_WlanConnect</name>
         <value>0x2000906d</value>
         <object_component_ref idref="oc-12f"/>
      </symbol>
      <symbol id="sm-f6b">
         <name>sl_WlanSet</name>
         <value>0x2000c975</value>
         <object_component_ref idref="oc-116"/>
      </symbol>
      <symbol id="sm-f6c">
         <name>sl_WlanSetMode</name>
         <value>0x2000d94d</value>
         <object_component_ref idref="oc-ec"/>
      </symbol>
      <symbol id="sm-1070">
         <name>g_cDummy</name>
         <value>0x20017fa6</value>
      </symbol>
      <symbol id="sm-1071">
         <name>NwpMaskInterrupt</name>
         <value>0x2000e481</value>
         <object_component_ref idref="oc-42d"/>
      </symbol>
      <symbol id="sm-1072">
         <name>NwpRegisterInterruptHandler</name>
         <value>0x2000db15</value>
         <object_component_ref idref="oc-243"/>
      </symbol>
      <symbol id="sm-1073">
         <name>g_pHostIntHdl</name>
         <value>0x20018198</value>
         <object_component_ref idref="oc-416"/>
      </symbol>
      <symbol id="sm-1074">
         <name>NwpUnMaskInterrupt</name>
         <value>0x2000e48d</value>
         <object_component_ref idref="oc-447"/>
      </symbol>
      <symbol id="sm-1075">
         <name>g_ucDinDout</name>
         <value>0x20017f20</value>
         <object_component_ref idref="oc-419"/>
      </symbol>
      <symbol id="sm-1076">
         <name>NwpPowerOff</name>
         <value>0x2000dc81</value>
         <object_component_ref idref="oc-23d"/>
      </symbol>
      <symbol id="sm-1077">
         <name>spi_Read</name>
         <value>0x2000b1e1</value>
         <object_component_ref idref="oc-665"/>
      </symbol>
      <symbol id="sm-1078">
         <name>DmaSpiSwIntHandler</name>
         <value>0x2000dfad</value>
         <object_component_ref idref="oc-41c"/>
      </symbol>
      <symbol id="sm-1079">
         <name>NwpPowerOn</name>
         <value>0x2000e0e9</value>
         <object_component_ref idref="oc-249"/>
      </symbol>
      <symbol id="sm-107a">
         <name>spi_Close</name>
         <value>0x2000cb5d</value>
         <object_component_ref idref="oc-28e"/>
      </symbol>
      <symbol id="sm-107b">
         <name>spi_Write</name>
         <value>0x2000c075</value>
         <object_component_ref idref="oc-5dd"/>
      </symbol>
      <symbol id="sm-107c">
         <name>spi_Open</name>
         <value>0x2000a6ad</value>
         <object_component_ref idref="oc-231"/>
      </symbol>
      <symbol id="sm-107d">
         <name>g_ucDMAEnabled</name>
         <value>0x2001819c</value>
         <object_component_ref idref="oc-416"/>
      </symbol>
      <symbol id="sm-107e">
         <name>g_SpiFd</name>
         <value>0x20018194</value>
         <object_component_ref idref="oc-416"/>
      </symbol>
      <symbol id="sm-11a1">
         <name>HTTPCli_setRequestFields</name>
         <value>0x20007741</value>
         <object_component_ref idref="oc-135"/>
      </symbol>
      <symbol id="sm-11a2">
         <name>HTTPCli_setSecureParams</name>
         <value>0x2000778d</value>
         <object_component_ref idref="oc-135"/>
      </symbol>
      <symbol id="sm-11a3">
         <name>HTTPCli_create</name>
         <value>0x20007675</value>
         <object_component_ref idref="oc-135"/>
      </symbol>
      <symbol id="sm-11a4">
         <name>HTTPCli_construct</name>
         <value>0x2000762d</value>
         <object_component_ref idref="oc-135"/>
      </symbol>
      <symbol id="sm-11a5">
         <name>HTTPCli_getResponseField</name>
         <value>0x20007941</value>
         <object_component_ref idref="oc-135"/>
      </symbol>
      <symbol id="sm-11a6">
         <name>HTTPCli_readRawResponseBody</name>
         <value>0x20007b51</value>
         <object_component_ref idref="oc-135"/>
      </symbol>
      <symbol id="sm-11a7">
         <name>HTTPCli_connect</name>
         <value>0x2000750b</value>
         <object_component_ref idref="oc-135"/>
      </symbol>
      <symbol id="sm-11a8">
         <name>HTTPCli_sendRequest</name>
         <value>0x200077ad</value>
         <object_component_ref idref="oc-135"/>
      </symbol>
      <symbol id="sm-11a9">
         <name>HTTPCli_readResponseBody</name>
         <value>0x20007ac5</value>
         <object_component_ref idref="oc-135"/>
      </symbol>
      <symbol id="sm-11aa">
         <name>HTTPCli_sendField</name>
         <value>0x2000787b</value>
         <object_component_ref idref="oc-135"/>
      </symbol>
      <symbol id="sm-11ab">
         <name>HTTPCli_delete</name>
         <value>0x2000768d</value>
         <object_component_ref idref="oc-135"/>
      </symbol>
      <symbol id="sm-11ac">
         <name>HTTPCli_destruct</name>
         <value>0x200076c3</value>
         <object_component_ref idref="oc-135"/>
      </symbol>
      <symbol id="sm-11ad">
         <name>HTTPCli_setProxy</name>
         <value>0x20007b91</value>
         <object_component_ref idref="oc-135"/>
      </symbol>
      <symbol id="sm-11ae">
         <name>bufferedRecv</name>
         <value>0x20006c27</value>
         <object_component_ref idref="oc-135"/>
      </symbol>
      <symbol id="sm-11af">
         <name>HTTPCli_initSockAddr</name>
         <value>0x200073fd</value>
         <object_component_ref idref="oc-135"/>
      </symbol>
      <symbol id="sm-11b0">
         <name>HTTPCli_getResponseStatus</name>
         <value>0x2000790b</value>
         <object_component_ref idref="oc-135"/>
      </symbol>
      <symbol id="sm-11b1">
         <name>HTTPCli_disconnect</name>
         <value>0x2000770b</value>
         <object_component_ref idref="oc-135"/>
      </symbol>
      <symbol id="sm-11b2">
         <name>HTTPCli_setResponseFields</name>
         <value>0x20007767</value>
         <object_component_ref idref="oc-135"/>
      </symbol>
      <symbol id="sm-11b3">
         <name>HTTPCli_sendRequestBody</name>
         <value>0x200078d3</value>
         <object_component_ref idref="oc-135"/>
      </symbol>
      <symbol id="sm-11e8">
         <name>Ssock_startSecure</name>
         <value>0x20008db3</value>
         <object_component_ref idref="oc-2d7"/>
      </symbol>
      <symbol id="sm-11e9">
         <name>Ssock_recv</name>
         <value>0x20008bfb</value>
         <object_component_ref idref="oc-2d7"/>
      </symbol>
      <symbol id="sm-11ea">
         <name>Ssock_delete</name>
         <value>0x20008b73</value>
         <object_component_ref idref="oc-2d7"/>
      </symbol>
      <symbol id="sm-11eb">
         <name>Ssock_send</name>
         <value>0x20008c99</value>
         <object_component_ref idref="oc-2d7"/>
      </symbol>
      <symbol id="sm-11ec">
         <name>Ssock_getSocket</name>
         <value>0x20008bed</value>
         <object_component_ref idref="oc-2d7"/>
      </symbol>
      <symbol id="sm-11ed">
         <name>Ssock_recvall</name>
         <value>0x20008c55</value>
         <object_component_ref idref="oc-2d7"/>
      </symbol>
      <symbol id="sm-11ee">
         <name>Ssock_construct</name>
         <value>0x20008b19</value>
         <object_component_ref idref="oc-2d7"/>
      </symbol>
      <symbol id="sm-11ef">
         <name>Ssock_create</name>
         <value>0x20008b59</value>
         <object_component_ref idref="oc-2d7"/>
      </symbol>
      <symbol id="sm-11f0">
         <name>Ssock_destruct</name>
         <value>0x20008b9b</value>
         <object_component_ref idref="oc-2d7"/>
      </symbol>
      <symbol id="sm-1246">
         <name>jsmn_init</name>
         <value>0x20008177</value>
         <object_component_ref idref="oc-141"/>
      </symbol>
      <symbol id="sm-1247">
         <name>jsmn_parse</name>
         <value>0x20007e65</value>
         <object_component_ref idref="oc-141"/>
      </symbol>
      <symbol id="sm-1256">
         <name>strcmp</name>
         <value>0x2000e371</value>
         <object_component_ref idref="oc-2dd"/>
      </symbol>
      <symbol id="sm-1264">
         <name>strcpy</name>
         <value>0x2000e41d</value>
         <object_component_ref idref="oc-2ef"/>
      </symbol>
      <symbol id="sm-131f">
         <name>SPIFIFODisable</name>
         <value>0x2000e263</value>
         <object_component_ref idref="oc-4a8"/>
      </symbol>
      <symbol id="sm-1320">
         <name>SPICSEnable</name>
         <value>0x2000e2c9</value>
         <object_component_ref idref="oc-67c"/>
      </symbol>
      <symbol id="sm-1321">
         <name>SPIDisable</name>
         <value>0x2000e2e1</value>
         <object_component_ref idref="oc-3ce"/>
      </symbol>
      <symbol id="sm-1322">
         <name>SPIFIFOEnable</name>
         <value>0x2000e27d</value>
         <object_component_ref idref="oc-3ec"/>
      </symbol>
      <symbol id="sm-1323">
         <name>SPIWordCountSet</name>
         <value>0x2000e083</value>
         <object_component_ref idref="oc-682"/>
      </symbol>
      <symbol id="sm-1324">
         <name>SPIEnable</name>
         <value>0x2000e2f9</value>
         <object_component_ref idref="oc-410"/>
      </symbol>
      <symbol id="sm-1325">
         <name>SPIDmaEnable</name>
         <value>0x2000e249</value>
         <object_component_ref idref="oc-3f2"/>
      </symbol>
      <symbol id="sm-1326">
         <name>SPIConfigSetExpClk</name>
         <value>0x2000be9d</value>
         <object_component_ref idref="oc-3da"/>
      </symbol>
      <symbol id="sm-1327">
         <name>SPIIntUnregister</name>
         <value>0x2000e297</value>
         <object_component_ref idref="oc-4a2"/>
      </symbol>
      <symbol id="sm-1328">
         <name>SPIFIFOLevelSet</name>
         <value>0x2000dced</value>
         <object_component_ref idref="oc-3f8"/>
      </symbol>
      <symbol id="sm-1329">
         <name>SPIDmaDisable</name>
         <value>0x2000e22f</value>
         <object_component_ref idref="oc-4ae"/>
      </symbol>
      <symbol id="sm-132a">
         <name>SPIReset</name>
         <value>0x2000e061</value>
         <object_component_ref idref="oc-3d4"/>
      </symbol>
      <symbol id="sm-132b">
         <name>SPIIntEnable</name>
         <value>0x2000d3f5</value>
         <object_component_ref idref="oc-40a"/>
      </symbol>
      <symbol id="sm-132c">
         <name>SPIIntClear</name>
         <value>0x2000d609</value>
         <object_component_ref idref="oc-5b0"/>
      </symbol>
      <symbol id="sm-132d">
         <name>SPICSDisable</name>
         <value>0x2000e2b1</value>
         <object_component_ref idref="oc-3c8"/>
      </symbol>
      <symbol id="sm-1384">
         <name>uDMAChannelControlSet</name>
         <value>0x2000dc45</value>
         <object_component_ref idref="oc-770"/>
      </symbol>
      <symbol id="sm-1385">
         <name>uDMAChannelAttributeEnable</name>
         <value>0x2000d0dd</value>
         <object_component_ref idref="oc-776"/>
      </symbol>
      <symbol id="sm-1386">
         <name>uDMAChannelTransferSet</name>
         <value>0x2000b2d1</value>
         <object_component_ref idref="oc-77c"/>
      </symbol>
      <symbol id="sm-1387">
         <name>uDMAChannelAssign</name>
         <value>0x2000d5bd</value>
         <object_component_ref idref="oc-58f"/>
      </symbol>
      <symbol id="sm-1388">
         <name>uDMAChannelAttributeDisable</name>
         <value>0x2000d079</value>
         <object_component_ref idref="oc-595"/>
      </symbol>
      <symbol id="sm-1389">
         <name>uDMAChannelEnable</name>
         <value>0x2000e1f9</value>
         <object_component_ref idref="oc-782"/>
      </symbol>
      <symbol id="sm-138a">
         <name>__TI_static_base__</name>
         <value>0x2000ebb8</value>
      </symbol>
      <symbol id="sm-138d">
         <name>SHT$$INIT_ARRAY$$Limit</name>
         <value>0x0</value>
      </symbol>
      <symbol id="sm-138e">
         <name>SHT$$INIT_ARRAY$$Base</name>
         <value>0x0</value>
      </symbol>
   </symbol_table>
   <title>Link successful</title>
</link_info>
