******************************************************************************
                  TI ARM Linker PC v5.2.7                      
******************************************************************************
>> Linked Mon May 23 13:25:47 2016

OUTPUT FILE NAME:   <send_random_ttiO.out>
ENTRY POINT SYMBOL: "_c_int00"  address: 2000d86d


MEMORY CONFIGURATION

         name            origin    length      used     unused   attr    fill
----------------------  --------  ---------  --------  --------  ----  --------
  SRAM_CODE             20004000   00013000  0000a9be  00008642  RW X
  SRAM_DATA             20017000   00019000  00001f43  000170bd  RW X


SEGMENT ALLOCATION MAP

run origin  load origin   length   init length attrs members
----------  ----------- ---------- ----------- ----- -------
20004000    20004000    0000a9c0   0000a9c0    r-x
  20004000    20004000    00000400   00000400    r-- .intvecs
  20004400    20004400    00009dfa   00009dfa    r-x .text
  2000e1fc    2000e1fc    0000073c   0000073c    r-- .const
  2000e938    2000e938    00000088   00000088    r-- .cinit
20017000    20017000    00001744   00000000    rw-
  20017000    20017000    00000d1f   00000000    rw- .bss
  20017d20    20017d20    00000800   00000000    rw- .sysmem
  20018520    20018520    00000224   00000000    rw- .data
2002f800    2002f800    00000800   00000000    rw-
  2002f800    2002f800    00000800   00000000    rw- .stack


SECTION ALLOCATION MAP

 output                                  attributes/
section   page    origin      length       input sections
--------  ----  ----------  ----------   ----------------
.intvecs   0    20004000    00000400     
                  20004000    00000400     startup_ccs.obj (.intvecs)

.init_array 
*          0    20004000    00000000     UNINITIALIZED

.text      0    20004400    00009dfa     
                  20004400    00001684     thethingsiO.obj (.text)
                  20005a84    000010a6     rtsv7M4_T_le_eabi.lib : _printfi.obj (.text)
                  20006b2a    00000002     driverlib.a : interrupt.obj (.text:IntDefaultHandler)
                  20006b2c    00000fc4     webclient.a : httpcli.obj (.text)
                  20007af0    00000590     simplelink.a : driver.obj (.text:_SlDrvMsgRead)
                  20008080    00000498     main.obj (.text)
                  20008518    000003dc     rtsv7M4_T_le_eabi.lib : memory.obj (.text)
                  200088f4    000002ea     webclient.a : ssock.obj (.text)
                  20008bde    00000002     --HOLE-- [fill = 0]
                  20008be0    00000280     uart_if.obj (.text)
                  20008e60    00000260     simplelink.a : wlan.obj (.text:sl_WlanConnect)
                  200090c0    000001fc                  : driver.obj (.text:_SlDrvRxHdrRead)
                  200092bc    000001f4     rtsv7M4_T_le_eabi.lib : ull_div_t2.obj (.text)
                  200094b0    000001e4     simplelink.a : driver.obj (.text:_SlDrvDataReadOp)
                  20009694    000001d0                  : driver.obj (.text:_SlDrvReleasePoolObj)
                  20009864    000001b6     rtsv7M4_T_le_eabi.lib : fd_add_t2.obj (.text)
                  20009a1a    00000002     --HOLE-- [fill = 0]
                  20009a1c    000001b4     simplelink.a : driver.obj (.text:_SlDrvDriverCBInit)
                  20009bd0    0000019c                  : driver.obj (.text:_SlDrvMsgWrite)
                  20009d6c    00000190                  : driver.obj (.text:_SlDrvWaitForPoolObj)
                  20009efc    00000178     driverlib.a : prcm.obj (.text:PRCMCC3200MCUInit)
                  2000a074    00000170     simplelink.a : driver.obj (.text:_SlFindAndSetActiveObj)
                  2000a1e4    0000016c                  : socket.obj (.text:sl_Connect)
                  2000a350    00000150                  : driver.obj (.text:_SlDrvDataWriteOp)
                  2000a4a0    00000148                  : cc_pal.obj (.text:spi_Open)
                  2000a5e8    00000136     rtsv7M4_T_le_eabi.lib : fd_div_t2.obj (.text)
                  2000a71e    00000002     --HOLE-- [fill = 0]
                  2000a720    0000012c     simplelink.a : netapp.obj (.text:sl_NetAppDnsGetHostByName)
                  2000a84c    00000128                  : driver.obj (.text:_SlDrvMsgReadCmdCtx)
                  2000a974    00000124                  : driver.obj (.text:_SlDrvDriverCBDeinit)
                  2000aa98    00000118                  : socket.obj (.text:sl_Send)
                  2000abb0    00000114     rtsv7M4_T_le_eabi.lib : strtoul.obj (.text)
                  2000acc4    00000110                           : xdscale.obj (.text)
                  2000add4    00000104     simplelink.a : netapp.obj (.text:_SlDrvNetAppEventHandler)
                  2000aed8    000000fc     rtsv7M4_T_le_eabi.lib : fd_mul_t2.obj (.text)
                  2000afd4    000000f0     simplelink.a : cc_pal.obj (.text:spi_Read)
                  2000b0c4    000000f0     driverlib.a : udma.obj (.text:uDMAChannelTransferSet)
                  2000b1b4    000000e8     simplelink.a : driver.obj (.text:_SlAsyncEventGenericHandler)
                  2000b29c    000000e4                  : device.obj (.text:sl_Stop)
                  2000b380    000000e0                  : device.obj (.text:sl_Start)
                  2000b460    000000dc                  : driver.obj (.text:_SlDrvClassifyRxMsg)
                  2000b53c    000000d4                  : driver.obj (.text:_SlDrvMsgReadSpawnCtx)
                  2000b610    000000cc                  : netapp.obj (.text:_sl_HandleAsync_DnsGetHostByService)
                  2000b6dc    000000c4                  : driver.obj (.text:_SlRemoveFromList)
                  2000b7a0    000000c0                  : driver.obj (.text:_SlDrvCmdOp)
                  2000b860    000000be     rtsv7M4_T_le_eabi.lib : xdnorm.obj (.text)
                  2000b91e    00000002     --HOLE-- [fill = 0]
                  2000b920    000000b4     simplelink.a : device.obj (.text:sl_DevGet)
                  2000b9d4    000000a8     driverlib.a : interrupt.obj (.text:IntDisable)
                  2000ba7c    000000a8                 : interrupt.obj (.text:IntEnable)
                  2000bb24    000000a4     simplelink.a : driver.obj (.text:_SlDriverHandleError)
                  2000bbc8    000000a0     driverlib.a : spi.obj (.text:SPIConfigSetExpClk)
                  2000bc68    0000009c     rtsv7M4_T_le_eabi.lib : memcpy_t2.obj (.text)
                  2000bd04    0000009a     simplelink.a : device.obj (.text:_SlDrvDeviceEventHandler)
                  2000bd9e    00000002     --HOLE-- [fill = 0]
                  2000bda0    00000098                  : cc_pal.obj (.text:spi_Write)
                  2000be38    00000094     driverlib.a : prcm.obj (.text:PRCMPeripheralClockGet)
                  2000becc    00000090     simplelink.a : netapp.obj (.text:_sl_HandleAsync_DnsGetHostByName)
                  2000bf5c    00000090                  : netapp.obj (.text:_sl_HandleAsync_PingResponse)
                  2000bfec    0000008c                  : cc_pal.obj (.text:SetupDMAReceive)
                  2000c078    0000008c                  : cc_pal.obj (.text:SetupDMASend)
                  2000c104    00000088     driverlib.a : pin.obj (.text:PinConfigSet)
                  2000c18c    00000088     rtsv7M4_T_le_eabi.lib : vsnprintf.obj (.text)
                  2000c214    00000088     simplelink.a : socket.obj (.text:sl_Recv)
                  2000c29c    00000086     rtsv7M4_T_le_eabi.lib : fd_cmp_t2.obj (.text:__aeabi_cdcmple)
                  2000c322    00000086                           : fd_cmp_t2.obj (.text:__aeabi_cdrcmple)
                  2000c3a8    00000080     simplelink.a : socket.obj (.text:_sl_HandleAsync_Connect)
                  2000c428    00000080                  : device.obj (.text:_sl_HandleAsync_InitComplete)
                  2000c4a8    00000080                  : cc_pal.obj (.text:spi_Read_CPU)
                  2000c528    00000080                  : cc_pal.obj (.text:spi_Write_CPU)
                  2000c5a8    0000007c                  : netcfg.obj (.text:sl_NetCfgSet)
                  2000c624    0000007c                  : socket.obj (.text:sl_SetSockOpt)
                  2000c6a0    0000007c                  : wlan.obj (.text:sl_WlanSet)
                  2000c71c    0000007a     rtsv7M4_T_le_eabi.lib : memset_t2.obj (.text)
                  2000c796    00000002     --HOLE-- [fill = 0]
                  2000c798    00000078     simplelink.a : nonos.obj (.text:_SlNonOsSemGet)
                  2000c810    00000078                  : wlan.obj (.text:sl_WlanPolicySet)
                  2000c888    00000078                  : cc_pal.obj (.text:spi_Close)
                  2000c900    00000076     driverlib.a : uart.obj (.text:UARTConfigSetExpClk)
                  2000c976    00000002     --HOLE-- [fill = 0]
                  2000c978    00000074     simplelink.a : nonos.obj (.text:_SlNonOsMainLoopTask)
                  2000c9ec    00000070                  : socket.obj (.text:sl_Socket)
                  2000ca5c    0000006c                  : driver.obj (.text:_SlDrvCmdSend)
                  2000cac8    0000006c                  : netapp.obj (.text:_sl_NetAppSendTokenValue)
                  2000cb34    0000006c     rtsv7M4_T_le_eabi.lib : autoinit.obj (.text)
                  2000cba0    0000006c     simplelink.a : wlan.obj (.text:sl_WlanRxFilterSet)
                  2000cc0c    0000006a     rtsv7M4_T_le_eabi.lib : copy_decompress_rle.obj (.text)
                  2000cc76    00000066                           : xdunscal.obj (.text)
                  2000ccdc    00000064     simplelink.a : nonos.obj (.text:_SlNonOsSpawn)
                  2000cd40    00000064                  : socket.obj (.text:_sl_HandleAsync_Accept)
                  2000cda4    00000064     driverlib.a : udma.obj (.text:uDMAChannelAttributeDisable)
                  2000ce08    00000064                 : udma.obj (.text:uDMAChannelAttributeEnable)
                  2000ce6c    00000060     rtsv7M4_T_le_eabi.lib : sprintf.obj (.text)
                  2000cecc    00000058     driverlib.a : interrupt.obj (.text:IntPendClear)
                  2000cf24    00000058                 : prcm.obj (.text:PRCMPeripheralReset)
                  2000cf7c    00000056     rtsv7M4_T_le_eabi.lib : ltoa.obj (.text)
                  2000cfd2    00000002     --HOLE-- [fill = 0]
                  2000cfd4    00000054     driverlib.a : interrupt.obj (.text:IntPrioritySet)
                  2000d028    00000054     simplelink.a : driver.obj (.text:_SlDrvRxIrqHandler)
                  2000d07c    00000054                  : socket.obj (.text:_sl_HandleAsync_Select)
                  2000d0d0    00000050                  : device.obj (.text:_sl_HandleAsync_Stop)
                  2000d120    0000004c     driverlib.a : spi.obj (.text:SPIIntEnable)
                  2000d16c    0000004c                 : spi.obj (.text:SPIIntNumberGet)
                  2000d1b8    0000004c     simplelink.a : driver.obj (.text:_SlDrvProtectAsyncRespSetting)
                  2000d204    0000004c                  : socket.obj (.text:_sl_BuildAddress)
                  2000d250    0000004c     rtsv7M4_T_le_eabi.lib : atoi.obj (.text)
                  2000d29c    0000004c                           : cpy_tbl.obj (.text)
                  2000d2e8    0000004c     driverlib.a : udma.obj (.text:uDMAChannelAssign)
                  2000d334    00000048                 : spi.obj (.text:SPIIntClear)
                  2000d37c    00000048     simplelink.a : driver.obj (.text:_SlDrvBasicCmd)
                  2000d3c4    00000048     rtsv7M4_T_le_eabi.lib : fd_toi_t2.obj (.text)
                  2000d40c    00000046                           : ldexp.obj (.text)
                  2000d452    00000002     --HOLE-- [fill = 0]
                  2000d454    00000044     driverlib.a : spi.obj (.text:SPIDmaMaskGet)
                  2000d498    00000044     simplelink.a : driver.obj (.text:_SlDrvHandleHttpServerEvents)
                  2000d4dc    00000044                  : driver.obj (.text:_SlDrvSyncObjWaitTimeout)
                  2000d520    00000044                  : cc_pal.obj (.text:cc_SetupTransfer)
                  2000d564    00000044     rtsv7M4_T_le_eabi.lib : exit.obj (.text)
                  2000d5a8    00000044     simplelink.a : socket.obj (.text:sl_Close)
                  2000d5ec    00000044                  : wlan.obj (.text:sl_WlanSetMode)
                  2000d630    00000042                  : socket.obj (.text:sl_Htonl)
                  2000d672    00000002     --HOLE-- [fill = 0]
                  2000d674    00000040     driverlib.a : pin.obj (.text:PinModeSet)
                  2000d6b4    00000040     simplelink.a : driver.obj (.text:_SlDrvHandleNetAppEvents)
                  2000d6f4    00000040                  : driver.obj (.text:_SlDrvHandleWlanEvents)
                  2000d734    00000040                  : socket.obj (.text:_sl_TruncatePayloadByProtocol)
                  2000d774    00000040     rtsv7M4_T_le_eabi.lib : signal.obj (.text)
                  2000d7b4    0000003e     simplelink.a : cc_pal.obj (.text:NwpRegisterInterruptHandler)
                  2000d7f2    0000003c                  : netapp.obj (.text:CopyPingResultsToReport)
                  2000d82e    00000002     --HOLE-- [fill = 0]
                  2000d830    0000003c     driverlib.a : prcm.obj (.text:PRCMPeripheralClkEnable)
                  2000d86c    0000003c     rtsv7M4_T_le_eabi.lib : boot.obj (.text)
                  2000d8a8    0000003c     simplelink.a : socket.obj (.text:sl_Htons)
                  2000d8e4    0000003c     driverlib.a : udma.obj (.text:uDMAChannelControlSet)
                  2000d920    00000038     simplelink.a : cc_pal.obj (.text:NwpPowerOff)
                  2000d958    00000038     rtsv7M4_T_le_eabi.lib : fs_tod_t2.obj (.text)
                  2000d990    00000034     driverlib.a : prcm.obj (.text:PRCMPeripheralStatusGet)
                  2000d9c4    00000034                 : spi.obj (.text:SPIFIFOLevelSet)
                  2000d9f8    00000034     rtsv7M4_T_le_eabi.lib : feraiseexcept.obj (.text)
                  2000da2c    00000034                           : strstr.obj (.text)
                  2000da60    00000030     driverlib.a : uart.obj (.text:UARTDisable)
                  2000da90    00000030     rtsv7M4_T_le_eabi.lib : strncpy.obj (.text)
                  2000dac0    00000030                           : xferaise.obj (.text)
                  2000daf0    0000002e                           : i_tofd_t2.obj (.text)
                  2000db1e    0000002e                           : raise.obj (.text)
                  2000db4c    0000002c     driverlib.a : prcm.obj (.text:PRCMSysResetCauseGet)
                  2000db78    0000002c     simplelink.a : driver.obj (.text:_SlDrvObjGlobalLockWaitForever)
                  2000dba4    0000002c                  : driver.obj (.text:_SlDrvProtectionObjLockWaitForever)
                  2000dbd0    0000002a     rtsv7M4_T_le_eabi.lib : xdclass.obj (.text)
                  2000dbfa    00000002     --HOLE-- [fill = 0]
                  2000dbfc    00000028     driverlib.a : prcm.obj (.text:PRCMPeripheralClkDisable)
                  2000dc24    00000028     simplelink.a : driver.obj (.text:_SlDrvGlobalObjUnLock)
                  2000dc4c    00000028                  : driver.obj (.text:_SlDrvProtectionObjUnLock)
                  2000dc74    00000028                  : driver.obj (.text:_SlDrvSyncObjWaitForever)
                  2000dc9c    00000026     network_common.obj (.text)
                  2000dcc2    00000026     rtsv7M4_T_le_eabi.lib : strncmp.obj (.text)
                  2000dce8    00000024     simplelink.a : cc_pal.obj (.text:DmaSpiSwIntHandler)
                  2000dd0c    00000024     driverlib.a : interrupt.obj (.text:IntUnregister)
                  2000dd30    00000024                 : uart.obj (.text:UARTEnable)
                  2000dd54    00000024     simplelink.a : driver.obj (.text:_SlDrvObjLockWaitForever)
                  2000dd78    00000024     rtsv7M4_T_le_eabi.lib : memmov.obj (.text)
                  2000dd9c    00000022     driverlib.a : spi.obj (.text:SPIReset)
                  2000ddbe    00000022                 : spi.obj (.text:SPIWordCountSet)
                  2000dde0    00000022     rtsv7M4_T_le_eabi.lib : frexp.obj (.text)
                  2000de02    00000002     --HOLE-- [fill = 0]
                  2000de04    00000020     driverlib.a : interrupt.obj (.text:IntRegister)
                  2000de24    00000020     simplelink.a : cc_pal.obj (.text:NwpPowerOn)
                  2000de44    00000020                  : driver.obj (.text:_SlDrvObjUnLock)
                  2000de64    00000020                  : driver.obj (.text:_SlDrvSyncObjSignal)
                  2000de84    00000020                  : wlan.obj (.text:sl_WlanDisconnect)
                  2000dea4    0000001e     driverlib.a : uart.obj (.text:UARTCharPut)
                  2000dec2    0000001e     simplelink.a : cc_pal.obj (.text:cc_UDMAChannelSelect)
                  2000dee0    0000001c     driverlib.a : uart.obj (.text:UARTCharGetNonBlocking)
                  2000defc    0000001c     pinmux.obj (.text)
                  2000df18    0000001c     rtsv7M4_T_le_eabi.lib : memccpy.obj (.text)
                  2000df34    0000001c     driverlib.a : udma.obj (.text:uDMAChannelEnable)
                  2000df50    0000001a                 : pin.obj (.text:PinTypeUART)
                  2000df6a    0000001a                 : spi.obj (.text:SPIDmaDisable)
                  2000df84    0000001a                 : spi.obj (.text:SPIDmaEnable)
                  2000df9e    0000001a                 : spi.obj (.text:SPIFIFODisable)
                  2000dfb8    0000001a                 : spi.obj (.text:SPIFIFOEnable)
                  2000dfd2    0000001a                 : spi.obj (.text:SPIIntUnregister)
                  2000dfec    00000018                 : spi.obj (.text:SPICSDisable)
                  2000e004    00000018                 : spi.obj (.text:SPICSEnable)
                  2000e01c    00000018                 : spi.obj (.text:SPIDisable)
                  2000e034    00000018                 : spi.obj (.text:SPIEnable)
                  2000e04c    00000018                 : uart.obj (.text:UARTCharsAvail)
                  2000e064    00000018     simplelink.a : nonos.obj (.text:_SlNonOsSemSet)
                  2000e07c    00000018                  : device.obj (.text:_sl_GetStartResponseConvert)
                  2000e094    00000018     rtsv7M4_T_le_eabi.lib : args_main.obj (.text)
                  2000e0ac    00000018                           : strcmp.obj (.text)
                  2000e0c4    00000016     driverlib.a : prcm.obj (.text:PRCMHIBRegRead)
                  2000e0da    00000016                 : prcm.obj (.text:PRCMHIBRegWrite)
                  2000e0f0    00000016     simplelink.a : driver.obj (.text:_SlDrvMemZero)
                  2000e106    00000016     rtsv7M4_T_le_eabi.lib : strchr.obj (.text)
                  2000e11c    00000014     driverlib.a : cpu.obj (.text:CPUcpsie)
                  2000e130    00000014                 : interrupt.obj (.text:IntVTableBaseSet)
                  2000e144    00000014     rtsv7M4_T_le_eabi.lib : _lock.obj (.text)
                  2000e158    00000014                           : strcpy.obj (.text)
                  2000e16c    00000014                           : strlen.obj (.text)
                  2000e180    00000010     simplelink.a : driver.obj (.text:_SlDrvDispatchHttpServerEvents)
                  2000e190    0000000e                  : driver.obj (.text:_SlDrvResetCmdExt)
                  2000e19e    0000000e     rtsv7M4_T_le_eabi.lib : copy_decompress_none.obj (.text:decompress:none)
                  2000e1ac    0000000e     startup_ccs.obj (.text)
                  2000e1ba    00000002     --HOLE-- [fill = 0]
                  2000e1bc    0000000c     simplelink.a : cc_pal.obj (.text:NwpMaskInterrupt)
                  2000e1c8    0000000c                  : cc_pal.obj (.text:NwpUnMaskInterrupt)
                  2000e1d4    0000000c     rtsv7M4_T_le_eabi.lib : copy_zero_init.obj (.text:decompress:ZI)
                  2000e1e0    0000000a     driverlib.a : interrupt.obj (.text:IntMasterEnable)
                  2000e1ea    00000006                 : utils.obj (.text:UtilsDelay)
                  2000e1f0    00000006     rtsv7M4_T_le_eabi.lib : copy_decompress_rle.obj (.text:decompress:rle24)
                  2000e1f6    00000004                           : pre_init.obj (.text)

.const     0    2000e1fc    0000073c     
                  2000e1fc    00000101     rtsv7M4_T_le_eabi.lib : ctype.obj (.const:.string:_ctypes_)
                  2000e2fd    00000003     --HOLE-- [fill = 0]
                  2000e300    00000100     driverlib.a : pin.obj (.const:g_ulPinToPadMap)
                  2000e400    000000d4                 : interrupt.obj (.const:g_pulRegs)
                  2000e4d4    000000a8                 : prcm.obj (.const:PRCM_PeriphRegsList)
                  2000e57c    00000080                 : interrupt.obj (.const)
                  2000e5fc    00000080     thethingsiO.obj (.const)
                  2000e67c    00000050     thethingsiO.obj (.const:.string)
                  2000e6cc    0000004d     thethingsiO.obj (.const:.string:$P$T12$15)
                  2000e719    00000001     --HOLE-- [fill = 0]
                  2000e71a    0000003c     simplelink.a : driver.obj (.const:OpcodeTranslateTable)
                  2000e756    0000003c                  : wlan.obj (.const)
                  2000e792    00000002     --HOLE-- [fill = 0]
                  2000e794    00000038                  : driver.obj (.const:_SlActionLookupTable)
                  2000e7cc    00000038                  : driver.obj (.const)
                  2000e804    00000034                  : socket.obj (.const)
                  2000e838    0000002c     thethingsiO.obj (.const:$P$T1$2)
                  2000e864    00000028     simplelink.a : netapp.obj (.const)
                  2000e88c    00000024     driverlib.a : spi.obj (.const:g_ppulSPIIntMap)
                  2000e8b0    00000022     thethingsiO.obj (.const:.string:$P$T0$1)
                  2000e8d2    0000001c     simplelink.a : device.obj (.const)
                  2000e8ee    00000002     --HOLE-- [fill = 0]
                  2000e8f0    00000018     driverlib.a : spi.obj (.const)
                  2000e908    00000010     simplelink.a : socket.obj (.const:.string)
                  2000e918    00000010     webclient.a : httpcli.obj (.const)
                  2000e928    00000008                 : httpcli.obj (.const:.string)
                  2000e930    00000008     simplelink.a : netcfg.obj (.const)

.cinit     0    2000e938    00000088     
                  2000e938    0000005f     (.cinit..data.load) [load image, compression = rle]
                  2000e997    00000001     --HOLE-- [fill = 0]
                  2000e998    0000000c     (__TI_handler_table)
                  2000e9a4    00000004     --HOLE-- [fill = 0]
                  2000e9a8    00000008     (.cinit..bss.load) [load image, compression = zero_init]
                  2000e9b0    00000010     (__TI_cinit_table)

.bss       0    20017000    00000d1f     UNINITIALIZED
                  20017000    000005b8     thethingsiO.obj (.bss:g_buff)
                  200175b8    00000578     thethingsiO.obj (.bss:g_cBsdBuf)
                  20017b30    00000168     simplelink.a : driver.obj (.bss:g_StatMem)
                  20017c98    00000050                  : cc_pal.obj (.bss:g_ucDinDout)
                  20017ce8    00000024     thethingsiO.obj (.bss:g_ucConnectionSSID)
                  20017d0c    00000008     (.common:g_ucConnectionBSSID)
                  20017d14    00000004     (.common:__Errorlog)
                  20017d18    00000004     (.common:g_ulDestinationIP)
                  20017d1c    00000001     (.common:RxIrqCnt)
                  20017d1d    00000001     (.common:g_bDeviceRestartIsRequired)
                  20017d1e    00000001     (.common:g_cDummy)

.TI.noinit 
*          0    20017000    00000000     UNINITIALIZED

.sysmem    0    20017d20    00000800     UNINITIALIZED
                  20017d20    00000008     rtsv7M4_T_le_eabi.lib : memory.obj (.sysmem)
                  20017d28    000007f8     --HOLE--

.data      0    20018520    00000224     UNINITIALIZED
                  20018520    000000b0     rtsv7M4_T_le_eabi.lib : signal.obj (.data:sigtable)
                  200185d0    00000080                           : xvalues.obj (.data)
                  20018650    00000048     webclient.a : httpcli.obj (.data:tlsParams)
                  20018698    0000003c     simplelink.a : nonos.obj (.data:g__SlNonOsCB)
                  200186d4    00000018     thethingsiO.obj (.data)
                  200186ec    00000010     webclient.a : httpcli.obj (.data)
                  200186fc    0000000d     simplelink.a : driver.obj (.data)
                  20018709    00000003     --HOLE--
                  2001870c    0000000c     rtsv7M4_T_le_eabi.lib : memory.obj (.data)
                  20018718    00000009     simplelink.a : cc_pal.obj (.data)
                  20018721    00000003     --HOLE--
                  20018724    00000008     rtsv7M4_T_le_eabi.lib : _lock.obj (.data)
                  2001872c    00000008                           : exit.obj (.data)
                  20018734    00000008                           : feraiseexcept.obj (.data)
                  2001873c    00000004                           : errno.obj (.data)
                  20018740    00000004                           : stkdepth_vars.obj (.data)

.TI.persistent 
*          0    20018520    00000000     UNINITIALIZED

.stack     0    2002f800    00000800     UNINITIALIZED
                  2002f800    00000800     --HOLE--


LINKER GENERATED COPY TABLES

__TI_cinit_table @ 2000e9b0 records: 2, size/record: 8, table size: 16
	.data: load addr=2000e938, load size=0000005f bytes, run addr=20018520, run size=00000224 bytes, compression=rle
	.bss: load addr=2000e9a8, load size=00000008 bytes, run addr=20017000, run size=00000d1f bytes, compression=zero_init


LINKER GENERATED HANDLER TABLE

__TI_handler_table @ 2000e998 records: 3, size/record: 4, table size: 12
	index: 0, handler: __TI_decompress_rle24
	index: 1, handler: __TI_decompress_none
	index: 2, handler: __TI_zero_init


GLOBAL SYMBOLS: SORTED ALPHABETICALLY BY Name 

address   name                               
-------   ----                               
200054dd  BoardInit                          
2000d565  C$$EXIT                            
2000e11d  CPUcpsie                           
20008c21  ClearTerm                          
200053b9  ConnectToAP                        
20005445  ConnectTo_thethingsiO              
2000dce9  DmaSpiSwIntHandler                 
20008c2b  Error                              
20008c63  GetCmd                             
20004e15  HTTPActivate                       
20007457  HTTPCli_connect                    
20007579  HTTPCli_construct                  
200075c1  HTTPCli_create                     
200075d9  HTTPCli_delete                     
2000760f  HTTPCli_destruct                   
20007657  HTTPCli_disconnect                 
2000788d  HTTPCli_getResponseField           
20007857  HTTPCli_getResponseStatus          
20007349  HTTPCli_initSockAddr               
20007a9d  HTTPCli_readRawResponseBody        
20007a11  HTTPCli_readResponseBody           
200077c7  HTTPCli_sendField                  
200076f9  HTTPCli_sendRequest                
2000781f  HTTPCli_sendRequestBody            
20007add  HTTPCli_setProxy                   
2000768d  HTTPCli_setRequestFields           
200076b3  HTTPCli_setResponseFields          
200076d9  HTTPCli_setSecureParams            
2000530f  HTTPGetThing                       
200051ff  HTTPPost2thing                     
20008be1  InitTerm                           
200045e1  InitializeAppVariables             
2000b9d5  IntDisable                         
2000ba7d  IntEnable                          
2000e1e1  IntMasterEnable                    
2000cecd  IntPendClear                       
2000cfd5  IntPrioritySet                     
2000de05  IntRegister                        
2000dd0d  IntUnregister                      
2000e131  IntVTableBaseSet                   
20008bff  Message                            
2000e1bd  NwpMaskInterrupt                   
2000d921  NwpPowerOff                        
2000de25  NwpPowerOn                         
2000d7b5  NwpRegisterInterruptHandler        
2000e1c9  NwpUnMaskInterrupt                 
2000e71a  OpcodeTranslateTable               
20009efd  PRCMCC3200MCUInit                  
2000e0c5  PRCMHIBRegRead                     
2000e0db  PRCMHIBRegWrite                    
2000dbfd  PRCMPeripheralClkDisable           
2000d831  PRCMPeripheralClkEnable            
2000be39  PRCMPeripheralClockGet             
2000cf25  PRCMPeripheralReset                
2000d991  PRCMPeripheralStatusGet            
2000db4d  PRCMSysResetCauseGet               
2000c105  PinConfigSet                       
2000d675  PinModeSet                         
2000defd  PinMuxConfig                       
2000df51  PinTypeUART                        
20008da1  Report                             
2000e1ad  ResetISR                           
20017d1c  RxIrqCnt                           
UNDEFED   SHT$$INIT_ARRAY$$Base              
UNDEFED   SHT$$INIT_ARRAY$$Limit             
2000dfed  SPICSDisable                       
2000e005  SPICSEnable                        
2000bbc9  SPIConfigSetExpClk                 
2000e01d  SPIDisable                         
2000df6b  SPIDmaDisable                      
2000df85  SPIDmaEnable                       
2000e035  SPIEnable                          
2000df9f  SPIFIFODisable                     
2000dfb9  SPIFIFOEnable                      
2000d9c5  SPIFIFOLevelSet                    
2000d335  SPIIntClear                        
2000d121  SPIIntEnable                       
2000dfd3  SPIIntUnregister                   
2000dd9d  SPIReset                           
2000ddbf  SPIWordCountSet                    
200045b1  SimpleLinkGeneralEventHandler      
200045a1  SimpleLinkHttpServerCallback       
20004509  SimpleLinkNetAppEventHandler       
200045c9  SimpleLinkSockEventHandler         
20004401  SimpleLinkWlanEventHandler         
2000890d  Ssock_construct                    
2000894d  Ssock_create                       
20008967  Ssock_delete                       
2000898f  Ssock_destruct                     
200089e1  Ssock_getSocket                    
200089ef  Ssock_recv                         
20008a49  Ssock_recvall                      
20008a8d  Ssock_send                         
20008ba7  Ssock_startSecure                  
20008d09  TrimSpace                          
2000dee1  UARTCharGetNonBlocking             
2000dea5  UARTCharPut                        
2000e04d  UARTCharsAvail                     
2000c901  UARTConfigSetExpClk                
2000da61  UARTDisable                        
2000dd31  UARTEnable                         
2000e1eb  UtilsDelay                         
2000dbd1  _Dclass                            
200185d0  _Denorm                            
2000b861  _Dnorm                             
2000acc5  _Dscale                            
2000cc77  _Dunscale                          
200185e0  _Eps                               
2001873c  _Errno                             
20018734  _Fenv                              
2000dac1  _Feraise                           
200185f0  _Hugeval                           
20018600  _Inf                               
20018610  _Nan                               
20018630  _Rteps                             
2000e794  _SlActionLookupTable               
2000bb25  _SlDriverHandleError               
2000d37d  _SlDrvBasicCmd                     
2000b7a1  _SlDrvCmdOp                        
2000ca5d  _SlDrvCmdSend                      
200094b1  _SlDrvDataReadOp                   
2000a351  _SlDrvDataWriteOp                  
2000bd05  _SlDrvDeviceEventHandler           
2000e181  _SlDrvDispatchHttpServerEvents     
2000a975  _SlDrvDriverCBDeinit               
20009a1d  _SlDrvDriverCBInit                 
2000dc25  _SlDrvGlobalObjUnLock              
2000d499  _SlDrvHandleHttpServerEvents       
2000d6b5  _SlDrvHandleNetAppEvents           
2000d6f5  _SlDrvHandleWlanEvents             
2000e0f1  _SlDrvMemZero                      
2000b53d  _SlDrvMsgReadSpawnCtx              
2000add5  _SlDrvNetAppEventHandler           
2000dd55  _SlDrvObjLockWaitForever           
2000de45  _SlDrvObjUnLock                    
2000d1b9  _SlDrvProtectAsyncRespSetting      
2000dba5  _SlDrvProtectionObjLockWaitForever 
2000dc4d  _SlDrvProtectionObjUnLock          
20009695  _SlDrvReleasePoolObj               
2000e191  _SlDrvResetCmdExt                  
2000d029  _SlDrvRxIrqHandler                 
2000de65  _SlDrvSyncObjSignal                
2000dc75  _SlDrvSyncObjWaitForever           
2000d4dd  _SlDrvSyncObjWaitTimeout           
20009d6d  _SlDrvWaitForPoolObj               
2000e880  _SlNetAppSendTokenValueCmdCtrl     
2000c979  _SlNonOsMainLoopTask               
2000c799  _SlNonOsSemGet                     
2000e065  _SlNonOsSemSet                     
2000ccdd  _SlNonOsSpawn                      
20018620  _Snan                              
20018738  _Tls_setup__Fenv                   
20018640  _Xbig                              
20018648  _Zero                              
20030000  __STACK_END                        
00000800  __STACK_SIZE                       
00000800  __SYSMEM_SIZE                      
2000e9b0  __TI_CINIT_Base                    
2000e9c0  __TI_CINIT_Limit                   
2000e998  __TI_Handler_Table_Base            
2000e9a4  __TI_Handler_Table_Limit           
2000cb35  __TI_auto_init                     
2001872c  __TI_cleanup_ptr                   
2000e19f  __TI_decompress_none               
2000e1f1  __TI_decompress_rle24              
20018730  __TI_dtors_ptr                     
20006825  __TI_printfi                       
2000e938  __TI_static_base__                 
2000e1d5  __TI_zero_init                     
2000c29d  __aeabi_cdcmpeq                    
2000c29d  __aeabi_cdcmple                    
2000c323  __aeabi_cdrcmple                   
2000d3c5  __aeabi_d2iz                       
2000986f  __aeabi_dadd                       
2000a5e9  __aeabi_ddiv                       
2000aed9  __aeabi_dmul                       
20009865  __aeabi_dsub                       
2000d959  __aeabi_f2d                        
2000daf1  __aeabi_i2d                        
2000c71d  __aeabi_memclr                     
2000c71d  __aeabi_memclr4                    
2000c71d  __aeabi_memclr8                    
2000bc69  __aeabi_memcpy                     
2000bc69  __aeabi_memcpy4                    
2000bc69  __aeabi_memcpy8                    
2000c71f  __aeabi_memset                     
2000c71f  __aeabi_memset4                    
2000c71f  __aeabi_memset8                    
200092bd  __aeabi_uldivmod                   
ffffffff  __binit__                          
ffffffff  __c_args__                         
2002f800  __stack                            
2000e095  _args_main                         
2000d86d  _c_int00                           
2000e1fc  _ctypes_                           
20018724  _lock                              
2000e153  _nop                               
2000e14b  _register_lock                     
2000e145  _register_unlock                   
2000cd41  _sl_HandleAsync_Accept             
2000c3a9  _sl_HandleAsync_Connect            
2000becd  _sl_HandleAsync_DnsGetHostByName   
2000b611  _sl_HandleAsync_DnsGetHostByService
2000c429  _sl_HandleAsync_InitComplete       
2000bf5d  _sl_HandleAsync_PingResponse       
2000d07d  _sl_HandleAsync_Select             
2000d0d1  _sl_HandleAsync_Stop               
2000cac9  _sl_NetAppSendTokenValue           
20017d20  _sys_memory                        
2000e1f7  _system_pre_init                   
20018728  _unlock                            
2000d569  abort                              
2000d251  atoi                               
ffffffff  binit                              
20006b73  bufferedRecv                       
200186dc  bytesReceived                      
200088c1  calloc                             
2000d29d  copy_in                            
2000d571  exit                               
2000d9f9  feraiseexcept                      
2000860f  free                               
2000dde1  frexp                              
20018718  g_SpiFd                            
20018698  g__SlNonOsCB                       
20017d1d  g_bDeviceRestartIsRequired         
20017000  g_buff                             
200175b8  g_cBsdBuf                          
20017d1e  g_cDummy                           
20018700  g_pCB                              
2001871c  g_pHostIntHdl                      
20004000  g_pfnVectors                       
20017d0c  g_ucConnectionBSSID                
20017ce8  g_ucConnectionSSID                 
20018720  g_ucDMAEnabled                     
20017c98  g_ucDinDout                        
20017d18  g_ulDestinationIP                  
200186e0  g_ulDestinationIp                  
200186d8  g_ulGatewayIP                      
200186d4  g_ulStatus                         
2000d40d  ldexp                              
2000cf7d  ltoa                               
20008081  main                               
20018740  main_func_sp                       
200085a7  malloc                             
200087dd  memalign                           
2000df19  memccpy                            
2000bc69  memcpy                             
2000dd79  memmove                            
2000c725  memset                             
20008519  minit                              
20018704  pPingCallBackFunc                  
2000db1f  raise                              
20004c5d  readResponse_2                     
200086d1  realloc                            
2000d775  signal                             
2000d5a9  sl_Close                           
2000a1e5  sl_Connect                         
2000b921  sl_DevGet                          
2000d631  sl_Htonl                           
2000d8a9  sl_Htons                           
2000a721  sl_NetAppDnsGetHostByName          
2000c5a9  sl_NetCfgSet                       
2000dc9d  sl_Provisioning_HttpServerEventHdl 
2000dcab  sl_Provisioning_NetAppEventHdl     
2000dcb7  sl_Provisioning_WlanEventHdl       
2000c215  sl_Recv                            
2000aa99  sl_Send                            
2000c625  sl_SetSockOpt                      
2000c9ed  sl_Socket                          
2000b381  sl_Start                           
2000b29d  sl_Stop                            
20008e61  sl_WlanConnect                     
2000de85  sl_WlanDisconnect                  
2000c811  sl_WlanPolicySet                   
2000cba1  sl_WlanRxFilterSet                 
2000c6a1  sl_WlanSet                         
2000d5ed  sl_WlanSetMode                     
2000c889  spi_Close                          
2000a4a1  spi_Open                           
2000afd5  spi_Read                           
2000bda1  spi_Write                          
2000ce6d  sprintf                            
2000e107  strchr                             
2000e0ad  strcmp                             
2000e159  strcpy                             
2000e16d  strlen                             
2000dcc3  strncmp                            
2000da91  strncpy                            
2000da2d  strstr                             
2000abb1  strtoul                            
200054fb  thing_activate                     
20005565  thing_read                         
20005517  thing_read_limit                   
2000579d  thing_subscribe                    
200055cd  thing_write_double                 
20005601  thing_write_float                  
200055a1  thing_write_int                    
20005577  thing_write_string                 
2000d2e9  uDMAChannelAssign                  
2000cda5  uDMAChannelAttributeDisable        
2000ce09  uDMAChannelAttributeEnable         
2000d8e5  uDMAChannelControlSet              
2000df35  uDMAChannelEnable                  
2000b0c5  uDMAChannelTransferSet             
2000c18d  vsnprintf                          


GLOBAL SYMBOLS: SORTED BY Symbol Address 

address   name                               
-------   ----                               
00000800  __STACK_SIZE                       
00000800  __SYSMEM_SIZE                      
20004000  g_pfnVectors                       
20004401  SimpleLinkWlanEventHandler         
20004509  SimpleLinkNetAppEventHandler       
200045a1  SimpleLinkHttpServerCallback       
200045b1  SimpleLinkGeneralEventHandler      
200045c9  SimpleLinkSockEventHandler         
200045e1  InitializeAppVariables             
20004c5d  readResponse_2                     
20004e15  HTTPActivate                       
200051ff  HTTPPost2thing                     
2000530f  HTTPGetThing                       
200053b9  ConnectToAP                        
20005445  ConnectTo_thethingsiO              
200054dd  BoardInit                          
200054fb  thing_activate                     
20005517  thing_read_limit                   
20005565  thing_read                         
20005577  thing_write_string                 
200055a1  thing_write_int                    
200055cd  thing_write_double                 
20005601  thing_write_float                  
2000579d  thing_subscribe                    
20006825  __TI_printfi                       
20006b73  bufferedRecv                       
20007349  HTTPCli_initSockAddr               
20007457  HTTPCli_connect                    
20007579  HTTPCli_construct                  
200075c1  HTTPCli_create                     
200075d9  HTTPCli_delete                     
2000760f  HTTPCli_destruct                   
20007657  HTTPCli_disconnect                 
2000768d  HTTPCli_setRequestFields           
200076b3  HTTPCli_setResponseFields          
200076d9  HTTPCli_setSecureParams            
200076f9  HTTPCli_sendRequest                
200077c7  HTTPCli_sendField                  
2000781f  HTTPCli_sendRequestBody            
20007857  HTTPCli_getResponseStatus          
2000788d  HTTPCli_getResponseField           
20007a11  HTTPCli_readResponseBody           
20007a9d  HTTPCli_readRawResponseBody        
20007add  HTTPCli_setProxy                   
20008081  main                               
20008519  minit                              
200085a7  malloc                             
2000860f  free                               
200086d1  realloc                            
200087dd  memalign                           
200088c1  calloc                             
2000890d  Ssock_construct                    
2000894d  Ssock_create                       
20008967  Ssock_delete                       
2000898f  Ssock_destruct                     
200089e1  Ssock_getSocket                    
200089ef  Ssock_recv                         
20008a49  Ssock_recvall                      
20008a8d  Ssock_send                         
20008ba7  Ssock_startSecure                  
20008be1  InitTerm                           
20008bff  Message                            
20008c21  ClearTerm                          
20008c2b  Error                              
20008c63  GetCmd                             
20008d09  TrimSpace                          
20008da1  Report                             
20008e61  sl_WlanConnect                     
200092bd  __aeabi_uldivmod                   
200094b1  _SlDrvDataReadOp                   
20009695  _SlDrvReleasePoolObj               
20009865  __aeabi_dsub                       
2000986f  __aeabi_dadd                       
20009a1d  _SlDrvDriverCBInit                 
20009d6d  _SlDrvWaitForPoolObj               
20009efd  PRCMCC3200MCUInit                  
2000a1e5  sl_Connect                         
2000a351  _SlDrvDataWriteOp                  
2000a4a1  spi_Open                           
2000a5e9  __aeabi_ddiv                       
2000a721  sl_NetAppDnsGetHostByName          
2000a975  _SlDrvDriverCBDeinit               
2000aa99  sl_Send                            
2000abb1  strtoul                            
2000acc5  _Dscale                            
2000add5  _SlDrvNetAppEventHandler           
2000aed9  __aeabi_dmul                       
2000afd5  spi_Read                           
2000b0c5  uDMAChannelTransferSet             
2000b29d  sl_Stop                            
2000b381  sl_Start                           
2000b53d  _SlDrvMsgReadSpawnCtx              
2000b611  _sl_HandleAsync_DnsGetHostByService
2000b7a1  _SlDrvCmdOp                        
2000b861  _Dnorm                             
2000b921  sl_DevGet                          
2000b9d5  IntDisable                         
2000ba7d  IntEnable                          
2000bb25  _SlDriverHandleError               
2000bbc9  SPIConfigSetExpClk                 
2000bc69  __aeabi_memcpy                     
2000bc69  __aeabi_memcpy4                    
2000bc69  __aeabi_memcpy8                    
2000bc69  memcpy                             
2000bd05  _SlDrvDeviceEventHandler           
2000bda1  spi_Write                          
2000be39  PRCMPeripheralClockGet             
2000becd  _sl_HandleAsync_DnsGetHostByName   
2000bf5d  _sl_HandleAsync_PingResponse       
2000c105  PinConfigSet                       
2000c18d  vsnprintf                          
2000c215  sl_Recv                            
2000c29d  __aeabi_cdcmpeq                    
2000c29d  __aeabi_cdcmple                    
2000c323  __aeabi_cdrcmple                   
2000c3a9  _sl_HandleAsync_Connect            
2000c429  _sl_HandleAsync_InitComplete       
2000c5a9  sl_NetCfgSet                       
2000c625  sl_SetSockOpt                      
2000c6a1  sl_WlanSet                         
2000c71d  __aeabi_memclr                     
2000c71d  __aeabi_memclr4                    
2000c71d  __aeabi_memclr8                    
2000c71f  __aeabi_memset                     
2000c71f  __aeabi_memset4                    
2000c71f  __aeabi_memset8                    
2000c725  memset                             
2000c799  _SlNonOsSemGet                     
2000c811  sl_WlanPolicySet                   
2000c889  spi_Close                          
2000c901  UARTConfigSetExpClk                
2000c979  _SlNonOsMainLoopTask               
2000c9ed  sl_Socket                          
2000ca5d  _SlDrvCmdSend                      
2000cac9  _sl_NetAppSendTokenValue           
2000cb35  __TI_auto_init                     
2000cba1  sl_WlanRxFilterSet                 
2000cc77  _Dunscale                          
2000ccdd  _SlNonOsSpawn                      
2000cd41  _sl_HandleAsync_Accept             
2000cda5  uDMAChannelAttributeDisable        
2000ce09  uDMAChannelAttributeEnable         
2000ce6d  sprintf                            
2000cecd  IntPendClear                       
2000cf25  PRCMPeripheralReset                
2000cf7d  ltoa                               
2000cfd5  IntPrioritySet                     
2000d029  _SlDrvRxIrqHandler                 
2000d07d  _sl_HandleAsync_Select             
2000d0d1  _sl_HandleAsync_Stop               
2000d121  SPIIntEnable                       
2000d1b9  _SlDrvProtectAsyncRespSetting      
2000d251  atoi                               
2000d29d  copy_in                            
2000d2e9  uDMAChannelAssign                  
2000d335  SPIIntClear                        
2000d37d  _SlDrvBasicCmd                     
2000d3c5  __aeabi_d2iz                       
2000d40d  ldexp                              
2000d499  _SlDrvHandleHttpServerEvents       
2000d4dd  _SlDrvSyncObjWaitTimeout           
2000d565  C$$EXIT                            
2000d569  abort                              
2000d571  exit                               
2000d5a9  sl_Close                           
2000d5ed  sl_WlanSetMode                     
2000d631  sl_Htonl                           
2000d675  PinModeSet                         
2000d6b5  _SlDrvHandleNetAppEvents           
2000d6f5  _SlDrvHandleWlanEvents             
2000d775  signal                             
2000d7b5  NwpRegisterInterruptHandler        
2000d831  PRCMPeripheralClkEnable            
2000d86d  _c_int00                           
2000d8a9  sl_Htons                           
2000d8e5  uDMAChannelControlSet              
2000d921  NwpPowerOff                        
2000d959  __aeabi_f2d                        
2000d991  PRCMPeripheralStatusGet            
2000d9c5  SPIFIFOLevelSet                    
2000d9f9  feraiseexcept                      
2000da2d  strstr                             
2000da61  UARTDisable                        
2000da91  strncpy                            
2000dac1  _Feraise                           
2000daf1  __aeabi_i2d                        
2000db1f  raise                              
2000db4d  PRCMSysResetCauseGet               
2000dba5  _SlDrvProtectionObjLockWaitForever 
2000dbd1  _Dclass                            
2000dbfd  PRCMPeripheralClkDisable           
2000dc25  _SlDrvGlobalObjUnLock              
2000dc4d  _SlDrvProtectionObjUnLock          
2000dc75  _SlDrvSyncObjWaitForever           
2000dc9d  sl_Provisioning_HttpServerEventHdl 
2000dcab  sl_Provisioning_NetAppEventHdl     
2000dcb7  sl_Provisioning_WlanEventHdl       
2000dcc3  strncmp                            
2000dce9  DmaSpiSwIntHandler                 
2000dd0d  IntUnregister                      
2000dd31  UARTEnable                         
2000dd55  _SlDrvObjLockWaitForever           
2000dd79  memmove                            
2000dd9d  SPIReset                           
2000ddbf  SPIWordCountSet                    
2000dde1  frexp                              
2000de05  IntRegister                        
2000de25  NwpPowerOn                         
2000de45  _SlDrvObjUnLock                    
2000de65  _SlDrvSyncObjSignal                
2000de85  sl_WlanDisconnect                  
2000dea5  UARTCharPut                        
2000dee1  UARTCharGetNonBlocking             
2000defd  PinMuxConfig                       
2000df19  memccpy                            
2000df35  uDMAChannelEnable                  
2000df51  PinTypeUART                        
2000df6b  SPIDmaDisable                      
2000df85  SPIDmaEnable                       
2000df9f  SPIFIFODisable                     
2000dfb9  SPIFIFOEnable                      
2000dfd3  SPIIntUnregister                   
2000dfed  SPICSDisable                       
2000e005  SPICSEnable                        
2000e01d  SPIDisable                         
2000e035  SPIEnable                          
2000e04d  UARTCharsAvail                     
2000e065  _SlNonOsSemSet                     
2000e095  _args_main                         
2000e0ad  strcmp                             
2000e0c5  PRCMHIBRegRead                     
2000e0db  PRCMHIBRegWrite                    
2000e0f1  _SlDrvMemZero                      
2000e107  strchr                             
2000e11d  CPUcpsie                           
2000e131  IntVTableBaseSet                   
2000e145  _register_unlock                   
2000e14b  _register_lock                     
2000e153  _nop                               
2000e159  strcpy                             
2000e16d  strlen                             
2000e181  _SlDrvDispatchHttpServerEvents     
2000e191  _SlDrvResetCmdExt                  
2000e19f  __TI_decompress_none               
2000e1ad  ResetISR                           
2000e1bd  NwpMaskInterrupt                   
2000e1c9  NwpUnMaskInterrupt                 
2000e1d5  __TI_zero_init                     
2000e1e1  IntMasterEnable                    
2000e1eb  UtilsDelay                         
2000e1f1  __TI_decompress_rle24              
2000e1f7  _system_pre_init                   
2000e1fc  _ctypes_                           
2000e71a  OpcodeTranslateTable               
2000e794  _SlActionLookupTable               
2000e880  _SlNetAppSendTokenValueCmdCtrl     
2000e938  __TI_static_base__                 
2000e998  __TI_Handler_Table_Base            
2000e9a4  __TI_Handler_Table_Limit           
2000e9b0  __TI_CINIT_Base                    
2000e9c0  __TI_CINIT_Limit                   
20017000  g_buff                             
200175b8  g_cBsdBuf                          
20017c98  g_ucDinDout                        
20017ce8  g_ucConnectionSSID                 
20017d0c  g_ucConnectionBSSID                
20017d18  g_ulDestinationIP                  
20017d1c  RxIrqCnt                           
20017d1d  g_bDeviceRestartIsRequired         
20017d1e  g_cDummy                           
20017d20  _sys_memory                        
200185d0  _Denorm                            
200185e0  _Eps                               
200185f0  _Hugeval                           
20018600  _Inf                               
20018610  _Nan                               
20018620  _Snan                              
20018630  _Rteps                             
20018640  _Xbig                              
20018648  _Zero                              
20018698  g__SlNonOsCB                       
200186d4  g_ulStatus                         
200186d8  g_ulGatewayIP                      
200186dc  bytesReceived                      
200186e0  g_ulDestinationIp                  
20018700  g_pCB                              
20018704  pPingCallBackFunc                  
20018718  g_SpiFd                            
2001871c  g_pHostIntHdl                      
20018720  g_ucDMAEnabled                     
20018724  _lock                              
20018728  _unlock                            
2001872c  __TI_cleanup_ptr                   
20018730  __TI_dtors_ptr                     
20018734  _Fenv                              
20018738  _Tls_setup__Fenv                   
2001873c  _Errno                             
20018740  main_func_sp                       
2002f800  __stack                            
20030000  __STACK_END                        
ffffffff  __binit__                          
ffffffff  __c_args__                         
ffffffff  binit                              
UNDEFED   SHT$$INIT_ARRAY$$Base              
UNDEFED   SHT$$INIT_ARRAY$$Limit             

[305 symbols]
