******************************************************************************
                  TI ARM Linker PC v5.2.7                      
******************************************************************************
>> Linked Fri May 13 14:30:00 2016

OUTPUT FILE NAME:   <thing_lib_3.out>
ENTRY POINT SYMBOL: "_c_int00"  address: 2000da75


MEMORY CONFIGURATION

         name            origin    length      used     unused   attr    fill
----------------------  --------  ---------  --------  --------  ----  --------
  SRAM_CODE             20004000   00013000  0000ab8a  00008476  RW X
  SRAM_DATA             20017000   00019000  00001f3f  000170c1  RW X


SEGMENT ALLOCATION MAP

run origin  load origin   length   init length attrs members
----------  ----------- ---------- ----------- ----- -------
20004000    20004000    0000ab90   0000ab90    r-x
  20004000    20004000    00000400   00000400    r-- .intvecs
  20004400    20004400    00009fca   00009fca    r-x .text
  2000e3cc    2000e3cc    00000738   00000738    r-- .const
  2000eb08    2000eb08    00000088   00000088    r-- .cinit
20017000    20017000    00001740   00000000    rw-
  20017000    20017000    00000d1f   00000000    rw- .bss
  20017d20    20017d20    00000800   00000000    rw- .sysmem
  20018520    20018520    00000220   00000000    rw- .data
2002f800    2002f800    00000800   00000000    rw-
  2002f800    2002f800    00000800   00000000    rw- .stack


SECTION ALLOCATION MAP

 output                                  attributes/
section   page    origin      length       input sections
--------  ----  ----------  ----------   ----------------
.intvecs   0    20004000    00000400     
                  20004000    00000400     startup_ccs.obj (.intvecs)

.init_array 
*          0    20004000    00000000     UNINITIALIZED

.text      0    20004400    00009fca     
                  20004400    00001d22     main.obj (.text)
                  20006122    00000002     driverlib.a : interrupt.obj (.text:IntDefaultHandler)
                  20006124    000010a6     rtsv7M4_T_le_eabi.lib : _printfi.obj (.text)
                  200071ca    00000002     --HOLE-- [fill = 0]
                  200071cc    00000fc4     webclient.a : httpcli.obj (.text)
                  20008190    00000590     simplelink.a : driver.obj (.text:_SlDrvMsgRead)
                  20008720    000003dc     rtsv7M4_T_le_eabi.lib : memory.obj (.text)
                  20008afc    000002ea     webclient.a : ssock.obj (.text)
                  20008de6    00000002     --HOLE-- [fill = 0]
                  20008de8    00000280     uart_if.obj (.text)
                  20009068    00000260     simplelink.a : wlan.obj (.text:sl_WlanConnect)
                  200092c8    000001fc                  : driver.obj (.text:_SlDrvRxHdrRead)
                  200094c4    000001f4     rtsv7M4_T_le_eabi.lib : ull_div_t2.obj (.text)
                  200096b8    000001e4     simplelink.a : driver.obj (.text:_SlDrvDataReadOp)
                  2000989c    000001d0                  : driver.obj (.text:_SlDrvReleasePoolObj)
                  20009a6c    000001b6     rtsv7M4_T_le_eabi.lib : fd_add_t2.obj (.text)
                  20009c22    00000002     --HOLE-- [fill = 0]
                  20009c24    000001b4     simplelink.a : driver.obj (.text:_SlDrvDriverCBInit)
                  20009dd8    0000019c                  : driver.obj (.text:_SlDrvMsgWrite)
                  20009f74    00000190                  : driver.obj (.text:_SlDrvWaitForPoolObj)
                  2000a104    00000178     driverlib.a : prcm.obj (.text:PRCMCC3200MCUInit)
                  2000a27c    00000170     simplelink.a : driver.obj (.text:_SlFindAndSetActiveObj)
                  2000a3ec    0000016c                  : socket.obj (.text:sl_Connect)
                  2000a558    00000150                  : driver.obj (.text:_SlDrvDataWriteOp)
                  2000a6a8    00000148                  : cc_pal.obj (.text:spi_Open)
                  2000a7f0    00000136     rtsv7M4_T_le_eabi.lib : fd_div_t2.obj (.text)
                  2000a926    00000002     --HOLE-- [fill = 0]
                  2000a928    0000012c     simplelink.a : netapp.obj (.text:sl_NetAppDnsGetHostByName)
                  2000aa54    00000128                  : driver.obj (.text:_SlDrvMsgReadCmdCtx)
                  2000ab7c    00000124                  : driver.obj (.text:_SlDrvDriverCBDeinit)
                  2000aca0    00000118                  : socket.obj (.text:sl_Send)
                  2000adb8    00000114     rtsv7M4_T_le_eabi.lib : strtoul.obj (.text)
                  2000aecc    00000110                           : xdscale.obj (.text)
                  2000afdc    00000104     simplelink.a : netapp.obj (.text:_SlDrvNetAppEventHandler)
                  2000b0e0    000000fc     rtsv7M4_T_le_eabi.lib : fd_mul_t2.obj (.text)
                  2000b1dc    000000f0     simplelink.a : cc_pal.obj (.text:spi_Read)
                  2000b2cc    000000f0     driverlib.a : udma.obj (.text:uDMAChannelTransferSet)
                  2000b3bc    000000e8     simplelink.a : driver.obj (.text:_SlAsyncEventGenericHandler)
                  2000b4a4    000000e4                  : device.obj (.text:sl_Stop)
                  2000b588    000000e0                  : device.obj (.text:sl_Start)
                  2000b668    000000dc                  : driver.obj (.text:_SlDrvClassifyRxMsg)
                  2000b744    000000d4                  : driver.obj (.text:_SlDrvMsgReadSpawnCtx)
                  2000b818    000000cc                  : netapp.obj (.text:_sl_HandleAsync_DnsGetHostByService)
                  2000b8e4    000000c4                  : driver.obj (.text:_SlRemoveFromList)
                  2000b9a8    000000c0                  : driver.obj (.text:_SlDrvCmdOp)
                  2000ba68    000000be     rtsv7M4_T_le_eabi.lib : xdnorm.obj (.text)
                  2000bb26    00000002     --HOLE-- [fill = 0]
                  2000bb28    000000b4     simplelink.a : device.obj (.text:sl_DevGet)
                  2000bbdc    000000a8     driverlib.a : interrupt.obj (.text:IntDisable)
                  2000bc84    000000a8                 : interrupt.obj (.text:IntEnable)
                  2000bd2c    000000a4     simplelink.a : driver.obj (.text:_SlDriverHandleError)
                  2000bdd0    000000a0     driverlib.a : spi.obj (.text:SPIConfigSetExpClk)
                  2000be70    0000009c     rtsv7M4_T_le_eabi.lib : memcpy_t2.obj (.text)
                  2000bf0c    0000009a     simplelink.a : device.obj (.text:_SlDrvDeviceEventHandler)
                  2000bfa6    00000002     --HOLE-- [fill = 0]
                  2000bfa8    00000098                  : cc_pal.obj (.text:spi_Write)
                  2000c040    00000094     driverlib.a : prcm.obj (.text:PRCMPeripheralClockGet)
                  2000c0d4    00000090     simplelink.a : netapp.obj (.text:_sl_HandleAsync_DnsGetHostByName)
                  2000c164    00000090                  : netapp.obj (.text:_sl_HandleAsync_PingResponse)
                  2000c1f4    0000008c                  : cc_pal.obj (.text:SetupDMAReceive)
                  2000c280    0000008c                  : cc_pal.obj (.text:SetupDMASend)
                  2000c30c    00000088     driverlib.a : pin.obj (.text:PinConfigSet)
                  2000c394    00000088     rtsv7M4_T_le_eabi.lib : vsnprintf.obj (.text)
                  2000c41c    00000088     simplelink.a : socket.obj (.text:sl_Recv)
                  2000c4a4    00000086     rtsv7M4_T_le_eabi.lib : fd_cmp_t2.obj (.text:__aeabi_cdcmple)
                  2000c52a    00000086                           : fd_cmp_t2.obj (.text:__aeabi_cdrcmple)
                  2000c5b0    00000080     simplelink.a : socket.obj (.text:_sl_HandleAsync_Connect)
                  2000c630    00000080                  : device.obj (.text:_sl_HandleAsync_InitComplete)
                  2000c6b0    00000080                  : cc_pal.obj (.text:spi_Read_CPU)
                  2000c730    00000080                  : cc_pal.obj (.text:spi_Write_CPU)
                  2000c7b0    0000007c                  : netcfg.obj (.text:sl_NetCfgSet)
                  2000c82c    0000007c                  : socket.obj (.text:sl_SetSockOpt)
                  2000c8a8    0000007c                  : wlan.obj (.text:sl_WlanSet)
                  2000c924    0000007a     rtsv7M4_T_le_eabi.lib : memset_t2.obj (.text)
                  2000c99e    00000002     --HOLE-- [fill = 0]
                  2000c9a0    00000078     simplelink.a : nonos.obj (.text:_SlNonOsSemGet)
                  2000ca18    00000078                  : wlan.obj (.text:sl_WlanPolicySet)
                  2000ca90    00000078                  : cc_pal.obj (.text:spi_Close)
                  2000cb08    00000076     driverlib.a : uart.obj (.text:UARTConfigSetExpClk)
                  2000cb7e    00000002     --HOLE-- [fill = 0]
                  2000cb80    00000074     simplelink.a : nonos.obj (.text:_SlNonOsMainLoopTask)
                  2000cbf4    00000070                  : socket.obj (.text:sl_Socket)
                  2000cc64    0000006c                  : driver.obj (.text:_SlDrvCmdSend)
                  2000ccd0    0000006c                  : netapp.obj (.text:_sl_NetAppSendTokenValue)
                  2000cd3c    0000006c     rtsv7M4_T_le_eabi.lib : autoinit.obj (.text)
                  2000cda8    0000006c     simplelink.a : wlan.obj (.text:sl_WlanRxFilterSet)
                  2000ce14    0000006a     rtsv7M4_T_le_eabi.lib : copy_decompress_rle.obj (.text)
                  2000ce7e    00000066                           : xdunscal.obj (.text)
                  2000cee4    00000064     simplelink.a : nonos.obj (.text:_SlNonOsSpawn)
                  2000cf48    00000064                  : socket.obj (.text:_sl_HandleAsync_Accept)
                  2000cfac    00000064     driverlib.a : udma.obj (.text:uDMAChannelAttributeDisable)
                  2000d010    00000064                 : udma.obj (.text:uDMAChannelAttributeEnable)
                  2000d074    00000060     rtsv7M4_T_le_eabi.lib : sprintf.obj (.text)
                  2000d0d4    00000058     driverlib.a : interrupt.obj (.text:IntPendClear)
                  2000d12c    00000058                 : prcm.obj (.text:PRCMPeripheralReset)
                  2000d184    00000056     rtsv7M4_T_le_eabi.lib : ltoa.obj (.text)
                  2000d1da    00000002     --HOLE-- [fill = 0]
                  2000d1dc    00000054     driverlib.a : interrupt.obj (.text:IntPrioritySet)
                  2000d230    00000054     simplelink.a : driver.obj (.text:_SlDrvRxIrqHandler)
                  2000d284    00000054                  : socket.obj (.text:_sl_HandleAsync_Select)
                  2000d2d8    00000050                  : device.obj (.text:_sl_HandleAsync_Stop)
                  2000d328    0000004c     driverlib.a : spi.obj (.text:SPIIntEnable)
                  2000d374    0000004c                 : spi.obj (.text:SPIIntNumberGet)
                  2000d3c0    0000004c     simplelink.a : driver.obj (.text:_SlDrvProtectAsyncRespSetting)
                  2000d40c    0000004c                  : socket.obj (.text:_sl_BuildAddress)
                  2000d458    0000004c     rtsv7M4_T_le_eabi.lib : atoi.obj (.text)
                  2000d4a4    0000004c                           : cpy_tbl.obj (.text)
                  2000d4f0    0000004c     driverlib.a : udma.obj (.text:uDMAChannelAssign)
                  2000d53c    00000048                 : spi.obj (.text:SPIIntClear)
                  2000d584    00000048     simplelink.a : driver.obj (.text:_SlDrvBasicCmd)
                  2000d5cc    00000048     rtsv7M4_T_le_eabi.lib : fd_toi_t2.obj (.text)
                  2000d614    00000046                           : ldexp.obj (.text)
                  2000d65a    00000002     --HOLE-- [fill = 0]
                  2000d65c    00000044     driverlib.a : spi.obj (.text:SPIDmaMaskGet)
                  2000d6a0    00000044     simplelink.a : driver.obj (.text:_SlDrvHandleHttpServerEvents)
                  2000d6e4    00000044                  : driver.obj (.text:_SlDrvSyncObjWaitTimeout)
                  2000d728    00000044                  : cc_pal.obj (.text:cc_SetupTransfer)
                  2000d76c    00000044     rtsv7M4_T_le_eabi.lib : exit.obj (.text)
                  2000d7b0    00000044     simplelink.a : socket.obj (.text:sl_Close)
                  2000d7f4    00000044                  : wlan.obj (.text:sl_WlanSetMode)
                  2000d838    00000042                  : socket.obj (.text:sl_Htonl)
                  2000d87a    00000002     --HOLE-- [fill = 0]
                  2000d87c    00000040     driverlib.a : pin.obj (.text:PinModeSet)
                  2000d8bc    00000040     simplelink.a : driver.obj (.text:_SlDrvHandleNetAppEvents)
                  2000d8fc    00000040                  : driver.obj (.text:_SlDrvHandleWlanEvents)
                  2000d93c    00000040                  : socket.obj (.text:_sl_TruncatePayloadByProtocol)
                  2000d97c    00000040     rtsv7M4_T_le_eabi.lib : signal.obj (.text)
                  2000d9bc    0000003e     simplelink.a : cc_pal.obj (.text:NwpRegisterInterruptHandler)
                  2000d9fa    0000003c                  : netapp.obj (.text:CopyPingResultsToReport)
                  2000da36    00000002     --HOLE-- [fill = 0]
                  2000da38    0000003c     driverlib.a : prcm.obj (.text:PRCMPeripheralClkEnable)
                  2000da74    0000003c     rtsv7M4_T_le_eabi.lib : boot.obj (.text)
                  2000dab0    0000003c     simplelink.a : socket.obj (.text:sl_Htons)
                  2000daec    0000003c     driverlib.a : udma.obj (.text:uDMAChannelControlSet)
                  2000db28    00000038     simplelink.a : cc_pal.obj (.text:NwpPowerOff)
                  2000db60    00000034     driverlib.a : prcm.obj (.text:PRCMPeripheralStatusGet)
                  2000db94    00000034                 : spi.obj (.text:SPIFIFOLevelSet)
                  2000dbc8    00000034     rtsv7M4_T_le_eabi.lib : feraiseexcept.obj (.text)
                  2000dbfc    00000034                           : strstr.obj (.text)
                  2000dc30    00000030     driverlib.a : uart.obj (.text:UARTDisable)
                  2000dc60    00000030     rtsv7M4_T_le_eabi.lib : strncpy.obj (.text)
                  2000dc90    00000030                           : xferaise.obj (.text)
                  2000dcc0    0000002e                           : i_tofd_t2.obj (.text)
                  2000dcee    0000002e                           : raise.obj (.text)
                  2000dd1c    0000002c     driverlib.a : prcm.obj (.text:PRCMSysResetCauseGet)
                  2000dd48    0000002c     simplelink.a : driver.obj (.text:_SlDrvObjGlobalLockWaitForever)
                  2000dd74    0000002c                  : driver.obj (.text:_SlDrvProtectionObjLockWaitForever)
                  2000dda0    0000002a     rtsv7M4_T_le_eabi.lib : xdclass.obj (.text)
                  2000ddca    00000002     --HOLE-- [fill = 0]
                  2000ddcc    00000028     driverlib.a : prcm.obj (.text:PRCMPeripheralClkDisable)
                  2000ddf4    00000028     simplelink.a : driver.obj (.text:_SlDrvGlobalObjUnLock)
                  2000de1c    00000028                  : driver.obj (.text:_SlDrvProtectionObjUnLock)
                  2000de44    00000028                  : driver.obj (.text:_SlDrvSyncObjWaitForever)
                  2000de6c    00000026     network_common.obj (.text)
                  2000de92    00000026     rtsv7M4_T_le_eabi.lib : strncmp.obj (.text)
                  2000deb8    00000024     simplelink.a : cc_pal.obj (.text:DmaSpiSwIntHandler)
                  2000dedc    00000024     driverlib.a : interrupt.obj (.text:IntUnregister)
                  2000df00    00000024                 : uart.obj (.text:UARTEnable)
                  2000df24    00000024     simplelink.a : driver.obj (.text:_SlDrvObjLockWaitForever)
                  2000df48    00000024     rtsv7M4_T_le_eabi.lib : memmov.obj (.text)
                  2000df6c    00000022     driverlib.a : spi.obj (.text:SPIReset)
                  2000df8e    00000022                 : spi.obj (.text:SPIWordCountSet)
                  2000dfb0    00000022     rtsv7M4_T_le_eabi.lib : frexp.obj (.text)
                  2000dfd2    00000002     --HOLE-- [fill = 0]
                  2000dfd4    00000020     driverlib.a : interrupt.obj (.text:IntRegister)
                  2000dff4    00000020     simplelink.a : cc_pal.obj (.text:NwpPowerOn)
                  2000e014    00000020                  : driver.obj (.text:_SlDrvObjUnLock)
                  2000e034    00000020                  : driver.obj (.text:_SlDrvSyncObjSignal)
                  2000e054    00000020                  : wlan.obj (.text:sl_WlanDisconnect)
                  2000e074    0000001e     driverlib.a : uart.obj (.text:UARTCharPut)
                  2000e092    0000001e     simplelink.a : cc_pal.obj (.text:cc_UDMAChannelSelect)
                  2000e0b0    0000001c     driverlib.a : uart.obj (.text:UARTCharGetNonBlocking)
                  2000e0cc    0000001c     pinmux.obj (.text)
                  2000e0e8    0000001c     rtsv7M4_T_le_eabi.lib : memccpy.obj (.text)
                  2000e104    0000001c     driverlib.a : udma.obj (.text:uDMAChannelEnable)
                  2000e120    0000001a                 : pin.obj (.text:PinTypeUART)
                  2000e13a    0000001a                 : spi.obj (.text:SPIDmaDisable)
                  2000e154    0000001a                 : spi.obj (.text:SPIDmaEnable)
                  2000e16e    0000001a                 : spi.obj (.text:SPIFIFODisable)
                  2000e188    0000001a                 : spi.obj (.text:SPIFIFOEnable)
                  2000e1a2    0000001a                 : spi.obj (.text:SPIIntUnregister)
                  2000e1bc    00000018                 : spi.obj (.text:SPICSDisable)
                  2000e1d4    00000018                 : spi.obj (.text:SPICSEnable)
                  2000e1ec    00000018                 : spi.obj (.text:SPIDisable)
                  2000e204    00000018                 : spi.obj (.text:SPIEnable)
                  2000e21c    00000018                 : uart.obj (.text:UARTCharsAvail)
                  2000e234    00000018     simplelink.a : nonos.obj (.text:_SlNonOsSemSet)
                  2000e24c    00000018                  : device.obj (.text:_sl_GetStartResponseConvert)
                  2000e264    00000018     rtsv7M4_T_le_eabi.lib : args_main.obj (.text)
                  2000e27c    00000018                           : strcmp.obj (.text)
                  2000e294    00000016     driverlib.a : prcm.obj (.text:PRCMHIBRegRead)
                  2000e2aa    00000016                 : prcm.obj (.text:PRCMHIBRegWrite)
                  2000e2c0    00000016     simplelink.a : driver.obj (.text:_SlDrvMemZero)
                  2000e2d6    00000016     rtsv7M4_T_le_eabi.lib : strchr.obj (.text)
                  2000e2ec    00000014     driverlib.a : cpu.obj (.text:CPUcpsie)
                  2000e300    00000014                 : interrupt.obj (.text:IntVTableBaseSet)
                  2000e314    00000014     rtsv7M4_T_le_eabi.lib : _lock.obj (.text)
                  2000e328    00000014                           : strcpy.obj (.text)
                  2000e33c    00000014                           : strlen.obj (.text)
                  2000e350    00000010     simplelink.a : driver.obj (.text:_SlDrvDispatchHttpServerEvents)
                  2000e360    0000000e                  : driver.obj (.text:_SlDrvResetCmdExt)
                  2000e36e    0000000e     rtsv7M4_T_le_eabi.lib : copy_decompress_none.obj (.text:decompress:none)
                  2000e37c    0000000e     startup_ccs.obj (.text)
                  2000e38a    00000002     --HOLE-- [fill = 0]
                  2000e38c    0000000c     simplelink.a : cc_pal.obj (.text:NwpMaskInterrupt)
                  2000e398    0000000c                  : cc_pal.obj (.text:NwpUnMaskInterrupt)
                  2000e3a4    0000000c     rtsv7M4_T_le_eabi.lib : copy_zero_init.obj (.text:decompress:ZI)
                  2000e3b0    0000000a     driverlib.a : interrupt.obj (.text:IntMasterEnable)
                  2000e3ba    00000006                 : utils.obj (.text:UtilsDelay)
                  2000e3c0    00000006     rtsv7M4_T_le_eabi.lib : copy_decompress_rle.obj (.text:decompress:rle24)
                  2000e3c6    00000004                           : pre_init.obj (.text)

.const     0    2000e3cc    00000738     
                  2000e3cc    00000101     rtsv7M4_T_le_eabi.lib : ctype.obj (.const:.string:_ctypes_)
                  2000e4cd    00000003     --HOLE-- [fill = 0]
                  2000e4d0    00000100     driverlib.a : pin.obj (.const:g_ulPinToPadMap)
                  2000e5d0    000000d4                 : interrupt.obj (.const:g_pulRegs)
                  2000e6a4    000000a8                 : prcm.obj (.const:PRCM_PeriphRegsList)
                  2000e74c    00000080                 : interrupt.obj (.const)
                  2000e7cc    00000080     main.obj (.const)
                  2000e84c    0000004e     main.obj (.const:.string)
                  2000e89a    0000004d     main.obj (.const:.string:$P$T12$14)
                  2000e8e7    00000001     --HOLE-- [fill = 0]
                  2000e8e8    0000003c     simplelink.a : driver.obj (.const:OpcodeTranslateTable)
                  2000e924    0000003c                  : wlan.obj (.const)
                  2000e960    00000038                  : driver.obj (.const:_SlActionLookupTable)
                  2000e998    00000038                  : driver.obj (.const)
                  2000e9d0    00000034                  : socket.obj (.const)
                  2000ea04    0000002c     main.obj (.const:$P$T1$2)
                  2000ea30    00000028     simplelink.a : netapp.obj (.const)
                  2000ea58    00000024     driverlib.a : spi.obj (.const:g_ppulSPIIntMap)
                  2000ea7c    00000022     main.obj (.const:.string:$P$T0$1)
                  2000ea9e    0000001c     simplelink.a : device.obj (.const)
                  2000eaba    00000002     --HOLE-- [fill = 0]
                  2000eabc    00000018     driverlib.a : spi.obj (.const)
                  2000ead4    00000010     simplelink.a : socket.obj (.const:.string)
                  2000eae4    00000010     webclient.a : httpcli.obj (.const)
                  2000eaf4    00000008                 : httpcli.obj (.const:.string)
                  2000eafc    00000008     simplelink.a : netcfg.obj (.const)

.cinit     0    2000eb08    00000088     
                  2000eb08    0000005f     (.cinit..data.load) [load image, compression = rle]
                  2000eb67    00000001     --HOLE-- [fill = 0]
                  2000eb68    0000000c     (__TI_handler_table)
                  2000eb74    00000004     --HOLE-- [fill = 0]
                  2000eb78    00000008     (.cinit..bss.load) [load image, compression = zero_init]
                  2000eb80    00000010     (__TI_cinit_table)

.bss       0    20017000    00000d1f     UNINITIALIZED
                  20017000    000005b8     main.obj (.bss:g_buff)
                  200175b8    00000578     main.obj (.bss:g_cBsdBuf)
                  20017b30    00000168     simplelink.a : driver.obj (.bss:g_StatMem)
                  20017c98    00000050                  : cc_pal.obj (.bss:g_ucDinDout)
                  20017ce8    00000024     main.obj (.bss:g_ucConnectionSSID)
                  20017d0c    00000008     (.common:g_ucConnectionBSSID)
                  20017d14    00000004     (.common:__Errorlog)
                  20017d18    00000004     (.common:g_ulDestinationIP)
                  20017d1c    00000001     (.common:RxIrqCnt)
                  20017d1d    00000001     (.common:g_bDeviceRestartIsRequired)
                  20017d1e    00000001     (.common:g_cDummy)

.TI.noinit 
*          0    20017000    00000000     UNINITIALIZED

.sysmem    0    20017d20    00000800     UNINITIALIZED
                  20017d20    00000008     rtsv7M4_T_le_eabi.lib : memory.obj (.sysmem)
                  20017d28    000007f8     --HOLE--

.data      0    20018520    00000220     UNINITIALIZED
                  20018520    000000b0     rtsv7M4_T_le_eabi.lib : signal.obj (.data:sigtable)
                  200185d0    00000080                           : xvalues.obj (.data)
                  20018650    00000048     webclient.a : httpcli.obj (.data:tlsParams)
                  20018698    0000003c     simplelink.a : nonos.obj (.data:g__SlNonOsCB)
                  200186d4    00000014     main.obj (.data)
                  200186e8    00000010     webclient.a : httpcli.obj (.data)
                  200186f8    0000000d     simplelink.a : driver.obj (.data)
                  20018705    00000003     --HOLE--
                  20018708    0000000c     rtsv7M4_T_le_eabi.lib : memory.obj (.data)
                  20018714    00000009     simplelink.a : cc_pal.obj (.data)
                  2001871d    00000003     --HOLE--
                  20018720    00000008     rtsv7M4_T_le_eabi.lib : _lock.obj (.data)
                  20018728    00000008                           : exit.obj (.data)
                  20018730    00000008                           : feraiseexcept.obj (.data)
                  20018738    00000004                           : errno.obj (.data)
                  2001873c    00000004                           : stkdepth_vars.obj (.data)

.TI.persistent 
*          0    20018520    00000000     UNINITIALIZED

.stack     0    2002f800    00000800     UNINITIALIZED
                  2002f800    00000800     --HOLE--


LINKER GENERATED COPY TABLES

__TI_cinit_table @ 2000eb80 records: 2, size/record: 8, table size: 16
	.data: load addr=2000eb08, load size=0000005f bytes, run addr=20018520, run size=00000220 bytes, compression=rle
	.bss: load addr=2000eb78, load size=00000008 bytes, run addr=20017000, run size=00000d1f bytes, compression=zero_init


LINKER GENERATED HANDLER TABLE

__TI_handler_table @ 2000eb68 records: 3, size/record: 4, table size: 12
	index: 0, handler: __TI_decompress_rle24
	index: 1, handler: __TI_decompress_none
	index: 2, handler: __TI_zero_init


GLOBAL SYMBOLS: SORTED ALPHABETICALLY BY Name 

address   name                               
-------   ----                               
2000d76d  C$$EXIT                            
2000e2ed  CPUcpsie                           
20008e29  ClearTerm                          
2000deb9  DmaSpiSwIntHandler                 
20008e33  Error                              
20008e6b  GetCmd                             
20004f7d  HTTPActivate                       
20007af7  HTTPCli_connect                    
20007c19  HTTPCli_construct                  
20007c61  HTTPCli_create                     
20007c79  HTTPCli_delete                     
20007caf  HTTPCli_destruct                   
20007cf7  HTTPCli_disconnect                 
20007f2d  HTTPCli_getResponseField           
20007ef7  HTTPCli_getResponseStatus          
200079e9  HTTPCli_initSockAddr               
2000813d  HTTPCli_readRawResponseBody        
200080b1  HTTPCli_readResponseBody           
20007e67  HTTPCli_sendField                  
20007d99  HTTPCli_sendRequest                
20007ebf  HTTPCli_sendRequestBody            
2000817d  HTTPCli_setProxy                   
20007d2d  HTTPCli_setRequestFields           
20007d53  HTTPCli_setResponseFields          
20007d79  HTTPCli_setSecureParams            
200054cb  HTTPGetMethod                      
20005385  HTTPPostMethod                     
20008de9  InitTerm                           
2000bbdd  IntDisable                         
2000bc85  IntEnable                          
2000e3b1  IntMasterEnable                    
2000d0d5  IntPendClear                       
2000d1dd  IntPrioritySet                     
2000dfd5  IntRegister                        
2000dedd  IntUnregister                      
2000e301  IntVTableBaseSet                   
20008e07  Message                            
2000e38d  NwpMaskInterrupt                   
2000db29  NwpPowerOff                        
2000dff5  NwpPowerOn                         
2000d9bd  NwpRegisterInterruptHandler        
2000e399  NwpUnMaskInterrupt                 
2000e8e8  OpcodeTranslateTable               
2000a105  PRCMCC3200MCUInit                  
2000e295  PRCMHIBRegRead                     
2000e2ab  PRCMHIBRegWrite                    
2000ddcd  PRCMPeripheralClkDisable           
2000da39  PRCMPeripheralClkEnable            
2000c041  PRCMPeripheralClockGet             
2000d12d  PRCMPeripheralReset                
2000db61  PRCMPeripheralStatusGet            
2000dd1d  PRCMSysResetCauseGet               
2000c30d  PinConfigSet                       
2000d87d  PinModeSet                         
2000e0cd  PinMuxConfig                       
2000e121  PinTypeUART                        
20008fa9  Report                             
2000e37d  ResetISR                           
20017d1c  RxIrqCnt                           
UNDEFED   SHT$$INIT_ARRAY$$Base              
UNDEFED   SHT$$INIT_ARRAY$$Limit             
2000e1bd  SPICSDisable                       
2000e1d5  SPICSEnable                        
2000bdd1  SPIConfigSetExpClk                 
2000e1ed  SPIDisable                         
2000e13b  SPIDmaDisable                      
2000e155  SPIDmaEnable                       
2000e205  SPIEnable                          
2000e16f  SPIFIFODisable                     
2000e189  SPIFIFOEnable                      
2000db95  SPIFIFOLevelSet                    
2000d53d  SPIIntClear                        
2000d329  SPIIntEnable                       
2000e1a3  SPIIntUnregister                   
2000df6d  SPIReset                           
2000df8f  SPIWordCountSet                    
200045b1  SimpleLinkGeneralEventHandler      
200045a1  SimpleLinkHttpServerCallback       
20004509  SimpleLinkNetAppEventHandler       
200045c9  SimpleLinkSockEventHandler         
20004401  SimpleLinkWlanEventHandler         
20008b15  Ssock_construct                    
20008b55  Ssock_create                       
20008b6f  Ssock_delete                       
20008b97  Ssock_destruct                     
20008be9  Ssock_getSocket                    
20008bf7  Ssock_recv                         
20008c51  Ssock_recvall                      
20008c95  Ssock_send                         
20008daf  Ssock_startSecure                  
20008f11  TrimSpace                          
2000e0b1  UARTCharGetNonBlocking             
2000e075  UARTCharPut                        
2000e21d  UARTCharsAvail                     
2000cb09  UARTConfigSetExpClk                
2000dc31  UARTDisable                        
2000df01  UARTEnable                         
2000e3bb  UtilsDelay                         
2000dda1  _Dclass                            
200185d0  _Denorm                            
2000ba69  _Dnorm                             
2000aecd  _Dscale                            
2000ce7f  _Dunscale                          
200185e0  _Eps                               
20018738  _Errno                             
20018730  _Fenv                              
2000dc91  _Feraise                           
200185f0  _Hugeval                           
20018600  _Inf                               
20018610  _Nan                               
20018630  _Rteps                             
2000e960  _SlActionLookupTable               
2000bd2d  _SlDriverHandleError               
2000d585  _SlDrvBasicCmd                     
2000b9a9  _SlDrvCmdOp                        
2000cc65  _SlDrvCmdSend                      
200096b9  _SlDrvDataReadOp                   
2000a559  _SlDrvDataWriteOp                  
2000bf0d  _SlDrvDeviceEventHandler           
2000e351  _SlDrvDispatchHttpServerEvents     
2000ab7d  _SlDrvDriverCBDeinit               
20009c25  _SlDrvDriverCBInit                 
2000ddf5  _SlDrvGlobalObjUnLock              
2000d6a1  _SlDrvHandleHttpServerEvents       
2000d8bd  _SlDrvHandleNetAppEvents           
2000d8fd  _SlDrvHandleWlanEvents             
2000e2c1  _SlDrvMemZero                      
2000b745  _SlDrvMsgReadSpawnCtx              
2000afdd  _SlDrvNetAppEventHandler           
2000df25  _SlDrvObjLockWaitForever           
2000e015  _SlDrvObjUnLock                    
2000d3c1  _SlDrvProtectAsyncRespSetting      
2000dd75  _SlDrvProtectionObjLockWaitForever 
2000de1d  _SlDrvProtectionObjUnLock          
2000989d  _SlDrvReleasePoolObj               
2000e361  _SlDrvResetCmdExt                  
2000d231  _SlDrvRxIrqHandler                 
2000e035  _SlDrvSyncObjSignal                
2000de45  _SlDrvSyncObjWaitForever           
2000d6e5  _SlDrvSyncObjWaitTimeout           
20009f75  _SlDrvWaitForPoolObj               
2000ea4c  _SlNetAppSendTokenValueCmdCtrl     
2000cb81  _SlNonOsMainLoopTask               
2000c9a1  _SlNonOsSemGet                     
2000e235  _SlNonOsSemSet                     
2000cee5  _SlNonOsSpawn                      
20018620  _Snan                              
20018734  _Tls_setup__Fenv                   
20018640  _Xbig                              
20018648  _Zero                              
20030000  __STACK_END                        
00000800  __STACK_SIZE                       
00000800  __SYSMEM_SIZE                      
2000eb80  __TI_CINIT_Base                    
2000eb90  __TI_CINIT_Limit                   
2000eb68  __TI_Handler_Table_Base            
2000eb74  __TI_Handler_Table_Limit           
2000cd3d  __TI_auto_init                     
20018728  __TI_cleanup_ptr                   
2000e36f  __TI_decompress_none               
2000e3c1  __TI_decompress_rle24              
2001872c  __TI_dtors_ptr                     
20006ec5  __TI_printfi                       
2000eb08  __TI_static_base__                 
2000e3a5  __TI_zero_init                     
2000c4a5  __aeabi_cdcmpeq                    
2000c4a5  __aeabi_cdcmple                    
2000c52b  __aeabi_cdrcmple                   
2000d5cd  __aeabi_d2iz                       
20009a77  __aeabi_dadd                       
2000a7f1  __aeabi_ddiv                       
2000b0e1  __aeabi_dmul                       
20009a6d  __aeabi_dsub                       
2000dcc1  __aeabi_i2d                        
2000c925  __aeabi_memclr                     
2000c925  __aeabi_memclr4                    
2000c925  __aeabi_memclr8                    
2000be71  __aeabi_memcpy                     
2000be71  __aeabi_memcpy4                    
2000be71  __aeabi_memcpy8                    
2000c927  __aeabi_memset                     
2000c927  __aeabi_memset4                    
2000c927  __aeabi_memset8                    
200094c5  __aeabi_uldivmod                   
ffffffff  __binit__                          
ffffffff  __c_args__                         
2002f800  __stack                            
2000e265  _args_main                         
2000da75  _c_int00                           
2000e3cc  _ctypes_                           
20018720  _lock                              
2000e323  _nop                               
2000e31b  _register_lock                     
2000e315  _register_unlock                   
2000cf49  _sl_HandleAsync_Accept             
2000c5b1  _sl_HandleAsync_Connect            
2000c0d5  _sl_HandleAsync_DnsGetHostByName   
2000b819  _sl_HandleAsync_DnsGetHostByService
2000c631  _sl_HandleAsync_InitComplete       
2000c165  _sl_HandleAsync_PingResponse       
2000d285  _sl_HandleAsync_Select             
2000d2d9  _sl_HandleAsync_Stop               
2000ccd1  _sl_NetAppSendTokenValue           
20017d20  _sys_memory                        
2000e3c7  _system_pre_init                   
20018724  _unlock                            
2000d771  abort                              
2000d459  atoi                               
ffffffff  binit                              
20007213  bufferedRecv                       
200186dc  bytesReceived                      
20008ac9  calloc                             
2000d4a5  copy_in                            
2000d779  exit                               
2000dbc9  feraiseexcept                      
20008817  free                               
2000dfb1  frexp                              
20018714  g_SpiFd                            
20018698  g__SlNonOsCB                       
20017d1d  g_bDeviceRestartIsRequired         
20017000  g_buff                             
200175b8  g_cBsdBuf                          
20017d1e  g_cDummy                           
200186fc  g_pCB                              
20018718  g_pHostIntHdl                      
20004000  g_pfnVectors                       
20017d0c  g_ucConnectionBSSID                
20017ce8  g_ucConnectionSSID                 
2001871c  g_ucDMAEnabled                     
20017c98  g_ucDinDout                        
20017d18  g_ulDestinationIP                  
200186e0  g_ulDestinationIp                  
200186d8  g_ulGatewayIP                      
200186d4  g_ulStatus                         
2000d615  ldexp                              
2000d185  ltoa                               
20005d01  main                               
2001873c  main_func_sp                       
200087af  malloc                             
200089e5  memalign                           
2000e0e9  memccpy                            
2000be71  memcpy                             
2000df49  memmove                            
2000c92d  memset                             
20008721  minit                              
20018700  pPingCallBackFunc                  
2000dcef  raise                              
20004c69  readResponse_2                     
200088d9  realloc                            
2000d97d  signal                             
2000d7b1  sl_Close                           
2000a3ed  sl_Connect                         
2000bb29  sl_DevGet                          
2000d839  sl_Htonl                           
2000dab1  sl_Htons                           
2000a929  sl_NetAppDnsGetHostByName          
2000c7b1  sl_NetCfgSet                       
2000de6d  sl_Provisioning_HttpServerEventHdl 
2000de7b  sl_Provisioning_NetAppEventHdl     
2000de87  sl_Provisioning_WlanEventHdl       
2000c41d  sl_Recv                            
2000aca1  sl_Send                            
2000c82d  sl_SetSockOpt                      
2000cbf5  sl_Socket                          
2000b589  sl_Start                           
2000b4a5  sl_Stop                            
20009069  sl_WlanConnect                     
2000e055  sl_WlanDisconnect                  
2000ca19  sl_WlanPolicySet                   
2000cda9  sl_WlanRxFilterSet                 
2000c8a9  sl_WlanSet                         
2000d7f5  sl_WlanSetMode                     
2000ca91  spi_Close                          
2000a6a9  spi_Open                           
2000b1dd  spi_Read                           
2000bfa9  spi_Write                          
2000d075  sprintf                            
2000e2d7  strchr                             
2000e27d  strcmp                             
2000e329  strcpy                             
2000e33d  strlen                             
2000de93  strncmp                            
2000dc61  strncpy                            
2000dbfd  strstr                             
2000adb9  strtoul                            
20005741  thing_activate                     
20005823  thing_read                         
200057b1  thing_read_limit                   
20005ae5  thing_subscribe                    
20005929  thing_write_string                 
2000d4f1  uDMAChannelAssign                  
2000cfad  uDMAChannelAttributeDisable        
2000d011  uDMAChannelAttributeEnable         
2000daed  uDMAChannelControlSet              
2000e105  uDMAChannelEnable                  
2000b2cd  uDMAChannelTransferSet             
2000c395  vsnprintf                          


GLOBAL SYMBOLS: SORTED BY Symbol Address 

address   name                               
-------   ----                               
00000800  __STACK_SIZE                       
00000800  __SYSMEM_SIZE                      
20004000  g_pfnVectors                       
20004401  SimpleLinkWlanEventHandler         
20004509  SimpleLinkNetAppEventHandler       
200045a1  SimpleLinkHttpServerCallback       
200045b1  SimpleLinkGeneralEventHandler      
200045c9  SimpleLinkSockEventHandler         
20004c69  readResponse_2                     
20004f7d  HTTPActivate                       
20005385  HTTPPostMethod                     
200054cb  HTTPGetMethod                      
20005741  thing_activate                     
200057b1  thing_read_limit                   
20005823  thing_read                         
20005929  thing_write_string                 
20005ae5  thing_subscribe                    
20005d01  main                               
20006ec5  __TI_printfi                       
20007213  bufferedRecv                       
200079e9  HTTPCli_initSockAddr               
20007af7  HTTPCli_connect                    
20007c19  HTTPCli_construct                  
20007c61  HTTPCli_create                     
20007c79  HTTPCli_delete                     
20007caf  HTTPCli_destruct                   
20007cf7  HTTPCli_disconnect                 
20007d2d  HTTPCli_setRequestFields           
20007d53  HTTPCli_setResponseFields          
20007d79  HTTPCli_setSecureParams            
20007d99  HTTPCli_sendRequest                
20007e67  HTTPCli_sendField                  
20007ebf  HTTPCli_sendRequestBody            
20007ef7  HTTPCli_getResponseStatus          
20007f2d  HTTPCli_getResponseField           
200080b1  HTTPCli_readResponseBody           
2000813d  HTTPCli_readRawResponseBody        
2000817d  HTTPCli_setProxy                   
20008721  minit                              
200087af  malloc                             
20008817  free                               
200088d9  realloc                            
200089e5  memalign                           
20008ac9  calloc                             
20008b15  Ssock_construct                    
20008b55  Ssock_create                       
20008b6f  Ssock_delete                       
20008b97  Ssock_destruct                     
20008be9  Ssock_getSocket                    
20008bf7  Ssock_recv                         
20008c51  Ssock_recvall                      
20008c95  Ssock_send                         
20008daf  Ssock_startSecure                  
20008de9  InitTerm                           
20008e07  Message                            
20008e29  ClearTerm                          
20008e33  Error                              
20008e6b  GetCmd                             
20008f11  TrimSpace                          
20008fa9  Report                             
20009069  sl_WlanConnect                     
200094c5  __aeabi_uldivmod                   
200096b9  _SlDrvDataReadOp                   
2000989d  _SlDrvReleasePoolObj               
20009a6d  __aeabi_dsub                       
20009a77  __aeabi_dadd                       
20009c25  _SlDrvDriverCBInit                 
20009f75  _SlDrvWaitForPoolObj               
2000a105  PRCMCC3200MCUInit                  
2000a3ed  sl_Connect                         
2000a559  _SlDrvDataWriteOp                  
2000a6a9  spi_Open                           
2000a7f1  __aeabi_ddiv                       
2000a929  sl_NetAppDnsGetHostByName          
2000ab7d  _SlDrvDriverCBDeinit               
2000aca1  sl_Send                            
2000adb9  strtoul                            
2000aecd  _Dscale                            
2000afdd  _SlDrvNetAppEventHandler           
2000b0e1  __aeabi_dmul                       
2000b1dd  spi_Read                           
2000b2cd  uDMAChannelTransferSet             
2000b4a5  sl_Stop                            
2000b589  sl_Start                           
2000b745  _SlDrvMsgReadSpawnCtx              
2000b819  _sl_HandleAsync_DnsGetHostByService
2000b9a9  _SlDrvCmdOp                        
2000ba69  _Dnorm                             
2000bb29  sl_DevGet                          
2000bbdd  IntDisable                         
2000bc85  IntEnable                          
2000bd2d  _SlDriverHandleError               
2000bdd1  SPIConfigSetExpClk                 
2000be71  __aeabi_memcpy                     
2000be71  __aeabi_memcpy4                    
2000be71  __aeabi_memcpy8                    
2000be71  memcpy                             
2000bf0d  _SlDrvDeviceEventHandler           
2000bfa9  spi_Write                          
2000c041  PRCMPeripheralClockGet             
2000c0d5  _sl_HandleAsync_DnsGetHostByName   
2000c165  _sl_HandleAsync_PingResponse       
2000c30d  PinConfigSet                       
2000c395  vsnprintf                          
2000c41d  sl_Recv                            
2000c4a5  __aeabi_cdcmpeq                    
2000c4a5  __aeabi_cdcmple                    
2000c52b  __aeabi_cdrcmple                   
2000c5b1  _sl_HandleAsync_Connect            
2000c631  _sl_HandleAsync_InitComplete       
2000c7b1  sl_NetCfgSet                       
2000c82d  sl_SetSockOpt                      
2000c8a9  sl_WlanSet                         
2000c925  __aeabi_memclr                     
2000c925  __aeabi_memclr4                    
2000c925  __aeabi_memclr8                    
2000c927  __aeabi_memset                     
2000c927  __aeabi_memset4                    
2000c927  __aeabi_memset8                    
2000c92d  memset                             
2000c9a1  _SlNonOsSemGet                     
2000ca19  sl_WlanPolicySet                   
2000ca91  spi_Close                          
2000cb09  UARTConfigSetExpClk                
2000cb81  _SlNonOsMainLoopTask               
2000cbf5  sl_Socket                          
2000cc65  _SlDrvCmdSend                      
2000ccd1  _sl_NetAppSendTokenValue           
2000cd3d  __TI_auto_init                     
2000cda9  sl_WlanRxFilterSet                 
2000ce7f  _Dunscale                          
2000cee5  _SlNonOsSpawn                      
2000cf49  _sl_HandleAsync_Accept             
2000cfad  uDMAChannelAttributeDisable        
2000d011  uDMAChannelAttributeEnable         
2000d075  sprintf                            
2000d0d5  IntPendClear                       
2000d12d  PRCMPeripheralReset                
2000d185  ltoa                               
2000d1dd  IntPrioritySet                     
2000d231  _SlDrvRxIrqHandler                 
2000d285  _sl_HandleAsync_Select             
2000d2d9  _sl_HandleAsync_Stop               
2000d329  SPIIntEnable                       
2000d3c1  _SlDrvProtectAsyncRespSetting      
2000d459  atoi                               
2000d4a5  copy_in                            
2000d4f1  uDMAChannelAssign                  
2000d53d  SPIIntClear                        
2000d585  _SlDrvBasicCmd                     
2000d5cd  __aeabi_d2iz                       
2000d615  ldexp                              
2000d6a1  _SlDrvHandleHttpServerEvents       
2000d6e5  _SlDrvSyncObjWaitTimeout           
2000d76d  C$$EXIT                            
2000d771  abort                              
2000d779  exit                               
2000d7b1  sl_Close                           
2000d7f5  sl_WlanSetMode                     
2000d839  sl_Htonl                           
2000d87d  PinModeSet                         
2000d8bd  _SlDrvHandleNetAppEvents           
2000d8fd  _SlDrvHandleWlanEvents             
2000d97d  signal                             
2000d9bd  NwpRegisterInterruptHandler        
2000da39  PRCMPeripheralClkEnable            
2000da75  _c_int00                           
2000dab1  sl_Htons                           
2000daed  uDMAChannelControlSet              
2000db29  NwpPowerOff                        
2000db61  PRCMPeripheralStatusGet            
2000db95  SPIFIFOLevelSet                    
2000dbc9  feraiseexcept                      
2000dbfd  strstr                             
2000dc31  UARTDisable                        
2000dc61  strncpy                            
2000dc91  _Feraise                           
2000dcc1  __aeabi_i2d                        
2000dcef  raise                              
2000dd1d  PRCMSysResetCauseGet               
2000dd75  _SlDrvProtectionObjLockWaitForever 
2000dda1  _Dclass                            
2000ddcd  PRCMPeripheralClkDisable           
2000ddf5  _SlDrvGlobalObjUnLock              
2000de1d  _SlDrvProtectionObjUnLock          
2000de45  _SlDrvSyncObjWaitForever           
2000de6d  sl_Provisioning_HttpServerEventHdl 
2000de7b  sl_Provisioning_NetAppEventHdl     
2000de87  sl_Provisioning_WlanEventHdl       
2000de93  strncmp                            
2000deb9  DmaSpiSwIntHandler                 
2000dedd  IntUnregister                      
2000df01  UARTEnable                         
2000df25  _SlDrvObjLockWaitForever           
2000df49  memmove                            
2000df6d  SPIReset                           
2000df8f  SPIWordCountSet                    
2000dfb1  frexp                              
2000dfd5  IntRegister                        
2000dff5  NwpPowerOn                         
2000e015  _SlDrvObjUnLock                    
2000e035  _SlDrvSyncObjSignal                
2000e055  sl_WlanDisconnect                  
2000e075  UARTCharPut                        
2000e0b1  UARTCharGetNonBlocking             
2000e0cd  PinMuxConfig                       
2000e0e9  memccpy                            
2000e105  uDMAChannelEnable                  
2000e121  PinTypeUART                        
2000e13b  SPIDmaDisable                      
2000e155  SPIDmaEnable                       
2000e16f  SPIFIFODisable                     
2000e189  SPIFIFOEnable                      
2000e1a3  SPIIntUnregister                   
2000e1bd  SPICSDisable                       
2000e1d5  SPICSEnable                        
2000e1ed  SPIDisable                         
2000e205  SPIEnable                          
2000e21d  UARTCharsAvail                     
2000e235  _SlNonOsSemSet                     
2000e265  _args_main                         
2000e27d  strcmp                             
2000e295  PRCMHIBRegRead                     
2000e2ab  PRCMHIBRegWrite                    
2000e2c1  _SlDrvMemZero                      
2000e2d7  strchr                             
2000e2ed  CPUcpsie                           
2000e301  IntVTableBaseSet                   
2000e315  _register_unlock                   
2000e31b  _register_lock                     
2000e323  _nop                               
2000e329  strcpy                             
2000e33d  strlen                             
2000e351  _SlDrvDispatchHttpServerEvents     
2000e361  _SlDrvResetCmdExt                  
2000e36f  __TI_decompress_none               
2000e37d  ResetISR                           
2000e38d  NwpMaskInterrupt                   
2000e399  NwpUnMaskInterrupt                 
2000e3a5  __TI_zero_init                     
2000e3b1  IntMasterEnable                    
2000e3bb  UtilsDelay                         
2000e3c1  __TI_decompress_rle24              
2000e3c7  _system_pre_init                   
2000e3cc  _ctypes_                           
2000e8e8  OpcodeTranslateTable               
2000e960  _SlActionLookupTable               
2000ea4c  _SlNetAppSendTokenValueCmdCtrl     
2000eb08  __TI_static_base__                 
2000eb68  __TI_Handler_Table_Base            
2000eb74  __TI_Handler_Table_Limit           
2000eb80  __TI_CINIT_Base                    
2000eb90  __TI_CINIT_Limit                   
20017000  g_buff                             
200175b8  g_cBsdBuf                          
20017c98  g_ucDinDout                        
20017ce8  g_ucConnectionSSID                 
20017d0c  g_ucConnectionBSSID                
20017d18  g_ulDestinationIP                  
20017d1c  RxIrqCnt                           
20017d1d  g_bDeviceRestartIsRequired         
20017d1e  g_cDummy                           
20017d20  _sys_memory                        
200185d0  _Denorm                            
200185e0  _Eps                               
200185f0  _Hugeval                           
20018600  _Inf                               
20018610  _Nan                               
20018620  _Snan                              
20018630  _Rteps                             
20018640  _Xbig                              
20018648  _Zero                              
20018698  g__SlNonOsCB                       
200186d4  g_ulStatus                         
200186d8  g_ulGatewayIP                      
200186dc  bytesReceived                      
200186e0  g_ulDestinationIp                  
200186fc  g_pCB                              
20018700  pPingCallBackFunc                  
20018714  g_SpiFd                            
20018718  g_pHostIntHdl                      
2001871c  g_ucDMAEnabled                     
20018720  _lock                              
20018724  _unlock                            
20018728  __TI_cleanup_ptr                   
2001872c  __TI_dtors_ptr                     
20018730  _Fenv                              
20018734  _Tls_setup__Fenv                   
20018738  _Errno                             
2001873c  main_func_sp                       
2002f800  __stack                            
20030000  __STACK_END                        
ffffffff  __binit__                          
ffffffff  __c_args__                         
ffffffff  binit                              
UNDEFED   SHT$$INIT_ARRAY$$Base              
UNDEFED   SHT$$INIT_ARRAY$$Limit             

[297 symbols]
